Strong scaling results for bcsstk05.mtx
Date: Tue Dec 30 19:30:21 CET 2025
========================================

[Rank 0] Matrix: 153 x 153, nnz=1288 | grid=1x1 | pattern=0 symmetric=1
[Rank 0] Matrix: 153 x 153, nnz=1288 | grid=1x1
[Rank 0] Local SpMV time: 0.000035 s
Global FLOPs per SpMV: 4846

-----------------------------------------------------------------------------------------------
  P |  Time(s) | Comp% | Comm% |  GFLOP/s | Speedup |  Eff% | Mem(MiB) | NNZ min | NNZ avg | NNZ max
-----------------------------------------------------------------------------------------------
  1 |   0.0001 |  39.3 |  11.7 |     0.055 |    N/A   |   N/A  |     0.07 |    2423 |   2423.0 |    2423
BASELINE_T1=0.0001

----------------------------------------
np = 2
----------------------------------------
[Rank 1] Local SpMV time: 0.000028 s
[Rank 0] Matrix: 153 x 153, nnz=1288 | grid=2x1 | pattern=0 symmetric=1
[Rank 0] Matrix: 153 x 153, nnz=1288 | grid=2x1
[Rank 0] Local SpMV time: 0.000027 s
Global FLOPs per SpMV: 3598

-----------------------------------------------------------------------------------------------
  P |  Time(s) | Comp% | Comm% |  GFLOP/s | Speedup |  Eff% | Mem(MiB) | NNZ min | NNZ avg | NNZ max
-----------------------------------------------------------------------------------------------
  2 |   0.0002 |  18.5 |  36.6 |     0.024 |    0.66 |  33.24 |     0.04 |     581 |    899.5 |    1218

----------------------------------------
np = 4
----------------------------------------
[Rank 0] Matrix: 153 x 153, nnz=1288 | grid=2x2 | pattern=0 symmetric=1
[Rank 0] Matrix: 153 x 153, nnz=1288 | grid=2x2
[Rank 0] Local SpMV time: 0.000027 s
Global FLOPs per SpMV: 2964
[Rank 2] Local SpMV time: 0.000027 s
[Rank 1] Local SpMV time: 0.000031 s
[Rank 3] Local SpMV time: 0.000030 s

-----------------------------------------------------------------------------------------------
  P |  Time(s) | Comp% | Comm% |  GFLOP/s | Speedup |  Eff% | Mem(MiB) | NNZ min | NNZ avg | NNZ max
-----------------------------------------------------------------------------------------------
  4 |   0.0002 |  20.4 |  47.8 |     0.019 |    0.65 |  16.23 |     0.02 |     142 |    370.5 |     585

----------------------------------------
np = 8
----------------------------------------
[Rank 0] Matrix: 153 x 153, nnz=1288 | grid=4x2 | pattern=0 symmetric=1
[Rank 0] Matrix: 153 x 153, nnz=1288 | grid=4x2
[Rank 0] Local SpMV time: 0.000026 s
[Rank 2] Local SpMV time: 0.000026 s
[Rank 6] Local SpMV time: 0.000023 s
Global FLOPs per SpMV: 2664
[Rank 4] Local SpMV time: 0.000029 s
[Rank 1] Local SpMV time: 0.000027 s
[Rank 3] Local SpMV time: 0.000026 s
[Rank 5] Local SpMV time: 0.000026 s
[Rank 7] Local SpMV time: 0.000026 s

-----------------------------------------------------------------------------------------------
  P |  Time(s) | Comp% | Comm% |  GFLOP/s | Speedup |  Eff% | Mem(MiB) | NNZ min | NNZ avg | NNZ max
-----------------------------------------------------------------------------------------------
  8 |   0.0002 |  13.2 |  75.8 |     0.012 |    0.46 |   5.79 |     0.01 |      36 |    166.5 |     296

----------------------------------------
np = 16
----------------------------------------
[Rank 0] Matrix: 153 x 153, nnz=1288 | grid=4x4 | pattern=0 symmetric=1
[Rank 0] Matrix: 153 x 153, nnz=1288 | grid=4x4
[Rank 0] Local SpMV time: 0.000026 s
[Rank 4] Local SpMV time: 0.000025 s
[Rank 6] Local SpMV time: 0.000046 s
[Rank 8] Local SpMV time: 0.000040 s
[Rank 10] Local SpMV time: 0.000040 s
[Rank 12] Local SpMV time: 0.000019 s
[Rank 1] Local SpMV time: 0.000029 s
[Rank 3] Local SpMV time: 0.000031 s
[Rank 5] Local SpMV time: 0.000035 s
[Rank 7] Local SpMV time: 0.000036 s
[Rank 9] Local SpMV time: 0.000037 s
[Rank 11] Local SpMV time: 0.000036 s
[Rank 13] Local SpMV time: 0.000034 s
[Rank 15] Local SpMV time: 0.000034 s
[Rank 14] Local SpMV time: 0.000035 s
[Rank 2] Local SpMV time: 0.012983 s
Global FLOPs per SpMV: 2496

-----------------------------------------------------------------------------------------------
  P |  Time(s) | Comp% | Comm% |  GFLOP/s | Speedup |  Eff% | Mem(MiB) | NNZ min | NNZ avg | NNZ max
-----------------------------------------------------------------------------------------------
 16 |   0.0151 |  86.2 |   0.9 |     0.000 |    0.01 |   0.04 |     0.01 |      10 |     78.0 |     167

----------------------------------------
np = 32
----------------------------------------
[Rank 0] Matrix: 153 x 153, nnz=1288 | grid=8x4 | pattern=0 symmetric=1
[Rank 0] Matrix: 153 x 153, nnz=1288 | grid=8x4
[Rank 4] Local SpMV time: 0.000036 s
[Rank 16] Local SpMV time: 0.000029 s
[Rank 1] Local SpMV time: 0.000042 s
[Rank 3] Local SpMV time: 0.000096 s
[Rank 5] Local SpMV time: 0.000092 s
[Rank 7] Local SpMV time: 0.000102 s
[Rank 9] Local SpMV time: 0.000077 s
[Rank 11] Local SpMV time: 0.000108 s
[Rank 13] Local SpMV time: 0.000057 s
[Rank 15] Local SpMV time: 0.000047 s
[Rank 17] Local SpMV time: 0.000058 s
[Rank 19] Local SpMV time: 0.000080 s
[Rank 21] Local SpMV time: 0.000053 s
[Rank 23] Local SpMV time: 0.000079 s
[Rank 25] Local SpMV time: 0.000052 s
[Rank 27] Local SpMV time: 0.000066 s
[Rank 29] Local SpMV time: 0.000102 s
[Rank 31] Local SpMV time: 0.000046 s
[Rank 0] Local SpMV time: 0.000032 s
[Rank 24] Local SpMV time: 0.000021 s
[Rank 28] Local SpMV time: 0.000025 s
[Rank 20] Local SpMV time: 0.000022 s
[Rank 8] Local SpMV time: 0.008869 s
[Rank 2] Local SpMV time: 0.000023 s
[Rank 10] Local SpMV time: 0.000021 s
[Rank 6] Local SpMV time: 0.000025 s
[Rank 12] Local SpMV time: 0.000013 s
[Rank 14] Local SpMV time: 0.000027 s
[Rank 22] Local SpMV time: 0.000020 s
[Rank 18] Local SpMV time: 0.000024 s
[Rank 26] Local SpMV time: 0.000023 s
[Rank 30] Local SpMV time: 0.000025 s
Global FLOPs per SpMV: 2386

-----------------------------------------------------------------------------------------------
  P |  Time(s) | Comp% | Comm% |  GFLOP/s | Speedup |  Eff% | Mem(MiB) | NNZ min | NNZ avg | NNZ max
-----------------------------------------------------------------------------------------------
 32 |   0.0349 |  25.4 |  65.3 |     0.000 |    0.00 |   0.01 |     0.00 |       2 |     37.3 |      82

----------------------------------------
np = 64
----------------------------------------
[Rank 0] Matrix: 153 x 153, nnz=1288 | grid=8x8 | pattern=0 symmetric=1
[Rank 0] Matrix: 153 x 153, nnz=1288 | grid=8x8
[Rank 0] Local SpMV time: 0.000030 s
[Rank 2] Local SpMV time: 0.000035 s
[Rank 16] Local SpMV time: 0.000033 s
[Rank 24] Local SpMV time: 0.000039 s
[Rank 1] Local SpMV time: 0.000039 s
[Rank 9] Local SpMV time: 0.000111 s
[Rank 15] Local SpMV time: 0.000123 s
[Rank 19] Local SpMV time: 0.000096 s
[Rank 31] Local SpMV time: 0.000058 s
[Rank 35] Local SpMV time: 0.000136 s
[Rank 37] Local SpMV time: 0.000144 s
[Rank 39] Local SpMV time: 0.000069 s
[Rank 41] Local SpMV time: 0.000070 s
[Rank 45] Local SpMV time: 0.000124 s
[Rank 51] Local SpMV time: 0.000119 s
[Rank 57] Local SpMV time: 0.000111 s
[Rank 59] Local SpMV time: 0.000114 s
[Rank 61] Local SpMV time: 0.000057 s
[Rank 3] Local SpMV time: 0.000272 s
[Rank 5] Local SpMV time: 0.000277 s
[Rank 7] Local SpMV time: 0.000194 s
[Rank 11] Local SpMV time: 0.000172 s
[Rank 13] Local SpMV time: 0.000269 s
[Rank 17] Local SpMV time: 0.000169 s
[Rank 21] Local SpMV time: 0.000258 s
[Rank 23] Local SpMV time: 0.000242 s
[Rank 25] Local SpMV time: 0.000159 s
[Rank 27] Local SpMV time: 0.000199 s
[Rank 29] Local SpMV time: 0.000238 s
[Rank 33] Local SpMV time: 0.000253 s
[Rank 43] Local SpMV time: 0.000224 s
[Rank 47] Local SpMV time: 0.000156 s
[Rank 49] Local SpMV time: 0.000230 s
[Rank 53] Local SpMV time: 0.000207 s
[Rank 55] Local SpMV time: 0.000201 s
[Rank 63] Local SpMV time: 0.000211 s
[Rank 18] Local SpMV time: 0.000032 s
[Rank 8] Local SpMV time: 0.000024 s
[Rank 10] Local SpMV time: 0.000027 s
[Rank 32] Local SpMV time: 0.000026 s
[Rank 34] Local SpMV time: 0.000029 s
[Rank 4] Local SpMV time: 0.000018 s
[Rank 14] Local SpMV time: 0.000021 s
[Rank 20] Local SpMV time: 0.000020 s
[Rank 22] Local SpMV time: 0.000024 s
[Rank 28] Local SpMV time: 0.000020 s
[Rank 36] Local SpMV time: 0.000021 s
[Rank 6] Local SpMV time: 0.000031 s
[Rank 30] Local SpMV time: 0.000027 s
[Rank 38] Local SpMV time: 0.000025 s
[Rank 26] Local SpMV time: 0.000021 s
[Rank 40] Local SpMV time: 0.000018 s
[Rank 42] Local SpMV time: 0.000021 s
[Rank 44] Local SpMV time: 0.000018 s
[Rank 46] Local SpMV time: 0.000021 s
[Rank 48] Local SpMV time: 0.000018 s
[Rank 50] Local SpMV time: 0.000038 s
[Rank 12] Local SpMV time: 0.000023 s
[Rank 52] Local SpMV time: 0.000022 s
[Rank 54] Local SpMV time: 0.000021 s
[Rank 56] Local SpMV time: 0.000018 s
[Rank 60] Local SpMV time: 0.000017 s
[Rank 62] Local SpMV time: 0.000022 s
[Rank 58] Local SpMV time: 0.000019 s
Global FLOPs per SpMV: 2344

-----------------------------------------------------------------------------------------------
  P |  Time(s) | Comp% | Comm% |  GFLOP/s | Speedup |  Eff% | Mem(MiB) | NNZ min | NNZ avg | NNZ max
-----------------------------------------------------------------------------------------------
 64 |   0.0360 |   0.8 |  71.7 |     0.000 |    0.00 |   0.00 |     0.00 |       1 |     18.3 |      50

----------------------------------------
np = 128
----------------------------------------
[Rank 0] Matrix: 153 x 153, nnz=1288 | grid=16x8 | pattern=0 symmetric=1
[Rank 0] Matrix: 153 x 153, nnz=1288 | grid=16x8
[Rank 0] Local SpMV time: 0.000025 s
[Rank 4] Local SpMV time: 0.000029 s
[Rank 8] Local SpMV time: 0.000026 s
[Rank 96] Local SpMV time: 0.000030 s
[Rank 104] Local SpMV time: 0.000029 s
[Rank 12] Local SpMV time: 0.000029 s
[Rank 64] Local SpMV time: 0.000038 s
[Rank 7] Local SpMV time: 0.000036 s
[Rank 23] Local SpMV time: 0.000033 s
[Rank 31] Local SpMV time: 0.000095 s
[Rank 39] Local SpMV time: 0.000051 s
[Rank 71] Local SpMV time: 0.000037 s
[Rank 16] Local SpMV time: 0.000018 s
[Rank 103] Local SpMV time: 0.000043 s
[Rank 20] Local SpMV time: 0.000021 s
[Rank 24] Local SpMV time: 0.000021 s
[Rank 3] Local SpMV time: 0.000339 s
[Rank 5] Local SpMV time: 0.000309 s
[Rank 11] Local SpMV time: 0.000147 s
[Rank 13] Local SpMV time: 0.000329 s
[Rank 15] Local SpMV time: 0.000223 s
[Rank 19] Local SpMV time: 0.000241 s
[Rank 21] Local SpMV time: 0.000317 s
[Rank 29] Local SpMV time: 0.000222 s
[Rank 41] Local SpMV time: 0.000149 s
[Rank 47] Local SpMV time: 0.000310 s
[Rank 49] Local SpMV time: 0.000166 s
[Rank 51] Local SpMV time: 0.000295 s
[Rank 55] Local SpMV time: 0.000325 s
[Rank 63] Local SpMV time: 0.000310 s
[Rank 67] Local SpMV time: 0.000108 s
[Rank 75] Local SpMV time: 0.000343 s
[Rank 79] Local SpMV time: 0.000329 s
[Rank 93] Local SpMV time: 0.000161 s
[Rank 101] Local SpMV time: 0.000329 s
[Rank 115] Local SpMV time: 0.000311 s
[Rank 117] Local SpMV time: 0.000323 s
[Rank 119] Local SpMV time: 0.000275 s
[Rank 121] Local SpMV time: 0.000299 s
[Rank 1] Local SpMV time: 0.000451 s
[Rank 9] Local SpMV time: 0.000381 s
[Rank 17] Local SpMV time: 0.000412 s
[Rank 25] Local SpMV time: 0.000434 s
[Rank 27] Local SpMV time: 0.000435 s
[Rank 33] Local SpMV time: 0.000383 s
[Rank 35] Local SpMV time: 0.000402 s
[Rank 37] Local SpMV time: 0.000387 s
[Rank 43] Local SpMV time: 0.000392 s
[Rank 45] Local SpMV time: 0.000349 s
[Rank 53] Local SpMV time: 0.000345 s
[Rank 57] Local SpMV time: 0.000435 s
[Rank 59] Local SpMV time: 0.000414 s
[Rank 61] Local SpMV time: 0.000352 s
[Rank 65] Local SpMV time: 0.000391 s
[Rank 69] Local SpMV time: 0.000345 s
[Rank 73] Local SpMV time: 0.000469 s
[Rank 77] Local SpMV time: 0.000390 s
[Rank 81] Local SpMV time: 0.000353 s
[Rank 83] Local SpMV time: 0.000437 s
[Rank 85] Local SpMV time: 0.000357 s
[Rank 87] Local SpMV time: 0.000449 s
[Rank 89] Local SpMV time: 0.000400 s
[Rank 91] Local SpMV time: 0.000397 s
[Rank 95] Local SpMV time: 0.000434 s
[Rank 99] Local SpMV time: 0.000439 s
[Rank 105] Local SpMV time: 0.000422 s
[Rank 107] Local SpMV time: 0.000380 s
[Rank 109] Local SpMV time: 0.000407 s
[Rank 111] Local SpMV time: 0.000367 s
[Rank 113] Local SpMV time: 0.000344 s
[Rank 123] Local SpMV time: 0.000393 s
[Rank 125] Local SpMV time: 0.000416 s
[Rank 127] Local SpMV time: 0.000453 s
[Rank 32] Local SpMV time: 0.000020 s
[Rank 40] Local SpMV time: 0.000024 s
[Rank 97] Local SpMV time: 0.000401 s
[Rank 72] Local SpMV time: 0.000032 s
[Rank 48] Local SpMV time: 0.000018 s
[Rank 56] Local SpMV time: 0.000025 s
[Rank 112] Local SpMV time: 0.000017 s
[Rank 120] Local SpMV time: 0.000025 s
[Rank 2] Local SpMV time: 0.000021 s
[Rank 10] Local SpMV time: 0.000021 s
[Rank 68] Local SpMV time: 0.000018 s
[Rank 100] Local SpMV time: 0.000024 s
[Rank 116] Local SpMV time: 0.000023 s
[Rank 66] Local SpMV time: 0.000023 s
[Rank 50] Local SpMV time: 0.000020 s
[Rank 34] Local SpMV time: 0.000034 s
[Rank 58] Local SpMV time: 0.000023 s
[Rank 108] Local SpMV time: 0.000025 s
[Rank 36] Local SpMV time: 0.000018 s
[Rank 44] Local SpMV time: 0.000022 s
[Rank 52] Local SpMV time: 0.000020 s
[Rank 60] Local SpMV time: 0.000020 s
[Rank 74] Local SpMV time: 0.000019 s
[Rank 28] Local SpMV time: 0.000021 s
[Rank 18] Local SpMV time: 0.000027 s
[Rank 42] Local SpMV time: 0.000025 s
[Rank 106] Local SpMV time: 0.000018 s
[Rank 98] Local SpMV time: 0.000030 s
[Rank 124] Local SpMV time: 0.000020 s
[Rank 6] Local SpMV time: 0.000021 s
[Rank 22] Local SpMV time: 0.000022 s
[Rank 38] Local SpMV time: 0.000020 s
[Rank 46] Local SpMV time: 0.000027 s
[Rank 30] Local SpMV time: 0.000021 s
[Rank 80] Local SpMV time: 0.000016 s
[Rank 84] Local SpMV time: 0.000029 s
[Rank 88] Local SpMV time: 0.000023 s
[Rank 114] Local SpMV time: 0.000024 s
[Rank 92] Local SpMV time: 0.000027 s
[Rank 54] Local SpMV time: 0.000024 s
[Rank 70] Local SpMV time: 0.000021 s
[Rank 86] Local SpMV time: 0.000025 s
[Rank 94] Local SpMV time: 0.000025 s
[Rank 14] Local SpMV time: 0.000026 s
[Rank 26] Local SpMV time: 0.000018 s
[Rank 82] Local SpMV time: 0.000021 s
[Rank 90] Local SpMV time: 0.000022 s
[Rank 76] Local SpMV time: 0.000032 s
[Rank 122] Local SpMV time: 0.000022 s
[Rank 62] Local SpMV time: 0.000020 s
[Rank 102] Local SpMV time: 0.000026 s
[Rank 78] Local SpMV time: 0.000024 s
[Rank 110] Local SpMV time: 0.000016 s
[Rank 118] Local SpMV time: 0.000027 s
[Rank 126] Local SpMV time: 0.000018 s
Global FLOPs per SpMV: 2418

-----------------------------------------------------------------------------------------------
  P |  Time(s) | Comp% | Comm% |  GFLOP/s | Speedup |  Eff% | Mem(MiB) | NNZ min | NNZ avg | NNZ max
-----------------------------------------------------------------------------------------------
128 |   0.0612 |   0.8 |  65.0 |     0.000 |    0.00 |   0.00 |     0.00 |       0 |      9.4 |      26

