Strong scaling results for breasttissue_10NN.mtx
Date: Tue Dec 30 19:30:52 CET 2025
========================================

[Rank 0] Matrix: 106 x 106, nnz=706 | grid=1x1 | pattern=0 symmetric=1
[Rank 0] Matrix: 106 x 106, nnz=706 | grid=1x1
[Rank 0] Local SpMV time: 0.000026 s
Global FLOPs per SpMV: 2824

-----------------------------------------------------------------------------------------------
  P |  Time(s) | Comp% | Comm% |  GFLOP/s | Speedup |  Eff% | Mem(MiB) | NNZ min | NNZ avg | NNZ max
-----------------------------------------------------------------------------------------------
  1 |   0.0001 |  46.8 |  15.6 |     0.050 |    N/A   |   N/A  |     0.04 |    1412 |   1412.0 |    1412
BASELINE_T1=0.0001

----------------------------------------
np = 2
----------------------------------------
[Rank 0] Matrix: 106 x 106, nnz=706 | grid=2x1 | pattern=0 symmetric=1
[Rank 0] Matrix: 106 x 106, nnz=706 | grid=2x1
[Rank 0] Local SpMV time: 0.000027 s
Global FLOPs per SpMV: 2126
[Rank 1] Local SpMV time: 0.000070 s

-----------------------------------------------------------------------------------------------
  P |  Time(s) | Comp% | Comm% |  GFLOP/s | Speedup |  Eff% | Mem(MiB) | NNZ min | NNZ avg | NNZ max
-----------------------------------------------------------------------------------------------
  2 |   0.0002 |  28.2 |  25.3 |     0.009 |    0.40 |  20.11 |     0.02 |     379 |    531.5 |     684

----------------------------------------
np = 4
----------------------------------------
[Rank 0] Matrix: 106 x 106, nnz=706 | grid=2x2 | pattern=0 symmetric=1
[Rank 0] Matrix: 106 x 106, nnz=706 | grid=2x2
[Rank 0] Local SpMV time: 0.000045 s
[Rank 2] Local SpMV time: 0.000044 s
[Rank 3] Local SpMV time: 0.000020 s
[Rank 1] Local SpMV time: 0.000066 s
Global FLOPs per SpMV: 1696

-----------------------------------------------------------------------------------------------
  P |  Time(s) | Comp% | Comm% |  GFLOP/s | Speedup |  Eff% | Mem(MiB) | NNZ min | NNZ avg | NNZ max
-----------------------------------------------------------------------------------------------
  4 |   0.0003 |  25.3 |  48.8 |     0.007 |    0.39 |   9.70 |     0.01 |      96 |    212.0 |     324

----------------------------------------
np = 8
----------------------------------------
[Rank 0] Matrix: 106 x 106, nnz=706 | grid=4x2 | pattern=0 symmetric=1
[Rank 0] Matrix: 106 x 106, nnz=706 | grid=4x2
[Rank 0] Local SpMV time: 0.000021 s
[Rank 2] Local SpMV time: 0.000026 s
[Rank 4] Local SpMV time: 0.000025 s
[Rank 6] Local SpMV time: 0.000032 s
Global FLOPs per SpMV: 1546
[Rank 1] Local SpMV time: 0.000026 s
[Rank 3] Local SpMV time: 0.000026 s
[Rank 5] Local SpMV time: 0.000036 s
[Rank 7] Local SpMV time: 0.000037 s

-----------------------------------------------------------------------------------------------
  P |  Time(s) | Comp% | Comm% |  GFLOP/s | Speedup |  Eff% | Mem(MiB) | NNZ min | NNZ avg | NNZ max
-----------------------------------------------------------------------------------------------
  8 |   0.0002 |  15.7 |  75.8 |     0.007 |    0.42 |   5.26 |     0.01 |      25 |     96.6 |     181

----------------------------------------
np = 16
----------------------------------------
[Rank 0] Matrix: 106 x 106, nnz=706 | grid=4x4 | pattern=0 symmetric=1
[Rank 0] Matrix: 106 x 106, nnz=706 | grid=4x4
[Rank 0] Local SpMV time: 0.000063 s
[Rank 2] Local SpMV time: 0.000037 s
[Rank 8] Local SpMV time: 0.000052 s
[Rank 10] Local SpMV time: 0.000054 s
[Rank 12] Local SpMV time: 0.000048 s
[Rank 1] Local SpMV time: 0.000032 s
[Rank 3] Local SpMV time: 0.000042 s
[Rank 5] Local SpMV time: 0.000038 s
[Rank 7] Local SpMV time: 0.000033 s
[Rank 9] Local SpMV time: 0.000036 s
[Rank 11] Local SpMV time: 0.000054 s
[Rank 13] Local SpMV time: 0.000034 s
[Rank 15] Local SpMV time: 0.000038 s
[Rank 4] Local SpMV time: 0.000017 s
[Rank 6] Local SpMV time: 0.000047 s
[Rank 14] Local SpMV time: 0.000023 s
Global FLOPs per SpMV: 1496

-----------------------------------------------------------------------------------------------
  P |  Time(s) | Comp% | Comm% |  GFLOP/s | Speedup |  Eff% | Mem(MiB) | NNZ min | NNZ avg | NNZ max
-----------------------------------------------------------------------------------------------
 16 |   0.0252 |   0.2 |   0.3 |     0.000 |    0.00 |   0.02 |     0.00 |       2 |     46.8 |     106

----------------------------------------
np = 32
----------------------------------------
[Rank 0] Matrix: 106 x 106, nnz=706 | grid=8x4 | pattern=0 symmetric=1
[Rank 0] Matrix: 106 x 106, nnz=706 | grid=8x4
[Rank 0] Local SpMV time: 0.000031 s
[Rank 2] Local SpMV time: 0.000032 s
[Rank 4] Local SpMV time: 0.000048 s
[Rank 6] Local SpMV time: 0.000041 s
[Rank 8] Local SpMV time: 0.000054 s
[Rank 14] Local SpMV time: 0.000055 s
[Rank 12] Local SpMV time: 0.000084 s
[Rank 1] Local SpMV time: 0.000030 s
[Rank 3] Local SpMV time: 0.000078 s
[Rank 5] Local SpMV time: 0.000060 s
[Rank 7] Local SpMV time: 0.000084 s
[Rank 9] Local SpMV time: 0.000096 s
[Rank 11] Local SpMV time: 0.000084 s
[Rank 13] Local SpMV time: 0.000075 s
[Rank 15] Local SpMV time: 0.000034 s
[Rank 17] Local SpMV time: 0.000030 s
[Rank 19] Local SpMV time: 0.000090 s
[Rank 21] Local SpMV time: 0.000068 s
[Rank 23] Local SpMV time: 0.000040 s
[Rank 25] Local SpMV time: 0.000085 s
[Rank 27] Local SpMV time: 0.000095 s
[Rank 29] Local SpMV time: 0.000089 s
[Rank 31] Local SpMV time: 0.000074 s
[Rank 10] Local SpMV time: 0.007507 s
[Rank 18] Local SpMV time: 0.000024 s
[Rank 24] Local SpMV time: 0.000020 s
[Rank 28] Local SpMV time: 0.000026 s
[Rank 16] Local SpMV time: 0.000044 s
[Rank 20] Local SpMV time: 0.000035 s
[Rank 22] Local SpMV time: 0.000040 s
[Rank 26] Local SpMV time: 0.000025 s
[Rank 30] Local SpMV time: 0.000041 s
Global FLOPs per SpMV: 1458

-----------------------------------------------------------------------------------------------
  P |  Time(s) | Comp% | Comm% |  GFLOP/s | Speedup |  Eff% | Mem(MiB) | NNZ min | NNZ avg | NNZ max
-----------------------------------------------------------------------------------------------
 32 |   0.0260 |  28.9 |  99.6 |     0.000 |    0.00 |   0.01 |     0.00 |       0 |     22.8 |      45

----------------------------------------
np = 64
----------------------------------------
[Rank 0] Matrix: 106 x 106, nnz=706 | grid=8x8 | pattern=0 symmetric=1
[Rank 0] Matrix: 106 x 106, nnz=706 | grid=8x8
[Rank 0] Local SpMV time: 0.000041 s
[Rank 4] Local SpMV time: 0.000042 s
[Rank 6] Local SpMV time: 0.000046 s
[Rank 16] Local SpMV time: 0.000036 s
[Rank 32] Local SpMV time: 0.000033 s
[Rank 36] Local SpMV time: 0.000034 s
[Rank 40] Local SpMV time: 0.000035 s
[Rank 1] Local SpMV time: 0.000043 s
[Rank 3] Local SpMV time: 0.000115 s
[Rank 5] Local SpMV time: 0.000040 s
[Rank 7] Local SpMV time: 0.000087 s
[Rank 9] Local SpMV time: 0.000042 s
[Rank 11] Local SpMV time: 0.000110 s
[Rank 13] Local SpMV time: 0.000080 s
[Rank 15] Local SpMV time: 0.000063 s
[Rank 17] Local SpMV time: 0.000068 s
[Rank 19] Local SpMV time: 0.000107 s
[Rank 21] Local SpMV time: 0.000110 s
[Rank 23] Local SpMV time: 0.000104 s
[Rank 25] Local SpMV time: 0.000087 s
[Rank 27] Local SpMV time: 0.000058 s
[Rank 48] Local SpMV time: 0.000031 s
[Rank 29] Local SpMV time: 0.000060 s
[Rank 52] Local SpMV time: 0.000020 s
[Rank 31] Local SpMV time: 0.000069 s
[Rank 33] Local SpMV time: 0.000087 s
[Rank 35] Local SpMV time: 0.000065 s
[Rank 37] Local SpMV time: 0.000108 s
[Rank 39] Local SpMV time: 0.000115 s
[Rank 41] Local SpMV time: 0.000052 s
[Rank 43] Local SpMV time: 0.000121 s
[Rank 45] Local SpMV time: 0.000115 s
[Rank 47] Local SpMV time: 0.000091 s
[Rank 49] Local SpMV time: 0.000123 s
[Rank 51] Local SpMV time: 0.000075 s
[Rank 53] Local SpMV time: 0.000113 s
[Rank 55] Local SpMV time: 0.000071 s
[Rank 57] Local SpMV time: 0.000054 s
[Rank 59] Local SpMV time: 0.000068 s
[Rank 61] Local SpMV time: 0.000049 s
[Rank 63] Local SpMV time: 0.000111 s
[Rank 56] Local SpMV time: 0.000021 s
[Rank 60] Local SpMV time: 0.000041 s
[Rank 18] Local SpMV time: 0.000032 s
[Rank 24] Local SpMV time: 0.000023 s
[Rank 2] Local SpMV time: 0.000029 s
[Rank 28] Local SpMV time: 0.000021 s
[Rank 20] Local SpMV time: 0.000053 s
[Rank 22] Local SpMV time: 0.000018 s
[Rank 30] Local SpMV time: 0.000016 s
[Rank 38] Local SpMV time: 0.000026 s
[Rank 42] Local SpMV time: 0.000024 s
[Rank 44] Local SpMV time: 0.000026 s
[Rank 50] Local SpMV time: 0.000019 s
[Rank 34] Local SpMV time: 0.000051 s
[Rank 12] Local SpMV time: 0.000023 s
[Rank 14] Local SpMV time: 0.000024 s
[Rank 8] Local SpMV time: 0.000042 s
[Rank 26] Local SpMV time: 0.000016 s
[Rank 58] Local SpMV time: 0.000020 s
[Rank 46] Local SpMV time: 0.000021 s
[Rank 62] Local SpMV time: 0.000056 s
[Rank 54] Local SpMV time: 0.000069 s
[Rank 10] Local SpMV time: 0.000050 s
Global FLOPs per SpMV: 1410

-----------------------------------------------------------------------------------------------
  P |  Time(s) | Comp% | Comm% |  GFLOP/s | Speedup |  Eff% | Mem(MiB) | NNZ min | NNZ avg | NNZ max
-----------------------------------------------------------------------------------------------
 64 |   0.0340 |   0.4 |  64.6 |     0.000 |    0.00 |   0.00 |     0.00 |       0 |     11.0 |      28

----------------------------------------
np = 128
----------------------------------------
[Rank 0] Matrix: 106 x 106, nnz=706 | grid=16x8 | pattern=0 symmetric=1
[Rank 0] Matrix: 106 x 106, nnz=706 | grid=16x8
[Rank 0] Local SpMV time: 0.000030 s
[Rank 8] Local SpMV time: 0.000028 s
[Rank 64] Local SpMV time: 0.000033 s
[Rank 72] Local SpMV time: 0.000026 s
[Rank 96] Local SpMV time: 0.000025 s
[Rank 112] Local SpMV time: 0.000026 s
[Rank 1] Local SpMV time: 0.000029 s
[Rank 3] Local SpMV time: 0.000030 s
[Rank 17] Local SpMV time: 0.000027 s
[Rank 97] Local SpMV time: 0.000081 s
[Rank 9] Local SpMV time: 0.000164 s
[Rank 13] Local SpMV time: 0.000211 s
[Rank 15] Local SpMV time: 0.000235 s
[Rank 29] Local SpMV time: 0.000178 s
[Rank 85] Local SpMV time: 0.000151 s
[Rank 91] Local SpMV time: 0.000224 s
[Rank 115] Local SpMV time: 0.000143 s
[Rank 7] Local SpMV time: 0.000282 s
[Rank 31] Local SpMV time: 0.000245 s
[Rank 43] Local SpMV time: 0.000244 s
[Rank 49] Local SpMV time: 0.000243 s
[Rank 67] Local SpMV time: 0.000283 s
[Rank 69] Local SpMV time: 0.000295 s
[Rank 71] Local SpMV time: 0.000252 s
[Rank 11] Local SpMV time: 0.000390 s
[Rank 21] Local SpMV time: 0.000378 s
[Rank 33] Local SpMV time: 0.000391 s
[Rank 37] Local SpMV time: 0.000402 s
[Rank 39] Local SpMV time: 0.000384 s
[Rank 51] Local SpMV time: 0.000357 s
[Rank 55] Local SpMV time: 0.000371 s
[Rank 57] Local SpMV time: 0.000357 s
[Rank 59] Local SpMV time: 0.000351 s
[Rank 63] Local SpMV time: 0.000356 s
[Rank 73] Local SpMV time: 0.000386 s
[Rank 79] Local SpMV time: 0.000340 s
[Rank 87] Local SpMV time: 0.000336 s
[Rank 99] Local SpMV time: 0.000326 s
[Rank 101] Local SpMV time: 0.000323 s
[Rank 103] Local SpMV time: 0.000353 s
[Rank 105] Local SpMV time: 0.000329 s
[Rank 113] Local SpMV time: 0.000340 s
[Rank 117] Local SpMV time: 0.000374 s
[Rank 5] Local SpMV time: 0.000452 s
[Rank 19] Local SpMV time: 0.000615 s
[Rank 23] Local SpMV time: 0.000426 s
[Rank 25] Local SpMV time: 0.000490 s
[Rank 35] Local SpMV time: 0.000576 s
[Rank 41] Local SpMV time: 0.000408 s
[Rank 45] Local SpMV time: 0.000550 s
[Rank 53] Local SpMV time: 0.000554 s
[Rank 61] Local SpMV time: 0.000466 s
[Rank 65] Local SpMV time: 0.000537 s
[Rank 75] Local SpMV time: 0.000455 s
[Rank 81] Local SpMV time: 0.000449 s
[Rank 83] Local SpMV time: 0.000510 s
[Rank 89] Local SpMV time: 0.000421 s
[Rank 95] Local SpMV time: 0.000406 s
[Rank 109] Local SpMV time: 0.000462 s
[Rank 111] Local SpMV time: 0.000585 s
[Rank 119] Local SpMV time: 0.000456 s
[Rank 121] Local SpMV time: 0.000562 s
[Rank 123] Local SpMV time: 0.000412 s
[Rank 127] Local SpMV time: 0.000520 s
[Rank 27] Local SpMV time: 0.000639 s
[Rank 93] Local SpMV time: 0.000637 s
[Rank 120] Local SpMV time: 0.000030 s
[Rank 77] Local SpMV time: 0.004358 s
[Rank 107] Local SpMV time: 0.004347 s
[Rank 125] Local SpMV time: 0.004373 s
[Rank 47] Local SpMV time: 0.004714 s
[Rank 32] Local SpMV time: 0.000031 s
[Rank 40] Local SpMV time: 0.000043 s
[Rank 2] Local SpMV time: 0.000021 s
[Rank 66] Local SpMV time: 0.000025 s
[Rank 74] Local SpMV time: 0.000022 s
[Rank 98] Local SpMV time: 0.000020 s
[Rank 104] Local SpMV time: 0.000024 s
[Rank 68] Local SpMV time: 0.000020 s
[Rank 100] Local SpMV time: 0.000019 s
[Rank 4] Local SpMV time: 0.000022 s
[Rank 12] Local SpMV time: 0.000024 s
[Rank 108] Local SpMV time: 0.000024 s
[Rank 106] Local SpMV time: 0.000034 s
[Rank 80] Local SpMV time: 0.000019 s
[Rank 88] Local SpMV time: 0.000019 s
[Rank 6] Local SpMV time: 0.000021 s
[Rank 16] Local SpMV time: 0.000018 s
[Rank 70] Local SpMV time: 0.000019 s
[Rank 102] Local SpMV time: 0.000017 s
[Rank 110] Local SpMV time: 0.000017 s
[Rank 78] Local SpMV time: 0.000023 s
[Rank 118] Local SpMV time: 0.000021 s
[Rank 126] Local SpMV time: 0.000020 s
[Rank 34] Local SpMV time: 0.000021 s
[Rank 14] Local SpMV time: 0.000018 s
[Rank 84] Local SpMV time: 0.000021 s
[Rank 92] Local SpMV time: 0.000019 s
[Rank 18] Local SpMV time: 0.000026 s
[Rank 82] Local SpMV time: 0.000019 s
[Rank 76] Local SpMV time: 0.000019 s
[Rank 90] Local SpMV time: 0.000019 s
[Rank 36] Local SpMV time: 0.000025 s
[Rank 114] Local SpMV time: 0.000019 s
[Rank 42] Local SpMV time: 0.000017 s
[Rank 10] Local SpMV time: 0.000020 s
[Rank 116] Local SpMV time: 0.000022 s
[Rank 124] Local SpMV time: 0.000023 s
[Rank 48] Local SpMV time: 0.000016 s
[Rank 50] Local SpMV time: 0.000016 s
[Rank 56] Local SpMV time: 0.000023 s
[Rank 38] Local SpMV time: 0.000021 s
[Rank 46] Local SpMV time: 0.000019 s
[Rank 44] Local SpMV time: 0.000020 s
[Rank 86] Local SpMV time: 0.000036 s
[Rank 20] Local SpMV time: 0.000023 s
[Rank 94] Local SpMV time: 0.000020 s
[Rank 24] Local SpMV time: 0.000022 s
[Rank 26] Local SpMV time: 0.000020 s
[Rank 58] Local SpMV time: 0.000020 s
[Rank 28] Local SpMV time: 0.000024 s
[Rank 122] Local SpMV time: 0.000017 s
[Rank 22] Local SpMV time: 0.000019 s
[Rank 30] Local SpMV time: 0.000027 s
[Rank 54] Local SpMV time: 0.000020 s
[Rank 52] Local SpMV time: 0.000029 s
[Rank 60] Local SpMV time: 0.000024 s
[Rank 62] Local SpMV time: 0.000023 s
Global FLOPs per SpMV: 1342

-----------------------------------------------------------------------------------------------
  P |  Time(s) | Comp% | Comm% |  GFLOP/s | Speedup |  Eff% | Mem(MiB) | NNZ min | NNZ avg | NNZ max
-----------------------------------------------------------------------------------------------
128 |   0.0540 |   8.7 |  71.0 |     0.000 |    0.00 |   0.00 |     0.00 |       0 |      5.2 |      14

