Strong scaling results for dataset20mfeatpixel_10NN.mtx
Date: Tue Dec 30 19:31:24 CET 2025
========================================

[Rank 0] Matrix: 2000 x 2000, nnz=13966 | grid=1x1 | pattern=0 symmetric=1
[Rank 0] Matrix: 2000 x 2000, nnz=13966 | grid=1x1
[Rank 0] Local SpMV time: 0.000224 s
Global FLOPs per SpMV: 55864

-----------------------------------------------------------------------------------------------
  P |  Time(s) | Comp% | Comm% |  GFLOP/s | Speedup |  Eff% | Mem(MiB) | NNZ min | NNZ avg | NNZ max
-----------------------------------------------------------------------------------------------
  1 |   0.0003 |  72.0 |  10.2 |     0.180 |    N/A   |   N/A  |     0.80 |   27932 |  27932.0 |   27932
BASELINE_T1=0.0003

----------------------------------------
np = 2
----------------------------------------
[Rank 0] Matrix: 2000 x 2000, nnz=13966 | grid=2x1 | pattern=0 symmetric=1
[Rank 0] Matrix: 2000 x 2000, nnz=13966 | grid=2x1
[Rank 0] Local SpMV time: 0.000087 s
[Rank 1] Local SpMV time: 0.000067 s
Global FLOPs per SpMV: 32512

-----------------------------------------------------------------------------------------------
  P |  Time(s) | Comp% | Comm% |  GFLOP/s | Speedup |  Eff% | Mem(MiB) | NNZ min | NNZ avg | NNZ max
-----------------------------------------------------------------------------------------------
  2 |   0.0024 |   3.7 |  14.4 |     0.014 |    0.13 |   6.34 |     0.29 |    6810 |   8128.0 |    9446

----------------------------------------
np = 4
----------------------------------------
[Rank 0] Matrix: 2000 x 2000, nnz=13966 | grid=2x2 | pattern=0 symmetric=1
[Rank 0] Matrix: 2000 x 2000, nnz=13966 | grid=2x2
[Rank 0] Local SpMV time: 0.000051 s
[Rank 2] Local SpMV time: 0.000054 s
Global FLOPs per SpMV: 20848
[Rank 1] Local SpMV time: 0.000062 s
[Rank 3] Local SpMV time: 0.000041 s

-----------------------------------------------------------------------------------------------
  P |  Time(s) | Comp% | Comm% |  GFLOP/s | Speedup |  Eff% | Mem(MiB) | NNZ min | NNZ avg | NNZ max
-----------------------------------------------------------------------------------------------
  4 |   0.0003 |  21.1 |  70.3 |     0.072 |    1.03 |  25.85 |     0.11 |    1748 |   2606.0 |    3032

----------------------------------------
np = 8
----------------------------------------
[Rank 0] Matrix: 2000 x 2000, nnz=13966 | grid=4x2 | pattern=0 symmetric=1
[Rank 0] Matrix: 2000 x 2000, nnz=13966 | grid=4x2
[Rank 0] Local SpMV time: 0.000037 s
[Rank 2] Local SpMV time: 0.000036 s
[Rank 1] Local SpMV time: 0.000047 s
[Rank 4] Local SpMV time: 0.000032 s
[Rank 3] Local SpMV time: 0.000034 s
[Rank 6] Local SpMV time: 0.000027 s
[Rank 5] Local SpMV time: 0.000030 s
Global FLOPs per SpMV: 14874
[Rank 7] Local SpMV time: 0.000051 s

-----------------------------------------------------------------------------------------------
  P |  Time(s) | Comp% | Comm% |  GFLOP/s | Speedup |  Eff% | Mem(MiB) | NNZ min | NNZ avg | NNZ max
-----------------------------------------------------------------------------------------------
  8 |   0.0003 |  15.8 |  81.5 |     0.046 |    0.92 |  11.52 |     0.05 |     443 |    929.6 |    1082

----------------------------------------
np = 16
----------------------------------------
[Rank 0] Matrix: 2000 x 2000, nnz=13966 | grid=4x4 | pattern=0 symmetric=1
[Rank 0] Matrix: 2000 x 2000, nnz=13966 | grid=4x4
[Rank 0] Local SpMV time: 0.000034 s
[Rank 2] Local SpMV time: 0.000024 s
[Rank 4] Local SpMV time: 0.000057 s
[Rank 8] Local SpMV time: 0.000031 s
[Rank 10] Local SpMV time: 0.000027 s
[Rank 1] Local SpMV time: 0.000045 s
[Rank 3] Local SpMV time: 0.000029 s
[Rank 5] Local SpMV time: 0.000048 s
[Rank 7] Local SpMV time: 0.000030 s
[Rank 9] Local SpMV time: 0.000037 s
[Rank 11] Local SpMV time: 0.000024 s
[Rank 13] Local SpMV time: 0.000036 s
[Rank 15] Local SpMV time: 0.000018 s
[Rank 6] Local SpMV time: 0.000023 s
[Rank 12] Local SpMV time: 0.000020 s
[Rank 14] Local SpMV time: 0.000032 s
Global FLOPs per SpMV: 11762

-----------------------------------------------------------------------------------------------
  P |  Time(s) | Comp% | Comm% |  GFLOP/s | Speedup |  Eff% | Mem(MiB) | NNZ min | NNZ avg | NNZ max
-----------------------------------------------------------------------------------------------
 16 |   0.0342 |   0.2 |  99.8 |     0.000 |    0.01 |   0.05 |     0.03 |     106 |    367.6 |     450

----------------------------------------
np = 32
----------------------------------------
[Rank 0] Matrix: 2000 x 2000, nnz=13966 | grid=8x4 | pattern=0 symmetric=1
[Rank 0] Matrix: 2000 x 2000, nnz=13966 | grid=8x4
[Rank 0] Local SpMV time: 0.000027 s
[Rank 2] Local SpMV time: 0.000029 s
[Rank 4] Local SpMV time: 0.000040 s
[Rank 6] Local SpMV time: 0.000019 s
[Rank 16] Local SpMV time: 0.000046 s
[Rank 18] Local SpMV time: 0.000027 s
[Rank 24] Local SpMV time: 0.000037 s
[Rank 20] Local SpMV time: 0.000058 s
[Rank 26] Local SpMV time: 0.000022 s
[Rank 22] Local SpMV time: 0.000031 s
[Rank 1] Local SpMV time: 0.000032 s
[Rank 3] Local SpMV time: 0.000021 s
[Rank 5] Local SpMV time: 0.000036 s
[Rank 7] Local SpMV time: 0.000020 s
[Rank 9] Local SpMV time: 0.000032 s
[Rank 11] Local SpMV time: 0.000023 s
[Rank 13] Local SpMV time: 0.000037 s
[Rank 15] Local SpMV time: 0.000039 s
[Rank 17] Local SpMV time: 0.000034 s
[Rank 19] Local SpMV time: 0.000020 s
[Rank 21] Local SpMV time: 0.000030 s
[Rank 23] Local SpMV time: 0.000018 s
[Rank 25] Local SpMV time: 0.000029 s
[Rank 27] Local SpMV time: 0.000040 s
[Rank 29] Local SpMV time: 0.000025 s
[Rank 31] Local SpMV time: 0.000018 s
[Rank 28] Local SpMV time: 0.000022 s
[Rank 30] Local SpMV time: 0.000038 s
[Rank 8] Local SpMV time: 0.000017 s
[Rank 12] Local SpMV time: 0.000024 s
[Rank 10] Local SpMV time: 0.000024 s
[Rank 14] Local SpMV time: 0.000020 s
Global FLOPs per SpMV: 9882

-----------------------------------------------------------------------------------------------
  P |  Time(s) | Comp% | Comm% |  GFLOP/s | Speedup |  Eff% | Mem(MiB) | NNZ min | NNZ avg | NNZ max
-----------------------------------------------------------------------------------------------
 32 |   0.0280 |   0.2 |  99.6 |     0.000 |    0.01 |   0.03 |     0.01 |      30 |    154.4 |     194

----------------------------------------
np = 64
----------------------------------------
[Rank 0] Matrix: 2000 x 2000, nnz=13966 | grid=8x8 | pattern=0 symmetric=1
[Rank 0] Matrix: 2000 x 2000, nnz=13966 | grid=8x8
[Rank 0] Local SpMV time: 0.000040 s
[Rank 6] Local SpMV time: 0.000023 s
[Rank 36] Local SpMV time: 0.000048 s
[Rank 56] Local SpMV time: 0.000043 s
[Rank 2] Local SpMV time: 0.000018 s
[Rank 4] Local SpMV time: 0.000056 s
[Rank 8] Local SpMV time: 0.000043 s
[Rank 32] Local SpMV time: 0.000045 s
[Rank 38] Local SpMV time: 0.000041 s
[Rank 10] Local SpMV time: 0.000032 s
[Rank 1] Local SpMV time: 0.000052 s
[Rank 9] Local SpMV time: 0.000079 s
[Rank 11] Local SpMV time: 0.000048 s
[Rank 13] Local SpMV time: 0.000057 s
[Rank 15] Local SpMV time: 0.000048 s
[Rank 17] Local SpMV time: 0.000037 s
[Rank 19] Local SpMV time: 0.000049 s
[Rank 25] Local SpMV time: 0.000039 s
[Rank 45] Local SpMV time: 0.000051 s
[Rank 47] Local SpMV time: 0.000047 s
[Rank 51] Local SpMV time: 0.000048 s
[Rank 63] Local SpMV time: 0.000046 s
[Rank 3] Local SpMV time: 0.000052 s
[Rank 5] Local SpMV time: 0.000094 s
[Rank 7] Local SpMV time: 0.000090 s
[Rank 21] Local SpMV time: 0.000092 s
[Rank 23] Local SpMV time: 0.000064 s
[Rank 27] Local SpMV time: 0.000046 s
[Rank 29] Local SpMV time: 0.000106 s
[Rank 31] Local SpMV time: 0.000100 s
[Rank 33] Local SpMV time: 0.000096 s
[Rank 35] Local SpMV time: 0.000046 s
[Rank 37] Local SpMV time: 0.000092 s
[Rank 39] Local SpMV time: 0.000075 s
[Rank 41] Local SpMV time: 0.000099 s
[Rank 43] Local SpMV time: 0.000052 s
[Rank 49] Local SpMV time: 0.000091 s
[Rank 53] Local SpMV time: 0.000110 s
[Rank 55] Local SpMV time: 0.000064 s
[Rank 57] Local SpMV time: 0.000100 s
[Rank 59] Local SpMV time: 0.000064 s
[Rank 61] Local SpMV time: 0.000089 s
[Rank 34] Local SpMV time: 0.000036 s
[Rank 50] Local SpMV time: 0.000029 s
[Rank 58] Local SpMV time: 0.000031 s
[Rank 12] Local SpMV time: 0.000028 s
[Rank 52] Local SpMV time: 0.000039 s
[Rank 54] Local SpMV time: 0.000033 s
[Rank 42] Local SpMV time: 0.000019 s
[Rank 40] Local SpMV time: 0.000022 s
[Rank 46] Local SpMV time: 0.000032 s
[Rank 44] Local SpMV time: 0.000038 s
[Rank 14] Local SpMV time: 0.000025 s
[Rank 16] Local SpMV time: 0.000019 s
[Rank 20] Local SpMV time: 0.000026 s
[Rank 62] Local SpMV time: 0.000021 s
[Rank 60] Local SpMV time: 0.000036 s
[Rank 48] Local SpMV time: 0.012964 s
[Rank 28] Local SpMV time: 0.000019 s
[Rank 24] Local SpMV time: 0.000039 s
[Rank 22] Local SpMV time: 0.000019 s
[Rank 26] Local SpMV time: 0.000019 s
[Rank 18] Local SpMV time: 0.000021 s
[Rank 30] Local SpMV time: 0.000025 s
Global FLOPs per SpMV: 9188

-----------------------------------------------------------------------------------------------
  P |  Time(s) | Comp% | Comm% |  GFLOP/s | Speedup |  Eff% | Mem(MiB) | NNZ min | NNZ avg | NNZ max
-----------------------------------------------------------------------------------------------
 64 |   0.0390 |  33.3 |  76.8 |     0.000 |    0.01 |   0.01 |     0.01 |      10 |     71.8 |     113

----------------------------------------
np = 128
----------------------------------------
[Rank 0] Matrix: 2000 x 2000, nnz=13966 | grid=16x8 | pattern=0 symmetric=1
[Rank 0] Matrix: 2000 x 2000, nnz=13966 | grid=16x8
[Rank 9] Local SpMV time: 0.000036 s
[Rank 33] Local SpMV time: 0.000046 s
[Rank 57] Local SpMV time: 0.000036 s
[Rank 65] Local SpMV time: 0.000028 s
[Rank 13] Local SpMV time: 0.000126 s
[Rank 0] Local SpMV time: 0.000028 s
[Rank 15] Local SpMV time: 0.000062 s
[Rank 4] Local SpMV time: 0.000022 s
[Rank 19] Local SpMV time: 0.000123 s
[Rank 6] Local SpMV time: 0.000021 s
[Rank 29] Local SpMV time: 0.000077 s
[Rank 8] Local SpMV time: 0.000028 s
[Rank 45] Local SpMV time: 0.000096 s
[Rank 12] Local SpMV time: 0.000030 s
[Rank 63] Local SpMV time: 0.000110 s
[Rank 32] Local SpMV time: 0.000034 s
[Rank 81] Local SpMV time: 0.000076 s
[Rank 36] Local SpMV time: 0.000019 s
[Rank 83] Local SpMV time: 0.000098 s
[Rank 38] Local SpMV time: 0.000028 s
[Rank 89] Local SpMV time: 0.000062 s
[Rank 64] Local SpMV time: 0.000033 s
[Rank 7] Local SpMV time: 0.000158 s
[Rank 68] Local SpMV time: 0.000023 s
[Rank 17] Local SpMV time: 0.000190 s
[Rank 70] Local SpMV time: 0.000020 s
[Rank 25] Local SpMV time: 0.000184 s
[Rank 72] Local SpMV time: 0.000030 s
[Rank 37] Local SpMV time: 0.000181 s
[Rank 80] Local SpMV time: 0.000023 s
[Rank 47] Local SpMV time: 0.000170 s
[Rank 84] Local SpMV time: 0.000029 s
[Rank 49] Local SpMV time: 0.000152 s
[Rank 96] Local SpMV time: 0.000023 s
[Rank 59] Local SpMV time: 0.000138 s
[Rank 100] Local SpMV time: 0.000024 s
[Rank 91] Local SpMV time: 0.000150 s
[Rank 112] Local SpMV time: 0.000026 s
[Rank 97] Local SpMV time: 0.000171 s
[Rank 105] Local SpMV time: 0.000163 s
[Rank 113] Local SpMV time: 0.000190 s
[Rank 119] Local SpMV time: 0.000134 s
[Rank 11] Local SpMV time: 0.000262 s
[Rank 21] Local SpMV time: 0.000281 s
[Rank 39] Local SpMV time: 0.000236 s
[Rank 53] Local SpMV time: 0.000227 s
[Rank 55] Local SpMV time: 0.000275 s
[Rank 73] Local SpMV time: 0.000216 s
[Rank 103] Local SpMV time: 0.000284 s
[Rank 109] Local SpMV time: 0.000207 s
[Rank 123] Local SpMV time: 0.000263 s
[Rank 5] Local SpMV time: 0.000318 s
[Rank 27] Local SpMV time: 0.000291 s
[Rank 43] Local SpMV time: 0.000316 s
[Rank 69] Local SpMV time: 0.000337 s
[Rank 71] Local SpMV time: 0.000293 s
[Rank 79] Local SpMV time: 0.000311 s
[Rank 87] Local SpMV time: 0.000284 s
[Rank 93] Local SpMV time: 0.000295 s
[Rank 95] Local SpMV time: 0.000314 s
[Rank 101] Local SpMV time: 0.000317 s
[Rank 107] Local SpMV time: 0.000307 s
[Rank 121] Local SpMV time: 0.000330 s
[Rank 125] Local SpMV time: 0.000300 s
[Rank 127] Local SpMV time: 0.000295 s
[Rank 1] Local SpMV time: 0.000350 s
[Rank 3] Local SpMV time: 0.000330 s
[Rank 23] Local SpMV time: 0.000340 s
[Rank 31] Local SpMV time: 0.000333 s
[Rank 35] Local SpMV time: 0.000329 s
[Rank 41] Local SpMV time: 0.000343 s
[Rank 51] Local SpMV time: 0.000410 s
[Rank 61] Local SpMV time: 0.000337 s
[Rank 67] Local SpMV time: 0.000345 s
[Rank 77] Local SpMV time: 0.000329 s
[Rank 85] Local SpMV time: 0.000321 s
[Rank 99] Local SpMV time: 0.000327 s
[Rank 111] Local SpMV time: 0.000421 s
[Rank 115] Local SpMV time: 0.000323 s
[Rank 117] Local SpMV time: 0.000326 s
[Rank 116] Local SpMV time: 0.000017 s
[Rank 124] Local SpMV time: 0.000023 s
[Rank 86] Local SpMV time: 0.000019 s
[Rank 88] Local SpMV time: 0.000023 s
[Rank 104] Local SpMV time: 0.000023 s
[Rank 16] Local SpMV time: 0.000041 s
[Rank 24] Local SpMV time: 0.000020 s
[Rank 94] Local SpMV time: 0.000018 s
[Rank 92] Local SpMV time: 0.000020 s
[Rank 120] Local SpMV time: 0.000023 s
[Rank 76] Local SpMV time: 0.000021 s
[Rank 40] Local SpMV time: 0.000020 s
[Rank 2] Local SpMV time: 0.000020 s
[Rank 10] Local SpMV time: 0.000022 s
[Rank 66] Local SpMV time: 0.000017 s
[Rank 44] Local SpMV time: 0.000018 s
[Rank 46] Local SpMV time: 0.000018 s
[Rank 74] Local SpMV time: 0.000022 s
[Rank 20] Local SpMV time: 0.000021 s
[Rank 28] Local SpMV time: 0.000018 s
[Rank 108] Local SpMV time: 0.000047 s
[Rank 75] Local SpMV time: 0.000335 s
[Rank 30] Local SpMV time: 0.000026 s
[Rank 14] Local SpMV time: 0.000013 s
[Rank 102] Local SpMV time: 0.000017 s
[Rank 22] Local SpMV time: 0.000025 s
[Rank 98] Local SpMV time: 0.000028 s
[Rank 78] Local SpMV time: 0.000019 s
[Rank 52] Local SpMV time: 0.000013 s
[Rank 48] Local SpMV time: 0.000016 s
[Rank 54] Local SpMV time: 0.000015 s
[Rank 56] Local SpMV time: 0.000019 s
[Rank 60] Local SpMV time: 0.000023 s
[Rank 62] Local SpMV time: 0.000017 s
[Rank 82] Local SpMV time: 0.000023 s
[Rank 118] Local SpMV time: 0.000024 s
[Rank 126] Local SpMV time: 0.000018 s
[Rank 90] Local SpMV time: 0.000018 s
[Rank 106] Local SpMV time: 0.000018 s
[Rank 18] Local SpMV time: 0.000020 s
[Rank 114] Local SpMV time: 0.000022 s
[Rank 122] Local SpMV time: 0.000017 s
[Rank 34] Local SpMV time: 0.000029 s
[Rank 26] Local SpMV time: 0.000027 s
[Rank 50] Local SpMV time: 0.000018 s
[Rank 58] Local SpMV time: 0.000017 s
[Rank 110] Local SpMV time: 0.000019 s
[Rank 42] Local SpMV time: 0.000018 s
Global FLOPs per SpMV: 8708

-----------------------------------------------------------------------------------------------
  P |  Time(s) | Comp% | Comm% |  GFLOP/s | Speedup |  Eff% | Mem(MiB) | NNZ min | NNZ avg | NNZ max
-----------------------------------------------------------------------------------------------
128 |   0.0625 |   0.7 |  65.2 |     0.000 |    0.00 |   0.00 |     0.01 |       2 |     34.0 |      55

