Strong scaling results for Journals.mtx
Date: Tue Dec 30 19:32:00 CET 2025
========================================

[Rank 0] Matrix: 124 x 124, nnz=6096 | grid=1x1 | pattern=0 symmetric=1
[Rank 0] Matrix: 124 x 124, nnz=6096 | grid=1x1
[Rank 0] Local SpMV time: 0.000104 s
Global FLOPs per SpMV: 24136

-----------------------------------------------------------------------------------------------
  P |  Time(s) | Comp% | Comm% |  GFLOP/s | Speedup |  Eff% | Mem(MiB) | NNZ min | NNZ avg | NNZ max
-----------------------------------------------------------------------------------------------
  1 |   0.0002 |  63.5 |   9.9 |     0.147 |    N/A   |   N/A  |     0.33 |   12068 |  12068.0 |   12068
BASELINE_T1=0.0002

----------------------------------------
np = 2
----------------------------------------
[Rank 0] Matrix: 124 x 124, nnz=6096 | grid=2x1 | pattern=0 symmetric=1
[Rank 0] Matrix: 124 x 124, nnz=6096 | grid=2x1
[Rank 0] Local SpMV time: 0.000060 s
Global FLOPs per SpMV: 17714

-----------------------------------------------------------------------------------------------
[Rank 1] Local SpMV time: 0.000039 s
  P |  Time(s) | Comp% | Comm% |  GFLOP/s | Speedup |  Eff% | Mem(MiB) | NNZ min | NNZ avg | NNZ max
-----------------------------------------------------------------------------------------------
  2 |   0.0002 |  39.4 |  35.2 |     0.116 |    1.31 |  65.33 |     0.16 |    2958 |   4428.5 |    5899

----------------------------------------
np = 4
----------------------------------------
[Rank 0] Matrix: 124 x 124, nnz=6096 | grid=2x2 | pattern=0 symmetric=1
[Rank 0] Matrix: 124 x 124, nnz=6096 | grid=2x2
[Rank 0] Local SpMV time: 0.000041 s
[Rank 2] Local SpMV time: 0.000032 s
[Rank 3] Local SpMV time: 0.000031 s
Global FLOPs per SpMV: 14456
[Rank 1] Local SpMV time: 0.000051 s

-----------------------------------------------------------------------------------------------
  P |  Time(s) | Comp% | Comm% |  GFLOP/s | Speedup |  Eff% | Mem(MiB) | NNZ min | NNZ avg | NNZ max
-----------------------------------------------------------------------------------------------
  4 |   0.0002 |  27.9 |  59.8 |     0.079 |    1.10 |  27.49 |     0.08 |     689 |   1807.0 |    2876

----------------------------------------
np = 8
----------------------------------------
[Rank 0] Matrix: 124 x 124, nnz=6096 | grid=4x2 | pattern=0 symmetric=1
[Rank 0] Matrix: 124 x 124, nnz=6096 | grid=4x2
[Rank 2] Local SpMV time: 0.000057 s
[Rank 4] Local SpMV time: 0.000062 s
[Rank 1] Local SpMV time: 0.000033 s
[Rank 6] Local SpMV time: 0.000055 s
[Rank 3] Local SpMV time: 0.000030 s
[Rank 5] Local SpMV time: 0.000027 s
[Rank 7] Local SpMV time: 0.000025 s
[Rank 0] Local SpMV time: 0.012783 s
Global FLOPs per SpMV: 13186

-----------------------------------------------------------------------------------------------
  P |  Time(s) | Comp% | Comm% |  GFLOP/s | Speedup |  Eff% | Mem(MiB) | NNZ min | NNZ avg | NNZ max
-----------------------------------------------------------------------------------------------
  8 |   0.0129 |  98.8 |   0.8 |     0.001 |    0.02 |   0.19 |     0.04 |     166 |    824.1 |    1439

----------------------------------------
np = 16
----------------------------------------
[Rank 0] Matrix: 124 x 124, nnz=6096 | grid=4x4 | pattern=0 symmetric=1
[Rank 0] Matrix: 124 x 124, nnz=6096 | grid=4x4
[Rank 0] Local SpMV time: 0.000032 s
[Rank 4] Local SpMV time: 0.000034 s
[Rank 8] Local SpMV time: 0.000030 s
[Rank 12] Local SpMV time: 0.000028 s
[Rank 1] Local SpMV time: 0.000037 s
[Rank 3] Local SpMV time: 0.000040 s
[Rank 5] Local SpMV time: 0.000037 s
[Rank 7] Local SpMV time: 0.000033 s
[Rank 9] Local SpMV time: 0.000033 s
[Rank 11] Local SpMV time: 0.000035 s
[Rank 13] Local SpMV time: 0.000031 s
[Rank 15] Local SpMV time: 0.000036 s
[Rank 6] Local SpMV time: 0.000025 s
[Rank 2] Local SpMV time: 0.000044 s
[Rank 10] Local SpMV time: 0.000047 s
[Rank 14] Local SpMV time: 0.000066 s
Global FLOPs per SpMV: 12430

-----------------------------------------------------------------------------------------------
  P |  Time(s) | Comp% | Comm% |  GFLOP/s | Speedup |  Eff% | Mem(MiB) | NNZ min | NNZ avg | NNZ max
-----------------------------------------------------------------------------------------------
 16 |   0.0270 |   0.2 |  94.0 |     0.000 |    0.01 |   0.05 |     0.02 |      45 |    388.4 |     735

----------------------------------------
np = 32
----------------------------------------
[Rank 0] Matrix: 124 x 124, nnz=6096 | grid=8x4 | pattern=0 symmetric=1
[Rank 0] Matrix: 124 x 124, nnz=6096 | grid=8x4
[Rank 0] Local SpMV time: 0.000027 s
[Rank 2] Local SpMV time: 0.000026 s
[Rank 6] Local SpMV time: 0.000021 s
[Rank 8] Local SpMV time: 0.000025 s
[Rank 16] Local SpMV time: 0.000026 s
[Rank 4] Local SpMV time: 0.000058 s
[Rank 1] Local SpMV time: 0.000034 s
[Rank 3] Local SpMV time: 0.000096 s
[Rank 5] Local SpMV time: 0.000066 s
[Rank 7] Local SpMV time: 0.000129 s
[Rank 9] Local SpMV time: 0.000082 s
[Rank 11] Local SpMV time: 0.000076 s
[Rank 13] Local SpMV time: 0.000043 s
[Rank 15] Local SpMV time: 0.000112 s
[Rank 17] Local SpMV time: 0.000044 s
[Rank 19] Local SpMV time: 0.000077 s
[Rank 21] Local SpMV time: 0.000115 s
[Rank 23] Local SpMV time: 0.000042 s
[Rank 25] Local SpMV time: 0.000059 s
[Rank 27] Local SpMV time: 0.000061 s
[Rank 29] Local SpMV time: 0.000058 s
[Rank 31] Local SpMV time: 0.000058 s
[Rank 12] Local SpMV time: 0.000032 s
[Rank 24] Local SpMV time: 0.000023 s
[Rank 28] Local SpMV time: 0.000021 s
[Rank 10] Local SpMV time: 0.000024 s
[Rank 18] Local SpMV time: 0.000015 s
[Rank 26] Local SpMV time: 0.000015 s
[Rank 22] Local SpMV time: 0.000020 s
[Rank 20] Local SpMV time: 0.000036 s
[Rank 14] Local SpMV time: 0.000021 s
[Rank 30] Local SpMV time: 0.000025 s
Global FLOPs per SpMV: 11916

-----------------------------------------------------------------------------------------------
  P |  Time(s) | Comp% | Comm% |  GFLOP/s | Speedup |  Eff% | Mem(MiB) | NNZ min | NNZ avg | NNZ max
-----------------------------------------------------------------------------------------------
 32 |   0.0261 |   0.5 |  99.2 |     0.000 |    0.01 |   0.02 |     0.01 |      10 |    186.2 |     383

----------------------------------------
np = 64
----------------------------------------
[Rank 0] Matrix: 124 x 124, nnz=6096 | grid=8x8 | pattern=0 symmetric=1
[Rank 0] Matrix: 124 x 124, nnz=6096 | grid=8x8
[Rank 0] Local SpMV time: 0.000045 s
[Rank 2] Local SpMV time: 0.000021 s
[Rank 1] Local SpMV time: 0.000038 s
[Rank 4] Local SpMV time: 0.000020 s
[Rank 3] Local SpMV time: 0.000122 s
[Rank 16] Local SpMV time: 0.000018 s
[Rank 5] Local SpMV time: 0.000099 s
[Rank 18] Local SpMV time: 0.000019 s
[Rank 7] Local SpMV time: 0.000042 s
[Rank 32] Local SpMV time: 0.000043 s
[Rank 9] Local SpMV time: 0.000037 s
[Rank 34] Local SpMV time: 0.000029 s
[Rank 11] Local SpMV time: 0.000095 s
[Rank 40] Local SpMV time: 0.000040 s
[Rank 13] Local SpMV time: 0.000102 s
[Rank 48] Local SpMV time: 0.000040 s
[Rank 15] Local SpMV time: 0.000103 s
[Rank 8] Local SpMV time: 0.000023 s
[Rank 17] Local SpMV time: 0.000143 s
[Rank 36] Local SpMV time: 0.000024 s
[Rank 19] Local SpMV time: 0.000103 s
[Rank 44] Local SpMV time: 0.000021 s
[Rank 21] Local SpMV time: 0.000095 s
[Rank 52] Local SpMV time: 0.000021 s
[Rank 23] Local SpMV time: 0.000125 s
[Rank 25] Local SpMV time: 0.000038 s
[Rank 27] Local SpMV time: 0.000089 s
[Rank 29] Local SpMV time: 0.000101 s
[Rank 31] Local SpMV time: 0.000129 s
[Rank 33] Local SpMV time: 0.000135 s
[Rank 35] Local SpMV time: 0.000127 s
[Rank 37] Local SpMV time: 0.000099 s
[Rank 39] Local SpMV time: 0.000108 s
[Rank 41] Local SpMV time: 0.000034 s
[Rank 43] Local SpMV time: 0.000094 s
[Rank 45] Local SpMV time: 0.000115 s
[Rank 47] Local SpMV time: 0.000060 s
[Rank 49] Local SpMV time: 0.000042 s
[Rank 51] Local SpMV time: 0.000091 s
[Rank 53] Local SpMV time: 0.000114 s
[Rank 55] Local SpMV time: 0.000086 s
[Rank 57] Local SpMV time: 0.000112 s
[Rank 59] Local SpMV time: 0.000048 s
[Rank 61] Local SpMV time: 0.000087 s
[Rank 63] Local SpMV time: 0.000085 s
[Rank 20] Local SpMV time: 0.000026 s
[Rank 24] Local SpMV time: 0.000018 s
[Rank 26] Local SpMV time: 0.000019 s
[Rank 28] Local SpMV time: 0.000020 s
[Rank 42] Local SpMV time: 0.002377 s
[Rank 50] Local SpMV time: 0.000019 s
[Rank 6] Local SpMV time: 0.000020 s
[Rank 14] Local SpMV time: 0.000020 s
[Rank 12] Local SpMV time: 0.000022 s
[Rank 10] Local SpMV time: 0.000025 s
[Rank 38] Local SpMV time: 0.000043 s
[Rank 46] Local SpMV time: 0.000042 s
[Rank 58] Local SpMV time: 0.000023 s
[Rank 60] Local SpMV time: 0.000018 s
[Rank 56] Local SpMV time: 0.000022 s
[Rank 30] Local SpMV time: 0.000019 s
[Rank 54] Local SpMV time: 0.000022 s
[Rank 22] Local SpMV time: 0.000032 s
[Rank 62] Local SpMV time: 0.000019 s
Global FLOPs per SpMV: 11820

-----------------------------------------------------------------------------------------------
  P |  Time(s) | Comp% | Comm% |  GFLOP/s | Speedup |  Eff% | Mem(MiB) | NNZ min | NNZ avg | NNZ max
-----------------------------------------------------------------------------------------------
 64 |   0.0520 |   4.6 |  59.6 |     0.000 |    0.00 |   0.01 |     0.01 |       1 |     92.3 |     204

----------------------------------------
np = 128
----------------------------------------
[Rank 0] Matrix: 124 x 124, nnz=6096 | grid=16x8 | pattern=0 symmetric=1
[Rank 0] Matrix: 124 x 124, nnz=6096 | grid=16x8
[Rank 0] Local SpMV time: 0.000051 s
[Rank 16] Local SpMV time: 0.000050 s
[Rank 32] Local SpMV time: 0.000038 s
[Rank 48] Local SpMV time: 0.000037 s
[Rank 64] Local SpMV time: 0.000036 s
[Rank 80] Local SpMV time: 0.000047 s
[Rank 88] Local SpMV time: 0.000046 s
[Rank 65] Local SpMV time: 0.000113 s
[Rank 121] Local SpMV time: 0.000125 s
[Rank 1] Local SpMV time: 0.000231 s
[Rank 3] Local SpMV time: 0.000248 s
[Rank 9] Local SpMV time: 0.000237 s
[Rank 13] Local SpMV time: 0.000226 s
[Rank 17] Local SpMV time: 0.000237 s
[Rank 25] Local SpMV time: 0.000216 s
[Rank 29] Local SpMV time: 0.000227 s
[Rank 59] Local SpMV time: 0.000178 s
[Rank 67] Local SpMV time: 0.000203 s
[Rank 79] Local SpMV time: 0.000224 s
[Rank 81] Local SpMV time: 0.000250 s
[Rank 83] Local SpMV time: 0.000247 s
[Rank 91] Local SpMV time: 0.000229 s
[Rank 93] Local SpMV time: 0.000222 s
[Rank 95] Local SpMV time: 0.000180 s
[Rank 97] Local SpMV time: 0.000262 s
[Rank 103] Local SpMV time: 0.000193 s
[Rank 113] Local SpMV time: 0.000239 s
[Rank 123] Local SpMV time: 0.000162 s
[Rank 125] Local SpMV time: 0.000159 s
[Rank 127] Local SpMV time: 0.000183 s
[Rank 5] Local SpMV time: 0.000303 s
[Rank 7] Local SpMV time: 0.000272 s
[Rank 11] Local SpMV time: 0.000406 s
[Rank 15] Local SpMV time: 0.000425 s
[Rank 19] Local SpMV time: 0.000349 s
[Rank 21] Local SpMV time: 0.000416 s
[Rank 23] Local SpMV time: 0.000402 s
[Rank 27] Local SpMV time: 0.000438 s
[Rank 31] Local SpMV time: 0.000458 s
[Rank 33] Local SpMV time: 0.000408 s
[Rank 35] Local SpMV time: 0.000444 s
[Rank 39] Local SpMV time: 0.000360 s
[Rank 41] Local SpMV time: 0.000324 s
[Rank 43] Local SpMV time: 0.000416 s
[Rank 45] Local SpMV time: 0.000360 s
[Rank 47] Local SpMV time: 0.000448 s
[Rank 49] Local SpMV time: 0.000355 s
[Rank 51] Local SpMV time: 0.000425 s
[Rank 53] Local SpMV time: 0.000379 s
[Rank 55] Local SpMV time: 0.000346 s
[Rank 57] Local SpMV time: 0.000337 s
[Rank 61] Local SpMV time: 0.000388 s
[Rank 63] Local SpMV time: 0.000444 s
[Rank 69] Local SpMV time: 0.000414 s
[Rank 73] Local SpMV time: 0.000440 s
[Rank 75] Local SpMV time: 0.000420 s
[Rank 77] Local SpMV time: 0.000280 s
[Rank 85] Local SpMV time: 0.000398 s
[Rank 87] Local SpMV time: 0.000441 s
[Rank 89] Local SpMV time: 0.000341 s
[Rank 99] Local SpMV time: 0.000449 s
[Rank 101] Local SpMV time: 0.000366 s
[Rank 105] Local SpMV time: 0.000411 s
[Rank 107] Local SpMV time: 0.000346 s
[Rank 109] Local SpMV time: 0.000355 s
[Rank 111] Local SpMV time: 0.000430 s
[Rank 115] Local SpMV time: 0.000371 s
[Rank 117] Local SpMV time: 0.000422 s
[Rank 119] Local SpMV time: 0.000336 s
[Rank 37] Local SpMV time: 0.001003 s
[Rank 71] Local SpMV time: 0.001006 s
[Rank 56] Local SpMV time: 0.000020 s
[Rank 72] Local SpMV time: 0.000019 s
[Rank 24] Local SpMV time: 0.000016 s
[Rank 40] Local SpMV time: 0.000015 s
[Rank 4] Local SpMV time: 0.000019 s
[Rank 6] Local SpMV time: 0.000019 s
[Rank 38] Local SpMV time: 0.000017 s
[Rank 46] Local SpMV time: 0.000017 s
[Rank 68] Local SpMV time: 0.000022 s
[Rank 54] Local SpMV time: 0.000022 s
[Rank 62] Local SpMV time: 0.000022 s
[Rank 76] Local SpMV time: 0.000022 s
[Rank 78] Local SpMV time: 0.000020 s
[Rank 96] Local SpMV time: 0.000019 s
[Rank 84] Local SpMV time: 0.000021 s
[Rank 86] Local SpMV time: 0.000026 s
[Rank 92] Local SpMV time: 0.000024 s
[Rank 94] Local SpMV time: 0.000021 s
[Rank 42] Local SpMV time: 0.000014 s
[Rank 2] Local SpMV time: 0.000018 s
[Rank 18] Local SpMV time: 0.000021 s
[Rank 34] Local SpMV time: 0.000020 s
[Rank 26] Local SpMV time: 0.000019 s
[Rank 100] Local SpMV time: 0.000018 s
[Rank 70] Local SpMV time: 0.000027 s
[Rank 8] Local SpMV time: 0.000015 s
[Rank 12] Local SpMV time: 0.000020 s
[Rank 14] Local SpMV time: 0.000022 s
[Rank 74] Local SpMV time: 0.000018 s
[Rank 66] Local SpMV time: 0.000030 s
[Rank 112] Local SpMV time: 0.000019 s
[Rank 116] Local SpMV time: 0.000022 s
[Rank 20] Local SpMV time: 0.000015 s
[Rank 28] Local SpMV time: 0.000019 s
[Rank 98] Local SpMV time: 0.000020 s
[Rank 104] Local SpMV time: 0.000019 s
[Rank 108] Local SpMV time: 0.000018 s
[Rank 36] Local SpMV time: 0.000021 s
[Rank 60] Local SpMV time: 0.000017 s
[Rank 52] Local SpMV time: 0.000027 s
[Rank 50] Local SpMV time: 0.000016 s
[Rank 120] Local SpMV time: 0.000015 s
[Rank 106] Local SpMV time: 0.000025 s
[Rank 102] Local SpMV time: 0.000018 s
[Rank 118] Local SpMV time: 0.000019 s
[Rank 110] Local SpMV time: 0.000025 s
[Rank 44] Local SpMV time: 0.000018 s
[Rank 82] Local SpMV time: 0.000019 s
[Rank 10] Local SpMV time: 0.000019 s
[Rank 114] Local SpMV time: 0.000017 s
[Rank 122] Local SpMV time: 0.000023 s
[Rank 124] Local SpMV time: 0.000019 s
[Rank 22] Local SpMV time: 0.000020 s
[Rank 30] Local SpMV time: 0.000021 s
[Rank 58] Local SpMV time: 0.000022 s
[Rank 90] Local SpMV time: 0.000022 s
[Rank 126] Local SpMV time: 0.000027 s
Global FLOPs per SpMV: 11932

-----------------------------------------------------------------------------------------------
  P |  Time(s) | Comp% | Comm% |  GFLOP/s | Speedup |  Eff% | Mem(MiB) | NNZ min | NNZ avg | NNZ max
-----------------------------------------------------------------------------------------------
128 |   0.0460 |   2.2 |  69.0 |     0.000 |    0.00 |   0.00 |     0.00 |       0 |     46.6 |      96

