Strong scaling results for tols2000.mtx
Date: Tue Dec 30 19:37:05 CET 2025
========================================

[Rank 0] Matrix: 2000 x 2000, nnz=5184 | grid=1x1 | pattern=0 symmetric=0
[Rank 0] Matrix: 2000 x 2000, nnz=5184 | grid=1x1
[Rank 0] Local SpMV time: 0.000071 s
Global FLOPs per SpMV: 10368

-----------------------------------------------------------------------------------------------
  P |  Time(s) | Comp% | Comm% |  GFLOP/s | Speedup |  Eff% | Mem(MiB) | NNZ min | NNZ avg | NNZ max
-----------------------------------------------------------------------------------------------
  1 |   0.0001 |  47.9 |  19.6 |     0.070 |    N/A   |   N/A  |     0.19 |    5184 |   5184.0 |    5184
BASELINE_T1=0.0001

----------------------------------------
np = 2
----------------------------------------
[Rank 0] Matrix: 2000 x 2000, nnz=5184 | grid=2x1 | pattern=0 symmetric=0
[Rank 0] Matrix: 2000 x 2000, nnz=5184 | grid=2x1
[Rank 0] Local SpMV time: 0.000043 s
Global FLOPs per SpMV: 7456
[Rank 1] Local SpMV time: 0.000029 s

-----------------------------------------------------------------------------------------------
  P |  Time(s) | Comp% | Comm% |  GFLOP/s | Speedup |  Eff% | Mem(MiB) | NNZ min | NNZ avg | NNZ max
-----------------------------------------------------------------------------------------------
  2 |   0.0135 |   0.3 |  97.2 |     0.001 |    0.01 |   0.37 |     0.10 |    1136 |   1864.0 |    2592

----------------------------------------
np = 4
----------------------------------------
[Rank 0] Matrix: 2000 x 2000, nnz=5184 | grid=2x2 | pattern=0 symmetric=0
[Rank 0] Matrix: 2000 x 2000, nnz=5184 | grid=2x2
[Rank 0] Local SpMV time: 0.000040 s
[Rank 2] Local SpMV time: 0.000024 s
Global FLOPs per SpMV: 6296
[Rank 1] Local SpMV time: 0.000029 s
[Rank 3] Local SpMV time: 0.000028 s

-----------------------------------------------------------------------------------------------
  P |  Time(s) | Comp% | Comm% |  GFLOP/s | Speedup |  Eff% | Mem(MiB) | NNZ min | NNZ avg | NNZ max
-----------------------------------------------------------------------------------------------
  4 |   0.0003 |  15.5 |  78.1 |     0.024 |    0.39 |   9.72 |     0.09 |     243 |    787.0 |    2187

----------------------------------------
np = 8
----------------------------------------
[Rank 0] Matrix: 2000 x 2000, nnz=5184 | grid=4x2 | pattern=0 symmetric=0
[Rank 0] Matrix: 2000 x 2000, nnz=5184 | grid=4x2
[Rank 0] Local SpMV time: 0.000038 s
[Rank 1] Local SpMV time: 0.000026 s
[Rank 3] Local SpMV time: 0.000030 s
[Rank 5] Local SpMV time: 0.000021 s
[Rank 7] Local SpMV time: 0.000025 s
[Rank 2] Local SpMV time: 0.000023 s
[Rank 4] Local SpMV time: 0.000024 s
[Rank 6] Local SpMV time: 0.000043 s
Global FLOPs per SpMV: 5336

-----------------------------------------------------------------------------------------------
  P |  Time(s) | Comp% | Comm% |  GFLOP/s | Speedup |  Eff% | Mem(MiB) | NNZ min | NNZ avg | NNZ max
-----------------------------------------------------------------------------------------------
  8 |   0.0262 |   0.2 |  99.1 |     0.000 |    0.00 |   0.05 |     0.04 |      36 |    333.5 |    1029

----------------------------------------
np = 16
----------------------------------------
[Rank 0] Matrix: 2000 x 2000, nnz=5184 | grid=4x4 | pattern=0 symmetric=0
[Rank 0] Matrix: 2000 x 2000, nnz=5184 | grid=4x4
[Rank 0] Local SpMV time: 0.000029 s
[Rank 6] Local SpMV time: 0.000019 s
[Rank 8] Local SpMV time: 0.000022 s
[Rank 10] Local SpMV time: 0.000019 s
[Rank 12] Local SpMV time: 0.000020 s
[Rank 2] Local SpMV time: 0.000023 s
[Rank 14] Local SpMV time: 0.000020 s
[Rank 1] Local SpMV time: 0.000027 s
[Rank 3] Local SpMV time: 0.000016 s
[Rank 5] Local SpMV time: 0.000029 s
[Rank 7] Local SpMV time: 0.000014 s
[Rank 9] Local SpMV time: 0.000024 s
[Rank 11] Local SpMV time: 0.000015 s
[Rank 13] Local SpMV time: 0.000023 s
[Rank 15] Local SpMV time: 0.000013 s
[Rank 4] Local SpMV time: 0.000024 s
Global FLOPs per SpMV: 5204

-----------------------------------------------------------------------------------------------
  P |  Time(s) | Comp% | Comm% |  GFLOP/s | Speedup |  Eff% | Mem(MiB) | NNZ min | NNZ avg | NNZ max
-----------------------------------------------------------------------------------------------
 16 |   0.0007 |   4.0 |  92.3 |     0.007 |    0.14 |   0.85 |     0.04 |       8 |    162.6 |     902

----------------------------------------
np = 32
----------------------------------------
[Rank 0] Matrix: 2000 x 2000, nnz=5184 | grid=8x4 | pattern=0 symmetric=0
[Rank 0] Matrix: 2000 x 2000, nnz=5184 | grid=8x4
[Rank 0] Local SpMV time: 0.000031 s
[Rank 4] Local SpMV time: 0.000030 s
[Rank 8] Local SpMV time: 0.000029 s
[Rank 16] Local SpMV time: 0.000029 s
[Rank 20] Local SpMV time: 0.000023 s
[Rank 24] Local SpMV time: 0.000031 s
[Rank 1] Local SpMV time: 0.000026 s
[Rank 3] Local SpMV time: 0.000018 s
[Rank 5] Local SpMV time: 0.000023 s
[Rank 7] Local SpMV time: 0.000015 s
[Rank 9] Local SpMV time: 0.000027 s
[Rank 11] Local SpMV time: 0.000016 s
[Rank 13] Local SpMV time: 0.000023 s
[Rank 15] Local SpMV time: 0.000014 s
[Rank 17] Local SpMV time: 0.000022 s
[Rank 19] Local SpMV time: 0.000014 s
[Rank 21] Local SpMV time: 0.000022 s
[Rank 23] Local SpMV time: 0.000013 s
[Rank 25] Local SpMV time: 0.000019 s
[Rank 27] Local SpMV time: 0.000013 s
[Rank 29] Local SpMV time: 0.000018 s
[Rank 31] Local SpMV time: 0.000013 s
[Rank 12] Local SpMV time: 0.000028 s
[Rank 2] Local SpMV time: 0.000022 s
[Rank 10] Local SpMV time: 0.000029 s
[Rank 18] Local SpMV time: 0.000017 s
[Rank 22] Local SpMV time: 0.000019 s
[Rank 26] Local SpMV time: 0.000023 s
[Rank 28] Local SpMV time: 0.000018 s
[Rank 30] Local SpMV time: 0.000023 s
[Rank 6] Local SpMV time: 0.000014 s
[Rank 14] Local SpMV time: 0.000015 s
Global FLOPs per SpMV: 4918

-----------------------------------------------------------------------------------------------
  P |  Time(s) | Comp% | Comm% |  GFLOP/s | Speedup |  Eff% | Mem(MiB) | NNZ min | NNZ avg | NNZ max
-----------------------------------------------------------------------------------------------
 32 |   0.0340 |   0.1 |  79.1 |     0.000 |    0.00 |   0.01 |     0.02 |       0 |     76.8 |     452

----------------------------------------
np = 64
----------------------------------------
[Rank 0] Matrix: 2000 x 2000, nnz=5184 | grid=8x8 | pattern=0 symmetric=0
[Rank 0] Matrix: 2000 x 2000, nnz=5184 | grid=8x8
[Rank 0] Local SpMV time: 0.000032 s
[Rank 4] Local SpMV time: 0.000028 s
[Rank 8] Local SpMV time: 0.000026 s
[Rank 16] Local SpMV time: 0.000020 s
[Rank 32] Local SpMV time: 0.000022 s
[Rank 6] Local SpMV time: 0.000022 s
[Rank 40] Local SpMV time: 0.000030 s
[Rank 1] Local SpMV time: 0.000048 s
[Rank 3] Local SpMV time: 0.000034 s
[Rank 7] Local SpMV time: 0.000034 s
[Rank 13] Local SpMV time: 0.000058 s
[Rank 15] Local SpMV time: 0.000045 s
[Rank 17] Local SpMV time: 0.000030 s
[Rank 25] Local SpMV time: 0.000084 s
[Rank 33] Local SpMV time: 0.000059 s
[Rank 37] Local SpMV time: 0.000035 s
[Rank 41] Local SpMV time: 0.000037 s
[Rank 57] Local SpMV time: 0.000039 s
[Rank 61] Local SpMV time: 0.000038 s
[Rank 5] Local SpMV time: 0.000157 s
[Rank 20] Local SpMV time: 0.000024 s
[Rank 9] Local SpMV time: 0.000116 s
[Rank 11] Local SpMV time: 0.000083 s
[Rank 19] Local SpMV time: 0.000128 s
[Rank 21] Local SpMV time: 0.000137 s
[Rank 23] Local SpMV time: 0.000120 s
[Rank 27] Local SpMV time: 0.000121 s
[Rank 29] Local SpMV time: 0.000138 s
[Rank 31] Local SpMV time: 0.000118 s
[Rank 35] Local SpMV time: 0.000099 s
[Rank 39] Local SpMV time: 0.000135 s
[Rank 43] Local SpMV time: 0.000101 s
[Rank 45] Local SpMV time: 0.000134 s
[Rank 47] Local SpMV time: 0.000080 s
[Rank 49] Local SpMV time: 0.000091 s
[Rank 51] Local SpMV time: 0.000118 s
[Rank 53] Local SpMV time: 0.000086 s
[Rank 55] Local SpMV time: 0.000093 s
[Rank 59] Local SpMV time: 0.000079 s
[Rank 63] Local SpMV time: 0.000093 s
[Rank 22] Local SpMV time: 0.000017 s
[Rank 2] Local SpMV time: 0.000020 s
[Rank 18] Local SpMV time: 0.000023 s
[Rank 34] Local SpMV time: 0.000017 s
[Rank 12] Local SpMV time: 0.000022 s
[Rank 28] Local SpMV time: 0.000018 s
[Rank 24] Local SpMV time: 0.000023 s
[Rank 38] Local SpMV time: 0.000016 s
[Rank 36] Local SpMV time: 0.000026 s
[Rank 44] Local SpMV time: 0.000018 s
[Rank 46] Local SpMV time: 0.000016 s
[Rank 26] Local SpMV time: 0.000021 s
[Rank 10] Local SpMV time: 0.000022 s
[Rank 48] Local SpMV time: 0.000015 s
[Rank 52] Local SpMV time: 0.000019 s
[Rank 54] Local SpMV time: 0.000024 s
[Rank 30] Local SpMV time: 0.000017 s
[Rank 14] Local SpMV time: 0.000017 s
[Rank 50] Local SpMV time: 0.000018 s
[Rank 42] Local SpMV time: 0.000022 s
[Rank 56] Local SpMV time: 0.000018 s
[Rank 58] Local SpMV time: 0.000016 s
[Rank 60] Local SpMV time: 0.000016 s
[Rank 62] Local SpMV time: 0.000022 s
Global FLOPs per SpMV: 4886

-----------------------------------------------------------------------------------------------
  P |  Time(s) | Comp% | Comm% |  GFLOP/s | Speedup |  Eff% | Mem(MiB) | NNZ min | NNZ avg | NNZ max
-----------------------------------------------------------------------------------------------
 64 |   0.0520 |   0.3 |  65.4 |     0.000 |    0.00 |   0.00 |     0.02 |       0 |     38.2 |     419

----------------------------------------
np = 128
----------------------------------------
[Rank 0] Matrix: 2000 x 2000, nnz=5184 | grid=16x8 | pattern=0 symmetric=0
[Rank 0] Matrix: 2000 x 2000, nnz=5184 | grid=16x8
[Rank 0] Local SpMV time: 0.000031 s
[Rank 1] Local SpMV time: 0.000029 s
[Rank 5] Local SpMV time: 0.000069 s
[Rank 7] Local SpMV time: 0.000066 s
[Rank 9] Local SpMV time: 0.000032 s
[Rank 13] Local SpMV time: 0.000075 s
[Rank 15] Local SpMV time: 0.000067 s
[Rank 17] Local SpMV time: 0.000061 s
[Rank 25] Local SpMV time: 0.000026 s
[Rank 37] Local SpMV time: 0.000068 s
[Rank 41] Local SpMV time: 0.000077 s
[Rank 47] Local SpMV time: 0.000100 s
[Rank 49] Local SpMV time: 0.000170 s
[Rank 53] Local SpMV time: 0.000083 s
[Rank 57] Local SpMV time: 0.000065 s
[Rank 65] Local SpMV time: 0.000027 s
[Rank 89] Local SpMV time: 0.000080 s
[Rank 97] Local SpMV time: 0.000029 s
[Rank 103] Local SpMV time: 0.000116 s
[Rank 105] Local SpMV time: 0.000171 s
[Rank 111] Local SpMV time: 0.000139 s
[Rank 113] Local SpMV time: 0.000079 s
[Rank 117] Local SpMV time: 0.000132 s
[Rank 123] Local SpMV time: 0.000122 s
[Rank 3] Local SpMV time: 0.000256 s
[Rank 11] Local SpMV time: 0.000310 s
[Rank 19] Local SpMV time: 0.000324 s
[Rank 21] Local SpMV time: 0.000319 s
[Rank 23] Local SpMV time: 0.000275 s
[Rank 27] Local SpMV time: 0.000330 s
[Rank 29] Local SpMV time: 0.000380 s
[Rank 33] Local SpMV time: 0.000189 s
[Rank 35] Local SpMV time: 0.000180 s
[Rank 43] Local SpMV time: 0.000328 s
[Rank 45] Local SpMV time: 0.000313 s
[Rank 51] Local SpMV time: 0.000300 s
[Rank 55] Local SpMV time: 0.000269 s
[Rank 59] Local SpMV time: 0.000318 s
[Rank 61] Local SpMV time: 0.000324 s
[Rank 63] Local SpMV time: 0.000320 s
[Rank 67] Local SpMV time: 0.000387 s
[Rank 69] Local SpMV time: 0.000398 s
[Rank 71] Local SpMV time: 0.000256 s
[Rank 73] Local SpMV time: 0.000319 s
[Rank 75] Local SpMV time: 0.000376 s
[Rank 77] Local SpMV time: 0.000329 s
[Rank 79] Local SpMV time: 0.000417 s
[Rank 81] Local SpMV time: 0.000188 s
[Rank 83] Local SpMV time: 0.000335 s
[Rank 85] Local SpMV time: 0.000276 s
[Rank 87] Local SpMV time: 0.000221 s
[Rank 91] Local SpMV time: 0.000396 s
[Rank 93] Local SpMV time: 0.000435 s
[Rank 95] Local SpMV time: 0.000356 s
[Rank 99] Local SpMV time: 0.000347 s
[Rank 101] Local SpMV time: 0.000259 s
[Rank 107] Local SpMV time: 0.000410 s
[Rank 109] Local SpMV time: 0.000280 s
[Rank 115] Local SpMV time: 0.000259 s
[Rank 119] Local SpMV time: 0.000465 s
[Rank 121] Local SpMV time: 0.000315 s
[Rank 125] Local SpMV time: 0.000278 s
[Rank 127] Local SpMV time: 0.000249 s
[Rank 31] Local SpMV time: 0.001480 s
[Rank 39] Local SpMV time: 0.001484 s
[Rank 8] Local SpMV time: 0.000024 s
[Rank 16] Local SpMV time: 0.000018 s
[Rank 2] Local SpMV time: 0.000020 s
[Rank 40] Local SpMV time: 0.000021 s
[Rank 42] Local SpMV time: 0.000019 s
[Rank 56] Local SpMV time: 0.000023 s
[Rank 32] Local SpMV time: 0.000028 s
[Rank 34] Local SpMV time: 0.000031 s
[Rank 48] Local SpMV time: 0.000026 s
[Rank 64] Local SpMV time: 0.000016 s
[Rank 66] Local SpMV time: 0.000020 s
[Rank 80] Local SpMV time: 0.000024 s
[Rank 96] Local SpMV time: 0.000016 s
[Rank 104] Local SpMV time: 0.000020 s
[Rank 112] Local SpMV time: 0.000016 s
[Rank 120] Local SpMV time: 0.000016 s
[Rank 10] Local SpMV time: 0.000016 s
[Rank 4] Local SpMV time: 0.000016 s
[Rank 6] Local SpMV time: 0.000015 s
[Rank 20] Local SpMV time: 0.000019 s
[Rank 36] Local SpMV time: 0.000016 s
[Rank 72] Local SpMV time: 0.000017 s
[Rank 68] Local SpMV time: 0.000016 s
[Rank 76] Local SpMV time: 0.000016 s
[Rank 70] Local SpMV time: 0.000016 s
[Rank 50] Local SpMV time: 0.000021 s
[Rank 58] Local SpMV time: 0.000021 s
[Rank 12] Local SpMV time: 0.000024 s
[Rank 88] Local SpMV time: 0.000017 s
[Rank 86] Local SpMV time: 0.000017 s
[Rank 98] Local SpMV time: 0.000022 s
[Rank 114] Local SpMV time: 0.000017 s
[Rank 122] Local SpMV time: 0.000020 s
[Rank 18] Local SpMV time: 0.000022 s
[Rank 82] Local SpMV time: 0.000025 s
[Rank 100] Local SpMV time: 0.000019 s
[Rank 108] Local SpMV time: 0.000021 s
[Rank 116] Local SpMV time: 0.000018 s
[Rank 106] Local SpMV time: 0.000018 s
[Rank 38] Local SpMV time: 0.000023 s
[Rank 46] Local SpMV time: 0.000021 s
[Rank 54] Local SpMV time: 0.000019 s
[Rank 62] Local SpMV time: 0.000018 s
[Rank 78] Local SpMV time: 0.000018 s
[Rank 52] Local SpMV time: 0.000022 s
[Rank 60] Local SpMV time: 0.000016 s
[Rank 94] Local SpMV time: 0.000021 s
[Rank 90] Local SpMV time: 0.000016 s
[Rank 124] Local SpMV time: 0.000017 s
[Rank 102] Local SpMV time: 0.000021 s
[Rank 14] Local SpMV time: 0.000016 s
[Rank 118] Local SpMV time: 0.000017 s
[Rank 126] Local SpMV time: 0.000016 s
[Rank 24] Local SpMV time: 0.000022 s
[Rank 26] Local SpMV time: 0.000017 s
[Rank 28] Local SpMV time: 0.000018 s
[Rank 74] Local SpMV time: 0.000017 s
[Rank 44] Local SpMV time: 0.000020 s
[Rank 22] Local SpMV time: 0.000017 s
[Rank 110] Local SpMV time: 0.000026 s
[Rank 30] Local SpMV time: 0.000017 s
[Rank 84] Local SpMV time: 0.000022 s
[Rank 92] Local SpMV time: 0.000020 s
Global FLOPs per SpMV: 4864

-----------------------------------------------------------------------------------------------
  P |  Time(s) | Comp% | Comm% |  GFLOP/s | Speedup |  Eff% | Mem(MiB) | NNZ min | NNZ avg | NNZ max
-----------------------------------------------------------------------------------------------
128 |   0.0556 |   2.7 |  61.7 |     0.000 |    0.00 |   0.00 |     0.01 |       0 |     19.0 |     217

