Strong scaling results for breasttissue_10NN.mtx
Date: Fri Jan  9 19:02:05 CET 2026
========================================

[Rank 0] Matrix: 106 x 106, nnz=706 | 1D cyclic rows over P=1
[Rank 0] Local SpMV time: 0.000014 s

-----------------------------------------------------------------------------------------------
  P |  Time(s) | Comp% | Comm% |  GFLOP/s | Speedup |  Eff% | Mem(MiB) | NNZ min | NNZ avg | NNZ max
-----------------------------------------------------------------------------------------------
  1 |   0.0001 |  23.5 |  59.3 |     0.049 |    N/A   |   N/A  |     0.04 |    1412 |   1412.0 |    1412
Global FLOPs per SpMV: 2824
BASELINE_T1=0.0001

----------------------------------------
np = 2
----------------------------------------
[Rank 0] Matrix: 106 x 106, nnz=706 | 1D cyclic rows over P=2
[Rank 0] Local SpMV time: 0.000029 s
[Rank 1] Local SpMV time: 0.000015 s

-----------------------------------------------------------------------------------------------
  P |  Time(s) | Comp% | Comm% |  GFLOP/s | Speedup |  Eff% | Mem(MiB) | NNZ min | NNZ avg | NNZ max
-----------------------------------------------------------------------------------------------
  2 |   0.0002 |  18.7 | 104.9 |     0.014 |    0.64 |  32.16 |     0.02 |     379 |    531.5 |     684
Global FLOPs per SpMV: 2126

----------------------------------------
np = 4
----------------------------------------
[Rank 0] Matrix: 106 x 106, nnz=706 | 1D cyclic rows over P=4
[Rank 2] Local SpMV time: 0.000008 s
[Rank 0] Local SpMV time: 0.000018 s
[Rank 1] Local SpMV time: 0.000016 s
[Rank 3] Local SpMV time: 0.000005 s

-----------------------------------------------------------------------------------------------
  P |  Time(s) | Comp% | Comm% |  GFLOP/s | Speedup |  Eff% | Mem(MiB) | NNZ min | NNZ avg | NNZ max
-----------------------------------------------------------------------------------------------
  4 |   0.0002 |   7.8 | 106.9 |     0.008 |    0.44 |  11.08 |     0.01 |      93 |    216.2 |     359
Global FLOPs per SpMV: 1730

----------------------------------------
np = 8
----------------------------------------
[Rank 0] Matrix: 106 x 106, nnz=706 | 1D cyclic rows over P=8
[Rank 0] Local SpMV time: 0.000010 s
[Rank 1] Local SpMV time: 0.000010 s
[Rank 4] Local SpMV time: 0.000005 s
[Rank 5] Local SpMV time: 0.000005 s
[Rank 6] Local SpMV time: 0.000002 s
[Rank 2] Local SpMV time: 0.000007 s
[Rank 7] Local SpMV time: 0.000002 s
[Rank 3] Local SpMV time: 0.000008 s

-----------------------------------------------------------------------------------------------
  P |  Time(s) | Comp% | Comm% |  GFLOP/s | Speedup |  Eff% | Mem(MiB) | NNZ min | NNZ avg | NNZ max
-----------------------------------------------------------------------------------------------
  8 |   0.0011 |   1.0 | 104.6 |     0.001 |    0.09 |   1.16 |     0.01 |      26 |     99.0 |     170
Global FLOPs per SpMV: 1584

----------------------------------------
np = 16
----------------------------------------
[Rank 0] Matrix: 106 x 106, nnz=706 | 1D cyclic rows over P=16
[Rank 0] Local SpMV time: 0.000005 s
[Rank 5] Local SpMV time: 0.000005 s
[Rank 6] Local SpMV time: 0.000002 s
[Rank 7] Local SpMV time: 0.000004 s
[Rank 2] Local SpMV time: 0.000006 s
[Rank 1] Local SpMV time: 0.000005 s
[Rank 4] Local SpMV time: 0.000004 s
[Rank 3] Local SpMV time: 0.000005 s
[Rank 8] Local SpMV time: 0.000003 s
[Rank 9] Local SpMV time: 0.000003 s
[Rank 10] Local SpMV time: 0.000001 s
[Rank 11] Local SpMV time: 0.000002 s
[Rank 12] Local SpMV time: 0.000001 s
[Rank 13] Local SpMV time: 0.000001 s
[Rank 14] Local SpMV time: 0.000001 s
[Rank 15] Local SpMV time: 0.000001 s

-----------------------------------------------------------------------------------------------
  P |  Time(s) | Comp% | Comm% |  GFLOP/s | Speedup |  Eff% | Mem(MiB) | NNZ min | NNZ avg | NNZ max
-----------------------------------------------------------------------------------------------
 16 |   0.0021 |   0.3 | 103.1 |     0.001 |    0.05 |   0.29 |     0.00 |      10 |     44.6 |      81
Global FLOPs per SpMV: 1426

----------------------------------------
np = 32
----------------------------------------
[Rank 0] Matrix: 106 x 106, nnz=706 | 1D cyclic rows over P=32
[Rank 29] Local SpMV time: 0.000000 s
[Rank 24] Local SpMV time: 0.000000 s
[Rank 26] Local SpMV time: 0.000000 s
[Rank 31] Local SpMV time: 0.000000 s
[Rank 30] Local SpMV time: 0.000000 s
[Rank 15] Local SpMV time: 0.000001 s
[Rank 6] Local SpMV time: 0.000002 s
[Rank 19] Local SpMV time: 0.000001 s
[Rank 10] Local SpMV time: 0.000001 s
[Rank 23] Local SpMV time: 0.000001 s
[Rank 20] Local SpMV time: 0.000001 s
[Rank 25] Local SpMV time: 0.000001 s
[Rank 28] Local SpMV time: 0.000000 s
[Rank 1] Local SpMV time: 0.000002 s
[Rank 0] Local SpMV time: 0.000003 s
[Rank 11] Local SpMV time: 0.000002 s
[Rank 2] Local SpMV time: 0.000003 s
[Rank 13] Local SpMV time: 0.000001 s
[Rank 4] Local SpMV time: 0.000003 s
[Rank 17] Local SpMV time: 0.000001 s
[Rank 8] Local SpMV time: 0.000002 s
[Rank 21] Local SpMV time: 0.000001 s
[Rank 12] Local SpMV time: 0.000001 s
[Rank 27] Local SpMV time: 0.000000 s
[Rank 16] Local SpMV time: 0.000001 s
[Rank 3] Local SpMV time: 0.000003 s
[Rank 14] Local SpMV time: 0.000001 s
[Rank 5] Local SpMV time: 0.000004 s
[Rank 18] Local SpMV time: 0.000001 s
[Rank 7] Local SpMV time: 0.000002 s
[Rank 22] Local SpMV time: 0.000001 s
[Rank 9] Local SpMV time: 0.000002 s

-----------------------------------------------------------------------------------------------
  P |  Time(s) | Comp% | Comm% |  GFLOP/s | Speedup |  Eff% | Mem(MiB) | NNZ min | NNZ avg | NNZ max
-----------------------------------------------------------------------------------------------
 32 |   0.0043 |   0.1 | 103.5 |     0.000 |    0.02 |   0.07 |     0.00 |       3 |     21.0 |      55
Global FLOPs per SpMV: 1344

----------------------------------------
np = 64
----------------------------------------
[Rank 0] Matrix: 106 x 106, nnz=706 | 1D cyclic rows over P=64
[Rank 47] Local SpMV time: 0.000000 s
[Rank 55] Local SpMV time: 0.000000 s
[Rank 48] Local SpMV time: 0.000000 s
[Rank 50] Local SpMV time: 0.000000 s
[Rank 54] Local SpMV time: 0.000000 s
[Rank 56] Local SpMV time: 0.000000 s
[Rank 42] Local SpMV time: 0.000000 s
[Rank 59] Local SpMV time: 0.000000 s
[Rank 58] Local SpMV time: 0.000000 s
[Rank 53] Local SpMV time: 0.000000 s
[Rank 57] Local SpMV time: 0.000000 s
[Rank 61] Local SpMV time: 0.000000 s
[Rank 52] Local SpMV time: 0.000000 s
[Rank 60] Local SpMV time: 0.000000 s
[Rank 45] Local SpMV time: 0.000000 s
[Rank 44] Local SpMV time: 0.000000 s
[Rank 62] Local SpMV time: 0.000000 s
[Rank 49] Local SpMV time: 0.000000 s
[Rank 63] Local SpMV time: 0.000000 s
[Rank 46] Local SpMV time: 0.000000 s
[Rank 51] Local SpMV time: 0.000000 s
[Rank 41] Local SpMV time: 0.000000 s
[Rank 20] Local SpMV time: 0.000001 s
[Rank 2] Local SpMV time: 0.000001 s
[Rank 29] Local SpMV time: 0.000000 s
[Rank 8] Local SpMV time: 0.000001 s
[Rank 39] Local SpMV time: 0.000001 s
[Rank 26] Local SpMV time: 0.000001 s
[Rank 23] Local SpMV time: 0.000000 s
[Rank 6] Local SpMV time: 0.000002 s
[Rank 7] Local SpMV time: 0.000002 s
[Rank 12] Local SpMV time: 0.000001 s
[Rank 24] Local SpMV time: 0.000000 s
[Rank 4] Local SpMV time: 0.000001 s
[Rank 0] Local SpMV time: 0.000003 s
[Rank 11] Local SpMV time: 0.000001 s
[Rank 28] Local SpMV time: 0.000000 s
[Rank 13] Local SpMV time: 0.000001 s
[Rank 30] Local SpMV time: 0.000001 s
[Rank 43] Local SpMV time: 0.000000 s
[Rank 34] Local SpMV time: 0.000001 s
[Rank 3] Local SpMV time: 0.000001 s
[Rank 36] Local SpMV time: 0.000001 s
[Rank 9] Local SpMV time: 0.000001 s
[Rank 38] Local SpMV time: 0.000000 s
[Rank 15] Local SpMV time: 0.000001 s
[Rank 40] Local SpMV time: 0.000001 s
[Rank 19] Local SpMV time: 0.000001 s
[Rank 10] Local SpMV time: 0.000001 s
[Rank 31] Local SpMV time: 0.000001 s
[Rank 14] Local SpMV time: 0.000008 s
[Rank 1] Local SpMV time: 0.000001 s
[Rank 16] Local SpMV time: 0.000001 s
[Rank 5] Local SpMV time: 0.000002 s
[Rank 18] Local SpMV time: 0.000001 s
[Rank 33] Local SpMV time: 0.000001 s
[Rank 22] Local SpMV time: 0.000001 s
[Rank 37] Local SpMV time: 0.000001 s
[Rank 32] Local SpMV time: 0.000001 s
[Rank 17] Local SpMV time: 0.000001 s
[Rank 21] Local SpMV time: 0.000001 s
[Rank 25] Local SpMV time: 0.000001 s
[Rank 27] Local SpMV time: 0.000001 s
[Rank 35] Local SpMV time: 0.000001 s

-----------------------------------------------------------------------------------------------
  P |  Time(s) | Comp% | Comm% |  GFLOP/s | Speedup |  Eff% | Mem(MiB) | NNZ min | NNZ avg | NNZ max
-----------------------------------------------------------------------------------------------
 64 |   0.0048 |   0.2 | 104.0 |     0.000 |    0.02 |   0.03 |     0.00 |       0 |      9.5 |      31
Global FLOPs per SpMV: 1216

----------------------------------------
np = 128
----------------------------------------
[Rank 0] Matrix: 106 x 106, nnz=706 | 1D cyclic rows over P=128
[Rank 126] Local SpMV time: 0.000000 s
[Rank 123] Local SpMV time: 0.000000 s
[Rank 127] Local SpMV time: 0.000000 s
[Rank 121] Local SpMV time: 0.000000 s
[Rank 108] Local SpMV time: 0.000000 s
[Rank 116] Local SpMV time: 0.000000 s
[Rank 118] Local SpMV time: 0.000000 s
[Rank 122] Local SpMV time: 0.000000 s
[Rank 106] Local SpMV time: 0.000000 s
[Rank 110] Local SpMV time: 0.000000 s
[Rank 112] Local SpMV time: 0.000000 s
[Rank 114] Local SpMV time: 0.000000 s
[Rank 120] Local SpMV time: 0.000000 s
[Rank 124] Local SpMV time: 0.000000 s
[Rank 107] Local SpMV time: 0.000000 s
[Rank 109] Local SpMV time: 0.000000 s
[Rank 111] Local SpMV time: 0.000000 s
[Rank 113] Local SpMV time: 0.000000 s
[Rank 115] Local SpMV time: 0.000000 s
[Rank 117] Local SpMV time: 0.000000 s
[Rank 119] Local SpMV time: 0.000000 s
[Rank 125] Local SpMV time: 0.000000 s
[Rank 2] Local SpMV time: 0.000001 s
[Rank 14] Local SpMV time: 0.000000 s
[Rank 19] Local SpMV time: 0.000001 s
[Rank 13] Local SpMV time: 0.000001 s
[Rank 32] Local SpMV time: 0.000001 s
[Rank 90] Local SpMV time: 0.000001 s
[Rank 4] Local SpMV time: 0.000001 s
[Rank 8] Local SpMV time: 0.000001 s
[Rank 17] Local SpMV time: 0.000001 s
[Rank 12] Local SpMV time: 0.000001 s
[Rank 71] Local SpMV time: 0.000001 s
[Rank 66] Local SpMV time: 0.000001 s
[Rank 18] Local SpMV time: 0.000001 s
[Rank 11] Local SpMV time: 0.000001 s
[Rank 0] Local SpMV time: 0.000001 s
[Rank 21] Local SpMV time: 0.000001 s
[Rank 16] Local SpMV time: 0.000001 s
[Rank 29] Local SpMV time: 0.000001 s
[Rank 92] Local SpMV time: 0.000000 s
[Rank 67] Local SpMV time: 0.000001 s
[Rank 20] Local SpMV time: 0.000001 s
[Rank 25] Local SpMV time: 0.000001 s
[Rank 44] Local SpMV time: 0.000001 s
[Rank 3] Local SpMV time: 0.000001 s
[Rank 54] Local SpMV time: 0.000000 s
[Rank 57] Local SpMV time: 0.000001 s
[Rank 72] Local SpMV time: 0.000001 s
[Rank 105] Local SpMV time: 0.000000 s
[Rank 76] Local SpMV time: 0.000000 s
[Rank 15] Local SpMV time: 0.000001 s
[Rank 84] Local SpMV time: 0.000001 s
[Rank 73] Local SpMV time: 0.000001 s
[Rank 22] Local SpMV time: 0.000001 s
[Rank 75] Local SpMV time: 0.000000 s
[Rank 24] Local SpMV time: 0.000001 s
[Rank 87] Local SpMV time: 0.000001 s
[Rank 28] Local SpMV time: 0.000002 s
[Rank 95] Local SpMV time: 0.000001 s
[Rank 30] Local SpMV time: 0.000001 s
[Rank 1] Local SpMV time: 0.000001 s
[Rank 34] Local SpMV time: 0.000001 s
[Rank 23] Local SpMV time: 0.000001 s
[Rank 36] Local SpMV time: 0.000001 s
[Rank 31] Local SpMV time: 0.000001 s
[Rank 48] Local SpMV time: 0.000001 s
[Rank 49] Local SpMV time: 0.000001 s
[Rank 64] Local SpMV time: 0.000001 s
[Rank 53] Local SpMV time: 0.000001 s
[Rank 88] Local SpMV time: 0.000001 s
[Rank 65] Local SpMV time: 0.000001 s
[Rank 94] Local SpMV time: 0.000001 s
[Rank 77] Local SpMV time: 0.000001 s
[Rank 96] Local SpMV time: 0.000001 s
[Rank 93] Local SpMV time: 0.000000 s
[Rank 102] Local SpMV time: 0.000000 s
[Rank 9] Local SpMV time: 0.000001 s
[Rank 10] Local SpMV time: 0.000001 s
[Rank 27] Local SpMV time: 0.000001 s
[Rank 26] Local SpMV time: 0.000001 s
[Rank 33] Local SpMV time: 0.000001 s
[Rank 38] Local SpMV time: 0.000001 s
[Rank 35] Local SpMV time: 0.000001 s
[Rank 40] Local SpMV time: 0.000001 s
[Rank 37] Local SpMV time: 0.000001 s
[Rank 42] Local SpMV time: 0.000001 s
[Rank 39] Local SpMV time: 0.000001 s
[Rank 52] Local SpMV time: 0.000001 s
[Rank 43] Local SpMV time: 0.000001 s
[Rank 56] Local SpMV time: 0.000001 s
[Rank 47] Local SpMV time: 0.000001 s
[Rank 58] Local SpMV time: 0.000001 s
[Rank 69] Local SpMV time: 0.000001 s
[Rank 68] Local SpMV time: 0.000001 s
[Rank 81] Local SpMV time: 0.000000 s
[Rank 74] Local SpMV time: 0.000001 s
[Rank 89] Local SpMV time: 0.000001 s
[Rank 80] Local SpMV time: 0.000001 s
[Rank 91] Local SpMV time: 0.000001 s
[Rank 86] Local SpMV time: 0.000001 s
[Rank 97] Local SpMV time: 0.000000 s
[Rank 98] Local SpMV time: 0.000000 s
[Rank 103] Local SpMV time: 0.000001 s
[Rank 104] Local SpMV time: 0.000000 s
[Rank 5] Local SpMV time: 0.000002 s
[Rank 6] Local SpMV time: 0.000001 s
[Rank 7] Local SpMV time: 0.000001 s
[Rank 100] Local SpMV time: 0.000001 s
[Rank 70] Local SpMV time: 0.000001 s
[Rank 78] Local SpMV time: 0.000000 s
[Rank 46] Local SpMV time: 0.000001 s
[Rank 83] Local SpMV time: 0.000001 s
[Rank 82] Local SpMV time: 0.000001 s
[Rank 85] Local SpMV time: 0.000001 s
[Rank 99] Local SpMV time: 0.000001 s
[Rank 79] Local SpMV time: 0.000000 s
[Rank 101] Local SpMV time: 0.000001 s
[Rank 62] Local SpMV time: 0.000001 s
[Rank 50] Local SpMV time: 0.000000 s
[Rank 59] Local SpMV time: 0.000001 s
[Rank 60] Local SpMV time: 0.000001 s
[Rank 63] Local SpMV time: 0.000001 s
[Rank 41] Local SpMV time: 0.000001 s
[Rank 45] Local SpMV time: 0.000001 s
[Rank 55] Local SpMV time: 0.000019 s
[Rank 61] Local SpMV time: 0.000001 s
[Rank 51] Local SpMV time: 0.000001 s

-----------------------------------------------------------------------------------------------
  P |  Time(s) | Comp% | Comm% |  GFLOP/s | Speedup |  Eff% | Mem(MiB) | NNZ min | NNZ avg | NNZ max
-----------------------------------------------------------------------------------------------
128 |   0.0588 |   0.0 | 121.9 |     0.000 |    0.00 |   0.00 |     0.00 |       0 |      8.3 |      26
Global FLOPs per SpMV: 2124

