Strong scaling results for nemeth19.mtx
Date: Fri Jan  9 19:09:44 CET 2026
========================================

[Rank 0] Matrix: 9506 x 9506, nnz=413904 | 1D cyclic rows over P=1
[Rank 0] Local SpMV time: 0.006455 s

-----------------------------------------------------------------------------------------------
  P |  Time(s) | Comp% | Comm% |  GFLOP/s | Speedup |  Eff% | Mem(MiB) | NNZ min | NNZ avg | NNZ max
-----------------------------------------------------------------------------------------------
  1 |   0.0065 |  98.8 |   0.9 |     0.250 |    N/A   |   N/A  |    22.03 |  818302 | 818302.0 |  818302
Global FLOPs per SpMV: 1636604
BASELINE_T1=0.0065

----------------------------------------
np = 2
----------------------------------------
[Rank 0] Matrix: 9506 x 9506, nnz=413904 | 1D cyclic rows over P=2
[Rank 0] Local SpMV time: 0.006171 s
[Rank 1] Local SpMV time: 0.007176 s

-----------------------------------------------------------------------------------------------
  P |  Time(s) | Comp% | Comm% |  GFLOP/s | Speedup |  Eff% | Mem(MiB) | NNZ min | NNZ avg | NNZ max
-----------------------------------------------------------------------------------------------
  2 |   0.0077 |  93.8 |  25.4 |     0.107 |    0.85 |  42.47 |     5.68 |  202860 | 205534.5 |  208209
Global FLOPs per SpMV: 822138

----------------------------------------
np = 4
----------------------------------------
[Rank 0] Matrix: 9506 x 9506, nnz=413904 | 1D cyclic rows over P=4
[Rank 2] Local SpMV time: 0.002299 s
[Rank 0] Local SpMV time: 0.002345 s
[Rank 3] Local SpMV time: 0.002647 s
[Rank 1] Local SpMV time: 0.002682 s

-----------------------------------------------------------------------------------------------
  P |  Time(s) | Comp% | Comm% |  GFLOP/s | Speedup |  Eff% | Mem(MiB) | NNZ min | NNZ avg | NNZ max
-----------------------------------------------------------------------------------------------
  4 |   0.0030 |  90.4 |  28.1 |     0.140 |    2.19 |  54.77 |     1.49 |   50689 |  51907.2 |   53332
Global FLOPs per SpMV: 415258

----------------------------------------
np = 8
----------------------------------------
[Rank 0] Matrix: 9506 x 9506, nnz=413904 | 1D cyclic rows over P=8
[Rank 2] Local SpMV time: 0.000713 s
[Rank 6] Local SpMV time: 0.000719 s
[Rank 0] Local SpMV time: 0.000822 s
[Rank 4] Local SpMV time: 0.000786 s
[Rank 7] Local SpMV time: 0.000806 s
[Rank 3] Local SpMV time: 0.000839 s
[Rank 1] Local SpMV time: 0.000861 s
[Rank 5] Local SpMV time: 0.000842 s

-----------------------------------------------------------------------------------------------
  P |  Time(s) | Comp% | Comm% |  GFLOP/s | Speedup |  Eff% | Mem(MiB) | NNZ min | NNZ avg | NNZ max
-----------------------------------------------------------------------------------------------
  8 |   0.0017 |  50.0 |  61.4 |     0.123 |    3.77 |  47.12 |     0.41 |   12681 |  13246.5 |   14002
Global FLOPs per SpMV: 211944

----------------------------------------
np = 16
----------------------------------------
[Rank 0] Matrix: 9506 x 9506, nnz=413904 | 1D cyclic rows over P=16
[Rank 8] Local SpMV time: 0.000201 s
[Rank 10] Local SpMV time: 0.000203 s
[Rank 4] Local SpMV time: 0.000209 s
[Rank 6] Local SpMV time: 0.000213 s
[Rank 14] Local SpMV time: 0.000211 s
[Rank 3] Local SpMV time: 0.000249 s
[Rank 12] Local SpMV time: 0.000213 s
[Rank 7] Local SpMV time: 0.000242 s
[Rank 2] Local SpMV time: 0.000253 s
[Rank 0] Local SpMV time: 0.000280 s
[Rank 9] Local SpMV time: 0.000254 s
[Rank 1] Local SpMV time: 0.000257 s
[Rank 5] Local SpMV time: 0.000249 s
[Rank 11] Local SpMV time: 0.000246 s
[Rank 13] Local SpMV time: 0.000248 s
[Rank 15] Local SpMV time: 0.000229 s

-----------------------------------------------------------------------------------------------
  P |  Time(s) | Comp% | Comm% |  GFLOP/s | Speedup |  Eff% | Mem(MiB) | NNZ min | NNZ avg | NNZ max
-----------------------------------------------------------------------------------------------
 16 |   0.0025 |  11.2 |  94.2 |     0.044 |    2.60 |  16.27 |     0.12 |    3188 |   3443.1 |    3753
Global FLOPs per SpMV: 110178

----------------------------------------
np = 32
----------------------------------------
[Rank 0] Matrix: 9506 x 9506, nnz=413904 | 1D cyclic rows over P=32
[Rank 2] Local SpMV time: 0.000065 s
[Rank 4] Local SpMV time: 0.000059 s
[Rank 1] Local SpMV time: 0.000078 s
[Rank 6] Local SpMV time: 0.000057 s
[Rank 3] Local SpMV time: 0.000067 s
[Rank 8] Local SpMV time: 0.000062 s
[Rank 5] Local SpMV time: 0.000067 s
[Rank 10] Local SpMV time: 0.000075 s
[Rank 7] Local SpMV time: 0.000067 s
[Rank 14] Local SpMV time: 0.000058 s
[Rank 9] Local SpMV time: 0.000086 s
[Rank 20] Local SpMV time: 0.000061 s
[Rank 11] Local SpMV time: 0.000067 s
[Rank 22] Local SpMV time: 0.000061 s
[Rank 25] Local SpMV time: 0.000068 s
[Rank 26] Local SpMV time: 0.000061 s
[Rank 27] Local SpMV time: 0.000067 s
[Rank 28] Local SpMV time: 0.000062 s
[Rank 29] Local SpMV time: 0.000070 s
[Rank 30] Local SpMV time: 0.000062 s
[Rank 31] Local SpMV time: 0.000056 s
[Rank 0] Local SpMV time: 0.000083 s
[Rank 13] Local SpMV time: 0.000069 s
[Rank 12] Local SpMV time: 0.000081 s
[Rank 15] Local SpMV time: 0.000072 s
[Rank 16] Local SpMV time: 0.000079 s
[Rank 17] Local SpMV time: 0.000067 s
[Rank 18] Local SpMV time: 0.000075 s
[Rank 19] Local SpMV time: 0.000070 s
[Rank 24] Local SpMV time: 0.000075 s
[Rank 21] Local SpMV time: 0.000069 s
[Rank 23] Local SpMV time: 0.000067 s

-----------------------------------------------------------------------------------------------
  P |  Time(s) | Comp% | Comm% |  GFLOP/s | Speedup |  Eff% | Mem(MiB) | NNZ min | NNZ avg | NNZ max
-----------------------------------------------------------------------------------------------
 32 |   0.0087 |   1.0 | 101.0 |     0.007 |    0.75 |   2.33 |     0.04 |     776 |    927.3 |    1038
Global FLOPs per SpMV: 59350

----------------------------------------
np = 64
----------------------------------------
[Rank 0] Matrix: 9506 x 9506, nnz=413904 | 1D cyclic rows over P=64
[Rank 18] Local SpMV time: 0.000017 s
[Rank 20] Local SpMV time: 0.000018 s
[Rank 22] Local SpMV time: 0.000019 s
[Rank 24] Local SpMV time: 0.000019 s
[Rank 26] Local SpMV time: 0.000017 s
[Rank 13] Local SpMV time: 0.000020 s
[Rank 28] Local SpMV time: 0.000017 s
[Rank 17] Local SpMV time: 0.000020 s
[Rank 4] Local SpMV time: 0.000019 s
[Rank 19] Local SpMV time: 0.000019 s
[Rank 6] Local SpMV time: 0.000023 s
[Rank 21] Local SpMV time: 0.000020 s
[Rank 10] Local SpMV time: 0.000018 s
[Rank 23] Local SpMV time: 0.000019 s
[Rank 12] Local SpMV time: 0.000018 s
[Rank 25] Local SpMV time: 0.000019 s
[Rank 14] Local SpMV time: 0.000018 s
[Rank 27] Local SpMV time: 0.000019 s
[Rank 16] Local SpMV time: 0.000018 s
[Rank 29] Local SpMV time: 0.000020 s
[Rank 38] Local SpMV time: 0.000017 s
[Rank 33] Local SpMV time: 0.000020 s
[Rank 40] Local SpMV time: 0.000021 s
[Rank 35] Local SpMV time: 0.000020 s
[Rank 42] Local SpMV time: 0.000018 s
[Rank 37] Local SpMV time: 0.000019 s
[Rank 0] Local SpMV time: 0.000036 s
[Rank 39] Local SpMV time: 0.000020 s
[Rank 2] Local SpMV time: 0.000028 s
[Rank 41] Local SpMV time: 0.000020 s
[Rank 8] Local SpMV time: 0.000023 s
[Rank 51] Local SpMV time: 0.000021 s
[Rank 30] Local SpMV time: 0.000021 s
[Rank 57] Local SpMV time: 0.000018 s
[Rank 32] Local SpMV time: 0.000018 s
[Rank 59] Local SpMV time: 0.000020 s
[Rank 34] Local SpMV time: 0.000019 s
[Rank 1] Local SpMV time: 0.000021 s
[Rank 36] Local SpMV time: 0.000017 s
[Rank 3] Local SpMV time: 0.000021 s
[Rank 44] Local SpMV time: 0.000018 s
[Rank 5] Local SpMV time: 0.000020 s
[Rank 46] Local SpMV time: 0.000017 s
[Rank 7] Local SpMV time: 0.000020 s
[Rank 48] Local SpMV time: 0.000017 s
[Rank 9] Local SpMV time: 0.000021 s
[Rank 50] Local SpMV time: 0.000027 s
[Rank 11] Local SpMV time: 0.000020 s
[Rank 52] Local SpMV time: 0.000024 s
[Rank 15] Local SpMV time: 0.000020 s
[Rank 54] Local SpMV time: 0.000019 s
[Rank 31] Local SpMV time: 0.000021 s
[Rank 56] Local SpMV time: 0.000022 s
[Rank 43] Local SpMV time: 0.000020 s
[Rank 58] Local SpMV time: 0.000018 s
[Rank 45] Local SpMV time: 0.000019 s
[Rank 62] Local SpMV time: 0.000036 s
[Rank 47] Local SpMV time: 0.000035 s
[Rank 60] Local SpMV time: 0.000054 s
[Rank 49] Local SpMV time: 0.000019 s
[Rank 53] Local SpMV time: 0.000019 s
[Rank 55] Local SpMV time: 0.000018 s
[Rank 61] Local SpMV time: 0.000020 s
[Rank 63] Local SpMV time: 0.000016 s

-----------------------------------------------------------------------------------------------
  P |  Time(s) | Comp% | Comm% |  GFLOP/s | Speedup |  Eff% | Mem(MiB) | NNZ min | NNZ avg | NNZ max
-----------------------------------------------------------------------------------------------
 64 |   0.0210 |   0.3 | 101.1 |     0.002 |    0.31 |   0.48 |     0.01 |     212 |    264.7 |     324
Global FLOPs per SpMV: 33880

----------------------------------------
np = 128
----------------------------------------
[Rank 0] Matrix: 9506 x 9506, nnz=413904 | 1D cyclic rows over P=128
[Rank 54] Local SpMV time: 0.000006 s
[Rank 61] Local SpMV time: 0.000007 s
[Rank 56] Local SpMV time: 0.000007 s
[Rank 55] Local SpMV time: 0.000007 s
[Rank 58] Local SpMV time: 0.000008 s
[Rank 57] Local SpMV time: 0.000008 s
[Rank 40] Local SpMV time: 0.000006 s
[Rank 63] Local SpMV time: 0.000007 s
[Rank 42] Local SpMV time: 0.000003 s
[Rank 43] Local SpMV time: 0.000006 s
[Rank 46] Local SpMV time: 0.000008 s
[Rank 45] Local SpMV time: 0.000007 s
[Rank 48] Local SpMV time: 0.000007 s
[Rank 47] Local SpMV time: 0.000007 s
[Rank 50] Local SpMV time: 0.000024 s
[Rank 49] Local SpMV time: 0.000005 s
[Rank 52] Local SpMV time: 0.000008 s
[Rank 51] Local SpMV time: 0.000008 s
[Rank 66] Local SpMV time: 0.000007 s
[Rank 53] Local SpMV time: 0.000008 s
[Rank 72] Local SpMV time: 0.000007 s
[Rank 65] Local SpMV time: 0.000006 s
[Rank 30] Local SpMV time: 0.000008 s
[Rank 29] Local SpMV time: 0.000007 s
[Rank 32] Local SpMV time: 0.000006 s
[Rank 31] Local SpMV time: 0.000007 s
[Rank 64] Local SpMV time: 0.000007 s
[Rank 33] Local SpMV time: 0.000006 s
[Rank 68] Local SpMV time: 0.000008 s
[Rank 35] Local SpMV time: 0.000008 s
[Rank 70] Local SpMV time: 0.000006 s
[Rank 37] Local SpMV time: 0.000007 s
[Rank 28] Local SpMV time: 0.000006 s
[Rank 39] Local SpMV time: 0.000006 s
[Rank 34] Local SpMV time: 0.000008 s
[Rank 41] Local SpMV time: 0.000008 s
[Rank 36] Local SpMV time: 0.000007 s
[Rank 59] Local SpMV time: 0.000011 s
[Rank 38] Local SpMV time: 0.000005 s
[Rank 67] Local SpMV time: 0.000008 s
[Rank 60] Local SpMV time: 0.000007 s
[Rank 69] Local SpMV time: 0.000007 s
[Rank 62] Local SpMV time: 0.000008 s
[Rank 71] Local SpMV time: 0.000007 s
[Rank 22] Local SpMV time: 0.000006 s
[Rank 73] Local SpMV time: 0.000007 s
[Rank 84] Local SpMV time: 0.000006 s
[Rank 119] Local SpMV time: 0.000007 s
[Rank 96] Local SpMV time: 0.000007 s
[Rank 89] Local SpMV time: 0.000007 s
[Rank 86] Local SpMV time: 0.000007 s
[Rank 91] Local SpMV time: 0.000006 s
[Rank 88] Local SpMV time: 0.000006 s
[Rank 95] Local SpMV time: 0.000008 s
[Rank 90] Local SpMV time: 0.000007 s
[Rank 105] Local SpMV time: 0.000006 s
[Rank 92] Local SpMV time: 0.000008 s
[Rank 117] Local SpMV time: 0.000007 s
[Rank 94] Local SpMV time: 0.000007 s
[Rank 77] Local SpMV time: 0.000006 s
[Rank 76] Local SpMV time: 0.000006 s
[Rank 79] Local SpMV time: 0.000007 s
[Rank 78] Local SpMV time: 0.000007 s
[Rank 81] Local SpMV time: 0.000007 s
[Rank 80] Local SpMV time: 0.000007 s
[Rank 83] Local SpMV time: 0.000007 s
[Rank 82] Local SpMV time: 0.000018 s
[Rank 85] Local SpMV time: 0.000008 s
[Rank 116] Local SpMV time: 0.000007 s
[Rank 87] Local SpMV time: 0.000006 s
[Rank 118] Local SpMV time: 0.000007 s
[Rank 93] Local SpMV time: 0.000006 s
[Rank 122] Local SpMV time: 0.000006 s
[Rank 107] Local SpMV time: 0.000008 s
[Rank 74] Local SpMV time: 0.000008 s
[Rank 109] Local SpMV time: 0.000007 s
[Rank 100] Local SpMV time: 0.000006 s
[Rank 111] Local SpMV time: 0.000006 s
[Rank 102] Local SpMV time: 0.000008 s
[Rank 113] Local SpMV time: 0.000008 s
[Rank 104] Local SpMV time: 0.000006 s
[Rank 115] Local SpMV time: 0.000006 s
[Rank 106] Local SpMV time: 0.000008 s
[Rank 75] Local SpMV time: 0.000015 s
[Rank 108] Local SpMV time: 0.000007 s
[Rank 97] Local SpMV time: 0.000007 s
[Rank 110] Local SpMV time: 0.000005 s
[Rank 99] Local SpMV time: 0.000006 s
[Rank 112] Local SpMV time: 0.000007 s
[Rank 101] Local SpMV time: 0.000007 s
[Rank 114] Local SpMV time: 0.000007 s
[Rank 103] Local SpMV time: 0.000007 s
[Rank 120] Local SpMV time: 0.000010 s
[Rank 121] Local SpMV time: 0.000007 s
[Rank 98] Local SpMV time: 0.000015 s
[Rank 44] Local SpMV time: 0.000007 s
[Rank 19] Local SpMV time: 0.000008 s
[Rank 14] Local SpMV time: 0.000008 s
[Rank 21] Local SpMV time: 0.000006 s
[Rank 16] Local SpMV time: 0.000006 s
[Rank 23] Local SpMV time: 0.000008 s
[Rank 18] Local SpMV time: 0.000007 s
[Rank 25] Local SpMV time: 0.000007 s
[Rank 20] Local SpMV time: 0.000008 s
[Rank 27] Local SpMV time: 0.000006 s
[Rank 24] Local SpMV time: 0.000008 s
[Rank 1] Local SpMV time: 0.000007 s
[Rank 26] Local SpMV time: 0.000007 s
[Rank 3] Local SpMV time: 0.000008 s
[Rank 0] Local SpMV time: 0.000025 s
[Rank 5] Local SpMV time: 0.000006 s
[Rank 2] Local SpMV time: 0.000008 s
[Rank 7] Local SpMV time: 0.000007 s
[Rank 4] Local SpMV time: 0.000007 s
[Rank 9] Local SpMV time: 0.000008 s
[Rank 6] Local SpMV time: 0.000007 s
[Rank 11] Local SpMV time: 0.000007 s
[Rank 8] Local SpMV time: 0.000007 s
[Rank 13] Local SpMV time: 0.000007 s
[Rank 10] Local SpMV time: 0.000007 s
[Rank 15] Local SpMV time: 0.000007 s
[Rank 12] Local SpMV time: 0.000008 s
[Rank 17] Local SpMV time: 0.000003 s
[Rank 124] Local SpMV time: 0.000010 s
[Rank 123] Local SpMV time: 0.000007 s
[Rank 126] Local SpMV time: 0.000006 s
[Rank 125] Local SpMV time: 0.000007 s
[Rank 127] Local SpMV time: 0.000006 s

-----------------------------------------------------------------------------------------------
  P |  Time(s) | Comp% | Comm% |  GFLOP/s | Speedup |  Eff% | Mem(MiB) | NNZ min | NNZ avg | NNZ max
-----------------------------------------------------------------------------------------------
128 |   0.1094 |   0.0 | 111.4 |     0.000 |    0.06 |   0.05 |     0.01 |      34 |     83.4 |     143
Global FLOPs per SpMV: 21350

