Strong scaling results for bcsstm05.mtx
Date: Fri Jan  9 18:26:56 CET 2026
----------------------------------------

[Rank 0] Matrix: 153 x 153, nnz=153 | 1D cyclic rows over P=1
[Rank 0] Local SpMV time: 0.001652 s

-----------------------------------------------------------------------------------------------
  P |  Time(s) | Comp% | Comm% |  GFLOP/s | Speedup |  Eff% | Mem(MiB) | NNZ min | NNZ avg | NNZ max
-----------------------------------------------------------------------------------------------
  1 |   0.0017 |  96.6 |   2.3 |     0.000 |    N/A   |   N/A  |     0.01 |     153 |    153.0 |     153
Global FLOPs per SpMV: 306
BASELINE_T1=0.0017

----------------------------------------
np=2, OMP_NUM_THREADS=64
----------------------------------------
[Rank 0] Matrix: 153 x 153, nnz=153 | 1D cyclic rows over P=2
[Rank 0] Local SpMV time: 0.001478 s
[Rank 1] Local SpMV time: 0.001763 s

-----------------------------------------------------------------------------------------------
  P |  Time(s) | Comp% | Comm% |  GFLOP/s | Speedup |  Eff% | Mem(MiB) | NNZ min | NNZ avg | NNZ max
-----------------------------------------------------------------------------------------------
  2 |   0.0018 |  96.2 |  20.1 |     0.000 |    0.93 |  46.36 |     0.00 |      36 |     56.5 |      77
Global FLOPs per SpMV: 226

----------------------------------------
np=4, OMP_NUM_THREADS=32
----------------------------------------
[Rank 0] Matrix: 153 x 153, nnz=153 | 1D cyclic rows over P=4
[Rank 0] Local SpMV time: 0.000802 s
[Rank 3] Local SpMV time: 0.001180 s
[Rank 2] Local SpMV time: 0.013878 s
[Rank 1] Local SpMV time: 0.015712 s

-----------------------------------------------------------------------------------------------
  P |  Time(s) | Comp% | Comm% |  GFLOP/s | Speedup |  Eff% | Mem(MiB) | NNZ min | NNZ avg | NNZ max
-----------------------------------------------------------------------------------------------
  4 |   0.0290 |  54.2 | 132.1 |     0.000 |    0.06 |   1.46 |     0.00 |       9 |     23.5 |      39
Global FLOPs per SpMV: 188

----------------------------------------
np=8, OMP_NUM_THREADS=16
----------------------------------------
[Rank 0] Matrix: 153 x 153, nnz=153 | 1D cyclic rows over P=8
[Rank 7] Local SpMV time: 0.000986 s
[Rank 0] Local SpMV time: 0.000453 s
[Rank 1] Local SpMV time: 0.000999 s
[Rank 2] Local SpMV time: 0.000473 s
[Rank 3] Local SpMV time: 0.002718 s
[Rank 4] Local SpMV time: 0.007440 s
[Rank 5] Local SpMV time: 0.000379 s
[Rank 6] Local SpMV time: 0.007331 s

-----------------------------------------------------------------------------------------------
  P |  Time(s) | Comp% | Comm% |  GFLOP/s | Speedup |  Eff% | Mem(MiB) | NNZ min | NNZ avg | NNZ max
-----------------------------------------------------------------------------------------------
  8 |   0.0635 |  11.7 | 197.9 |     0.000 |    0.03 |   0.33 |     0.00 |       3 |     10.6 |      20
Global FLOPs per SpMV: 170

----------------------------------------
np=16, OMP_NUM_THREADS=8
----------------------------------------
[Rank 0] Matrix: 153 x 153, nnz=153 | 1D cyclic rows over P=16
[Rank 12] Local SpMV time: 0.000250 s
[Rank 14] Local SpMV time: 0.000920 s
[Rank 13] Local SpMV time: 0.000241 s
[Rank 10] Local SpMV time: 0.000236 s
[Rank 3] Local SpMV time: 0.000197 s
[Rank 0] Local SpMV time: 0.000278 s
[Rank 15] Local SpMV time: 0.000643 s
[Rank 6] Local SpMV time: 0.000568 s
[Rank 11] Local SpMV time: 0.001122 s
[Rank 1] Local SpMV time: 0.005470 s
[Rank 4] Local SpMV time: 0.004158 s
[Rank 5] Local SpMV time: 0.009812 s
[Rank 9] Local SpMV time: 0.002419 s
[Rank 2] Local SpMV time: 0.000247 s
[Rank 7] Local SpMV time: 0.000220 s
[Rank 8] Local SpMV time: 0.000708 s

-----------------------------------------------------------------------------------------------
  P |  Time(s) | Comp% | Comm% |  GFLOP/s | Speedup |  Eff% | Mem(MiB) | NNZ min | NNZ avg | NNZ max
-----------------------------------------------------------------------------------------------
 16 |   0.1003 |   9.8 | 159.3 |     0.000 |    0.02 |   0.11 |     0.00 |       0 |      4.9 |      10
Global FLOPs per SpMV: 156

----------------------------------------
np=32, OMP_NUM_THREADS=4
----------------------------------------
[Rank 0] Matrix: 153 x 153, nnz=153 | 1D cyclic rows over P=32
[Rank 31] Local SpMV time: 0.000163 s
[Rank 7] Local SpMV time: 0.000131 s
[Rank 23] Local SpMV time: 0.000141 s
[Rank 1] Local SpMV time: 0.000126 s
[Rank 5] Local SpMV time: 0.000415 s
[Rank 13] Local SpMV time: 0.000690 s
[Rank 0] Local SpMV time: 0.000136 s
[Rank 9] Local SpMV time: 0.004057 s
[Rank 16] Local SpMV time: 0.000123 s
[Rank 15] Local SpMV time: 0.000403 s
[Rank 17] Local SpMV time: 0.000716 s
[Rank 3] Local SpMV time: 0.000134 s
[Rank 8] Local SpMV time: 0.008088 s
[Rank 19] Local SpMV time: 0.000481 s
[Rank 29] Local SpMV time: 0.004065 s
[Rank 2] Local SpMV time: 0.000125 s
[Rank 4] Local SpMV time: 0.000082 s
[Rank 21] Local SpMV time: 0.000135 s
[Rank 20] Local SpMV time: 0.000075 s
[Rank 25] Local SpMV time: 0.000414 s
[Rank 10] Local SpMV time: 0.000125 s
[Rank 11] Local SpMV time: 0.000139 s
[Rank 24] Local SpMV time: 0.004048 s
[Rank 12] Local SpMV time: 0.003464 s
[Rank 14] Local SpMV time: 0.000077 s
[Rank 6] Local SpMV time: 0.012112 s
[Rank 18] Local SpMV time: 0.004002 s
[Rank 28] Local SpMV time: 0.000125 s
[Rank 27] Local SpMV time: 0.000135 s
[Rank 26] Local SpMV time: 0.000075 s
[Rank 30] Local SpMV time: 0.000134 s
[Rank 22] Local SpMV time: 0.000140 s

-----------------------------------------------------------------------------------------------
  P |  Time(s) | Comp% | Comm% |  GFLOP/s | Speedup |  Eff% | Mem(MiB) | NNZ min | NNZ avg | NNZ max
-----------------------------------------------------------------------------------------------
 32 |   0.3242 |   3.7 | 178.9 |     0.000 |    0.01 |   0.02 |     0.00 |       0 |      2.4 |       5
Global FLOPs per SpMV: 152

----------------------------------------
np=64, OMP_NUM_THREADS=2
----------------------------------------
[Rank 0] Matrix: 153 x 153, nnz=153 | 1D cyclic rows over P=64
[Rank 27] Local SpMV time: 0.003994 s
[Rank 63] Local SpMV time: 0.000050 s
[Rank 3] Local SpMV time: 0.003995 s
[Rank 11] Local SpMV time: 0.004001 s
[Rank 31] Local SpMV time: 0.008226 s
[Rank 59] Local SpMV time: 0.000058 s
[Rank 35] Local SpMV time: 0.000045 s
[Rank 1] Local SpMV time: 0.003996 s
[Rank 17] Local SpMV time: 0.000101 s
[Rank 15] Local SpMV time: 0.000385 s
[Rank 47] Local SpMV time: 0.000044 s
[Rank 19] Local SpMV time: 0.000107 s
[Rank 4] Local SpMV time: 0.004050 s
[Rank 5] Local SpMV time: 0.004321 s
[Rank 0] Local SpMV time: 0.004025 s
[Rank 7] Local SpMV time: 0.000090 s
[Rank 45] Local SpMV time: 0.000382 s
[Rank 16] Local SpMV time: 0.004048 s
[Rank 49] Local SpMV time: 0.000044 s
[Rank 28] Local SpMV time: 0.011865 s
[Rank 33] Local SpMV time: 0.000310 s
[Rank 12] Local SpMV time: 0.015944 s
[Rank 10] Local SpMV time: 0.019891 s
[Rank 9] Local SpMV time: 0.000041 s
[Rank 43] Local SpMV time: 0.000050 s
[Rank 44] Local SpMV time: 0.003908 s
[Rank 41] Local SpMV time: 0.000316 s
[Rank 2] Local SpMV time: 0.007990 s
[Rank 48] Local SpMV time: 0.000096 s
[Rank 26] Local SpMV time: 0.003953 s
[Rank 21] Local SpMV time: 0.000046 s
[Rank 8] Local SpMV time: 0.004066 s
[Rank 36] Local SpMV time: 0.004000 s
[Rank 53] Local SpMV time: 0.000088 s
[Rank 60] Local SpMV time: 0.000055 s
[Rank 37] Local SpMV time: 0.000039 s
[Rank 62] Local SpMV time: 0.000077 s
[Rank 58] Local SpMV time: 0.000042 s
[Rank 42] Local SpMV time: 0.000046 s
[Rank 25] Local SpMV time: 0.000048 s
[Rank 14] Local SpMV time: 0.000122 s
[Rank 46] Local SpMV time: 0.003931 s
[Rank 29] Local SpMV time: 0.000049 s
[Rank 13] Local SpMV time: 0.004003 s
[Rank 34] Local SpMV time: 0.000056 s
[Rank 57] Local SpMV time: 0.008232 s
[Rank 20] Local SpMV time: 0.000045 s
[Rank 51] Local SpMV time: 0.002550 s
[Rank 18] Local SpMV time: 0.000045 s
[Rank 39] Local SpMV time: 0.000043 s
[Rank 32] Local SpMV time: 0.000050 s
[Rank 23] Local SpMV time: 0.000046 s
[Rank 40] Local SpMV time: 0.003997 s
[Rank 61] Local SpMV time: 0.000063 s
[Rank 24] Local SpMV time: 0.016045 s
[Rank 50] Local SpMV time: 0.004002 s
[Rank 55] Local SpMV time: 0.000048 s
[Rank 6] Local SpMV time: 0.004035 s
[Rank 30] Local SpMV time: 0.000098 s
[Rank 52] Local SpMV time: 0.000097 s
[Rank 56] Local SpMV time: 0.000058 s
[Rank 22] Local SpMV time: 0.000096 s
[Rank 38] Local SpMV time: 0.002041 s
[Rank 54] Local SpMV time: 0.000100 s

-----------------------------------------------------------------------------------------------
  P |  Time(s) | Comp% | Comm% |  GFLOP/s | Speedup |  Eff% | Mem(MiB) | NNZ min | NNZ avg | NNZ max
-----------------------------------------------------------------------------------------------
 64 |   0.7741 |   2.6 | 190.9 |     0.000 |    0.00 |   0.00 |     0.00 |       0 |      1.1 |       3
Global FLOPs per SpMV: 142

----------------------------------------
np=128, OMP_NUM_THREADS=1
----------------------------------------
[Rank 0] Matrix: 153 x 153, nnz=153 | 1D cyclic rows over P=128
[Rank 3] Local SpMV time: 0.000020 s
[Rank 95] Local SpMV time: 0.000013 s
[Rank 23] Local SpMV time: 0.000012 s
[Rank 71] Local SpMV time: 0.000012 s
[Rank 0] Local SpMV time: 0.000020 s
[Rank 127] Local SpMV time: 0.000012 s
[Rank 39] Local SpMV time: 0.000013 s
[Rank 35] Local SpMV time: 0.000013 s
[Rank 31] Local SpMV time: 0.000013 s
[Rank 32] Local SpMV time: 0.000014 s
[Rank 19] Local SpMV time: 0.000011 s
[Rank 105] Local SpMV time: 0.000014 s
[Rank 64] Local SpMV time: 0.000014 s
[Rank 51] Local SpMV time: 0.000012 s
[Rank 49] Local SpMV time: 0.000013 s
[Rank 1] Local SpMV time: 0.000012 s
[Rank 96] Local SpMV time: 0.000013 s
[Rank 91] Local SpMV time: 0.000013 s
[Rank 47] Local SpMV time: 0.000013 s
[Rank 8] Local SpMV time: 0.000013 s
[Rank 7] Local SpMV time: 0.000013 s
[Rank 68] Local SpMV time: 0.000013 s
[Rank 55] Local SpMV time: 0.000012 s
[Rank 67] Local SpMV time: 0.000012 s
[Rank 87] Local SpMV time: 0.000014 s
[Rank 15] Local SpMV time: 0.000012 s
[Rank 5] Local SpMV time: 0.000012 s
[Rank 10] Local SpMV time: 0.000010 s
[Rank 63] Local SpMV time: 0.000013 s
[Rank 75] Local SpMV time: 0.000013 s
[Rank 102] Local SpMV time: 0.000012 s
[Rank 111] Local SpMV time: 0.000011 s
[Rank 34] Local SpMV time: 0.000013 s
[Rank 118] Local SpMV time: 0.000014 s
[Rank 61] Local SpMV time: 0.000012 s
[Rank 48] Local SpMV time: 0.000012 s
[Rank 124] Local SpMV time: 0.000012 s
[Rank 79] Local SpMV time: 0.000012 s
[Rank 97] Local SpMV time: 0.000011 s
[Rank 121] Local SpMV time: 0.000013 s
[Rank 72] Local SpMV time: 0.000016 s
[Rank 77] Local SpMV time: 0.000012 s
[Rank 83] Local SpMV time: 0.000013 s
[Rank 12] Local SpMV time: 0.000012 s
[Rank 9] Local SpMV time: 0.000012 s
[Rank 40] Local SpMV time: 0.000016 s
[Rank 2] Local SpMV time: 0.000013 s
[Rank 103] Local SpMV time: 0.000011 s
[Rank 115] Local SpMV time: 0.000013 s
[Rank 76] Local SpMV time: 0.000013 s
[Rank 6] Local SpMV time: 0.000012 s
[Rank 99] Local SpMV time: 0.000012 s
[Rank 38] Local SpMV time: 0.000011 s
[Rank 119] Local SpMV time: 0.000013 s
[Rank 28] Local SpMV time: 0.000012 s
[Rank 16] Local SpMV time: 0.000011 s
[Rank 59] Local SpMV time: 0.000012 s
[Rank 101] Local SpMV time: 0.000011 s
[Rank 98] Local SpMV time: 0.000013 s
[Rank 17] Local SpMV time: 0.000012 s
[Rank 69] Local SpMV time: 0.000013 s
[Rank 81] Local SpMV time: 0.000011 s
[Rank 36] Local SpMV time: 0.000013 s
[Rank 123] Local SpMV time: 0.000013 s
[Rank 104] Local SpMV time: 0.000013 s
[Rank 65] Local SpMV time: 0.000010 s
[Rank 11] Local SpMV time: 0.000013 s
[Rank 24] Local SpMV time: 0.000012 s
[Rank 93] Local SpMV time: 0.000012 s
[Rank 41] Local SpMV time: 0.000012 s
[Rank 42] Local SpMV time: 0.000013 s
[Rank 113] Local SpMV time: 0.000012 s
[Rank 88] Local SpMV time: 0.000013 s
[Rank 20] Local SpMV time: 0.000010 s
[Rank 25] Local SpMV time: 0.000013 s
[Rank 50] Local SpMV time: 0.000010 s
[Rank 33] Local SpMV time: 0.000012 s
[Rank 110] Local SpMV time: 0.000017 s
[Rank 18] Local SpMV time: 0.000010 s
[Rank 21] Local SpMV time: 0.000013 s
[Rank 44] Local SpMV time: 0.000013 s
[Rank 66] Local SpMV time: 0.000014 s
[Rank 4] Local SpMV time: 0.000014 s
[Rank 27] Local SpMV time: 0.000011 s
[Rank 112] Local SpMV time: 0.000013 s
[Rank 80] Local SpMV time: 0.000009 s
[Rank 107] Local SpMV time: 0.000013 s
[Rank 26] Local SpMV time: 0.000012 s
[Rank 92] Local SpMV time: 0.000012 s
[Rank 22] Local SpMV time: 0.000010 s
[Rank 108] Local SpMV time: 0.000011 s
[Rank 74] Local SpMV time: 0.000011 s
[Rank 52] Local SpMV time: 0.000013 s
[Rank 114] Local SpMV time: 0.000012 s
[Rank 125] Local SpMV time: 0.000012 s
[Rank 54] Local SpMV time: 0.000010 s
[Rank 58] Local SpMV time: 0.000012 s
[Rank 57] Local SpMV time: 0.000013 s
[Rank 60] Local SpMV time: 0.000014 s
[Rank 13] Local SpMV time: 0.000012 s
[Rank 70] Local SpMV time: 0.000013 s
[Rank 43] Local SpMV time: 0.000012 s
[Rank 73] Local SpMV time: 0.000011 s
[Rank 14] Local SpMV time: 0.000013 s
[Rank 109] Local SpMV time: 0.000013 s
[Rank 122] Local SpMV time: 0.000011 s
[Rank 46] Local SpMV time: 0.000010 s
[Rank 126] Local SpMV time: 0.000011 s
[Rank 37] Local SpMV time: 0.000012 s
[Rank 84] Local SpMV time: 0.000012 s
[Rank 30] Local SpMV time: 0.000013 s
[Rank 53] Local SpMV time: 0.000012 s
[Rank 89] Local SpMV time: 0.000012 s
[Rank 62] Local SpMV time: 0.000013 s
[Rank 82] Local SpMV time: 0.000014 s
[Rank 100] Local SpMV time: 0.000013 s
[Rank 90] Local SpMV time: 0.000013 s
[Rank 78] Local SpMV time: 0.000012 s
[Rank 106] Local SpMV time: 0.000012 s
[Rank 29] Local SpMV time: 0.000014 s
[Rank 56] Local SpMV time: 0.000011 s
[Rank 116] Local SpMV time: 0.000011 s
[Rank 94] Local SpMV time: 0.000013 s
[Rank 85] Local SpMV time: 0.000012 s
[Rank 86] Local SpMV time: 0.000012 s
[Rank 117] Local SpMV time: 0.000013 s
[Rank 45] Local SpMV time: 0.000012 s
[Rank 120] Local SpMV time: 0.000013 s

-----------------------------------------------------------------------------------------------
  P |  Time(s) | Comp% | Comm% |  GFLOP/s | Speedup |  Eff% | Mem(MiB) | NNZ min | NNZ avg | NNZ max
-----------------------------------------------------------------------------------------------
128 |   1.5460 |   0.0 | 166.6 |     0.000 |    0.00 |   0.00 |     0.00 |       0 |      0.2 |       2
Global FLOPs per SpMV: 52

