Strong scaling results for breasttissue_10NN.mtx
Date: Fri Jan  9 18:28:13 CET 2026
----------------------------------------

[Rank 0] Matrix: 106 x 106, nnz=706 | 1D cyclic rows over P=1
[Rank 0] Local SpMV time: 0.001618 s

-----------------------------------------------------------------------------------------------
  P |  Time(s) | Comp% | Comm% |  GFLOP/s | Speedup |  Eff% | Mem(MiB) | NNZ min | NNZ avg | NNZ max
-----------------------------------------------------------------------------------------------
  1 |   0.0017 |  96.5 |   2.7 |     0.002 |    N/A   |   N/A  |     0.04 |    1412 |   1412.0 |    1412
Global FLOPs per SpMV: 2824
BASELINE_T1=0.0017

----------------------------------------
np=2, OMP_NUM_THREADS=64
----------------------------------------
[Rank 0] Matrix: 106 x 106, nnz=706 | 1D cyclic rows over P=2
[Rank 0] Local SpMV time: 0.001617 s
[Rank 1] Local SpMV time: 0.002181 s

-----------------------------------------------------------------------------------------------
  P |  Time(s) | Comp% | Comm% |  GFLOP/s | Speedup |  Eff% | Mem(MiB) | NNZ min | NNZ avg | NNZ max
-----------------------------------------------------------------------------------------------
  2 |   0.0024 |  91.3 |  33.4 |     0.001 |    0.71 |  35.58 |     0.02 |     379 |    531.5 |     684
Global FLOPs per SpMV: 2126

----------------------------------------
np=4, OMP_NUM_THREADS=32
----------------------------------------
[Rank 0] Matrix: 106 x 106, nnz=706 | 1D cyclic rows over P=4
[Rank 2] Local SpMV time: 0.001691 s
[Rank 0] Local SpMV time: 0.006582 s
[Rank 1] Local SpMV time: 0.017657 s
[Rank 3] Local SpMV time: 0.025755 s

-----------------------------------------------------------------------------------------------
  P |  Time(s) | Comp% | Comm% |  GFLOP/s | Speedup |  Eff% | Mem(MiB) | NNZ min | NNZ avg | NNZ max
-----------------------------------------------------------------------------------------------
  4 |   0.0591 |  43.6 | 110.4 |     0.000 |    0.03 |   0.72 |     0.01 |      93 |    216.2 |     359
Global FLOPs per SpMV: 1730

----------------------------------------
np=8, OMP_NUM_THREADS=16
----------------------------------------
[Rank 0] Matrix: 106 x 106, nnz=706 | 1D cyclic rows over P=8
[Rank 2] Local SpMV time: 0.000459 s
[Rank 1] Local SpMV time: 0.000707 s
[Rank 4] Local SpMV time: 0.001135 s
[Rank 3] Local SpMV time: 0.002731 s
[Rank 7] Local SpMV time: 0.000449 s
[Rank 5] Local SpMV time: 0.021059 s
[Rank 0] Local SpMV time: 0.014983 s
[Rank 6] Local SpMV time: 0.021932 s

-----------------------------------------------------------------------------------------------
  P |  Time(s) | Comp% | Comm% |  GFLOP/s | Speedup |  Eff% | Mem(MiB) | NNZ min | NNZ avg | NNZ max
-----------------------------------------------------------------------------------------------
  8 |   0.1403 |  15.6 | 105.5 |     0.000 |    0.01 |   0.15 |     0.01 |      26 |     99.0 |     170
Global FLOPs per SpMV: 1584

----------------------------------------
np=16, OMP_NUM_THREADS=8
----------------------------------------
[Rank 0] Matrix: 106 x 106, nnz=706 | 1D cyclic rows over P=16
[Rank 4] Local SpMV time: 0.000236 s
[Rank 10] Local SpMV time: 0.000858 s
[Rank 8] Local SpMV time: 0.000970 s
[Rank 0] Local SpMV time: 0.001384 s
[Rank 14] Local SpMV time: 0.001705 s
[Rank 6] Local SpMV time: 0.001986 s
[Rank 12] Local SpMV time: 0.002466 s
[Rank 2] Local SpMV time: 0.030652 s
[Rank 11] Local SpMV time: 0.031899 s
[Rank 9] Local SpMV time: 0.035975 s
[Rank 13] Local SpMV time: 0.032005 s
[Rank 3] Local SpMV time: 0.038913 s
[Rank 5] Local SpMV time: 0.063982 s
[Rank 1] Local SpMV time: 0.063998 s
[Rank 15] Local SpMV time: 0.067953 s
[Rank 7] Local SpMV time: 0.067994 s

-----------------------------------------------------------------------------------------------
  P |  Time(s) | Comp% | Comm% |  GFLOP/s | Speedup |  Eff% | Mem(MiB) | NNZ min | NNZ avg | NNZ max
-----------------------------------------------------------------------------------------------
 16 |   0.2840 |  23.9 | 121.7 |     0.000 |    0.01 |   0.04 |     0.00 |      10 |     44.6 |      81
Global FLOPs per SpMV: 1426

----------------------------------------
np=32, OMP_NUM_THREADS=4
----------------------------------------
[Rank 0] Matrix: 106 x 106, nnz=706 | 1D cyclic rows over P=32
[Rank 31] Local SpMV time: 0.000190 s
[Rank 6] Local SpMV time: 0.000236 s
[Rank 21] Local SpMV time: 0.000134 s
[Rank 30] Local SpMV time: 0.007851 s
[Rank 25] Local SpMV time: 0.000422 s
[Rank 26] Local SpMV time: 0.004072 s
[Rank 28] Local SpMV time: 0.000167 s
[Rank 23] Local SpMV time: 0.004071 s
[Rank 19] Local SpMV time: 0.000420 s
[Rank 29] Local SpMV time: 0.000697 s
[Rank 1] Local SpMV time: 0.001016 s
[Rank 24] Local SpMV time: 0.004045 s
[Rank 11] Local SpMV time: 0.001338 s
[Rank 22] Local SpMV time: 0.000152 s
[Rank 7] Local SpMV time: 0.005542 s
[Rank 4] Local SpMV time: 0.000138 s
[Rank 15] Local SpMV time: 0.001678 s
[Rank 20] Local SpMV time: 0.000143 s
[Rank 12] Local SpMV time: 0.000098 s
[Rank 27] Local SpMV time: 0.008529 s
[Rank 16] Local SpMV time: 0.004068 s
[Rank 0] Local SpMV time: 0.007905 s
[Rank 2] Local SpMV time: 0.011843 s
[Rank 14] Local SpMV time: 0.000237 s
[Rank 5] Local SpMV time: 0.006012 s
[Rank 18] Local SpMV time: 0.033990 s
[Rank 9] Local SpMV time: 0.067956 s
[Rank 17] Local SpMV time: 0.072001 s
[Rank 13] Local SpMV time: 0.064000 s
[Rank 3] Local SpMV time: 0.064000 s
[Rank 8] Local SpMV time: 0.073890 s
[Rank 10] Local SpMV time: 0.066996 s

-----------------------------------------------------------------------------------------------
  P |  Time(s) | Comp% | Comm% |  GFLOP/s | Speedup |  Eff% | Mem(MiB) | NNZ min | NNZ avg | NNZ max
-----------------------------------------------------------------------------------------------
 32 |   0.5900 |  12.5 | 131.2 |     0.000 |    0.00 |   0.01 |     0.00 |       3 |     21.0 |      55
Global FLOPs per SpMV: 1344

----------------------------------------
np=64, OMP_NUM_THREADS=2
----------------------------------------
[Rank 0] Matrix: 106 x 106, nnz=706 | 1D cyclic rows over P=64
[Rank 56] Local SpMV time: 0.007968 s
[Rank 50] Local SpMV time: 0.012076 s
[Rank 54] Local SpMV time: 0.000082 s
[Rank 63] Local SpMV time: 0.000069 s
[Rank 59] Local SpMV time: 0.004005 s
[Rank 42] Local SpMV time: 0.000112 s
[Rank 60] Local SpMV time: 0.000100 s
[Rank 52] Local SpMV time: 0.000125 s
[Rank 57] Local SpMV time: 0.003990 s
[Rank 53] Local SpMV time: 0.000278 s
[Rank 48] Local SpMV time: 0.000148 s
[Rank 49] Local SpMV time: 0.000065 s
[Rank 46] Local SpMV time: 0.004028 s
[Rank 45] Local SpMV time: 0.000051 s
[Rank 62] Local SpMV time: 0.000099 s
[Rank 47] Local SpMV time: 0.000063 s
[Rank 44] Local SpMV time: 0.000083 s
[Rank 55] Local SpMV time: 0.000340 s
[Rank 61] Local SpMV time: 0.000049 s
[Rank 43] Local SpMV time: 0.000066 s
[Rank 58] Local SpMV time: 0.004049 s
[Rank 51] Local SpMV time: 0.000046 s
[Rank 25] Local SpMV time: 0.000068 s
[Rank 20] Local SpMV time: 0.000108 s
[Rank 26] Local SpMV time: 0.000118 s
[Rank 0] Local SpMV time: 0.000043 s
[Rank 15] Local SpMV time: 0.000098 s
[Rank 9] Local SpMV time: 0.000050 s
[Rank 14] Local SpMV time: 0.000100 s
[Rank 17] Local SpMV time: 0.000070 s
[Rank 16] Local SpMV time: 0.000065 s
[Rank 29] Local SpMV time: 0.000055 s
[Rank 12] Local SpMV time: 0.004082 s
[Rank 19] Local SpMV time: 0.000333 s
[Rank 6] Local SpMV time: 0.000062 s
[Rank 2] Local SpMV time: 0.000049 s
[Rank 35] Local SpMV time: 0.000086 s
[Rank 23] Local SpMV time: 0.000381 s
[Rank 28] Local SpMV time: 0.000128 s
[Rank 13] Local SpMV time: 0.000646 s
[Rank 40] Local SpMV time: 0.003934 s
[Rank 5] Local SpMV time: 0.001351 s
[Rank 38] Local SpMV time: 0.000054 s
[Rank 31] Local SpMV time: 0.004048 s
[Rank 21] Local SpMV time: 0.000333 s
[Rank 33] Local SpMV time: 0.000602 s
[Rank 8] Local SpMV time: 0.004004 s
[Rank 34] Local SpMV time: 0.000054 s
[Rank 11] Local SpMV time: 0.000047 s
[Rank 4] Local SpMV time: 0.000059 s
[Rank 10] Local SpMV time: 0.000047 s
[Rank 41] Local SpMV time: 0.000314 s
[Rank 36] Local SpMV time: 0.000043 s
[Rank 7] Local SpMV time: 0.000589 s
[Rank 18] Local SpMV time: 0.000043 s
[Rank 1] Local SpMV time: 0.004816 s
[Rank 37] Local SpMV time: 0.005122 s
[Rank 24] Local SpMV time: 0.004009 s
[Rank 3] Local SpMV time: 0.000094 s
[Rank 39] Local SpMV time: 0.000377 s
[Rank 32] Local SpMV time: 0.000108 s
[Rank 27] Local SpMV time: 0.004045 s
[Rank 30] Local SpMV time: 0.003967 s
[Rank 22] Local SpMV time: 0.000045 s

-----------------------------------------------------------------------------------------------
  P |  Time(s) | Comp% | Comm% |  GFLOP/s | Speedup |  Eff% | Mem(MiB) | NNZ min | NNZ avg | NNZ max
-----------------------------------------------------------------------------------------------
 64 |   1.4111 |   0.9 | 136.3 |     0.000 |    0.00 |   0.00 |     0.00 |       0 |      9.5 |      31
Global FLOPs per SpMV: 1216

----------------------------------------
np=128, OMP_NUM_THREADS=1
----------------------------------------
[Rank 0] Matrix: 106 x 106, nnz=706 | 1D cyclic rows over P=128
[Rank 127] Local SpMV time: 0.000019 s
[Rank 119] Local SpMV time: 0.000013 s
[Rank 111] Local SpMV time: 0.000014 s
[Rank 112] Local SpMV time: 0.000020 s
[Rank 113] Local SpMV time: 0.000015 s
[Rank 123] Local SpMV time: 0.000014 s
[Rank 106] Local SpMV time: 0.000017 s
[Rank 115] Local SpMV time: 0.000014 s
[Rank 124] Local SpMV time: 0.000016 s
[Rank 110] Local SpMV time: 0.000015 s
[Rank 114] Local SpMV time: 0.000029 s
[Rank 120] Local SpMV time: 0.000014 s
[Rank 109] Local SpMV time: 0.000015 s
[Rank 117] Local SpMV time: 0.000014 s
[Rank 118] Local SpMV time: 0.000015 s
[Rank 122] Local SpMV time: 0.000014 s
[Rank 126] Local SpMV time: 0.000013 s
[Rank 116] Local SpMV time: 0.000016 s
[Rank 107] Local SpMV time: 0.000013 s
[Rank 108] Local SpMV time: 0.000015 s
[Rank 125] Local SpMV time: 0.000014 s
[Rank 121] Local SpMV time: 0.000014 s
[Rank 16] Local SpMV time: 0.000023 s
[Rank 32] Local SpMV time: 0.000017 s
[Rank 23] Local SpMV time: 0.000016 s
[Rank 76] Local SpMV time: 0.000020 s
[Rank 90] Local SpMV time: 0.000020 s
[Rank 31] Local SpMV time: 0.000015 s
[Rank 71] Local SpMV time: 0.000012 s
[Rank 12] Local SpMV time: 0.000018 s
[Rank 54] Local SpMV time: 0.000019 s
[Rank 6] Local SpMV time: 0.000017 s
[Rank 92] Local SpMV time: 0.000018 s
[Rank 20] Local SpMV time: 0.000018 s
[Rank 19] Local SpMV time: 0.000016 s
[Rank 11] Local SpMV time: 0.000013 s
[Rank 94] Local SpMV time: 0.000017 s
[Rank 4] Local SpMV time: 0.000018 s
[Rank 2] Local SpMV time: 0.000012 s
[Rank 21] Local SpMV time: 0.000015 s
[Rank 5] Local SpMV time: 0.000015 s
[Rank 84] Local SpMV time: 0.000016 s
[Rank 47] Local SpMV time: 0.000015 s
[Rank 14] Local SpMV time: 0.000017 s
[Rank 0] Local SpMV time: 0.000019 s
[Rank 66] Local SpMV time: 0.000017 s
[Rank 53] Local SpMV time: 0.000015 s
[Rank 7] Local SpMV time: 0.000014 s
[Rank 57] Local SpMV time: 0.000014 s
[Rank 8] Local SpMV time: 0.000016 s
[Rank 17] Local SpMV time: 0.000014 s
[Rank 13] Local SpMV time: 0.000015 s
[Rank 25] Local SpMV time: 0.000014 s
[Rank 22] Local SpMV time: 0.000019 s
[Rank 18] Local SpMV time: 0.000012 s
[Rank 34] Local SpMV time: 0.000018 s
[Rank 37] Local SpMV time: 0.000016 s
[Rank 29] Local SpMV time: 0.000016 s
[Rank 70] Local SpMV time: 0.000018 s
[Rank 65] Local SpMV time: 0.000016 s
[Rank 10] Local SpMV time: 0.000018 s
[Rank 24] Local SpMV time: 0.000018 s
[Rank 3] Local SpMV time: 0.000013 s
[Rank 89] Local SpMV time: 0.000015 s
[Rank 78] Local SpMV time: 0.000037 s
[Rank 9] Local SpMV time: 0.000014 s
[Rank 15] Local SpMV time: 0.000014 s
[Rank 64] Local SpMV time: 0.000013 s
[Rank 49] Local SpMV time: 0.000014 s
[Rank 105] Local SpMV time: 0.000014 s
[Rank 77] Local SpMV time: 0.000014 s
[Rank 40] Local SpMV time: 0.000019 s
[Rank 86] Local SpMV time: 0.000018 s
[Rank 83] Local SpMV time: 0.000015 s
[Rank 97] Local SpMV time: 0.000014 s
[Rank 26] Local SpMV time: 0.000019 s
[Rank 51] Local SpMV time: 0.000014 s
[Rank 30] Local SpMV time: 0.000012 s
[Rank 99] Local SpMV time: 0.000013 s
[Rank 28] Local SpMV time: 0.000042 s
[Rank 62] Local SpMV time: 0.000015 s
[Rank 81] Local SpMV time: 0.000015 s
[Rank 42] Local SpMV time: 0.000015 s
[Rank 63] Local SpMV time: 0.000013 s
[Rank 95] Local SpMV time: 0.000015 s
[Rank 38] Local SpMV time: 0.000036 s
[Rank 39] Local SpMV time: 0.000014 s
[Rank 48] Local SpMV time: 0.000018 s
[Rank 61] Local SpMV time: 0.000015 s
[Rank 36] Local SpMV time: 0.000019 s
[Rank 52] Local SpMV time: 0.000016 s
[Rank 59] Local SpMV time: 0.000015 s
[Rank 100] Local SpMV time: 0.000019 s
[Rank 33] Local SpMV time: 0.000015 s
[Rank 73] Local SpMV time: 0.000013 s
[Rank 56] Local SpMV time: 0.000016 s
[Rank 46] Local SpMV time: 0.000017 s
[Rank 35] Local SpMV time: 0.000015 s
[Rank 69] Local SpMV time: 0.000013 s
[Rank 60] Local SpMV time: 0.000018 s
[Rank 82] Local SpMV time: 0.000017 s
[Rank 85] Local SpMV time: 0.000012 s
[Rank 72] Local SpMV time: 0.000018 s
[Rank 103] Local SpMV time: 0.000012 s
[Rank 50] Local SpMV time: 0.000016 s
[Rank 58] Local SpMV time: 0.000012 s
[Rank 104] Local SpMV time: 0.000017 s
[Rank 67] Local SpMV time: 0.000014 s
[Rank 43] Local SpMV time: 0.000016 s
[Rank 91] Local SpMV time: 0.000015 s
[Rank 55] Local SpMV time: 0.000015 s
[Rank 80] Local SpMV time: 0.000018 s
[Rank 93] Local SpMV time: 0.000015 s
[Rank 102] Local SpMV time: 0.000016 s
[Rank 41] Local SpMV time: 0.000016 s
[Rank 87] Local SpMV time: 0.000012 s
[Rank 74] Local SpMV time: 0.000017 s
[Rank 45] Local SpMV time: 0.000012 s
[Rank 79] Local SpMV time: 0.000015 s
[Rank 75] Local SpMV time: 0.000014 s
[Rank 1] Local SpMV time: 0.000016 s
[Rank 88] Local SpMV time: 0.000018 s
[Rank 27] Local SpMV time: 0.000015 s
[Rank 98] Local SpMV time: 0.000033 s
[Rank 44] Local SpMV time: 0.000020 s
[Rank 68] Local SpMV time: 0.000014 s
[Rank 96] Local SpMV time: 0.000021 s
[Rank 101] Local SpMV time: 0.000016 s

-----------------------------------------------------------------------------------------------
  P |  Time(s) | Comp% | Comm% |  GFLOP/s | Speedup |  Eff% | Mem(MiB) | NNZ min | NNZ avg | NNZ max
-----------------------------------------------------------------------------------------------
128 |   3.8680 |   0.0 | 126.4 |     0.000 |    0.00 |   0.00 |     0.00 |       0 |      8.3 |      26
Global FLOPs per SpMV: 2124

