Strong scaling results for dataset20mfeatpixel_10NN.mtx
Date: Fri Jan  9 18:30:09 CET 2026
----------------------------------------

[Rank 0] Matrix: 2000 x 2000, nnz=13966 | 1D cyclic rows over P=1
[Rank 0] Local SpMV time: 0.002228 s

-----------------------------------------------------------------------------------------------
  P |  Time(s) | Comp% | Comm% |  GFLOP/s | Speedup |  Eff% | Mem(MiB) | NNZ min | NNZ avg | NNZ max
-----------------------------------------------------------------------------------------------
  1 |   0.0023 |  97.5 |   1.9 |     0.024 |    N/A   |   N/A  |     0.78 |   27932 |  27932.0 |   27932
Global FLOPs per SpMV: 55864
BASELINE_T1=0.0023

----------------------------------------
np=2, OMP_NUM_THREADS=64
----------------------------------------
[Rank 0] Matrix: 2000 x 2000, nnz=13966 | 1D cyclic rows over P=2
[Rank 0] Local SpMV time: 0.001584 s
[Rank 1] Local SpMV time: 0.002417 s

-----------------------------------------------------------------------------------------------
  P |  Time(s) | Comp% | Comm% |  GFLOP/s | Speedup |  Eff% | Mem(MiB) | NNZ min | NNZ avg | NNZ max
-----------------------------------------------------------------------------------------------
  2 |   0.0027 |  90.9 |  40.9 |     0.012 |    0.87 |  43.26 |     0.28 |    6810 |   8128.0 |    9446
Global FLOPs per SpMV: 32512

----------------------------------------
np=4, OMP_NUM_THREADS=32
----------------------------------------
[Rank 0] Matrix: 2000 x 2000, nnz=13966 | 1D cyclic rows over P=4
[Rank 0] Local SpMV time: 0.000715 s
[Rank 3] Local SpMV time: 0.001044 s
[Rank 1] Local SpMV time: 0.001039 s
[Rank 2] Local SpMV time: 0.013845 s

-----------------------------------------------------------------------------------------------
  P |  Time(s) | Comp% | Comm% |  GFLOP/s | Speedup |  Eff% | Mem(MiB) | NNZ min | NNZ avg | NNZ max
-----------------------------------------------------------------------------------------------
  4 |   0.0531 |  26.1 | 121.2 |     0.000 |    0.04 |   1.08 |     0.10 |    1685 |   2620.2 |    3068
Global FLOPs per SpMV: 20962

----------------------------------------
np=8, OMP_NUM_THREADS=16
----------------------------------------
[Rank 0] Matrix: 2000 x 2000, nnz=13966 | 1D cyclic rows over P=8
[Rank 2] Local SpMV time: 0.000479 s
[Rank 4] Local SpMV time: 0.000468 s
[Rank 6] Local SpMV time: 0.000549 s
[Rank 1] Local SpMV time: 0.021216 s
[Rank 0] Local SpMV time: 0.000447 s
[Rank 7] Local SpMV time: 0.024393 s
[Rank 5] Local SpMV time: 0.041752 s
[Rank 3] Local SpMV time: 0.032336 s

-----------------------------------------------------------------------------------------------
  P |  Time(s) | Comp% | Comm% |  GFLOP/s | Speedup |  Eff% | Mem(MiB) | NNZ min | NNZ avg | NNZ max
-----------------------------------------------------------------------------------------------
  8 |   0.1560 |  26.8 | 134.3 |     0.000 |    0.01 |   0.18 |     0.04 |     435 |    923.0 |    1097
Global FLOPs per SpMV: 14768

----------------------------------------
np=16, OMP_NUM_THREADS=8
----------------------------------------
[Rank 0] Matrix: 2000 x 2000, nnz=13966 | 1D cyclic rows over P=16
[Rank 4] Local SpMV time: 0.000293 s
[Rank 15] Local SpMV time: 0.000796 s
[Rank 6] Local SpMV time: 0.001159 s
[Rank 1] Local SpMV time: 0.005554 s
[Rank 8] Local SpMV time: 0.001854 s
[Rank 11] Local SpMV time: 0.002314 s
[Rank 3] Local SpMV time: 0.014599 s
[Rank 12] Local SpMV time: 0.002681 s
[Rank 14] Local SpMV time: 0.003302 s
[Rank 0] Local SpMV time: 0.005096 s
[Rank 7] Local SpMV time: 0.032922 s
[Rank 9] Local SpMV time: 0.028989 s
[Rank 10] Local SpMV time: 0.003977 s
[Rank 2] Local SpMV time: 0.035937 s
[Rank 5] Local SpMV time: 0.032998 s
[Rank 13] Local SpMV time: 0.032999 s

-----------------------------------------------------------------------------------------------
  P |  Time(s) | Comp% | Comm% |  GFLOP/s | Speedup |  Eff% | Mem(MiB) | NNZ min | NNZ avg | NNZ max
-----------------------------------------------------------------------------------------------
 16 |   0.2330 |  15.4 | 136.0 |     0.000 |    0.01 |   0.06 |     0.02 |     119 |    358.6 |     453
Global FLOPs per SpMV: 11474

----------------------------------------
np=32, OMP_NUM_THREADS=4
----------------------------------------
[Rank 0] Matrix: 2000 x 2000, nnz=13966 | 1D cyclic rows over P=32
[Rank 16] Local SpMV time: 0.000157 s
[Rank 11] Local SpMV time: 0.000202 s
[Rank 10] Local SpMV time: 0.004481 s
[Rank 25] Local SpMV time: 0.000819 s
[Rank 17] Local SpMV time: 0.001164 s
[Rank 8] Local SpMV time: 0.001261 s
[Rank 15] Local SpMV time: 0.001504 s
[Rank 20] Local SpMV time: 0.001557 s
[Rank 2] Local SpMV time: 0.005532 s
[Rank 31] Local SpMV time: 0.005724 s
[Rank 26] Local SpMV time: 0.001722 s
[Rank 23] Local SpMV time: 0.002146 s
[Rank 12] Local SpMV time: 0.001632 s
[Rank 5] Local SpMV time: 0.006372 s
[Rank 22] Local SpMV time: 0.001702 s
[Rank 1] Local SpMV time: 0.002759 s
[Rank 30] Local SpMV time: 0.001628 s
[Rank 9] Local SpMV time: 0.003043 s
[Rank 4] Local SpMV time: 0.001715 s
[Rank 27] Local SpMV time: 0.003318 s
[Rank 0] Local SpMV time: 0.001764 s
[Rank 3] Local SpMV time: 0.007625 s
[Rank 18] Local SpMV time: 0.005813 s
[Rank 6] Local SpMV time: 0.005817 s
[Rank 24] Local SpMV time: 0.009652 s
[Rank 28] Local SpMV time: 0.001647 s
[Rank 14] Local SpMV time: 0.000171 s
[Rank 21] Local SpMV time: 0.013050 s
[Rank 19] Local SpMV time: 0.071906 s
[Rank 13] Local SpMV time: 0.063999 s
[Rank 7] Local SpMV time: 0.064001 s
[Rank 29] Local SpMV time: 0.067950 s

-----------------------------------------------------------------------------------------------
  P |  Time(s) | Comp% | Comm% |  GFLOP/s | Speedup |  Eff% | Mem(MiB) | NNZ min | NNZ avg | NNZ max
-----------------------------------------------------------------------------------------------
 32 |   0.6148 |  11.7 | 136.5 |     0.000 |    0.00 |   0.01 |     0.01 |      22 |    156.3 |     198
Global FLOPs per SpMV: 10004

----------------------------------------
np=64, OMP_NUM_THREADS=2
----------------------------------------
[Rank 0] Matrix: 2000 x 2000, nnz=13966 | 1D cyclic rows over P=64
[Rank 5] Local SpMV time: 0.003942 s
[Rank 0] Local SpMV time: 0.000260 s
[Rank 63] Local SpMV time: 0.000349 s
[Rank 8] Local SpMV time: 0.004746 s
[Rank 19] Local SpMV time: 0.004649 s
[Rank 60] Local SpMV time: 0.001471 s
[Rank 61] Local SpMV time: 0.001165 s
[Rank 34] Local SpMV time: 0.005557 s
[Rank 21] Local SpMV time: 0.001449 s
[Rank 26] Local SpMV time: 0.001540 s
[Rank 31] Local SpMV time: 0.001723 s
[Rank 2] Local SpMV time: 0.005379 s
[Rank 41] Local SpMV time: 0.001998 s
[Rank 42] Local SpMV time: 0.009223 s
[Rank 55] Local SpMV time: 0.006276 s
[Rank 10] Local SpMV time: 0.001271 s
[Rank 57] Local SpMV time: 0.002612 s
[Rank 6] Local SpMV time: 0.001196 s
[Rank 59] Local SpMV time: 0.002881 s
[Rank 28] Local SpMV time: 0.001101 s
[Rank 25] Local SpMV time: 0.003155 s
[Rank 62] Local SpMV time: 0.001008 s
[Rank 47] Local SpMV time: 0.003434 s
[Rank 32] Local SpMV time: 0.000906 s
[Rank 35] Local SpMV time: 0.003700 s
[Rank 58] Local SpMV time: 0.000816 s
[Rank 56] Local SpMV time: 0.000722 s
[Rank 40] Local SpMV time: 0.000624 s
[Rank 54] Local SpMV time: 0.004404 s
[Rank 48] Local SpMV time: 0.000388 s
[Rank 24] Local SpMV time: 0.000244 s
[Rank 44] Local SpMV time: 0.004042 s
[Rank 16] Local SpMV time: 0.000173 s
[Rank 4] Local SpMV time: 0.003970 s
[Rank 12] Local SpMV time: 0.007888 s
[Rank 33] Local SpMV time: 0.020944 s
[Rank 52] Local SpMV time: 0.000192 s
[Rank 14] Local SpMV time: 0.003937 s
[Rank 38] Local SpMV time: 0.007877 s
[Rank 46] Local SpMV time: 0.000058 s
[Rank 18] Local SpMV time: 0.000055 s
[Rank 36] Local SpMV time: 0.000050 s
[Rank 20] Local SpMV time: 0.000120 s
[Rank 30] Local SpMV time: 0.003943 s
[Rank 22] Local SpMV time: 0.000119 s
[Rank 50] Local SpMV time: 0.003946 s
[Rank 1] Local SpMV time: 0.123995 s
[Rank 45] Local SpMV time: 0.135926 s
[Rank 53] Local SpMV time: 0.131934 s
[Rank 11] Local SpMV time: 0.127995 s
[Rank 17] Local SpMV time: 0.127998 s
[Rank 37] Local SpMV time: 0.131887 s
[Rank 39] Local SpMV time: 0.126986 s
[Rank 7] Local SpMV time: 0.130947 s
[Rank 3] Local SpMV time: 0.126017 s
[Rank 49] Local SpMV time: 0.125990 s
[Rank 51] Local SpMV time: 0.125989 s
[Rank 9] Local SpMV time: 0.129950 s
[Rank 23] Local SpMV time: 0.125992 s
[Rank 15] Local SpMV time: 0.125996 s
[Rank 27] Local SpMV time: 0.125991 s
[Rank 13] Local SpMV time: 0.125997 s
[Rank 43] Local SpMV time: 0.126001 s
[Rank 29] Local SpMV time: 0.125992 s

-----------------------------------------------------------------------------------------------
  P |  Time(s) | Comp% | Comm% |  GFLOP/s | Speedup |  Eff% | Mem(MiB) | NNZ min | NNZ avg | NNZ max
-----------------------------------------------------------------------------------------------
 64 |   1.6590 |   8.2 | 132.8 |     0.000 |    0.00 |   0.00 |     0.00 |       7 |     70.3 |     111
Global FLOPs per SpMV: 9002

----------------------------------------
np=128, OMP_NUM_THREADS=1
----------------------------------------
[Rank 0] Matrix: 2000 x 2000, nnz=13966 | 1D cyclic rows over P=128
[Rank 126] Local SpMV time: 0.000044 s
[Rank 127] Local SpMV time: 0.000024 s
[Rank 120] Local SpMV time: 0.000039 s
[Rank 116] Local SpMV time: 0.000023 s
[Rank 123] Local SpMV time: 0.000018 s
[Rank 125] Local SpMV time: 0.000017 s
[Rank 122] Local SpMV time: 0.000041 s
[Rank 92] Local SpMV time: 0.000026 s
[Rank 115] Local SpMV time: 0.000019 s
[Rank 46] Local SpMV time: 0.000020 s
[Rank 121] Local SpMV time: 0.000018 s
[Rank 83] Local SpMV time: 0.000019 s
[Rank 52] Local SpMV time: 0.000017 s
[Rank 37] Local SpMV time: 0.000016 s
[Rank 38] Local SpMV time: 0.000025 s
[Rank 107] Local SpMV time: 0.000018 s
[Rank 49] Local SpMV time: 0.000018 s
[Rank 10] Local SpMV time: 0.000039 s
[Rank 99] Local SpMV time: 0.000018 s
[Rank 63] Local SpMV time: 0.000016 s
[Rank 28] Local SpMV time: 0.000022 s
[Rank 81] Local SpMV time: 0.000018 s
[Rank 55] Local SpMV time: 0.000016 s
[Rank 14] Local SpMV time: 0.000015 s
[Rank 105] Local SpMV time: 0.000019 s
[Rank 74] Local SpMV time: 0.000022 s
[Rank 39] Local SpMV time: 0.000017 s
[Rank 64] Local SpMV time: 0.000021 s
[Rank 75] Local SpMV time: 0.000019 s
[Rank 118] Local SpMV time: 0.000021 s
[Rank 85] Local SpMV time: 0.000019 s
[Rank 117] Local SpMV time: 0.000015 s
[Rank 106] Local SpMV time: 0.000037 s
[Rank 45] Local SpMV time: 0.000015 s
[Rank 34] Local SpMV time: 0.000015 s
[Rank 53] Local SpMV time: 0.000018 s
[Rank 90] Local SpMV time: 0.000023 s
[Rank 11] Local SpMV time: 0.000019 s
[Rank 82] Local SpMV time: 0.000015 s
[Rank 47] Local SpMV time: 0.000019 s
[Rank 12] Local SpMV time: 0.000021 s
[Rank 33] Local SpMV time: 0.000018 s
[Rank 68] Local SpMV time: 0.000019 s
[Rank 101] Local SpMV time: 0.000016 s
[Rank 108] Local SpMV time: 0.000020 s
[Rank 1] Local SpMV time: 0.000019 s
[Rank 58] Local SpMV time: 0.000030 s
[Rank 19] Local SpMV time: 0.000019 s
[Rank 112] Local SpMV time: 0.000022 s
[Rank 9] Local SpMV time: 0.000018 s
[Rank 30] Local SpMV time: 0.000015 s
[Rank 13] Local SpMV time: 0.000018 s
[Rank 8] Local SpMV time: 0.000021 s
[Rank 79] Local SpMV time: 0.000018 s
[Rank 36] Local SpMV time: 0.000014 s
[Rank 61] Local SpMV time: 0.000014 s
[Rank 78] Local SpMV time: 0.000021 s
[Rank 89] Local SpMV time: 0.000017 s
[Rank 70] Local SpMV time: 0.000021 s
[Rank 3] Local SpMV time: 0.000018 s
[Rank 54] Local SpMV time: 0.000021 s
[Rank 43] Local SpMV time: 0.000015 s
[Rank 71] Local SpMV time: 0.000019 s
[Rank 77] Local SpMV time: 0.000017 s
[Rank 80] Local SpMV time: 0.000022 s
[Rank 7] Local SpMV time: 0.000019 s
[Rank 84] Local SpMV time: 0.000021 s
[Rank 97] Local SpMV time: 0.000018 s
[Rank 16] Local SpMV time: 0.000020 s
[Rank 91] Local SpMV time: 0.000017 s
[Rank 17] Local SpMV time: 0.000018 s
[Rank 102] Local SpMV time: 0.000019 s
[Rank 31] Local SpMV time: 0.000018 s
[Rank 66] Local SpMV time: 0.000022 s
[Rank 93] Local SpMV time: 0.000017 s
[Rank 114] Local SpMV time: 0.000019 s
[Rank 15] Local SpMV time: 0.000018 s
[Rank 62] Local SpMV time: 0.000023 s
[Rank 57] Local SpMV time: 0.000018 s
[Rank 50] Local SpMV time: 0.000021 s
[Rank 69] Local SpMV time: 0.000015 s
[Rank 96] Local SpMV time: 0.000020 s
[Rank 29] Local SpMV time: 0.000018 s
[Rank 98] Local SpMV time: 0.000021 s
[Rank 73] Local SpMV time: 0.000014 s
[Rank 44] Local SpMV time: 0.000021 s
[Rank 67] Local SpMV time: 0.000015 s
[Rank 40] Local SpMV time: 0.000020 s
[Rank 51] Local SpMV time: 0.000015 s
[Rank 86] Local SpMV time: 0.000019 s
[Rank 87] Local SpMV time: 0.000017 s
[Rank 56] Local SpMV time: 0.000021 s
[Rank 59] Local SpMV time: 0.000015 s
[Rank 104] Local SpMV time: 0.000022 s
[Rank 4] Local SpMV time: 0.000015 s
[Rank 103] Local SpMV time: 0.000016 s
[Rank 65] Local SpMV time: 0.000018 s
[Rank 22] Local SpMV time: 0.000020 s
[Rank 41] Local SpMV time: 0.000016 s
[Rank 20] Local SpMV time: 0.000019 s
[Rank 23] Local SpMV time: 0.000018 s
[Rank 18] Local SpMV time: 0.000014 s
[Rank 21] Local SpMV time: 0.000018 s
[Rank 26] Local SpMV time: 0.000022 s
[Rank 25] Local SpMV time: 0.000017 s
[Rank 32] Local SpMV time: 0.000014 s
[Rank 94] Local SpMV time: 0.000018 s
[Rank 35] Local SpMV time: 0.000019 s
[Rank 88] Local SpMV time: 0.000022 s
[Rank 72] Local SpMV time: 0.000022 s
[Rank 111] Local SpMV time: 0.000016 s
[Rank 6] Local SpMV time: 0.000018 s
[Rank 27] Local SpMV time: 0.000018 s
[Rank 110] Local SpMV time: 0.000018 s
[Rank 95] Local SpMV time: 0.000017 s
[Rank 5] Local SpMV time: 0.000020 s
[Rank 60] Local SpMV time: 0.000015 s
[Rank 119] Local SpMV time: 0.000016 s
[Rank 48] Local SpMV time: 0.000020 s
[Rank 24] Local SpMV time: 0.000023 s
[Rank 42] Local SpMV time: 0.000019 s
[Rank 100] Local SpMV time: 0.000021 s
[Rank 2] Local SpMV time: 0.000023 s
[Rank 124] Local SpMV time: 0.000019 s
[Rank 0] Local SpMV time: 0.000014 s
[Rank 109] Local SpMV time: 0.000019 s
[Rank 113] Local SpMV time: 0.000017 s
[Rank 76] Local SpMV time: 0.000023 s

-----------------------------------------------------------------------------------------------
  P |  Time(s) | Comp% | Comm% |  GFLOP/s | Speedup |  Eff% | Mem(MiB) | NNZ min | NNZ avg | NNZ max
-----------------------------------------------------------------------------------------------
128 |   4.8521 |   0.0 | 122.5 |     0.000 |    0.00 |   0.00 |     0.00 |       0 |     34.4 |      72
Global FLOPs per SpMV: 8800

