Strong scaling results for nemeth05.mtx
Date: Fri Jan  9 18:34:38 CET 2026
----------------------------------------

[Rank 0] Matrix: 9506 x 9506, nnz=202157 | 1D cyclic rows over P=1
[Rank 0] Local SpMV time: 0.002383 s

-----------------------------------------------------------------------------------------------
  P |  Time(s) | Comp% | Comm% |  GFLOP/s | Speedup |  Eff% | Mem(MiB) | NNZ min | NNZ avg | NNZ max
-----------------------------------------------------------------------------------------------
  1 |   0.0025 |  93.8 |   2.9 |     0.311 |    N/A   |   N/A  |    10.72 |  394808 | 394808.0 |  394808
Global FLOPs per SpMV: 789616
BASELINE_T1=0.0025

----------------------------------------
np=2, OMP_NUM_THREADS=64
----------------------------------------
[Rank 0] Matrix: 9506 x 9506, nnz=202157 | 1D cyclic rows over P=2
[Rank 0] Local SpMV time: 0.001797 s
[Rank 1] Local SpMV time: 0.001894 s

-----------------------------------------------------------------------------------------------
  P |  Time(s) | Comp% | Comm% |  GFLOP/s | Speedup |  Eff% | Mem(MiB) | NNZ min | NNZ avg | NNZ max
-----------------------------------------------------------------------------------------------
  2 |   0.0025 |  76.3 |  42.6 |     0.161 |    1.01 |  50.40 |     2.83 |   97922 |  99776.0 |  101630
Global FLOPs per SpMV: 399104

----------------------------------------
np=4, OMP_NUM_THREADS=32
----------------------------------------
[Rank 0] Matrix: 9506 x 9506, nnz=202157 | 1D cyclic rows over P=4
[Rank 3] Local SpMV time: 0.000949 s
[Rank 2] Local SpMV time: 0.001307 s
[Rank 0] Local SpMV time: 0.001013 s
[Rank 1] Local SpMV time: 0.001209 s

-----------------------------------------------------------------------------------------------
  P |  Time(s) | Comp% | Comm% |  GFLOP/s | Speedup |  Eff% | Mem(MiB) | NNZ min | NNZ avg | NNZ max
-----------------------------------------------------------------------------------------------
  4 |   0.0462 |   2.8 |  98.2 |     0.004 |    0.05 |   1.35 |     0.77 |   24485 |  25446.8 |   26315
Global FLOPs per SpMV: 203574

----------------------------------------
np=8, OMP_NUM_THREADS=16
----------------------------------------
[Rank 0] Matrix: 9506 x 9506, nnz=202157 | 1D cyclic rows over P=8
[Rank 2] Local SpMV time: 0.000673 s
[Rank 5] Local SpMV time: 0.001072 s
[Rank 0] Local SpMV time: 0.000669 s
[Rank 1] Local SpMV time: 0.002857 s
[Rank 6] Local SpMV time: 0.000699 s
[Rank 7] Local SpMV time: 0.004573 s
[Rank 4] Local SpMV time: 0.007507 s
[Rank 3] Local SpMV time: 0.010990 s

-----------------------------------------------------------------------------------------------
  P |  Time(s) | Comp% | Comm% |  GFLOP/s | Speedup |  Eff% | Mem(MiB) | NNZ min | NNZ avg | NNZ max
-----------------------------------------------------------------------------------------------
  8 |   0.1195 |   9.2 | 134.1 |     0.001 |    0.02 |   0.26 |     0.22 |    6133 |   6612.6 |    7043
Global FLOPs per SpMV: 105802

----------------------------------------
np=16, OMP_NUM_THREADS=8
----------------------------------------
[Rank 0] Matrix: 9506 x 9506, nnz=202157 | 1D cyclic rows over P=16
[Rank 6] Local SpMV time: 0.000601 s
[Rank 7] Local SpMV time: 0.000795 s
[Rank 10] Local SpMV time: 0.005126 s
[Rank 15] Local SpMV time: 0.001671 s
[Rank 4] Local SpMV time: 0.001710 s
[Rank 1] Local SpMV time: 0.002221 s
[Rank 8] Local SpMV time: 0.002247 s
[Rank 13] Local SpMV time: 0.002750 s
[Rank 2] Local SpMV time: 0.003041 s
[Rank 3] Local SpMV time: 0.034879 s
[Rank 9] Local SpMV time: 0.050743 s
[Rank 12] Local SpMV time: 0.031927 s
[Rank 11] Local SpMV time: 0.035920 s
[Rank 0] Local SpMV time: 0.035969 s
[Rank 14] Local SpMV time: 0.036000 s
[Rank 5] Local SpMV time: 0.035995 s

-----------------------------------------------------------------------------------------------
  P |  Time(s) | Comp% | Comm% |  GFLOP/s | Speedup |  Eff% | Mem(MiB) | NNZ min | NNZ avg | NNZ max
-----------------------------------------------------------------------------------------------
 16 |   0.2880 |  17.6 | 114.1 |     0.000 |    0.01 |   0.05 |     0.07 |    1546 |   1780.8 |    1929
Global FLOPs per SpMV: 56984

----------------------------------------
np=32, OMP_NUM_THREADS=4
----------------------------------------
[Rank 0] Matrix: 9506 x 9506, nnz=202157 | 1D cyclic rows over P=32
[Rank 14] Local SpMV time: 0.000229 s
[Rank 7] Local SpMV time: 0.000156 s
[Rank 28] Local SpMV time: 0.000420 s
[Rank 19] Local SpMV time: 0.004618 s
[Rank 30] Local SpMV time: 0.000559 s
[Rank 21] Local SpMV time: 0.005850 s
[Rank 4] Local SpMV time: 0.000504 s
[Rank 3] Local SpMV time: 0.006146 s
[Rank 8] Local SpMV time: 0.004393 s
[Rank 9] Local SpMV time: 0.002471 s
[Rank 26] Local SpMV time: 0.000552 s
[Rank 11] Local SpMV time: 0.002789 s
[Rank 2] Local SpMV time: 0.004598 s
[Rank 5] Local SpMV time: 0.003103 s
[Rank 22] Local SpMV time: 0.004749 s
[Rank 23] Local SpMV time: 0.003400 s
[Rank 10] Local SpMV time: 0.000901 s
[Rank 27] Local SpMV time: 0.003709 s
[Rank 18] Local SpMV time: 0.000840 s
[Rank 16] Local SpMV time: 0.000933 s
[Rank 12] Local SpMV time: 0.004817 s
[Rank 24] Local SpMV time: 0.000844 s
[Rank 20] Local SpMV time: 0.000780 s
[Rank 0] Local SpMV time: 0.000723 s
[Rank 6] Local SpMV time: 0.000662 s
[Rank 1] Local SpMV time: 0.001875 s
[Rank 29] Local SpMV time: 0.063990 s
[Rank 15] Local SpMV time: 0.065949 s
[Rank 13] Local SpMV time: 0.061995 s
[Rank 31] Local SpMV time: 0.061997 s
[Rank 25] Local SpMV time: 0.061996 s
[Rank 17] Local SpMV time: 0.065954 s

-----------------------------------------------------------------------------------------------
  P |  Time(s) | Comp% | Comm% |  GFLOP/s | Speedup |  Eff% | Mem(MiB) | NNZ min | NNZ avg | NNZ max
-----------------------------------------------------------------------------------------------
 32 |   0.6480 |  10.2 | 141.8 |     0.000 |    0.00 |   0.01 |     0.03 |     383 |    508.5 |     574
Global FLOPs per SpMV: 32542

----------------------------------------
np=64, OMP_NUM_THREADS=2
----------------------------------------
[Rank 0] Matrix: 9506 x 9506, nnz=202157 | 1D cyclic rows over P=64
[Rank 19] Local SpMV time: 0.003952 s
[Rank 29] Local SpMV time: 0.000232 s
[Rank 13] Local SpMV time: 0.000200 s
[Rank 16] Local SpMV time: 0.000156 s
[Rank 5] Local SpMV time: 0.000481 s
[Rank 60] Local SpMV time: 0.004624 s
[Rank 33] Local SpMV time: 0.007869 s
[Rank 44] Local SpMV time: 0.007932 s
[Rank 22] Local SpMV time: 0.032056 s
[Rank 17] Local SpMV time: 0.001044 s
[Rank 62] Local SpMV time: 0.012898 s
[Rank 49] Local SpMV time: 0.001309 s
[Rank 36] Local SpMV time: 0.016736 s
[Rank 57] Local SpMV time: 0.001585 s
[Rank 32] Local SpMV time: 0.000904 s
[Rank 37] Local SpMV time: 0.005809 s
[Rank 14] Local SpMV time: 0.004749 s
[Rank 55] Local SpMV time: 0.002147 s
[Rank 34] Local SpMV time: 0.008598 s
[Rank 7] Local SpMV time: 0.006358 s
[Rank 2] Local SpMV time: 0.000647 s
[Rank 43] Local SpMV time: 0.002709 s
[Rank 18] Local SpMV time: 0.004490 s
[Rank 45] Local SpMV time: 0.006935 s
[Rank 26] Local SpMV time: 0.004419 s
[Rank 39] Local SpMV time: 0.011151 s
[Rank 42] Local SpMV time: 0.008202 s
[Rank 27] Local SpMV time: 0.003557 s
[Rank 58] Local SpMV time: 0.000123 s
[Rank 53] Local SpMV time: 0.003832 s
[Rank 24] Local SpMV time: 0.000068 s
[Rank 12] Local SpMV time: 0.000188 s
[Rank 28] Local SpMV time: 0.003940 s
[Rank 30] Local SpMV time: 0.007948 s
[Rank 54] Local SpMV time: 0.004002 s
[Rank 38] Local SpMV time: 0.000132 s
[Rank 50] Local SpMV time: 0.003999 s
[Rank 20] Local SpMV time: 0.004009 s
[Rank 52] Local SpMV time: 0.000059 s
[Rank 0] Local SpMV time: 0.000064 s
[Rank 4] Local SpMV time: 0.000052 s
[Rank 6] Local SpMV time: 0.000124 s
[Rank 46] Local SpMV time: 0.003947 s
[Rank 8] Local SpMV time: 0.000064 s
[Rank 48] Local SpMV time: 0.000113 s
[Rank 10] Local SpMV time: 0.003956 s
[Rank 61] Local SpMV time: 0.000055 s
[Rank 56] Local SpMV time: 0.000079 s
[Rank 3] Local SpMV time: 0.000059 s
[Rank 40] Local SpMV time: 0.003994 s
[Rank 51] Local SpMV time: 0.131924 s
[Rank 63] Local SpMV time: 0.127985 s
[Rank 1] Local SpMV time: 0.127994 s
[Rank 47] Local SpMV time: 0.127989 s
[Rank 25] Local SpMV time: 0.131942 s
[Rank 21] Local SpMV time: 0.127997 s
[Rank 15] Local SpMV time: 0.128000 s
[Rank 35] Local SpMV time: 0.123992 s
[Rank 23] Local SpMV time: 0.135953 s
[Rank 11] Local SpMV time: 0.131950 s
[Rank 9] Local SpMV time: 0.135901 s
[Rank 59] Local SpMV time: 0.127987 s
[Rank 41] Local SpMV time: 0.127989 s
[Rank 31] Local SpMV time: 0.128009 s

-----------------------------------------------------------------------------------------------
  P |  Time(s) | Comp% | Comm% |  GFLOP/s | Speedup |  Eff% | Mem(MiB) | NNZ min | NNZ avg | NNZ max
-----------------------------------------------------------------------------------------------
 64 |   1.5440 |   8.8 | 143.4 |     0.000 |    0.00 |   0.00 |     0.01 |      90 |    159.5 |     212
Global FLOPs per SpMV: 20414

----------------------------------------
np=128, OMP_NUM_THREADS=1
----------------------------------------
[Rank 0] Matrix: 9506 x 9506, nnz=202157 | 1D cyclic rows over P=128
[Rank 42] Local SpMV time: 0.000036 s
[Rank 82] Local SpMV time: 0.000024 s
[Rank 46] Local SpMV time: 0.000017 s
[Rank 70] Local SpMV time: 0.000023 s
[Rank 77] Local SpMV time: 0.000025 s
[Rank 84] Local SpMV time: 0.000017 s
[Rank 85] Local SpMV time: 0.000020 s
[Rank 44] Local SpMV time: 0.000016 s
[Rank 47] Local SpMV time: 0.000020 s
[Rank 115] Local SpMV time: 0.000020 s
[Rank 80] Local SpMV time: 0.000027 s
[Rank 91] Local SpMV time: 0.000015 s
[Rank 78] Local SpMV time: 0.000022 s
[Rank 49] Local SpMV time: 0.000019 s
[Rank 88] Local SpMV time: 0.000022 s
[Rank 53] Local SpMV time: 0.000017 s
[Rank 118] Local SpMV time: 0.000022 s
[Rank 76] Local SpMV time: 0.000020 s
[Rank 34] Local SpMV time: 0.000026 s
[Rank 89] Local SpMV time: 0.000022 s
[Rank 48] Local SpMV time: 0.000022 s
[Rank 21] Local SpMV time: 0.000019 s
[Rank 90] Local SpMV time: 0.000016 s
[Rank 24] Local SpMV time: 0.000022 s
[Rank 97] Local SpMV time: 0.000020 s
[Rank 112] Local SpMV time: 0.000021 s
[Rank 40] Local SpMV time: 0.000021 s
[Rank 104] Local SpMV time: 0.000015 s
[Rank 50] Local SpMV time: 0.000024 s
[Rank 38] Local SpMV time: 0.000020 s
[Rank 28] Local SpMV time: 0.000020 s
[Rank 107] Local SpMV time: 0.000016 s
[Rank 113] Local SpMV time: 0.000017 s
[Rank 37] Local SpMV time: 0.000018 s
[Rank 124] Local SpMV time: 0.000025 s
[Rank 33] Local SpMV time: 0.000019 s
[Rank 51] Local SpMV time: 0.000020 s
[Rank 30] Local SpMV time: 0.000020 s
[Rank 31] Local SpMV time: 0.000020 s
[Rank 122] Local SpMV time: 0.000022 s
[Rank 26] Local SpMV time: 0.000014 s
[Rank 71] Local SpMV time: 0.000022 s
[Rank 102] Local SpMV time: 0.000021 s
[Rank 94] Local SpMV time: 0.000025 s
[Rank 45] Local SpMV time: 0.000019 s
[Rank 32] Local SpMV time: 0.000030 s
[Rank 110] Local SpMV time: 0.000022 s
[Rank 43] Local SpMV time: 0.000021 s
[Rank 35] Local SpMV time: 0.000016 s
[Rank 116] Local SpMV time: 0.000015 s
[Rank 123] Local SpMV time: 0.000018 s
[Rank 105] Local SpMV time: 0.000015 s
[Rank 106] Local SpMV time: 0.000019 s
[Rank 52] Local SpMV time: 0.000025 s
[Rank 41] Local SpMV time: 0.000021 s
[Rank 55] Local SpMV time: 0.000020 s
[Rank 114] Local SpMV time: 0.000015 s
[Rank 111] Local SpMV time: 0.000019 s
[Rank 92] Local SpMV time: 0.000020 s
[Rank 87] Local SpMV time: 0.000020 s
[Rank 29] Local SpMV time: 0.000020 s
[Rank 74] Local SpMV time: 0.000023 s
[Rank 117] Local SpMV time: 0.000021 s
[Rank 39] Local SpMV time: 0.000017 s
[Rank 19] Local SpMV time: 0.000019 s
[Rank 36] Local SpMV time: 0.000017 s
[Rank 95] Local SpMV time: 0.000017 s
[Rank 125] Local SpMV time: 0.000017 s
[Rank 120] Local SpMV time: 0.000020 s
[Rank 79] Local SpMV time: 0.000015 s
[Rank 54] Local SpMV time: 0.000022 s
[Rank 99] Local SpMV time: 0.000016 s
[Rank 57] Local SpMV time: 0.000022 s
[Rank 86] Local SpMV time: 0.000025 s
[Rank 103] Local SpMV time: 0.000023 s
[Rank 72] Local SpMV time: 0.000023 s
[Rank 93] Local SpMV time: 0.000019 s
[Rank 56] Local SpMV time: 0.000016 s
[Rank 17] Local SpMV time: 0.000016 s
[Rank 96] Local SpMV time: 0.000025 s
[Rank 127] Local SpMV time: 0.000021 s
[Rank 10] Local SpMV time: 0.000024 s
[Rank 61] Local SpMV time: 0.000019 s
[Rank 100] Local SpMV time: 0.000021 s
[Rank 0] Local SpMV time: 0.000019 s
[Rank 11] Local SpMV time: 0.000024 s
[Rank 121] Local SpMV time: 0.000019 s
[Rank 108] Local SpMV time: 0.000039 s
[Rank 81] Local SpMV time: 0.000018 s
[Rank 109] Local SpMV time: 0.000016 s
[Rank 12] Local SpMV time: 0.000020 s
[Rank 27] Local SpMV time: 0.000020 s
[Rank 101] Local SpMV time: 0.000018 s
[Rank 68] Local SpMV time: 0.000021 s
[Rank 5] Local SpMV time: 0.000018 s
[Rank 4] Local SpMV time: 0.000017 s
[Rank 126] Local SpMV time: 0.000022 s
[Rank 13] Local SpMV time: 0.000022 s
[Rank 1] Local SpMV time: 0.000023 s
[Rank 98] Local SpMV time: 0.000040 s
[Rank 119] Local SpMV time: 0.000018 s
[Rank 15] Local SpMV time: 0.000020 s
[Rank 67] Local SpMV time: 0.000015 s
[Rank 22] Local SpMV time: 0.000040 s
[Rank 63] Local SpMV time: 0.000015 s
[Rank 73] Local SpMV time: 0.000021 s
[Rank 9] Local SpMV time: 0.000019 s
[Rank 59] Local SpMV time: 0.000021 s
[Rank 20] Local SpMV time: 0.000039 s
[Rank 3] Local SpMV time: 0.000017 s
[Rank 62] Local SpMV time: 0.000039 s
[Rank 58] Local SpMV time: 0.000016 s
[Rank 14] Local SpMV time: 0.000018 s
[Rank 7] Local SpMV time: 0.000021 s
[Rank 23] Local SpMV time: 0.000020 s
[Rank 75] Local SpMV time: 0.000016 s
[Rank 66] Local SpMV time: 0.000043 s
[Rank 65] Local SpMV time: 0.000020 s
[Rank 64] Local SpMV time: 0.000026 s
[Rank 8] Local SpMV time: 0.000017 s
[Rank 69] Local SpMV time: 0.000018 s
[Rank 83] Local SpMV time: 0.000016 s
[Rank 60] Local SpMV time: 0.000031 s
[Rank 2] Local SpMV time: 0.000023 s
[Rank 16] Local SpMV time: 0.000022 s
[Rank 18] Local SpMV time: 0.000025 s
[Rank 25] Local SpMV time: 0.000021 s
[Rank 6] Local SpMV time: 0.000025 s

-----------------------------------------------------------------------------------------------
  P |  Time(s) | Comp% | Comm% |  GFLOP/s | Speedup |  Eff% | Mem(MiB) | NNZ min | NNZ avg | NNZ max
-----------------------------------------------------------------------------------------------
128 |   4.1521 |   0.0 | 124.7 |     0.000 |    0.00 |   0.00 |     0.01 |      29 |     55.7 |     101
Global FLOPs per SpMV: 14270

