Strong scaling results for nemeth19.mtx
Date: Fri Jan  9 18:36:52 CET 2026
----------------------------------------

[Rank 0] Matrix: 9506 x 9506, nnz=413904 | 1D cyclic rows over P=1
[Rank 0] Local SpMV time: 0.002175 s

-----------------------------------------------------------------------------------------------
  P |  Time(s) | Comp% | Comm% |  GFLOP/s | Speedup |  Eff% | Mem(MiB) | NNZ min | NNZ avg | NNZ max
-----------------------------------------------------------------------------------------------
  1 |   0.0023 |  93.0 |   3.4 |     0.700 |    N/A   |   N/A  |    22.03 |  818302 | 818302.0 |  818302
Global FLOPs per SpMV: 1636604
BASELINE_T1=0.0023

----------------------------------------
np=2, OMP_NUM_THREADS=64
----------------------------------------
[Rank 0] Matrix: 9506 x 9506, nnz=413904 | 1D cyclic rows over P=2
[Rank 0] Local SpMV time: 0.001971 s
[Rank 1] Local SpMV time: 0.006052 s

-----------------------------------------------------------------------------------------------
  P |  Time(s) | Comp% | Comm% |  GFLOP/s | Speedup |  Eff% | Mem(MiB) | NNZ min | NNZ avg | NNZ max
-----------------------------------------------------------------------------------------------
  2 |   0.0065 |  93.1 |  75.9 |     0.126 |    0.35 |  17.69 |     5.68 |  202860 | 205534.5 |  208209
Global FLOPs per SpMV: 822138

----------------------------------------
np=4, OMP_NUM_THREADS=32
----------------------------------------
[Rank 0] Matrix: 9506 x 9506, nnz=413904 | 1D cyclic rows over P=4
[Rank 1] Local SpMV time: 0.001029 s
[Rank 2] Local SpMV time: 0.001364 s
[Rank 3] Local SpMV time: 0.010774 s
[Rank 0] Local SpMV time: 0.001134 s

-----------------------------------------------------------------------------------------------
  P |  Time(s) | Comp% | Comm% |  GFLOP/s | Speedup |  Eff% | Mem(MiB) | NNZ min | NNZ avg | NNZ max
-----------------------------------------------------------------------------------------------
  4 |   0.0531 |  20.3 |  97.9 |     0.008 |    0.04 |   1.08 |     1.49 |   50689 |  51907.2 |   53332
Global FLOPs per SpMV: 415258

----------------------------------------
np=8, OMP_NUM_THREADS=16
----------------------------------------
[Rank 0] Matrix: 9506 x 9506, nnz=413904 | 1D cyclic rows over P=8
[Rank 2] Local SpMV time: 0.000907 s
[Rank 5] Local SpMV time: 0.001128 s
[Rank 0] Local SpMV time: 0.000911 s
[Rank 1] Local SpMV time: 0.002691 s
[Rank 6] Local SpMV time: 0.000886 s
[Rank 7] Local SpMV time: 0.004858 s
[Rank 4] Local SpMV time: 0.000945 s
[Rank 3] Local SpMV time: 0.002032 s

-----------------------------------------------------------------------------------------------
  P |  Time(s) | Comp% | Comm% |  GFLOP/s | Speedup |  Eff% | Mem(MiB) | NNZ min | NNZ avg | NNZ max
-----------------------------------------------------------------------------------------------
  8 |   0.1511 |   3.2 | 111.4 |     0.001 |    0.02 |   0.19 |     0.41 |   12681 |  13246.5 |   14002
Global FLOPs per SpMV: 211944

----------------------------------------
np=16, OMP_NUM_THREADS=8
----------------------------------------
[Rank 0] Matrix: 9506 x 9506, nnz=413904 | 1D cyclic rows over P=16
[Rank 9] Local SpMV time: 0.000502 s
[Rank 10] Local SpMV time: 0.000593 s
[Rank 1] Local SpMV time: 0.001335 s
[Rank 8] Local SpMV time: 0.005634 s
[Rank 7] Local SpMV time: 0.002087 s
[Rank 12] Local SpMV time: 0.002819 s
[Rank 5] Local SpMV time: 0.002765 s
[Rank 2] Local SpMV time: 0.003886 s
[Rank 11] Local SpMV time: 0.003422 s
[Rank 3] Local SpMV time: 0.005688 s
[Rank 0] Local SpMV time: 0.032221 s
[Rank 15] Local SpMV time: 0.031987 s
[Rank 14] Local SpMV time: 0.032001 s
[Rank 13] Local SpMV time: 0.035908 s
[Rank 6] Local SpMV time: 0.056226 s
[Rank 4] Local SpMV time: 0.035916 s

-----------------------------------------------------------------------------------------------
  P |  Time(s) | Comp% | Comm% |  GFLOP/s | Speedup |  Eff% | Mem(MiB) | NNZ min | NNZ avg | NNZ max
-----------------------------------------------------------------------------------------------
 16 |   0.2532 |  22.2 | 115.0 |     0.000 |    0.01 |   0.06 |     0.12 |    3188 |   3443.1 |    3753
Global FLOPs per SpMV: 110178

----------------------------------------
np=32, OMP_NUM_THREADS=4
----------------------------------------
[Rank 0] Matrix: 9506 x 9506, nnz=413904 | 1D cyclic rows over P=32
[Rank 14] Local SpMV time: 0.000265 s
[Rank 9] Local SpMV time: 0.000305 s
[Rank 0] Local SpMV time: 0.000483 s
[Rank 1] Local SpMV time: 0.004720 s
[Rank 10] Local SpMV time: 0.000560 s
[Rank 19] Local SpMV time: 0.001714 s
[Rank 12] Local SpMV time: 0.000721 s
[Rank 13] Local SpMV time: 0.002192 s
[Rank 20] Local SpMV time: 0.004619 s
[Rank 25] Local SpMV time: 0.002853 s
[Rank 6] Local SpMV time: 0.000863 s
[Rank 7] Local SpMV time: 0.003312 s
[Rank 30] Local SpMV time: 0.000840 s
[Rank 15] Local SpMV time: 0.007721 s
[Rank 26] Local SpMV time: 0.000984 s
[Rank 8] Local SpMV time: 0.001110 s
[Rank 24] Local SpMV time: 0.001064 s
[Rank 28] Local SpMV time: 0.004980 s
[Rank 4] Local SpMV time: 0.001013 s
[Rank 16] Local SpMV time: 0.000969 s
[Rank 2] Local SpMV time: 0.004811 s
[Rank 18] Local SpMV time: 0.000821 s
[Rank 22] Local SpMV time: 0.004689 s
[Rank 31] Local SpMV time: 0.062984 s
[Rank 11] Local SpMV time: 0.062994 s
[Rank 27] Local SpMV time: 0.066927 s
[Rank 23] Local SpMV time: 0.062990 s
[Rank 29] Local SpMV time: 0.062997 s
[Rank 3] Local SpMV time: 0.063062 s
[Rank 17] Local SpMV time: 0.062990 s
[Rank 5] Local SpMV time: 0.122716 s
[Rank 21] Local SpMV time: 0.066998 s

-----------------------------------------------------------------------------------------------
  P |  Time(s) | Comp% | Comm% |  GFLOP/s | Speedup |  Eff% | Mem(MiB) | NNZ min | NNZ avg | NNZ max
-----------------------------------------------------------------------------------------------
 32 |   0.5830 |  21.0 | 121.3 |     0.000 |    0.00 |   0.01 |     0.04 |     776 |    927.3 |    1038
Global FLOPs per SpMV: 59350

----------------------------------------
np=64, OMP_NUM_THREADS=2
----------------------------------------
[Rank 0] Matrix: 9506 x 9506, nnz=413904 | 1D cyclic rows over P=64
[Rank 61] Local SpMV time: 0.000072 s
[Rank 8] Local SpMV time: 0.000208 s
[Rank 51] Local SpMV time: 0.003999 s
[Rank 12] Local SpMV time: 0.004163 s
[Rank 36] Local SpMV time: 0.000215 s
[Rank 39] Local SpMV time: 0.005008 s
[Rank 28] Local SpMV time: 0.004067 s
[Rank 33] Local SpMV time: 0.001320 s
[Rank 52] Local SpMV time: 0.000070 s
[Rank 27] Local SpMV time: 0.001611 s
[Rank 16] Local SpMV time: 0.000064 s
[Rank 17] Local SpMV time: 0.005838 s
[Rank 50] Local SpMV time: 0.000144 s
[Rank 25] Local SpMV time: 0.002250 s
[Rank 26] Local SpMV time: 0.004039 s
[Rank 15] Local SpMV time: 0.006492 s
[Rank 34] Local SpMV time: 0.000152 s
[Rank 9] Local SpMV time: 0.010712 s
[Rank 20] Local SpMV time: 0.004107 s
[Rank 1] Local SpMV time: 0.003201 s
[Rank 30] Local SpMV time: 0.003913 s
[Rank 55] Local SpMV time: 0.011481 s
[Rank 40] Local SpMV time: 0.007987 s
[Rank 57] Local SpMV time: 0.003805 s
[Rank 32] Local SpMV time: 0.000076 s
[Rank 2] Local SpMV time: 0.000069 s
[Rank 46] Local SpMV time: 0.000069 s
[Rank 56] Local SpMV time: 0.060252 s
[Rank 6] Local SpMV time: 0.004008 s
[Rank 38] Local SpMV time: 0.000068 s
[Rank 18] Local SpMV time: 0.000071 s
[Rank 58] Local SpMV time: 0.000067 s
[Rank 24] Local SpMV time: 0.000139 s
[Rank 44] Local SpMV time: 0.004003 s
[Rank 10] Local SpMV time: 0.004007 s
[Rank 48] Local SpMV time: 0.000138 s
[Rank 14] Local SpMV time: 0.003946 s
[Rank 42] Local SpMV time: 0.000125 s
[Rank 4] Local SpMV time: 0.003957 s
[Rank 60] Local SpMV time: 0.000066 s
[Rank 22] Local SpMV time: 0.000069 s
[Rank 62] Local SpMV time: 0.000074 s
[Rank 0] Local SpMV time: 0.000141 s
[Rank 54] Local SpMV time: 0.003927 s
[Rank 35] Local SpMV time: 0.126972 s
[Rank 19] Local SpMV time: 0.130931 s
[Rank 3] Local SpMV time: 0.127005 s
[Rank 5] Local SpMV time: 0.130944 s
[Rank 41] Local SpMV time: 0.126990 s
[Rank 43] Local SpMV time: 0.126987 s
[Rank 59] Local SpMV time: 0.130935 s
[Rank 45] Local SpMV time: 0.126991 s
[Rank 11] Local SpMV time: 0.127004 s
[Rank 23] Local SpMV time: 0.127000 s
[Rank 31] Local SpMV time: 0.127005 s
[Rank 49] Local SpMV time: 0.126987 s
[Rank 53] Local SpMV time: 0.126991 s
[Rank 63] Local SpMV time: 0.126988 s
[Rank 7] Local SpMV time: 0.130955 s
[Rank 37] Local SpMV time: 0.126989 s
[Rank 21] Local SpMV time: 0.131008 s
[Rank 47] Local SpMV time: 0.130996 s
[Rank 13] Local SpMV time: 0.135967 s
[Rank 29] Local SpMV time: 0.132010 s

-----------------------------------------------------------------------------------------------
  P |  Time(s) | Comp% | Comm% |  GFLOP/s | Speedup |  Eff% | Mem(MiB) | NNZ min | NNZ avg | NNZ max
-----------------------------------------------------------------------------------------------
 64 |   1.5390 |   8.8 | 134.4 |     0.000 |    0.00 |   0.00 |     0.01 |     212 |    264.7 |     324
Global FLOPs per SpMV: 33880

----------------------------------------
np=128, OMP_NUM_THREADS=1
----------------------------------------
[Rank 0] Matrix: 9506 x 9506, nnz=413904 | 1D cyclic rows over P=128
[Rank 22] Local SpMV time: 0.000037 s
[Rank 26] Local SpMV time: 0.000022 s
[Rank 30] Local SpMV time: 0.000033 s
[Rank 31] Local SpMV time: 0.000033 s
[Rank 33] Local SpMV time: 0.000023 s
[Rank 40] Local SpMV time: 0.000029 s
[Rank 15] Local SpMV time: 0.000023 s
[Rank 12] Local SpMV time: 0.000030 s
[Rank 37] Local SpMV time: 0.000025 s
[Rank 38] Local SpMV time: 0.000021 s
[Rank 41] Local SpMV time: 0.000023 s
[Rank 48] Local SpMV time: 0.000025 s
[Rank 14] Local SpMV time: 0.000030 s
[Rank 18] Local SpMV time: 0.000027 s
[Rank 24] Local SpMV time: 0.000026 s
[Rank 28] Local SpMV time: 0.000025 s
[Rank 20] Local SpMV time: 0.000021 s
[Rank 36] Local SpMV time: 0.000022 s
[Rank 16] Local SpMV time: 0.000025 s
[Rank 53] Local SpMV time: 0.000026 s
[Rank 10] Local SpMV time: 0.000021 s
[Rank 32] Local SpMV time: 0.000019 s
[Rank 39] Local SpMV time: 0.000023 s
[Rank 1] Local SpMV time: 0.000024 s
[Rank 3] Local SpMV time: 0.000023 s
[Rank 88] Local SpMV time: 0.000026 s
[Rank 34] Local SpMV time: 0.000030 s
[Rank 35] Local SpMV time: 0.000024 s
[Rank 54] Local SpMV time: 0.000033 s
[Rank 23] Local SpMV time: 0.000022 s
[Rank 60] Local SpMV time: 0.000025 s
[Rank 21] Local SpMV time: 0.000022 s
[Rank 74] Local SpMV time: 0.000024 s
[Rank 47] Local SpMV time: 0.000020 s
[Rank 68] Local SpMV time: 0.000019 s
[Rank 43] Local SpMV time: 0.000020 s
[Rank 112] Local SpMV time: 0.000035 s
[Rank 111] Local SpMV time: 0.000021 s
[Rank 110] Local SpMV time: 0.000026 s
[Rank 65] Local SpMV time: 0.000018 s
[Rank 66] Local SpMV time: 0.000026 s
[Rank 97] Local SpMV time: 0.000021 s
[Rank 124] Local SpMV time: 0.000037 s
[Rank 29] Local SpMV time: 0.000020 s
[Rank 126] Local SpMV time: 0.000024 s
[Rank 95] Local SpMV time: 0.000018 s
[Rank 118] Local SpMV time: 0.000025 s
[Rank 19] Local SpMV time: 0.000020 s
[Rank 4] Local SpMV time: 0.000036 s
[Rank 13] Local SpMV time: 0.000020 s
[Rank 100] Local SpMV time: 0.000025 s
[Rank 79] Local SpMV time: 0.000018 s
[Rank 92] Local SpMV time: 0.000025 s
[Rank 55] Local SpMV time: 0.000017 s
[Rank 0] Local SpMV time: 0.000030 s
[Rank 83] Local SpMV time: 0.000021 s
[Rank 63] Local SpMV time: 0.000023 s
[Rank 96] Local SpMV time: 0.000025 s
[Rank 17] Local SpMV time: 0.000017 s
[Rank 116] Local SpMV time: 0.000024 s
[Rank 125] Local SpMV time: 0.000022 s
[Rank 108] Local SpMV time: 0.000026 s
[Rank 27] Local SpMV time: 0.000017 s
[Rank 56] Local SpMV time: 0.000023 s
[Rank 25] Local SpMV time: 0.000022 s
[Rank 122] Local SpMV time: 0.000023 s
[Rank 77] Local SpMV time: 0.000020 s
[Rank 76] Local SpMV time: 0.000025 s
[Rank 73] Local SpMV time: 0.000022 s
[Rank 127] Local SpMV time: 0.000019 s
[Rank 45] Local SpMV time: 0.000023 s
[Rank 44] Local SpMV time: 0.000018 s
[Rank 81] Local SpMV time: 0.000019 s
[Rank 102] Local SpMV time: 0.000027 s
[Rank 51] Local SpMV time: 0.000019 s
[Rank 46] Local SpMV time: 0.000036 s
[Rank 91] Local SpMV time: 0.000023 s
[Rank 89] Local SpMV time: 0.000018 s
[Rank 42] Local SpMV time: 0.000031 s
[Rank 87] Local SpMV time: 0.000020 s
[Rank 80] Local SpMV time: 0.000026 s
[Rank 123] Local SpMV time: 0.000022 s
[Rank 52] Local SpMV time: 0.000027 s
[Rank 50] Local SpMV time: 0.000023 s
[Rank 5] Local SpMV time: 0.000020 s
[Rank 106] Local SpMV time: 0.000026 s
[Rank 109] Local SpMV time: 0.000022 s
[Rank 58] Local SpMV time: 0.000025 s
[Rank 93] Local SpMV time: 0.000016 s
[Rank 64] Local SpMV time: 0.000026 s
[Rank 113] Local SpMV time: 0.000019 s
[Rank 72] Local SpMV time: 0.000016 s
[Rank 49] Local SpMV time: 0.000022 s
[Rank 8] Local SpMV time: 0.000025 s
[Rank 104] Local SpMV time: 0.000024 s
[Rank 85] Local SpMV time: 0.000022 s
[Rank 6] Local SpMV time: 0.000020 s
[Rank 11] Local SpMV time: 0.000022 s
[Rank 115] Local SpMV time: 0.000021 s
[Rank 98] Local SpMV time: 0.000026 s
[Rank 67] Local SpMV time: 0.000024 s
[Rank 114] Local SpMV time: 0.000026 s
[Rank 69] Local SpMV time: 0.000022 s
[Rank 9] Local SpMV time: 0.000021 s
[Rank 90] Local SpMV time: 0.000024 s
[Rank 86] Local SpMV time: 0.000023 s
[Rank 99] Local SpMV time: 0.000022 s
[Rank 94] Local SpMV time: 0.000018 s
[Rank 107] Local SpMV time: 0.000023 s
[Rank 61] Local SpMV time: 0.000021 s
[Rank 7] Local SpMV time: 0.000017 s
[Rank 103] Local SpMV time: 0.000021 s
[Rank 84] Local SpMV time: 0.000020 s
[Rank 121] Local SpMV time: 0.000021 s
[Rank 57] Local SpMV time: 0.000022 s
[Rank 2] Local SpMV time: 0.000027 s
[Rank 101] Local SpMV time: 0.000018 s
[Rank 117] Local SpMV time: 0.000021 s
[Rank 70] Local SpMV time: 0.000026 s
[Rank 71] Local SpMV time: 0.000020 s
[Rank 82] Local SpMV time: 0.000027 s
[Rank 105] Local SpMV time: 0.000018 s
[Rank 119] Local SpMV time: 0.000024 s
[Rank 62] Local SpMV time: 0.000027 s
[Rank 120] Local SpMV time: 0.000026 s
[Rank 78] Local SpMV time: 0.000028 s
[Rank 75] Local SpMV time: 0.000018 s
[Rank 59] Local SpMV time: 0.000017 s

-----------------------------------------------------------------------------------------------
  P |  Time(s) | Comp% | Comm% |  GFLOP/s | Speedup |  Eff% | Mem(MiB) | NNZ min | NNZ avg | NNZ max
-----------------------------------------------------------------------------------------------
128 |   4.8901 |   0.0 | 122.6 |     0.000 |    0.00 |   0.00 |     0.01 |      34 |     83.4 |     143
Global FLOPs per SpMV: 21350

