Strong scaling results for tols2000.mtx
Date: Fri Jan  9 18:41:22 CET 2026
----------------------------------------

[Rank 0] Matrix: 2000 x 2000, nnz=5184 | 1D cyclic rows over P=1
[Rank 0] Local SpMV time: 0.001615 s

-----------------------------------------------------------------------------------------------
  P |  Time(s) | Comp% | Comm% |  GFLOP/s | Speedup |  Eff% | Mem(MiB) | NNZ min | NNZ avg | NNZ max
-----------------------------------------------------------------------------------------------
  1 |   0.0017 |  96.6 |   2.4 |     0.006 |    N/A   |   N/A  |     0.18 |    5184 |   5184.0 |    5184
Global FLOPs per SpMV: 10368
BASELINE_T1=0.0017

----------------------------------------
np=2, OMP_NUM_THREADS=64
----------------------------------------
[Rank 0] Matrix: 2000 x 2000, nnz=5184 | 1D cyclic rows over P=2
[Rank 0] Local SpMV time: 0.001464 s
[Rank 1] Local SpMV time: 0.002219 s

-----------------------------------------------------------------------------------------------
  P |  Time(s) | Comp% | Comm% |  GFLOP/s | Speedup |  Eff% | Mem(MiB) | NNZ min | NNZ avg | NNZ max
-----------------------------------------------------------------------------------------------
  2 |   0.0025 |  90.5 |  41.5 |     0.003 |    0.69 |  34.66 |     0.09 |    1136 |   1864.0 |    2592
Global FLOPs per SpMV: 7456

----------------------------------------
np=4, OMP_NUM_THREADS=32
----------------------------------------
[Rank 0] Matrix: 2000 x 2000, nnz=5184 | 1D cyclic rows over P=4
[Rank 2] Local SpMV time: 0.000802 s
[Rank 1] Local SpMV time: 0.005586 s
[Rank 0] Local SpMV time: 0.000815 s
[Rank 3] Local SpMV time: 0.024651 s

-----------------------------------------------------------------------------------------------
  P |  Time(s) | Comp% | Comm% |  GFLOP/s | Speedup |  Eff% | Mem(MiB) | NNZ min | NNZ avg | NNZ max
-----------------------------------------------------------------------------------------------
  4 |   0.0580 |  42.5 | 136.4 |     0.000 |    0.03 |   0.73 |     0.05 |     269 |    790.0 |    1340
Global FLOPs per SpMV: 6320

----------------------------------------
np=8, OMP_NUM_THREADS=16
----------------------------------------
[Rank 0] Matrix: 2000 x 2000, nnz=5184 | 1D cyclic rows over P=8
[Rank 5] Local SpMV time: 0.000994 s
[Rank 6] Local SpMV time: 0.005330 s
[Rank 7] Local SpMV time: 0.002426 s
[Rank 3] Local SpMV time: 0.008790 s
[Rank 2] Local SpMV time: 0.010653 s
[Rank 4] Local SpMV time: 0.040188 s
[Rank 1] Local SpMV time: 0.028963 s
[Rank 0] Local SpMV time: 0.027679 s

-----------------------------------------------------------------------------------------------
  P |  Time(s) | Comp% | Comm% |  GFLOP/s | Speedup |  Eff% | Mem(MiB) | NNZ min | NNZ avg | NNZ max
-----------------------------------------------------------------------------------------------
  8 |   0.1592 |  25.2 |  82.6 |     0.000 |    0.01 |   0.13 |     0.02 |      67 |    352.0 |     671
Global FLOPs per SpMV: 5632

----------------------------------------
np=16, OMP_NUM_THREADS=8
----------------------------------------
[Rank 0] Matrix: 2000 x 2000, nnz=5184 | 1D cyclic rows over P=16
[Rank 15] Local SpMV time: 0.000991 s
[Rank 6] Local SpMV time: 0.000264 s
[Rank 9] Local SpMV time: 0.000967 s
[Rank 12] Local SpMV time: 0.000687 s
[Rank 10] Local SpMV time: 0.001029 s
[Rank 8] Local SpMV time: 0.001459 s
[Rank 0] Local SpMV time: 0.001905 s
[Rank 3] Local SpMV time: 0.035921 s
[Rank 5] Local SpMV time: 0.031994 s
[Rank 13] Local SpMV time: 0.031994 s
[Rank 11] Local SpMV time: 0.031998 s
[Rank 4] Local SpMV time: 0.031997 s
[Rank 7] Local SpMV time: 0.030995 s
[Rank 14] Local SpMV time: 0.056144 s
[Rank 1] Local SpMV time: 0.035001 s
[Rank 2] Local SpMV time: 0.039975 s

-----------------------------------------------------------------------------------------------
  P |  Time(s) | Comp% | Comm% |  GFLOP/s | Speedup |  Eff% | Mem(MiB) | NNZ min | NNZ avg | NNZ max
-----------------------------------------------------------------------------------------------
 16 |   0.2520 |  22.3 | 123.4 |     0.000 |    0.01 |   0.04 |     0.01 |      18 |    164.2 |     354
Global FLOPs per SpMV: 5256

----------------------------------------
np=32, OMP_NUM_THREADS=4
----------------------------------------
[Rank 0] Matrix: 2000 x 2000, nnz=5184 | 1D cyclic rows over P=32
[Rank 2] Local SpMV time: 0.000191 s
[Rank 9] Local SpMV time: 0.004017 s
[Rank 13] Local SpMV time: 0.004065 s
[Rank 4] Local SpMV time: 0.000190 s
[Rank 7] Local SpMV time: 0.000363 s
[Rank 3] Local SpMV time: 0.000635 s
[Rank 31] Local SpMV time: 0.000910 s
[Rank 30] Local SpMV time: 0.000287 s
[Rank 5] Local SpMV time: 0.005112 s
[Rank 10] Local SpMV time: 0.004243 s
[Rank 6] Local SpMV time: 0.000292 s
[Rank 15] Local SpMV time: 0.000141 s
[Rank 29] Local SpMV time: 0.000455 s
[Rank 12] Local SpMV time: 0.000191 s
[Rank 17] Local SpMV time: 0.000706 s
[Rank 18] Local SpMV time: 0.000116 s
[Rank 1] Local SpMV time: 0.000985 s
[Rank 20] Local SpMV time: 0.000216 s
[Rank 23] Local SpMV time: 0.005162 s
[Rank 11] Local SpMV time: 0.001542 s
[Rank 8] Local SpMV time: 0.000252 s
[Rank 27] Local SpMV time: 0.005755 s
[Rank 19] Local SpMV time: 0.009968 s
[Rank 21] Local SpMV time: 0.000137 s
[Rank 0] Local SpMV time: 0.001920 s
[Rank 25] Local SpMV time: 0.008120 s
[Rank 28] Local SpMV time: 0.037098 s
[Rank 14] Local SpMV time: 0.068953 s
[Rank 22] Local SpMV time: 0.072875 s
[Rank 16] Local SpMV time: 0.065991 s
[Rank 26] Local SpMV time: 0.069993 s
[Rank 24] Local SpMV time: 0.066996 s

-----------------------------------------------------------------------------------------------
  P |  Time(s) | Comp% | Comm% |  GFLOP/s | Speedup |  Eff% | Mem(MiB) | NNZ min | NNZ avg | NNZ max
-----------------------------------------------------------------------------------------------
 32 |   0.5840 |  12.5 | 121.2 |     0.000 |    0.00 |   0.01 |     0.01 |       4 |     70.4 |     170
Global FLOPs per SpMV: 4508

----------------------------------------
np=64, OMP_NUM_THREADS=2
----------------------------------------
[Rank 0] Matrix: 2000 x 2000, nnz=5184 | 1D cyclic rows over P=64
[Rank 63] Local SpMV time: 0.000118 s
[Rank 62] Local SpMV time: 0.004019 s
[Rank 36] Local SpMV time: 0.000227 s
[Rank 46] Local SpMV time: 0.007854 s
[Rank 40] Local SpMV time: 0.000129 s
[Rank 38] Local SpMV time: 0.000083 s
[Rank 50] Local SpMV time: 0.000081 s
[Rank 52] Local SpMV time: 0.003951 s
[Rank 57] Local SpMV time: 0.000067 s
[Rank 8] Local SpMV time: 0.000053 s
[Rank 55] Local SpMV time: 0.043668 s
[Rank 56] Local SpMV time: 0.004058 s
[Rank 42] Local SpMV time: 0.004148 s
[Rank 60] Local SpMV time: 0.003968 s
[Rank 58] Local SpMV time: 0.004082 s
[Rank 47] Local SpMV time: 0.004065 s
[Rank 48] Local SpMV time: 0.007999 s
[Rank 34] Local SpMV time: 0.008084 s
[Rank 2] Local SpMV time: 0.000073 s
[Rank 37] Local SpMV time: 0.011014 s
[Rank 39] Local SpMV time: 0.000303 s
[Rank 51] Local SpMV time: 0.000574 s
[Rank 53] Local SpMV time: 0.003966 s
[Rank 4] Local SpMV time: 0.000113 s
[Rank 41] Local SpMV time: 0.000050 s
[Rank 54] Local SpMV time: 0.007963 s
[Rank 35] Local SpMV time: 0.000316 s
[Rank 15] Local SpMV time: 0.004546 s
[Rank 44] Local SpMV time: 0.000115 s
[Rank 5] Local SpMV time: 0.000046 s
[Rank 3] Local SpMV time: 0.000323 s
[Rank 7] Local SpMV time: 0.000114 s
[Rank 43] Local SpMV time: 0.000515 s
[Rank 10] Local SpMV time: 0.000130 s
[Rank 45] Local SpMV time: 0.003970 s
[Rank 59] Local SpMV time: 0.000244 s
[Rank 49] Local SpMV time: 0.000511 s
[Rank 9] Local SpMV time: 0.019925 s
[Rank 61] Local SpMV time: 0.007008 s
[Rank 13] Local SpMV time: 0.003980 s
[Rank 14] Local SpMV time: 0.004027 s
[Rank 6] Local SpMV time: 0.000115 s
[Rank 12] Local SpMV time: 0.003951 s
[Rank 11] Local SpMV time: 0.000060 s
[Rank 16] Local SpMV time: 0.000146 s
[Rank 25] Local SpMV time: 0.004044 s
[Rank 31] Local SpMV time: 0.000323 s
[Rank 24] Local SpMV time: 0.000107 s
[Rank 18] Local SpMV time: 0.000109 s
[Rank 1] Local SpMV time: 0.000097 s
[Rank 33] Local SpMV time: 0.000371 s
[Rank 28] Local SpMV time: 0.000067 s
[Rank 17] Local SpMV time: 0.000644 s
[Rank 26] Local SpMV time: 0.004003 s
[Rank 21] Local SpMV time: 0.004048 s
[Rank 29] Local SpMV time: 0.000333 s
[Rank 0] Local SpMV time: 0.000097 s
[Rank 27] Local SpMV time: 0.000065 s
[Rank 32] Local SpMV time: 0.000102 s
[Rank 23] Local SpMV time: 0.004053 s
[Rank 19] Local SpMV time: 0.000095 s
[Rank 22] Local SpMV time: 0.004104 s
[Rank 30] Local SpMV time: 0.004011 s
[Rank 20] Local SpMV time: 0.000056 s

-----------------------------------------------------------------------------------------------
  P |  Time(s) | Comp% | Comm% |  GFLOP/s | Speedup |  Eff% | Mem(MiB) | NNZ min | NNZ avg | NNZ max
-----------------------------------------------------------------------------------------------
 64 |   1.6611 |   2.6 | 124.0 |     0.000 |    0.00 |   0.00 |     0.00 |       1 |     41.3 |      99
Global FLOPs per SpMV: 5292

----------------------------------------
np=128, OMP_NUM_THREADS=1
----------------------------------------
[Rank 0] Matrix: 2000 x 2000, nnz=5184 | 1D cyclic rows over P=128
[Rank 95] Local SpMV time: 0.000022 s
[Rank 127] Local SpMV time: 0.000012 s
[Rank 82] Local SpMV time: 0.000039 s
[Rank 111] Local SpMV time: 0.000016 s
[Rank 103] Local SpMV time: 0.000016 s
[Rank 110] Local SpMV time: 0.000016 s
[Rank 126] Local SpMV time: 0.000011 s
[Rank 119] Local SpMV time: 0.000015 s
[Rank 94] Local SpMV time: 0.000033 s
[Rank 108] Local SpMV time: 0.000028 s
[Rank 92] Local SpMV time: 0.000031 s
[Rank 118] Local SpMV time: 0.000014 s
[Rank 98] Local SpMV time: 0.000031 s
[Rank 124] Local SpMV time: 0.000015 s
[Rank 85] Local SpMV time: 0.000014 s
[Rank 90] Local SpMV time: 0.000033 s
[Rank 83] Local SpMV time: 0.000015 s
[Rank 93] Local SpMV time: 0.000013 s
[Rank 122] Local SpMV time: 0.000016 s
[Rank 116] Local SpMV time: 0.000012 s
[Rank 121] Local SpMV time: 0.000015 s
[Rank 87] Local SpMV time: 0.000015 s
[Rank 100] Local SpMV time: 0.000017 s
[Rank 101] Local SpMV time: 0.000015 s
[Rank 102] Local SpMV time: 0.000032 s
[Rank 84] Local SpMV time: 0.000014 s
[Rank 114] Local SpMV time: 0.000017 s
[Rank 97] Local SpMV time: 0.000015 s
[Rank 99] Local SpMV time: 0.000012 s
[Rank 86] Local SpMV time: 0.000033 s
[Rank 117] Local SpMV time: 0.000015 s
[Rank 123] Local SpMV time: 0.000015 s
[Rank 106] Local SpMV time: 0.000017 s
[Rank 113] Local SpMV time: 0.000016 s
[Rank 91] Local SpMV time: 0.000014 s
[Rank 104] Local SpMV time: 0.000019 s
[Rank 88] Local SpMV time: 0.000033 s
[Rank 107] Local SpMV time: 0.000012 s
[Rank 115] Local SpMV time: 0.000014 s
[Rank 96] Local SpMV time: 0.000017 s
[Rank 112] Local SpMV time: 0.000012 s
[Rank 120] Local SpMV time: 0.000016 s
[Rank 89] Local SpMV time: 0.000016 s
[Rank 105] Local SpMV time: 0.000014 s
[Rank 109] Local SpMV time: 0.000011 s
[Rank 125] Local SpMV time: 0.000016 s
[Rank 71] Local SpMV time: 0.000014 s
[Rank 75] Local SpMV time: 0.000015 s
[Rank 77] Local SpMV time: 0.000016 s
[Rank 72] Local SpMV time: 0.000033 s
[Rank 68] Local SpMV time: 0.000021 s
[Rank 81] Local SpMV time: 0.000015 s
[Rank 80] Local SpMV time: 0.000038 s
[Rank 79] Local SpMV time: 0.000016 s
[Rank 73] Local SpMV time: 0.000015 s
[Rank 74] Local SpMV time: 0.000034 s
[Rank 69] Local SpMV time: 0.000014 s
[Rank 76] Local SpMV time: 0.000015 s
[Rank 67] Local SpMV time: 0.000015 s
[Rank 66] Local SpMV time: 0.000035 s
[Rank 78] Local SpMV time: 0.000015 s
[Rank 70] Local SpMV time: 0.000020 s
[Rank 4] Local SpMV time: 0.000020 s
[Rank 65] Local SpMV time: 0.000014 s
[Rank 2] Local SpMV time: 0.000024 s
[Rank 1] Local SpMV time: 0.000016 s
[Rank 15] Local SpMV time: 0.000020 s
[Rank 9] Local SpMV time: 0.000017 s
[Rank 3] Local SpMV time: 0.000017 s
[Rank 6] Local SpMV time: 0.000020 s
[Rank 13] Local SpMV time: 0.000013 s
[Rank 14] Local SpMV time: 0.000015 s
[Rank 11] Local SpMV time: 0.000016 s
[Rank 5] Local SpMV time: 0.000019 s
[Rank 7] Local SpMV time: 0.000017 s
[Rank 25] Local SpMV time: 0.000019 s
[Rank 23] Local SpMV time: 0.000019 s
[Rank 10] Local SpMV time: 0.000024 s
[Rank 27] Local SpMV time: 0.000017 s
[Rank 8] Local SpMV time: 0.000020 s
[Rank 31] Local SpMV time: 0.000017 s
[Rank 12] Local SpMV time: 0.000022 s
[Rank 57] Local SpMV time: 0.000014 s
[Rank 41] Local SpMV time: 0.000015 s
[Rank 0] Local SpMV time: 0.000020 s
[Rank 63] Local SpMV time: 0.000014 s
[Rank 29] Local SpMV time: 0.000017 s
[Rank 26] Local SpMV time: 0.000020 s
[Rank 39] Local SpMV time: 0.000012 s
[Rank 30] Local SpMV time: 0.000021 s
[Rank 45] Local SpMV time: 0.000013 s
[Rank 28] Local SpMV time: 0.000030 s
[Rank 60] Local SpMV time: 0.000016 s
[Rank 24] Local SpMV time: 0.000020 s
[Rank 46] Local SpMV time: 0.000020 s
[Rank 22] Local SpMV time: 0.000021 s
[Rank 40] Local SpMV time: 0.000018 s
[Rank 44] Local SpMV time: 0.000021 s
[Rank 16] Local SpMV time: 0.000021 s
[Rank 36] Local SpMV time: 0.000016 s
[Rank 47] Local SpMV time: 0.000015 s
[Rank 34] Local SpMV time: 0.000018 s
[Rank 43] Local SpMV time: 0.000015 s
[Rank 21] Local SpMV time: 0.000021 s
[Rank 32] Local SpMV time: 0.000022 s
[Rank 17] Local SpMV time: 0.000022 s
[Rank 50] Local SpMV time: 0.000018 s
[Rank 54] Local SpMV time: 0.000017 s
[Rank 33] Local SpMV time: 0.000020 s
[Rank 52] Local SpMV time: 0.000017 s
[Rank 38] Local SpMV time: 0.000019 s
[Rank 55] Local SpMV time: 0.000015 s
[Rank 58] Local SpMV time: 0.000012 s
[Rank 20] Local SpMV time: 0.000022 s
[Rank 61] Local SpMV time: 0.000015 s
[Rank 59] Local SpMV time: 0.000012 s
[Rank 53] Local SpMV time: 0.000015 s
[Rank 56] Local SpMV time: 0.000016 s
[Rank 42] Local SpMV time: 0.000018 s
[Rank 37] Local SpMV time: 0.000013 s
[Rank 62] Local SpMV time: 0.000020 s
[Rank 48] Local SpMV time: 0.000017 s
[Rank 51] Local SpMV time: 0.000016 s
[Rank 35] Local SpMV time: 0.000016 s
[Rank 49] Local SpMV time: 0.000015 s
[Rank 64] Local SpMV time: 0.000023 s
[Rank 18] Local SpMV time: 0.000023 s
[Rank 19] Local SpMV time: 0.000021 s

-----------------------------------------------------------------------------------------------
  P |  Time(s) | Comp% | Comm% |  GFLOP/s | Speedup |  Eff% | Mem(MiB) | NNZ min | NNZ avg | NNZ max
-----------------------------------------------------------------------------------------------
128 |   3.3240 |   0.0 | 123.3 |     0.000 |    0.00 |   0.00 |     0.00 |       0 |     21.9 |      95
Global FLOPs per SpMV: 5604

