Strong scaling results for Trefethen_2000.mtx
Date: Fri Jan  9 18:43:05 CET 2026
----------------------------------------

[Rank 0] Matrix: 2000 x 2000, nnz=21953 | 1D cyclic rows over P=1
[Rank 0] Local SpMV time: 0.002110 s

-----------------------------------------------------------------------------------------------
  P |  Time(s) | Comp% | Comm% |  GFLOP/s | Speedup |  Eff% | Mem(MiB) | NNZ min | NNZ avg | NNZ max
-----------------------------------------------------------------------------------------------
  1 |   0.0022 |  96.4 |   2.3 |     0.038 |    N/A   |   N/A  |     1.16 |   41906 |  41906.0 |   41906
Global FLOPs per SpMV: 83812
BASELINE_T1=0.0022

----------------------------------------
np=2, OMP_NUM_THREADS=64
----------------------------------------
[Rank 0] Matrix: 2000 x 2000, nnz=21953 | 1D cyclic rows over P=2
[Rank 0] Local SpMV time: 0.001733 s
[Rank 1] Local SpMV time: 0.001771 s

-----------------------------------------------------------------------------------------------
  P |  Time(s) | Comp% | Comm% |  GFLOP/s | Speedup |  Eff% | Mem(MiB) | NNZ min | NNZ avg | NNZ max
-----------------------------------------------------------------------------------------------
  2 |   0.0019 |  91.9 |  11.7 |     0.027 |    1.14 |  57.13 |     0.47 |    9449 |  13022.0 |   16595
Global FLOPs per SpMV: 52088

----------------------------------------
np=4, OMP_NUM_THREADS=32
----------------------------------------
[Rank 0] Matrix: 2000 x 2000, nnz=21953 | 1D cyclic rows over P=4
[Rank 3] Local SpMV time: 0.000722 s
[Rank 2] Local SpMV time: 0.001594 s
[Rank 1] Local SpMV time: 0.001025 s
[Rank 0] Local SpMV time: 0.013525 s

-----------------------------------------------------------------------------------------------
  P |  Time(s) | Comp% | Comm% |  GFLOP/s | Speedup |  Eff% | Mem(MiB) | NNZ min | NNZ avg | NNZ max
-----------------------------------------------------------------------------------------------
  4 |   0.0536 |  25.2 |  96.4 |     0.001 |    0.04 |   1.03 |     0.18 |    2343 |   4582.2 |    5925
Global FLOPs per SpMV: 36658

----------------------------------------
np=8, OMP_NUM_THREADS=16
----------------------------------------
[Rank 0] Matrix: 2000 x 2000, nnz=21953 | 1D cyclic rows over P=8
[Rank 6] Local SpMV time: 0.000451 s
[Rank 3] Local SpMV time: 0.001010 s
[Rank 0] Local SpMV time: 0.004601 s
[Rank 5] Local SpMV time: 0.002448 s
[Rank 4] Local SpMV time: 0.000465 s
[Rank 1] Local SpMV time: 0.003880 s
[Rank 2] Local SpMV time: 0.000455 s
[Rank 7] Local SpMV time: 0.018010 s

-----------------------------------------------------------------------------------------------
  P |  Time(s) | Comp% | Comm% |  GFLOP/s | Speedup |  Eff% | Mem(MiB) | NNZ min | NNZ avg | NNZ max
-----------------------------------------------------------------------------------------------
  8 |   0.1169 |  15.4 | 134.6 |     0.000 |    0.02 |   0.24 |     0.07 |     590 |   1737.2 |    2277
Global FLOPs per SpMV: 27796

----------------------------------------
np=16, OMP_NUM_THREADS=8
----------------------------------------
[Rank 0] Matrix: 2000 x 2000, nnz=21953 | 1D cyclic rows over P=16
[Rank 14] Local SpMV time: 0.000282 s
[Rank 11] Local SpMV time: 0.001009 s
[Rank 8] Local SpMV time: 0.000688 s
[Rank 5] Local SpMV time: 0.001411 s
[Rank 4] Local SpMV time: 0.000952 s
[Rank 15] Local SpMV time: 0.001855 s
[Rank 10] Local SpMV time: 0.001436 s
[Rank 1] Local SpMV time: 0.002235 s
[Rank 2] Local SpMV time: 0.005590 s
[Rank 3] Local SpMV time: 0.006559 s
[Rank 6] Local SpMV time: 0.009714 s
[Rank 9] Local SpMV time: 0.010809 s
[Rank 12] Local SpMV time: 0.002461 s
[Rank 13] Local SpMV time: 0.003460 s
[Rank 0] Local SpMV time: 0.002936 s
[Rank 7] Local SpMV time: 0.003901 s

-----------------------------------------------------------------------------------------------
  P |  Time(s) | Comp% | Comm% |  GFLOP/s | Speedup |  Eff% | Mem(MiB) | NNZ min | NNZ avg | NNZ max
-----------------------------------------------------------------------------------------------
 16 |   0.1949 |   5.5 | 129.8 |     0.000 |    0.01 |   0.07 |     0.03 |     152 |    729.5 |     964
Global FLOPs per SpMV: 23344

----------------------------------------
np=32, OMP_NUM_THREADS=4
----------------------------------------
[Rank 0] Matrix: 2000 x 2000, nnz=21953 | 1D cyclic rows over P=32
[Rank 17] Local SpMV time: 0.004122 s
[Rank 29] Local SpMV time: 0.000164 s
[Rank 6] Local SpMV time: 0.000367 s
[Rank 5] Local SpMV time: 0.000874 s
[Rank 26] Local SpMV time: 0.008442 s
[Rank 3] Local SpMV time: 0.001190 s
[Rank 19] Local SpMV time: 0.001474 s
[Rank 27] Local SpMV time: 0.005757 s
[Rank 15] Local SpMV time: 0.002122 s
[Rank 21] Local SpMV time: 0.002404 s
[Rank 9] Local SpMV time: 0.002686 s
[Rank 11] Local SpMV time: 0.003026 s
[Rank 13] Local SpMV time: 0.003311 s
[Rank 1] Local SpMV time: 0.000158 s
[Rank 2] Local SpMV time: 0.030082 s
[Rank 23] Local SpMV time: 0.004398 s
[Rank 7] Local SpMV time: 0.052441 s
[Rank 25] Local SpMV time: 0.001794 s
[Rank 31] Local SpMV time: 0.002079 s
[Rank 30] Local SpMV time: 0.067664 s
[Rank 16] Local SpMV time: 0.066997 s
[Rank 22] Local SpMV time: 0.052085 s
[Rank 0] Local SpMV time: 0.064003 s
[Rank 12] Local SpMV time: 0.067947 s
[Rank 28] Local SpMV time: 0.060997 s
[Rank 20] Local SpMV time: 0.061068 s
[Rank 14] Local SpMV time: 0.060999 s
[Rank 10] Local SpMV time: 0.072040 s
[Rank 4] Local SpMV time: 0.069007 s
[Rank 8] Local SpMV time: 0.068994 s
[Rank 18] Local SpMV time: 0.066002 s
[Rank 24] Local SpMV time: 0.116964 s

-----------------------------------------------------------------------------------------------
  P |  Time(s) | Comp% | Comm% |  GFLOP/s | Speedup |  Eff% | Mem(MiB) | NNZ min | NNZ avg | NNZ max
-----------------------------------------------------------------------------------------------
 32 |   0.5180 |  22.6 | 123.6 |     0.000 |    0.00 |   0.01 |     0.01 |      38 |    328.1 |     437
Global FLOPs per SpMV: 20998

----------------------------------------
np=64, OMP_NUM_THREADS=2
----------------------------------------
[Rank 0] Matrix: 2000 x 2000, nnz=21953 | 1D cyclic rows over P=64
[Rank 9] Local SpMV time: 0.000139 s
[Rank 30] Local SpMV time: 0.016054 s
[Rank 25] Local SpMV time: 0.007977 s
[Rank 13] Local SpMV time: 0.000343 s
[Rank 44] Local SpMV time: 0.000144 s
[Rank 15] Local SpMV time: 0.004565 s
[Rank 8] Local SpMV time: 0.003955 s
[Rank 59] Local SpMV time: 0.000889 s
[Rank 48] Local SpMV time: 0.000051 s
[Rank 55] Local SpMV time: 0.005123 s
[Rank 4] Local SpMV time: 0.004008 s
[Rank 61] Local SpMV time: 0.001453 s
[Rank 0] Local SpMV time: 0.000061 s
[Rank 47] Local SpMV time: 0.005681 s
[Rank 56] Local SpMV time: 0.000143 s
[Rank 33] Local SpMV time: 0.009908 s
[Rank 34] Local SpMV time: 0.004009 s
[Rank 37] Local SpMV time: 0.002276 s
[Rank 46] Local SpMV time: 0.004007 s
[Rank 17] Local SpMV time: 0.002555 s
[Rank 49] Local SpMV time: 0.006789 s
[Rank 20] Local SpMV time: 0.000114 s
[Rank 63] Local SpMV time: 0.003112 s
[Rank 50] Local SpMV time: 0.000060 s
[Rank 14] Local SpMV time: 0.000058 s
[Rank 57] Local SpMV time: 0.003382 s
[Rank 22] Local SpMV time: 0.000046 s
[Rank 5] Local SpMV time: 0.003659 s
[Rank 36] Local SpMV time: 0.000061 s
[Rank 31] Local SpMV time: 0.007881 s
[Rank 26] Local SpMV time: 0.000054 s
[Rank 28] Local SpMV time: 0.000054 s
[Rank 6] Local SpMV time: 0.000048 s
[Rank 29] Local SpMV time: 0.004730 s
[Rank 16] Local SpMV time: 0.000050 s
[Rank 38] Local SpMV time: 0.000064 s
[Rank 58] Local SpMV time: 0.000043 s
[Rank 40] Local SpMV time: 0.000109 s
[Rank 12] Local SpMV time: 0.004006 s
[Rank 18] Local SpMV time: 0.004105 s
[Rank 2] Local SpMV time: 0.004108 s
[Rank 32] Local SpMV time: 0.007964 s
[Rank 10] Local SpMV time: 0.008061 s
[Rank 42] Local SpMV time: 0.011968 s
[Rank 54] Local SpMV time: 0.008004 s
[Rank 24] Local SpMV time: 0.000102 s
[Rank 21] Local SpMV time: 0.007783 s
[Rank 62] Local SpMV time: 0.004007 s
[Rank 52] Local SpMV time: 0.007920 s
[Rank 53] Local SpMV time: 0.004340 s
[Rank 60] Local SpMV time: 0.000056 s
[Rank 45] Local SpMV time: 0.131994 s
[Rank 51] Local SpMV time: 0.127998 s
[Rank 3] Local SpMV time: 0.128006 s
[Rank 7] Local SpMV time: 0.128008 s
[Rank 1] Local SpMV time: 0.128007 s
[Rank 35] Local SpMV time: 0.131954 s
[Rank 43] Local SpMV time: 0.127994 s
[Rank 39] Local SpMV time: 0.128001 s
[Rank 11] Local SpMV time: 0.128003 s
[Rank 19] Local SpMV time: 0.128006 s
[Rank 41] Local SpMV time: 0.127999 s
[Rank 23] Local SpMV time: 0.128003 s
[Rank 27] Local SpMV time: 0.135954 s

-----------------------------------------------------------------------------------------------
  P |  Time(s) | Comp% | Comm% |  GFLOP/s | Speedup |  Eff% | Mem(MiB) | NNZ min | NNZ avg | NNZ max
-----------------------------------------------------------------------------------------------
 64 |   1.2800 |  10.6 | 130.4 |     0.000 |    0.00 |   0.00 |     0.01 |      12 |    156.5 |     212
Global FLOPs per SpMV: 20030

----------------------------------------
np=128, OMP_NUM_THREADS=1
----------------------------------------
[Rank 0] Matrix: 2000 x 2000, nnz=21953 | 1D cyclic rows over P=128
[Rank 126] Local SpMV time: 0.000028 s
[Rank 125] Local SpMV time: 0.000025 s
[Rank 127] Local SpMV time: 0.000017 s
[Rank 91] Local SpMV time: 0.000022 s
[Rank 55] Local SpMV time: 0.000019 s
[Rank 0] Local SpMV time: 0.000031 s
[Rank 86] Local SpMV time: 0.000023 s
[Rank 43] Local SpMV time: 0.000018 s
[Rank 77] Local SpMV time: 0.000020 s
[Rank 99] Local SpMV time: 0.000019 s
[Rank 97] Local SpMV time: 0.000019 s
[Rank 92] Local SpMV time: 0.000023 s
[Rank 56] Local SpMV time: 0.000022 s
[Rank 50] Local SpMV time: 0.000015 s
[Rank 57] Local SpMV time: 0.000020 s
[Rank 102] Local SpMV time: 0.000021 s
[Rank 121] Local SpMV time: 0.000017 s
[Rank 51] Local SpMV time: 0.000016 s
[Rank 1] Local SpMV time: 0.000016 s
[Rank 80] Local SpMV time: 0.000023 s
[Rank 5] Local SpMV time: 0.000021 s
[Rank 83] Local SpMV time: 0.000021 s
[Rank 70] Local SpMV time: 0.000023 s
[Rank 60] Local SpMV time: 0.000020 s
[Rank 37] Local SpMV time: 0.000016 s
[Rank 98] Local SpMV time: 0.000021 s
[Rank 85] Local SpMV time: 0.000019 s
[Rank 62] Local SpMV time: 0.000016 s
[Rank 69] Local SpMV time: 0.000021 s
[Rank 96] Local SpMV time: 0.000023 s
[Rank 35] Local SpMV time: 0.000019 s
[Rank 49] Local SpMV time: 0.000016 s
[Rank 114] Local SpMV time: 0.000019 s
[Rank 123] Local SpMV time: 0.000017 s
[Rank 94] Local SpMV time: 0.000022 s
[Rank 93] Local SpMV time: 0.000016 s
[Rank 66] Local SpMV time: 0.000019 s
[Rank 75] Local SpMV time: 0.000018 s
[Rank 45] Local SpMV time: 0.000020 s
[Rank 103] Local SpMV time: 0.000018 s
[Rank 104] Local SpMV time: 0.000036 s
[Rank 64] Local SpMV time: 0.000023 s
[Rank 25] Local SpMV time: 0.000020 s
[Rank 78] Local SpMV time: 0.000019 s
[Rank 61] Local SpMV time: 0.000019 s
[Rank 16] Local SpMV time: 0.000018 s
[Rank 59] Local SpMV time: 0.000019 s
[Rank 4] Local SpMV time: 0.000023 s
[Rank 101] Local SpMV time: 0.000018 s
[Rank 90] Local SpMV time: 0.000022 s
[Rank 39] Local SpMV time: 0.000019 s
[Rank 46] Local SpMV time: 0.000023 s
[Rank 73] Local SpMV time: 0.000018 s
[Rank 68] Local SpMV time: 0.000021 s
[Rank 122] Local SpMV time: 0.000020 s
[Rank 95] Local SpMV time: 0.000018 s
[Rank 108] Local SpMV time: 0.000021 s
[Rank 29] Local SpMV time: 0.000017 s
[Rank 28] Local SpMV time: 0.000021 s
[Rank 19] Local SpMV time: 0.000019 s
[Rank 34] Local SpMV time: 0.000024 s
[Rank 105] Local SpMV time: 0.000019 s
[Rank 52] Local SpMV time: 0.000016 s
[Rank 13] Local SpMV time: 0.000020 s
[Rank 40] Local SpMV time: 0.000020 s
[Rank 82] Local SpMV time: 0.000021 s
[Rank 67] Local SpMV time: 0.000019 s
[Rank 48] Local SpMV time: 0.000022 s
[Rank 87] Local SpMV time: 0.000020 s
[Rank 30] Local SpMV time: 0.000015 s
[Rank 41] Local SpMV time: 0.000019 s
[Rank 10] Local SpMV time: 0.000024 s
[Rank 53] Local SpMV time: 0.000021 s
[Rank 8] Local SpMV time: 0.000022 s
[Rank 117] Local SpMV time: 0.000017 s
[Rank 120] Local SpMV time: 0.000021 s
[Rank 11] Local SpMV time: 0.000016 s
[Rank 22] Local SpMV time: 0.000023 s
[Rank 21] Local SpMV time: 0.000018 s
[Rank 72] Local SpMV time: 0.000025 s
[Rank 124] Local SpMV time: 0.000017 s
[Rank 7] Local SpMV time: 0.000022 s
[Rank 54] Local SpMV time: 0.000021 s
[Rank 47] Local SpMV time: 0.000019 s
[Rank 88] Local SpMV time: 0.000023 s
[Rank 23] Local SpMV time: 0.000019 s
[Rank 44] Local SpMV time: 0.000016 s
[Rank 63] Local SpMV time: 0.000018 s
[Rank 76] Local SpMV time: 0.000021 s
[Rank 89] Local SpMV time: 0.000020 s
[Rank 100] Local SpMV time: 0.000019 s
[Rank 118] Local SpMV time: 0.000019 s
[Rank 27] Local SpMV time: 0.000016 s
[Rank 18] Local SpMV time: 0.000016 s
[Rank 113] Local SpMV time: 0.000014 s
[Rank 24] Local SpMV time: 0.000018 s
[Rank 71] Local SpMV time: 0.000016 s
[Rank 79] Local SpMV time: 0.000020 s
[Rank 14] Local SpMV time: 0.000021 s
[Rank 119] Local SpMV time: 0.000017 s
[Rank 36] Local SpMV time: 0.000020 s
[Rank 74] Local SpMV time: 0.000020 s
[Rank 9] Local SpMV time: 0.000020 s
[Rank 2] Local SpMV time: 0.000020 s
[Rank 65] Local SpMV time: 0.000015 s
[Rank 58] Local SpMV time: 0.000015 s
[Rank 106] Local SpMV time: 0.000019 s
[Rank 20] Local SpMV time: 0.000018 s
[Rank 31] Local SpMV time: 0.000020 s
[Rank 84] Local SpMV time: 0.000020 s
[Rank 3] Local SpMV time: 0.000020 s
[Rank 32] Local SpMV time: 0.000024 s
[Rank 115] Local SpMV time: 0.000017 s
[Rank 33] Local SpMV time: 0.000018 s
[Rank 17] Local SpMV time: 0.000019 s
[Rank 110] Local SpMV time: 0.000019 s
[Rank 81] Local SpMV time: 0.000015 s
[Rank 38] Local SpMV time: 0.000022 s
[Rank 6] Local SpMV time: 0.000021 s
[Rank 15] Local SpMV time: 0.000021 s
[Rank 12] Local SpMV time: 0.000015 s
[Rank 107] Local SpMV time: 0.000019 s
[Rank 111] Local SpMV time: 0.000017 s
[Rank 26] Local SpMV time: 0.000022 s
[Rank 112] Local SpMV time: 0.000020 s
[Rank 42] Local SpMV time: 0.000023 s
[Rank 116] Local SpMV time: 0.000021 s
[Rank 109] Local SpMV time: 0.000014 s

-----------------------------------------------------------------------------------------------
  P |  Time(s) | Comp% | Comm% |  GFLOP/s | Speedup |  Eff% | Mem(MiB) | NNZ min | NNZ avg | NNZ max
-----------------------------------------------------------------------------------------------
128 |   3.3240 |   0.0 | 131.1 |     0.000 |    0.00 |   0.00 |     0.00 |       0 |     75.0 |     113
Global FLOPs per SpMV: 19192

