Strong scaling results for ww_36_pmec_36.mtx
Date: Fri Jan  9 18:45:22 CET 2026
----------------------------------------

[Rank 0] Matrix: 66 x 66, nnz=1194 | 1D cyclic rows over P=1
[Rank 0] Local SpMV time: 0.002303 s

-----------------------------------------------------------------------------------------------
  P |  Time(s) | Comp% | Comm% |  GFLOP/s | Speedup |  Eff% | Mem(MiB) | NNZ min | NNZ avg | NNZ max
-----------------------------------------------------------------------------------------------
  1 |   0.0024 |  97.7 |   1.7 |     0.001 |    N/A   |   N/A  |     0.03 |    1194 |   1194.0 |    1194
Global FLOPs per SpMV: 2388
BASELINE_T1=0.0024

----------------------------------------
np=2, OMP_NUM_THREADS=64
----------------------------------------
[Rank 0] Matrix: 66 x 66, nnz=1194 | 1D cyclic rows over P=2
[Rank 0] Local SpMV time: 0.002057 s
[Rank 1] Local SpMV time: 0.002387 s

-----------------------------------------------------------------------------------------------
  P |  Time(s) | Comp% | Comm% |  GFLOP/s | Speedup |  Eff% | Mem(MiB) | NNZ min | NNZ avg | NNZ max
-----------------------------------------------------------------------------------------------
  2 |   0.0026 |  90.7 |  24.0 |     0.001 |    0.91 |  45.62 |     0.02 |     295 |    445.5 |     596
Global FLOPs per SpMV: 1782

----------------------------------------
np=4, OMP_NUM_THREADS=32
----------------------------------------
[Rank 0] Matrix: 66 x 66, nnz=1194 | 1D cyclic rows over P=4
[Rank 2] Local SpMV time: 0.001269 s
[Rank 1] Local SpMV time: 0.001545 s
[Rank 0] Local SpMV time: 0.014023 s
[Rank 3] Local SpMV time: 0.015565 s

-----------------------------------------------------------------------------------------------
  P |  Time(s) | Comp% | Comm% |  GFLOP/s | Speedup |  Eff% | Mem(MiB) | NNZ min | NNZ avg | NNZ max
-----------------------------------------------------------------------------------------------
  4 |   0.0534 |  29.1 | 121.5 |     0.000 |    0.04 |   1.12 |     0.01 |      76 |    186.0 |     314
Global FLOPs per SpMV: 1488

----------------------------------------
np=8, OMP_NUM_THREADS=16
----------------------------------------
[Rank 0] Matrix: 66 x 66, nnz=1194 | 1D cyclic rows over P=8
[Rank 2] Local SpMV time: 0.000477 s
[Rank 1] Local SpMV time: 0.000549 s
[Rank 6] Local SpMV time: 0.000602 s
[Rank 7] Local SpMV time: 0.002498 s
[Rank 4] Local SpMV time: 0.007080 s
[Rank 5] Local SpMV time: 0.003998 s
[Rank 0] Local SpMV time: 0.007154 s
[Rank 3] Local SpMV time: 0.031573 s

-----------------------------------------------------------------------------------------------
  P |  Time(s) | Comp% | Comm% |  GFLOP/s | Speedup |  Eff% | Mem(MiB) | NNZ min | NNZ avg | NNZ max
-----------------------------------------------------------------------------------------------
  8 |   0.1552 |  20.3 | 113.3 |     0.000 |    0.02 |   0.19 |     0.01 |      18 |     85.6 |     186
Global FLOPs per SpMV: 1370

----------------------------------------
np=16, OMP_NUM_THREADS=8
----------------------------------------
[Rank 0] Matrix: 66 x 66, nnz=1194 | 1D cyclic rows over P=16
[Rank 15] Local SpMV time: 0.008169 s
[Rank 10] Local SpMV time: 0.000269 s
[Rank 7] Local SpMV time: 0.000270 s
[Rank 0] Local SpMV time: 0.001259 s
[Rank 9] Local SpMV time: 0.004584 s
[Rank 8] Local SpMV time: 0.001940 s
[Rank 3] Local SpMV time: 0.011844 s
[Rank 6] Local SpMV time: 0.006472 s
[Rank 11] Local SpMV time: 0.006761 s
[Rank 12] Local SpMV time: 0.003179 s
[Rank 13] Local SpMV time: 0.003249 s
[Rank 4] Local SpMV time: 0.003834 s
[Rank 5] Local SpMV time: 0.003752 s
[Rank 14] Local SpMV time: 0.032001 s
[Rank 1] Local SpMV time: 0.031995 s
[Rank 2] Local SpMV time: 0.032006 s

-----------------------------------------------------------------------------------------------
  P |  Time(s) | Comp% | Comm% |  GFLOP/s | Speedup |  Eff% | Mem(MiB) | NNZ min | NNZ avg | NNZ max
-----------------------------------------------------------------------------------------------
 16 |   0.2560 |  12.5 | 134.3 |     0.000 |    0.01 |   0.06 |     0.00 |       6 |     39.8 |      92
Global FLOPs per SpMV: 1274

----------------------------------------
np=32, OMP_NUM_THREADS=4
----------------------------------------
[Rank 0] Matrix: 66 x 66, nnz=1194 | 1D cyclic rows over P=32
[Rank 26] Local SpMV time: 0.000247 s
[Rank 12] Local SpMV time: 0.004037 s
[Rank 31] Local SpMV time: 0.000147 s
[Rank 30] Local SpMV time: 0.000177 s
[Rank 27] Local SpMV time: 0.004061 s
[Rank 25] Local SpMV time: 0.000141 s
[Rank 22] Local SpMV time: 0.004117 s
[Rank 28] Local SpMV time: 0.004069 s
[Rank 20] Local SpMV time: 0.000102 s
[Rank 19] Local SpMV time: 0.044676 s
[Rank 14] Local SpMV time: 0.000154 s
[Rank 5] Local SpMV time: 0.000378 s
[Rank 2] Local SpMV time: 0.004269 s
[Rank 9] Local SpMV time: 0.004614 s
[Rank 10] Local SpMV time: 0.001024 s
[Rank 23] Local SpMV time: 0.001063 s
[Rank 29] Local SpMV time: 0.005397 s
[Rank 6] Local SpMV time: 0.000121 s
[Rank 7] Local SpMV time: 0.000126 s
[Rank 18] Local SpMV time: 0.000124 s
[Rank 24] Local SpMV time: 0.000081 s
[Rank 3] Local SpMV time: 0.004082 s
[Rank 21] Local SpMV time: 0.000366 s
[Rank 4] Local SpMV time: 0.004147 s
[Rank 17] Local SpMV time: 0.000636 s
[Rank 16] Local SpMV time: 0.007975 s
[Rank 1] Local SpMV time: 0.004832 s
[Rank 11] Local SpMV time: 0.001180 s
[Rank 0] Local SpMV time: 0.004041 s
[Rank 15] Local SpMV time: 0.001447 s
[Rank 13] Local SpMV time: 0.001779 s
[Rank 8] Local SpMV time: 0.000147 s

-----------------------------------------------------------------------------------------------
  P |  Time(s) | Comp% | Comm% |  GFLOP/s | Speedup |  Eff% | Mem(MiB) | NNZ min | NNZ avg | NNZ max
-----------------------------------------------------------------------------------------------
 32 |   0.5762 |   7.8 | 125.6 |     0.000 |    0.00 |   0.01 |     0.00 |       1 |     19.2 |      62
Global FLOPs per SpMV: 1230

----------------------------------------
np=64, OMP_NUM_THREADS=2
----------------------------------------
[Rank 0] Matrix: 66 x 66, nnz=1194 | 1D cyclic rows over P=64
[Rank 47] Local SpMV time: 0.000142 s
[Rank 40] Local SpMV time: 0.008096 s
[Rank 61] Local SpMV time: 0.000061 s
[Rank 33] Local SpMV time: 0.003977 s
[Rank 39] Local SpMV time: 0.004076 s
[Rank 11] Local SpMV time: 0.000055 s
[Rank 54] Local SpMV time: 0.004609 s
[Rank 25] Local SpMV time: 0.000063 s
[Rank 5] Local SpMV time: 0.000456 s
[Rank 26] Local SpMV time: 0.000123 s
[Rank 32] Local SpMV time: 0.004114 s
[Rank 46] Local SpMV time: 0.004007 s
[Rank 19] Local SpMV time: 0.004009 s
[Rank 16] Local SpMV time: 0.004071 s
[Rank 9] Local SpMV time: 0.003985 s
[Rank 18] Local SpMV time: 0.004001 s
[Rank 12] Local SpMV time: 0.000104 s
[Rank 53] Local SpMV time: 0.000098 s
[Rank 60] Local SpMV time: 0.004063 s
[Rank 44] Local SpMV time: 0.015951 s
[Rank 30] Local SpMV time: 0.004001 s
[Rank 58] Local SpMV time: 0.003982 s
[Rank 23] Local SpMV time: 0.004019 s
[Rank 51] Local SpMV time: 0.000103 s
[Rank 63] Local SpMV time: 0.000179 s
[Rank 62] Local SpMV time: 0.011950 s
[Rank 37] Local SpMV time: 0.007867 s
[Rank 56] Local SpMV time: 0.003968 s
[Rank 42] Local SpMV time: 0.004075 s
[Rank 48] Local SpMV time: 0.004057 s
[Rank 55] Local SpMV time: 0.004026 s
[Rank 38] Local SpMV time: 0.000116 s
[Rank 45] Local SpMV time: 0.000332 s
[Rank 28] Local SpMV time: 0.000072 s
[Rank 43] Local SpMV time: 0.004549 s
[Rank 52] Local SpMV time: 0.000053 s
[Rank 50] Local SpMV time: 0.000046 s
[Rank 57] Local SpMV time: 0.000092 s
[Rank 34] Local SpMV time: 0.000052 s
[Rank 49] Local SpMV time: 0.000390 s
[Rank 27] Local SpMV time: 0.000723 s
[Rank 14] Local SpMV time: 0.000053 s
[Rank 41] Local SpMV time: 0.000985 s
[Rank 10] Local SpMV time: 0.000055 s
[Rank 13] Local SpMV time: 0.000048 s
[Rank 36] Local SpMV time: 0.000090 s
[Rank 35] Local SpMV time: 0.003997 s
[Rank 15] Local SpMV time: 0.000273 s
[Rank 24] Local SpMV time: 0.000051 s
[Rank 6] Local SpMV time: 0.000055 s
[Rank 59] Local SpMV time: 0.000052 s
[Rank 4] Local SpMV time: 0.000058 s
[Rank 0] Local SpMV time: 0.000100 s
[Rank 31] Local SpMV time: 0.004004 s
[Rank 29] Local SpMV time: 0.000286 s
[Rank 20] Local SpMV time: 0.000089 s
[Rank 21] Local SpMV time: 0.000047 s
[Rank 2] Local SpMV time: 0.000056 s
[Rank 22] Local SpMV time: 0.000110 s
[Rank 3] Local SpMV time: 0.000107 s
[Rank 1] Local SpMV time: 0.000391 s
[Rank 8] Local SpMV time: 0.007986 s
[Rank 7] Local SpMV time: 0.000665 s
[Rank 17] Local SpMV time: 0.000049 s

-----------------------------------------------------------------------------------------------
  P |  Time(s) | Comp% | Comm% |  GFLOP/s | Speedup |  Eff% | Mem(MiB) | NNZ min | NNZ avg | NNZ max
-----------------------------------------------------------------------------------------------
 64 |   1.4004 |   1.1 | 124.6 |     0.000 |    0.00 |   0.00 |     0.00 |       0 |      9.4 |      60
Global FLOPs per SpMV: 1200

----------------------------------------
np=128, OMP_NUM_THREADS=1
----------------------------------------
[Rank 0] Matrix: 66 x 66, nnz=1194 | 1D cyclic rows over P=128
[Rank 127] Local SpMV time: 0.000021 s
[Rank 87] Local SpMV time: 0.000013 s
[Rank 95] Local SpMV time: 0.000014 s
[Rank 96] Local SpMV time: 0.000023 s
[Rank 71] Local SpMV time: 0.000014 s
[Rank 103] Local SpMV time: 0.000015 s
[Rank 108] Local SpMV time: 0.000029 s
[Rank 85] Local SpMV time: 0.000012 s
[Rank 126] Local SpMV time: 0.000015 s
[Rank 111] Local SpMV time: 0.000012 s
[Rank 120] Local SpMV time: 0.000010 s
[Rank 86] Local SpMV time: 0.000013 s
[Rank 105] Local SpMV time: 0.000015 s
[Rank 83] Local SpMV time: 0.000013 s
[Rank 100] Local SpMV time: 0.000014 s
[Rank 119] Local SpMV time: 0.000014 s
[Rank 79] Local SpMV time: 0.000011 s
[Rank 114] Local SpMV time: 0.000015 s
[Rank 81] Local SpMV time: 0.000013 s
[Rank 68] Local SpMV time: 0.000014 s
[Rank 104] Local SpMV time: 0.000012 s
[Rank 112] Local SpMV time: 0.000012 s
[Rank 101] Local SpMV time: 0.000011 s
[Rank 80] Local SpMV time: 0.000014 s
[Rank 88] Local SpMV time: 0.000011 s
[Rank 92] Local SpMV time: 0.000015 s
[Rank 90] Local SpMV time: 0.000013 s
[Rank 69] Local SpMV time: 0.000012 s
[Rank 116] Local SpMV time: 0.000025 s
[Rank 118] Local SpMV time: 0.000013 s
[Rank 117] Local SpMV time: 0.000013 s
[Rank 89] Local SpMV time: 0.000011 s
[Rank 84] Local SpMV time: 0.000014 s
[Rank 99] Local SpMV time: 0.000011 s
[Rank 78] Local SpMV time: 0.000032 s
[Rank 66] Local SpMV time: 0.000010 s
[Rank 73] Local SpMV time: 0.000012 s
[Rank 125] Local SpMV time: 0.000013 s
[Rank 102] Local SpMV time: 0.000029 s
[Rank 109] Local SpMV time: 0.000014 s
[Rank 76] Local SpMV time: 0.000013 s
[Rank 70] Local SpMV time: 0.000014 s
[Rank 77] Local SpMV time: 0.000011 s
[Rank 74] Local SpMV time: 0.000013 s
[Rank 115] Local SpMV time: 0.000013 s
[Rank 82] Local SpMV time: 0.000013 s
[Rank 124] Local SpMV time: 0.000012 s
[Rank 110] Local SpMV time: 0.000014 s
[Rank 91] Local SpMV time: 0.000013 s
[Rank 94] Local SpMV time: 0.000015 s
[Rank 67] Local SpMV time: 0.000014 s
[Rank 97] Local SpMV time: 0.000012 s
[Rank 72] Local SpMV time: 0.000013 s
[Rank 113] Local SpMV time: 0.000013 s
[Rank 121] Local SpMV time: 0.000013 s
[Rank 98] Local SpMV time: 0.000016 s
[Rank 75] Local SpMV time: 0.000012 s
[Rank 107] Local SpMV time: 0.000013 s
[Rank 93] Local SpMV time: 0.000012 s
[Rank 106] Local SpMV time: 0.000015 s
[Rank 122] Local SpMV time: 0.000014 s
[Rank 123] Local SpMV time: 0.000014 s
[Rank 60] Local SpMV time: 0.000016 s
[Rank 61] Local SpMV time: 0.000016 s
[Rank 46] Local SpMV time: 0.000017 s
[Rank 37] Local SpMV time: 0.000015 s
[Rank 58] Local SpMV time: 0.000012 s
[Rank 47] Local SpMV time: 0.000016 s
[Rank 54] Local SpMV time: 0.000019 s
[Rank 51] Local SpMV time: 0.000015 s
[Rank 53] Local SpMV time: 0.000013 s
[Rank 42] Local SpMV time: 0.000030 s
[Rank 65] Local SpMV time: 0.000013 s
[Rank 52] Local SpMV time: 0.000018 s
[Rank 59] Local SpMV time: 0.000013 s
[Rank 3] Local SpMV time: 0.000016 s
[Rank 33] Local SpMV time: 0.000014 s
[Rank 63] Local SpMV time: 0.000013 s
[Rank 32] Local SpMV time: 0.000012 s
[Rank 44] Local SpMV time: 0.000011 s
[Rank 57] Local SpMV time: 0.000016 s
[Rank 1] Local SpMV time: 0.000016 s
[Rank 0] Local SpMV time: 0.000019 s
[Rank 64] Local SpMV time: 0.000017 s
[Rank 45] Local SpMV time: 0.000015 s
[Rank 62] Local SpMV time: 0.000015 s
[Rank 30] Local SpMV time: 0.000014 s
[Rank 13] Local SpMV time: 0.000015 s
[Rank 9] Local SpMV time: 0.000014 s
[Rank 55] Local SpMV time: 0.000013 s
[Rank 10] Local SpMV time: 0.000018 s
[Rank 5] Local SpMV time: 0.000014 s
[Rank 4] Local SpMV time: 0.000018 s
[Rank 14] Local SpMV time: 0.000032 s
[Rank 21] Local SpMV time: 0.000015 s
[Rank 50] Local SpMV time: 0.000017 s
[Rank 49] Local SpMV time: 0.000013 s
[Rank 24] Local SpMV time: 0.000033 s
[Rank 22] Local SpMV time: 0.000012 s
[Rank 43] Local SpMV time: 0.000013 s
[Rank 17] Local SpMV time: 0.000015 s
[Rank 34] Local SpMV time: 0.000027 s
[Rank 48] Local SpMV time: 0.000017 s
[Rank 40] Local SpMV time: 0.000011 s
[Rank 28] Local SpMV time: 0.000018 s
[Rank 41] Local SpMV time: 0.000015 s
[Rank 6] Local SpMV time: 0.000013 s
[Rank 26] Local SpMV time: 0.000012 s
[Rank 39] Local SpMV time: 0.000015 s
[Rank 12] Local SpMV time: 0.000016 s
[Rank 35] Local SpMV time: 0.000016 s
[Rank 11] Local SpMV time: 0.000015 s
[Rank 56] Local SpMV time: 0.000016 s
[Rank 38] Local SpMV time: 0.000017 s
[Rank 25] Local SpMV time: 0.000014 s
[Rank 31] Local SpMV time: 0.000015 s
[Rank 20] Local SpMV time: 0.000015 s
[Rank 8] Local SpMV time: 0.000013 s
[Rank 2] Local SpMV time: 0.000012 s
[Rank 19] Local SpMV time: 0.000016 s
[Rank 36] Local SpMV time: 0.000016 s
[Rank 23] Local SpMV time: 0.000014 s
[Rank 18] Local SpMV time: 0.000016 s
[Rank 29] Local SpMV time: 0.000017 s
[Rank 16] Local SpMV time: 0.000017 s
[Rank 7] Local SpMV time: 0.000015 s
[Rank 15] Local SpMV time: 0.000015 s
[Rank 27] Local SpMV time: 0.000015 s

-----------------------------------------------------------------------------------------------
  P |  Time(s) | Comp% | Comm% |  GFLOP/s | Speedup |  Eff% | Mem(MiB) | NNZ min | NNZ avg | NNZ max
-----------------------------------------------------------------------------------------------
128 |   3.6030 |   0.0 | 124.8 |     0.000 |    0.00 |   0.00 |     0.00 |       0 |      7.1 |      30
Global FLOPs per SpMV: 1820

