Strong scaling results for bcsstm05.mtx
Date: Tue Dec 30 19:30:37 CET 2025
========================================

[Rank 0] Matrix: 153 x 153, nnz=153 | grid=1x1 | pattern=0 symmetric=1
[Rank 0] Matrix: 153 x 153, nnz=153 | grid=1x1
[Rank 0] Local SpMV time: 0.000023 s
Global FLOPs per SpMV: 306

-----------------------------------------------------------------------------------------------
  P |  Time(s) | Comp% | Comm% |  GFLOP/s | Speedup |  Eff% | Mem(MiB) | NNZ min | NNZ avg | NNZ max
-----------------------------------------------------------------------------------------------
  1 |   0.0001 |  32.8 |  19.9 |     0.004 |    N/A   |   N/A  |     0.01 |     153 |    153.0 |     153
BASELINE_T1=0.0001

----------------------------------------
np = 2
----------------------------------------
[Rank 0] Matrix: 153 x 153, nnz=153 | grid=2x1 | pattern=0 symmetric=1
[Rank 0] Matrix: 153 x 153, nnz=153 | grid=2x1
[Rank 0] Local SpMV time: 0.000023 s
Global FLOPs per SpMV: 226
[Rank 1] Local SpMV time: 0.000023 s

-----------------------------------------------------------------------------------------------
  P |  Time(s) | Comp% | Comm% |  GFLOP/s | Speedup |  Eff% | Mem(MiB) | NNZ min | NNZ avg | NNZ max
-----------------------------------------------------------------------------------------------
  2 |   0.0001 |  16.6 |  39.0 |     0.002 |    0.71 |  35.54 |     0.00 |      36 |     56.5 |      77

----------------------------------------
np = 4
----------------------------------------
[Rank 0] Matrix: 153 x 153, nnz=153 | grid=2x2 | pattern=0 symmetric=1
[Rank 0] Matrix: 153 x 153, nnz=153 | grid=2x2
[Rank 0] Local SpMV time: 0.000034 s
[Rank 2] Local SpMV time: 0.000032 s
[Rank 3] Local SpMV time: 0.000021 s
Global FLOPs per SpMV: 190
[Rank 1] Local SpMV time: 0.000037 s

-----------------------------------------------------------------------------------------------
  P |  Time(s) | Comp% | Comm% |  GFLOP/s | Speedup |  Eff% | Mem(MiB) | NNZ min | NNZ avg | NNZ max
-----------------------------------------------------------------------------------------------
  4 |   0.0002 |  18.5 |  39.0 |     0.001 |    0.50 |  12.44 |     0.00 |       0 |     23.8 |      77

----------------------------------------
np = 8
----------------------------------------
[Rank 1] Local SpMV time: 0.000027 s
[Rank 3] Local SpMV time: 0.000029 s
[Rank 5] Local SpMV time: 0.000028 s
[Rank 7] Local SpMV time: 0.000026 s
[Rank 0] Matrix: 153 x 153, nnz=153 | grid=4x2 | pattern=0 symmetric=1
[Rank 0] Matrix: 153 x 153, nnz=153 | grid=4x2
[Rank 0] Local SpMV time: 0.000019 s
Global FLOPs per SpMV: 170

-----------------------------------------------------------------------------------------------
  P |  Time(s) | Comp% | Comm% |  GFLOP/s | Speedup |  Eff% | Mem(MiB) | NNZ min | NNZ avg | NNZ max
-----------------------------------------------------------------------------------------------
  8 |   0.0002 |  12.8 |  76.8 |     0.001 |    0.44 |   5.56 |     0.00 |       0 |     10.6 |      39
[Rank 2] Local SpMV time: 0.000022 s
[Rank 4] Local SpMV time: 0.000018 s
[Rank 6] Local SpMV time: 0.000021 s

----------------------------------------
np = 16
----------------------------------------
[Rank 0] Matrix: 153 x 153, nnz=153 | grid=4x4 | pattern=0 symmetric=1
[Rank 0] Matrix: 153 x 153, nnz=153 | grid=4x4
[Rank 0] Local SpMV time: 0.000027 s
[Rank 8] Local SpMV time: 0.000025 s
[Rank 12] Local SpMV time: 0.000030 s
[Rank 1] Local SpMV time: 0.000028 s
[Rank 3] Local SpMV time: 0.000028 s
[Rank 5] Local SpMV time: 0.000029 s
[Rank 7] Local SpMV time: 0.000024 s
[Rank 9] Local SpMV time: 0.000029 s
[Rank 11] Local SpMV time: 0.000027 s
[Rank 13] Local SpMV time: 0.000031 s
[Rank 15] Local SpMV time: 0.000023 s
[Rank 4] Local SpMV time: 0.000023 s
[Rank 2] Local SpMV time: 0.000016 s
[Rank 6] Local SpMV time: 0.000019 s
[Rank 10] Local SpMV time: 0.000019 s
[Rank 14] Local SpMV time: 0.000017 s
Global FLOPs per SpMV: 158

-----------------------------------------------------------------------------------------------
  P |  Time(s) | Comp% | Comm% |  GFLOP/s | Speedup |  Eff% | Mem(MiB) | NNZ min | NNZ avg | NNZ max
-----------------------------------------------------------------------------------------------
 16 |   0.0210 |   0.1 |  14.4 |     0.000 |    0.00 |   0.03 |     0.00 |       0 |      4.9 |      39

----------------------------------------
np = 32
----------------------------------------
[Rank 0] Matrix: 153 x 153, nnz=153 | grid=8x4 | pattern=0 symmetric=1
[Rank 0] Matrix: 153 x 153, nnz=153 | grid=8x4
[Rank 0] Local SpMV time: 0.000053 s
[Rank 4] Local SpMV time: 0.000051 s
[Rank 8] Local SpMV time: 0.000050 s
[Rank 16] Local SpMV time: 0.000050 s
[Rank 24] Local SpMV time: 0.000048 s
[Rank 1] Local SpMV time: 0.000041 s
[Rank 3] Local SpMV time: 0.000040 s
[Rank 5] Local SpMV time: 0.000063 s
[Rank 7] Local SpMV time: 0.000048 s
[Rank 9] Local SpMV time: 0.000074 s
[Rank 11] Local SpMV time: 0.000037 s
[Rank 13] Local SpMV time: 0.000069 s
[Rank 15] Local SpMV time: 0.000046 s
[Rank 17] Local SpMV time: 0.000074 s
[Rank 19] Local SpMV time: 0.000074 s
[Rank 21] Local SpMV time: 0.000036 s
[Rank 23] Local SpMV time: 0.000070 s
[Rank 25] Local SpMV time: 0.000073 s
[Rank 27] Local SpMV time: 0.000073 s
[Rank 29] Local SpMV time: 0.000066 s
[Rank 31] Local SpMV time: 0.000066 s
[Rank 28] Local SpMV time: 0.000024 s
[Rank 2] Local SpMV time: 0.000024 s
[Rank 12] Local SpMV time: 0.000023 s
[Rank 6] Local SpMV time: 0.000021 s
[Rank 14] Local SpMV time: 0.000021 s
[Rank 10] Local SpMV time: 0.000039 s
[Rank 20] Local SpMV time: 0.000018 s
[Rank 18] Local SpMV time: 0.000018 s
[Rank 26] Local SpMV time: 0.000028 s
[Rank 30] Local SpMV time: 0.000020 s
[Rank 22] Local SpMV time: 0.000014 s
Global FLOPs per SpMV: 156

-----------------------------------------------------------------------------------------------
  P |  Time(s) | Comp% | Comm% |  GFLOP/s | Speedup |  Eff% | Mem(MiB) | NNZ min | NNZ avg | NNZ max
-----------------------------------------------------------------------------------------------
 32 |   0.0520 |   0.1 |  93.0 |     0.000 |    0.00 |   0.01 |     0.00 |       0 |      2.4 |      20

----------------------------------------
np = 64
----------------------------------------
[Rank 0] Matrix: 153 x 153, nnz=153 | grid=8x8 | pattern=0 symmetric=1
[Rank 0] Matrix: 153 x 153, nnz=153 | grid=8x8
[Rank 0] Local SpMV time: 0.000031 s
[Rank 4] Local SpMV time: 0.000032 s
[Rank 32] Local SpMV time: 0.000028 s
[Rank 40] Local SpMV time: 0.000033 s
[Rank 52] Local SpMV time: 0.000034 s
[Rank 8] Local SpMV time: 0.000029 s
[Rank 10] Local SpMV time: 0.000036 s
[Rank 34] Local SpMV time: 0.000028 s
[Rank 48] Local SpMV time: 0.000034 s
[Rank 56] Local SpMV time: 0.000031 s
[Rank 44] Local SpMV time: 0.000030 s
[Rank 1] Local SpMV time: 0.000132 s
[Rank 7] Local SpMV time: 0.000114 s
[Rank 9] Local SpMV time: 0.000105 s
[Rank 13] Local SpMV time: 0.000123 s
[Rank 15] Local SpMV time: 0.000125 s
[Rank 17] Local SpMV time: 0.000078 s
[Rank 19] Local SpMV time: 0.000118 s
[Rank 21] Local SpMV time: 0.000118 s
[Rank 23] Local SpMV time: 0.000110 s
[Rank 25] Local SpMV time: 0.000158 s
[Rank 27] Local SpMV time: 0.000139 s
[Rank 29] Local SpMV time: 0.000152 s
[Rank 31] Local SpMV time: 0.000108 s
[Rank 33] Local SpMV time: 0.000108 s
[Rank 35] Local SpMV time: 0.000121 s
[Rank 37] Local SpMV time: 0.000140 s
[Rank 39] Local SpMV time: 0.000124 s
[Rank 41] Local SpMV time: 0.000143 s
[Rank 43] Local SpMV time: 0.000150 s
[Rank 45] Local SpMV time: 0.000103 s
[Rank 47] Local SpMV time: 0.000104 s
[Rank 49] Local SpMV time: 0.000116 s
[Rank 51] Local SpMV time: 0.000156 s
[Rank 53] Local SpMV time: 0.000116 s
[Rank 55] Local SpMV time: 0.000108 s
[Rank 57] Local SpMV time: 0.000113 s
[Rank 59] Local SpMV time: 0.000133 s
[Rank 61] Local SpMV time: 0.000078 s
[Rank 63] Local SpMV time: 0.000116 s
[Rank 3] Local SpMV time: 0.000116 s
[Rank 5] Local SpMV time: 0.000151 s
[Rank 11] Local SpMV time: 0.000109 s
[Rank 12] Local SpMV time: 0.000019 s
[Rank 36] Local SpMV time: 0.000036 s
[Rank 2] Local SpMV time: 0.000031 s
[Rank 18] Local SpMV time: 0.000018 s
[Rank 16] Local SpMV time: 0.000025 s
[Rank 42] Local SpMV time: 0.000019 s
[Rank 60] Local SpMV time: 0.000015 s
[Rank 50] Local SpMV time: 0.000025 s
[Rank 58] Local SpMV time: 0.000019 s
[Rank 24] Local SpMV time: 0.000024 s
[Rank 20] Local SpMV time: 0.000026 s
[Rank 6] Local SpMV time: 0.000016 s
[Rank 14] Local SpMV time: 0.000017 s
[Rank 22] Local SpMV time: 0.000020 s
[Rank 38] Local SpMV time: 0.000015 s
[Rank 54] Local SpMV time: 0.000017 s
[Rank 62] Local SpMV time: 0.000022 s
[Rank 46] Local SpMV time: 0.000027 s
[Rank 28] Local SpMV time: 0.000024 s
[Rank 30] Local SpMV time: 0.000018 s
[Rank 26] Local SpMV time: 0.000022 s
Global FLOPs per SpMV: 154

-----------------------------------------------------------------------------------------------
  P |  Time(s) | Comp% | Comm% |  GFLOP/s | Speedup |  Eff% | Mem(MiB) | NNZ min | NNZ avg | NNZ max
-----------------------------------------------------------------------------------------------
 64 |   0.0318 |   0.5 |  40.9 |     0.000 |    0.00 |   0.00 |     0.00 |       0 |      1.2 |      20

----------------------------------------
np = 128
----------------------------------------
[Rank 0] Matrix: 153 x 153, nnz=153 | grid=16x8 | pattern=0 symmetric=1
[Rank 0] Matrix: 153 x 153, nnz=153 | grid=16x8
[Rank 0] Local SpMV time: 0.000057 s
[Rank 4] Local SpMV time: 0.000060 s
[Rank 16] Local SpMV time: 0.000069 s
[Rank 1] Local SpMV time: 0.000040 s
[Rank 40] Local SpMV time: 0.000058 s
[Rank 9] Local SpMV time: 0.000077 s
[Rank 64] Local SpMV time: 0.000057 s
[Rank 17] Local SpMV time: 0.000045 s
[Rank 68] Local SpMV time: 0.000057 s
[Rank 33] Local SpMV time: 0.000037 s
[Rank 80] Local SpMV time: 0.000069 s
[Rank 35] Local SpMV time: 0.000037 s
[Rank 96] Local SpMV time: 0.000054 s
[Rank 41] Local SpMV time: 0.000079 s
[Rank 8] Local SpMV time: 0.000071 s
[Rank 43] Local SpMV time: 0.000033 s
[Rank 49] Local SpMV time: 0.000045 s
[Rank 51] Local SpMV time: 0.000034 s
[Rank 57] Local SpMV time: 0.000037 s
[Rank 73] Local SpMV time: 0.000071 s
[Rank 81] Local SpMV time: 0.000035 s
[Rank 89] Local SpMV time: 0.000073 s
[Rank 3] Local SpMV time: 0.000084 s
[Rank 88] Local SpMV time: 0.000021 s
[Rank 5] Local SpMV time: 0.000293 s
[Rank 7] Local SpMV time: 0.000278 s
[Rank 11] Local SpMV time: 0.000233 s
[Rank 13] Local SpMV time: 0.000237 s
[Rank 15] Local SpMV time: 0.000254 s
[Rank 19] Local SpMV time: 0.000088 s
[Rank 21] Local SpMV time: 0.000297 s
[Rank 23] Local SpMV time: 0.000300 s
[Rank 25] Local SpMV time: 0.000146 s
[Rank 27] Local SpMV time: 0.000070 s
[Rank 29] Local SpMV time: 0.000125 s
[Rank 31] Local SpMV time: 0.000315 s
[Rank 37] Local SpMV time: 0.000089 s
[Rank 39] Local SpMV time: 0.000085 s
[Rank 45] Local SpMV time: 0.000090 s
[Rank 47] Local SpMV time: 0.000102 s
[Rank 53] Local SpMV time: 0.000102 s
[Rank 55] Local SpMV time: 0.000103 s
[Rank 59] Local SpMV time: 0.000251 s
[Rank 61] Local SpMV time: 0.000100 s
[Rank 63] Local SpMV time: 0.000105 s
[Rank 65] Local SpMV time: 0.000089 s
[Rank 67] Local SpMV time: 0.000327 s
[Rank 69] Local SpMV time: 0.000254 s
[Rank 71] Local SpMV time: 0.000333 s
[Rank 75] Local SpMV time: 0.000205 s
[Rank 79] Local SpMV time: 0.000185 s
[Rank 83] Local SpMV time: 0.000140 s
[Rank 85] Local SpMV time: 0.000211 s
[Rank 87] Local SpMV time: 0.000283 s
[Rank 91] Local SpMV time: 0.000326 s
[Rank 93] Local SpMV time: 0.000137 s
[Rank 95] Local SpMV time: 0.000305 s
[Rank 99] Local SpMV time: 0.000335 s
[Rank 101] Local SpMV time: 0.000304 s
[Rank 103] Local SpMV time: 0.000248 s
[Rank 105] Local SpMV time: 0.000239 s
[Rank 107] Local SpMV time: 0.000101 s
[Rank 109] Local SpMV time: 0.000101 s
[Rank 111] Local SpMV time: 0.000281 s
[Rank 113] Local SpMV time: 0.000262 s
[Rank 115] Local SpMV time: 0.000248 s
[Rank 117] Local SpMV time: 0.000244 s
[Rank 119] Local SpMV time: 0.000194 s
[Rank 121] Local SpMV time: 0.000298 s
[Rank 123] Local SpMV time: 0.000294 s
[Rank 125] Local SpMV time: 0.000287 s
[Rank 127] Local SpMV time: 0.000157 s
[Rank 2] Local SpMV time: 0.000021 s
[Rank 42] Local SpMV time: 0.000020 s
[Rank 56] Local SpMV time: 0.000019 s
[Rank 66] Local SpMV time: 0.000021 s
[Rank 10] Local SpMV time: 0.000023 s
[Rank 18] Local SpMV time: 0.000029 s
[Rank 34] Local SpMV time: 0.000028 s
[Rank 6] Local SpMV time: 0.000019 s
[Rank 20] Local SpMV time: 0.000019 s
[Rank 22] Local SpMV time: 0.000048 s
[Rank 90] Local SpMV time: 0.000026 s
[Rank 70] Local SpMV time: 0.000021 s
[Rank 104] Local SpMV time: 0.000019 s
[Rank 82] Local SpMV time: 0.000211 s
[Rank 36] Local SpMV time: 0.000023 s
[Rank 38] Local SpMV time: 0.000020 s
[Rank 44] Local SpMV time: 0.000023 s
[Rank 46] Local SpMV time: 0.000019 s
[Rank 52] Local SpMV time: 0.000015 s
[Rank 60] Local SpMV time: 0.000018 s
[Rank 24] Local SpMV time: 0.000020 s
[Rank 26] Local SpMV time: 0.000025 s
[Rank 28] Local SpMV time: 0.000020 s
[Rank 30] Local SpMV time: 0.000019 s
[Rank 50] Local SpMV time: 0.000019 s
[Rank 32] Local SpMV time: 0.005958 s
[Rank 12] Local SpMV time: 0.000021 s
[Rank 72] Local SpMV time: 0.000025 s
[Rank 112] Local SpMV time: 0.000020 s
[Rank 58] Local SpMV time: 0.000014 s
[Rank 54] Local SpMV time: 0.000029 s
[Rank 62] Local SpMV time: 0.000021 s
[Rank 84] Local SpMV time: 0.000018 s
[Rank 86] Local SpMV time: 0.000018 s
[Rank 98] Local SpMV time: 0.000025 s
[Rank 102] Local SpMV time: 0.000019 s
[Rank 110] Local SpMV time: 0.000020 s
[Rank 100] Local SpMV time: 0.000024 s
[Rank 76] Local SpMV time: 0.000026 s
[Rank 118] Local SpMV time: 0.000019 s
[Rank 114] Local SpMV time: 0.000023 s
[Rank 74] Local SpMV time: 0.000018 s
[Rank 77] Local SpMV time: 0.012566 s
[Rank 97] Local SpMV time: 0.012596 s
[Rank 48] Local SpMV time: 0.012955 s
[Rank 120] Local SpMV time: 0.000019 s
[Rank 126] Local SpMV time: 0.000027 s
[Rank 94] Local SpMV time: 0.000017 s
[Rank 92] Local SpMV time: 0.000023 s
[Rank 122] Local SpMV time: 0.000020 s
[Rank 116] Local SpMV time: 0.000018 s
[Rank 124] Local SpMV time: 0.000019 s
[Rank 108] Local SpMV time: 0.000018 s
[Rank 106] Local SpMV time: 0.000015 s
[Rank 14] Local SpMV time: 0.000027 s
[Rank 78] Local SpMV time: 0.000019 s
Global FLOPs per SpMV: 154

-----------------------------------------------------------------------------------------------
  P |  Time(s) | Comp% | Comm% |  GFLOP/s | Speedup |  Eff% | Mem(MiB) | NNZ min | NNZ avg | NNZ max
-----------------------------------------------------------------------------------------------
128 |   0.0660 |  19.6 |  78.8 |     0.000 |    0.00 |   0.00 |     0.00 |       0 |      0.6 |      10

