Strong scaling results for breasttissue_10NN.mtx
Date: Fri Jan  2 21:01:42 CET 2026
========================================

[Rank 0] Matrix: 106 x 106, nnz=706 | grid=1x1 | pattern=0 symmetric=1
[Rank 0] Matrix: 106 x 106, nnz=706 | grid=1x1
[Rank 0] Local SpMV time: 0.000065 s
Global FLOPs per SpMV: 2824

-----------------------------------------------------------------------------------------------
  P |  Time(s) | Comp% | Comm% |  GFLOP/s | Speedup |  Eff% | Mem(MiB) | NNZ min | NNZ avg | NNZ max
-----------------------------------------------------------------------------------------------
  1 |   0.0001 |  52.4 |  10.8 |     0.023 |    N/A   |   N/A  |     0.04 |    1412 |   1412.0 |    1412
BASELINE_T1=0.0001

----------------------------------------
np = 2
----------------------------------------
[Rank 0] Matrix: 106 x 106, nnz=706 | grid=2x1 | pattern=0 symmetric=1
[Rank 0] Matrix: 106 x 106, nnz=706 | grid=2x1
[Rank 0] Local SpMV time: 0.000051 s
Global FLOPs per SpMV: 2126
[Rank 1] Local SpMV time: 0.000016 s

-----------------------------------------------------------------------------------------------
  P |  Time(s) | Comp% | Comm% |  GFLOP/s | Speedup |  Eff% | Mem(MiB) | NNZ min | NNZ avg | NNZ max
-----------------------------------------------------------------------------------------------
  2 |   0.0002 |  31.2 |  38.7 |     0.013 |    0.62 |  30.98 |     0.02 |     379 |    531.5 |     684

----------------------------------------
np = 4
----------------------------------------
[Rank 0] Matrix: 106 x 106, nnz=706 | grid=2x2 | pattern=0 symmetric=1
[Rank 0] Matrix: 106 x 106, nnz=706 | grid=2x2
[Rank 3] Local SpMV time: 0.000015 s
[Rank 1] Local SpMV time: 0.000030 s
[Rank 0] Local SpMV time: 0.000036 s
Global FLOPs per SpMV: 1696
[Rank 2] Local SpMV time: 0.000028 s

-----------------------------------------------------------------------------------------------
  P |  Time(s) | Comp% | Comm% |  GFLOP/s | Speedup |  Eff% | Mem(MiB) | NNZ min | NNZ avg | NNZ max
-----------------------------------------------------------------------------------------------
  4 |   0.0001 |  29.3 |  37.3 |     0.014 |    0.82 |  20.60 |     0.01 |      96 |    212.0 |     324

----------------------------------------
np = 8
----------------------------------------
[Rank 0] Matrix: 106 x 106, nnz=706 | grid=4x2 | pattern=0 symmetric=1
[Rank 0] Matrix: 106 x 106, nnz=706 | grid=4x2
[Rank 2] Local SpMV time: 0.000038 s
[Rank 4] Local SpMV time: 0.000038 s
[Rank 1] Local SpMV time: 0.000015 s
[Rank 6] Local SpMV time: 0.000038 s
[Rank 3] Local SpMV time: 0.000017 s
[Rank 0] Local SpMV time: 0.000046 s
Global FLOPs per SpMV: 1546
[Rank 5] Local SpMV time: 0.000022 s
[Rank 7] Local SpMV time: 0.000020 s

-----------------------------------------------------------------------------------------------
  P |  Time(s) | Comp% | Comm% |  GFLOP/s | Speedup |  Eff% | Mem(MiB) | NNZ min | NNZ avg | NNZ max
-----------------------------------------------------------------------------------------------
  8 |   0.0002 |  26.1 |  54.4 |     0.009 |    0.56 |   7.02 |     0.01 |      25 |     96.6 |     181

----------------------------------------
np = 16
----------------------------------------
[Rank 0] Matrix: 106 x 106, nnz=706 | grid=4x4 | pattern=0 symmetric=1
[Rank 0] Matrix: 106 x 106, nnz=706 | grid=4x4
[Rank 3] Local SpMV time: 0.000014 s
[Rank 1] Local SpMV time: 0.000025 s
[Rank 15] Local SpMV time: 0.000025 s
[Rank 0] Local SpMV time: 0.000063 s
Global FLOPs per SpMV: 1496
[Rank 5] Local SpMV time: 0.000027 s
[Rank 2] Local SpMV time: 0.000068 s
[Rank 7] Local SpMV time: 0.000042 s
[Rank 4] Local SpMV time: 0.000049 s
[Rank 9] Local SpMV time: 0.000036 s
[Rank 6] Local SpMV time: 0.000068 s
[Rank 11] Local SpMV time: 0.000035 s
[Rank 8] Local SpMV time: 0.000049 s
[Rank 13] Local SpMV time: 0.000032 s
[Rank 10] Local SpMV time: 0.000053 s
[Rank 12] Local SpMV time: 0.000048 s
[Rank 14] Local SpMV time: 0.000066 s

-----------------------------------------------------------------------------------------------
  P |  Time(s) | Comp% | Comm% |  GFLOP/s | Speedup |  Eff% | Mem(MiB) | NNZ min | NNZ avg | NNZ max
-----------------------------------------------------------------------------------------------
 16 |   0.0002 |  33.5 |  39.4 |     0.007 |    0.49 |   3.08 |     0.00 |       2 |     46.8 |     106

----------------------------------------
np = 32
----------------------------------------
[Rank 0] Matrix: 106 x 106, nnz=706 | grid=8x4 | pattern=0 symmetric=1
[Rank 0] Matrix: 106 x 106, nnz=706 | grid=8x4
[Rank 10] Local SpMV time: 0.000014 s
[Rank 3] Local SpMV time: 0.000018 s
[Rank 2] Local SpMV time: 0.000023 s
[Rank 19] Local SpMV time: 0.000016 s
[Rank 4] Local SpMV time: 0.000043 s
[Rank 1] Local SpMV time: 0.000025 s
[Rank 6] Local SpMV time: 0.000047 s
[Rank 5] Local SpMV time: 0.000032 s
[Rank 14] Local SpMV time: 0.000038 s
[Rank 23] Local SpMV time: 0.000040 s
[Rank 16] Local SpMV time: 0.000022 s
[Rank 25] Local SpMV time: 0.000039 s
[Rank 20] Local SpMV time: 0.000042 s
[Rank 27] Local SpMV time: 0.000048 s
[Rank 22] Local SpMV time: 0.000044 s
[Rank 29] Local SpMV time: 0.000030 s
[Rank 24] Local SpMV time: 0.000034 s
[Rank 7] Local SpMV time: 0.000066 s
[Rank 30] Local SpMV time: 0.000040 s
[Rank 9] Local SpMV time: 0.000072 s
[Rank 0] Local SpMV time: 0.000057 s
[Rank 11] Local SpMV time: 0.000072 s
[Rank 8] Local SpMV time: 0.000063 s
[Rank 13] Local SpMV time: 0.000074 s
[Rank 12] Local SpMV time: 0.000047 s
[Rank 17] Local SpMV time: 0.000046 s
[Rank 18] Local SpMV time: 0.000060 s
[Rank 21] Local SpMV time: 0.000060 s
[Rank 26] Local SpMV time: 0.000061 s
[Rank 31] Local SpMV time: 0.000058 s
[Rank 28] Local SpMV time: 0.000056 s
[Rank 15] Local SpMV time: 0.000080 s
Global FLOPs per SpMV: 1458

-----------------------------------------------------------------------------------------------
  P |  Time(s) | Comp% | Comm% |  GFLOP/s | Speedup |  Eff% | Mem(MiB) | NNZ min | NNZ avg | NNZ max
-----------------------------------------------------------------------------------------------
 32 |   0.0002 |  33.7 |  70.0 |     0.006 |    0.42 |   1.32 |     0.00 |       0 |     22.8 |      45

----------------------------------------
np = 64
----------------------------------------
[Rank 0] Matrix: 106 x 106, nnz=706 | grid=8x8 | pattern=0 symmetric=1
[Rank 0] Matrix: 106 x 106, nnz=706 | grid=8x8
[Rank 0] Local SpMV time: 0.000032 s
[Rank 1] Local SpMV time: 0.000053 s
[Rank 4] Local SpMV time: 0.000023 s
[Rank 3] Local SpMV time: 0.000085 s
[Rank 6] Local SpMV time: 0.000025 s
[Rank 7] Local SpMV time: 0.000033 s
[Rank 12] Local SpMV time: 0.000032 s
[Rank 15] Local SpMV time: 0.000038 s
[Rank 16] Local SpMV time: 0.000024 s
[Rank 21] Local SpMV time: 0.000051 s
[Rank 20] Local SpMV time: 0.000024 s
[Rank 5] Local SpMV time: 0.000125 s
[Rank 32] Local SpMV time: 0.000023 s
[Rank 13] Local SpMV time: 0.000137 s
[Rank 40] Local SpMV time: 0.000031 s
[Rank 23] Local SpMV time: 0.000125 s
[Rank 56] Local SpMV time: 0.000021 s
[Rank 25] Local SpMV time: 0.000121 s
[Rank 2] Local SpMV time: 0.000102 s
[Rank 27] Local SpMV time: 0.000118 s
[Rank 8] Local SpMV time: 0.000062 s
[Rank 29] Local SpMV time: 0.000130 s
[Rank 10] Local SpMV time: 0.000039 s
[Rank 31] Local SpMV time: 0.000123 s
[Rank 14] Local SpMV time: 0.000031 s
[Rank 35] Local SpMV time: 0.000135 s
[Rank 18] Local SpMV time: 0.000091 s
[Rank 37] Local SpMV time: 0.000129 s
[Rank 22] Local SpMV time: 0.000033 s
[Rank 39] Local SpMV time: 0.000157 s
[Rank 24] Local SpMV time: 0.000085 s
[Rank 41] Local SpMV time: 0.000129 s
[Rank 26] Local SpMV time: 0.000076 s
[Rank 43] Local SpMV time: 0.000149 s
[Rank 28] Local SpMV time: 0.000095 s
[Rank 45] Local SpMV time: 0.000126 s
[Rank 30] Local SpMV time: 0.000101 s
[Rank 47] Local SpMV time: 0.000131 s
[Rank 34] Local SpMV time: 0.000077 s
[Rank 49] Local SpMV time: 0.000115 s
[Rank 36] Local SpMV time: 0.000098 s
[Rank 51] Local SpMV time: 0.000122 s
[Rank 38] Local SpMV time: 0.000098 s
[Rank 53] Local SpMV time: 0.000124 s
[Rank 42] Local SpMV time: 0.000067 s
[Rank 55] Local SpMV time: 0.000127 s
[Rank 44] Local SpMV time: 0.000049 s
[Rank 57] Local SpMV time: 0.000113 s
[Rank 46] Local SpMV time: 0.000089 s
[Rank 59] Local SpMV time: 0.000103 s
[Rank 48] Local SpMV time: 0.000037 s
[Rank 61] Local SpMV time: 0.000125 s
[Rank 50] Local SpMV time: 0.000090 s
[Rank 9] Local SpMV time: 0.000135 s
[Rank 52] Local SpMV time: 0.000091 s
[Rank 11] Local SpMV time: 0.000153 s
[Rank 54] Local SpMV time: 0.000088 s
[Rank 17] Local SpMV time: 0.000142 s
[Rank 58] Local SpMV time: 0.000070 s
[Rank 19] Local SpMV time: 0.000139 s
[Rank 60] Local SpMV time: 0.000098 s
[Rank 33] Local SpMV time: 0.000133 s
[Rank 62] Local SpMV time: 0.000040 s
[Rank 63] Local SpMV time: 0.000131 s
Global FLOPs per SpMV: 1410

-----------------------------------------------------------------------------------------------
  P |  Time(s) | Comp% | Comm% |  GFLOP/s | Speedup |  Eff% | Mem(MiB) | NNZ min | NNZ avg | NNZ max
-----------------------------------------------------------------------------------------------
 64 |   0.0003 |  48.0 |  72.2 |     0.004 |    0.31 |   0.48 |     0.00 |       0 |     11.0 |      28

----------------------------------------
np = 128
----------------------------------------
[Rank 0] Matrix: 106 x 106, nnz=706 | grid=16x8 | pattern=0 symmetric=1
[Rank 0] Matrix: 106 x 106, nnz=706 | grid=16x8
[Rank 0] Local SpMV time: 0.000035 s
[Rank 2] Local SpMV time: 0.000020 s
[Rank 4] Local SpMV time: 0.000023 s
[Rank 10] Local SpMV time: 0.000026 s
[Rank 12] Local SpMV time: 0.000018 s
[Rank 16] Local SpMV time: 0.000025 s
[Rank 24] Local SpMV time: 0.000036 s
[Rank 1] Local SpMV time: 0.000022 s
[Rank 8] Local SpMV time: 0.000038 s
[Rank 3] Local SpMV time: 0.000026 s
[Rank 14] Local SpMV time: 0.000059 s
[Rank 7] Local SpMV time: 0.000041 s
[Rank 20] Local SpMV time: 0.000042 s
[Rank 11] Local SpMV time: 0.000037 s
[Rank 46] Local SpMV time: 0.000061 s
[Rank 15] Local SpMV time: 0.000045 s
[Rank 52] Local SpMV time: 0.000085 s
[Rank 17] Local SpMV time: 0.000027 s
[Rank 66] Local SpMV time: 0.000074 s
[Rank 19] Local SpMV time: 0.000020 s
[Rank 110] Local SpMV time: 0.000059 s
[Rank 25] Local SpMV time: 0.000042 s
[Rank 40] Local SpMV time: 0.000110 s
[Rank 33] Local SpMV time: 0.000055 s
[Rank 124] Local SpMV time: 0.000152 s
[Rank 39] Local SpMV time: 0.000048 s
[Rank 6] Local SpMV time: 0.000186 s
[Rank 41] Local SpMV time: 0.000045 s
[Rank 18] Local SpMV time: 0.000165 s
[Rank 49] Local SpMV time: 0.000046 s
[Rank 26] Local SpMV time: 0.000172 s
[Rank 67] Local SpMV time: 0.000036 s
[Rank 34] Local SpMV time: 0.000162 s
[Rank 75] Local SpMV time: 0.000054 s
[Rank 44] Local SpMV time: 0.000173 s
[Rank 79] Local SpMV time: 0.000099 s
[Rank 54] Local SpMV time: 0.000173 s
[Rank 9] Local SpMV time: 0.000135 s
[Rank 58] Local SpMV time: 0.000173 s
[Rank 23] Local SpMV time: 0.000241 s
[Rank 74] Local SpMV time: 0.000178 s
[Rank 29] Local SpMV time: 0.000268 s
[Rank 102] Local SpMV time: 0.000184 s
[Rank 35] Local SpMV time: 0.000211 s
[Rank 106] Local SpMV time: 0.000170 s
[Rank 47] Local SpMV time: 0.000231 s
[Rank 112] Local SpMV time: 0.000175 s
[Rank 51] Local SpMV time: 0.000122 s
[Rank 22] Local SpMV time: 0.000218 s
[Rank 55] Local SpMV time: 0.000210 s
[Rank 30] Local SpMV time: 0.000202 s
[Rank 57] Local SpMV time: 0.000120 s
[Rank 32] Local SpMV time: 0.000240 s
[Rank 59] Local SpMV time: 0.000114 s
[Rank 36] Local SpMV time: 0.000198 s
[Rank 63] Local SpMV time: 0.000208 s
[Rank 48] Local SpMV time: 0.000224 s
[Rank 65] Local SpMV time: 0.000222 s
[Rank 50] Local SpMV time: 0.000214 s
[Rank 71] Local SpMV time: 0.000259 s
[Rank 60] Local SpMV time: 0.000239 s
[Rank 81] Local SpMV time: 0.000230 s
[Rank 64] Local SpMV time: 0.000201 s
[Rank 87] Local SpMV time: 0.000253 s
[Rank 68] Local SpMV time: 0.000230 s
[Rank 91] Local SpMV time: 0.000242 s
[Rank 76] Local SpMV time: 0.000192 s
[Rank 95] Local SpMV time: 0.000223 s
[Rank 78] Local SpMV time: 0.000190 s
[Rank 97] Local SpMV time: 0.000250 s
[Rank 80] Local SpMV time: 0.000207 s
[Rank 103] Local SpMV time: 0.000247 s
[Rank 82] Local SpMV time: 0.000205 s
[Rank 105] Local SpMV time: 0.000224 s
[Rank 84] Local SpMV time: 0.000185 s
[Rank 107] Local SpMV time: 0.000228 s
[Rank 86] Local SpMV time: 0.000231 s
[Rank 109] Local SpMV time: 0.000243 s
[Rank 88] Local SpMV time: 0.000223 s
[Rank 111] Local SpMV time: 0.000225 s
[Rank 90] Local SpMV time: 0.000210 s
[Rank 115] Local SpMV time: 0.000271 s
[Rank 92] Local SpMV time: 0.000196 s
[Rank 5] Local SpMV time: 0.000330 s
[Rank 98] Local SpMV time: 0.000211 s
[Rank 13] Local SpMV time: 0.000319 s
[Rank 100] Local SpMV time: 0.000239 s
[Rank 21] Local SpMV time: 0.000345 s
[Rank 104] Local SpMV time: 0.000218 s
[Rank 27] Local SpMV time: 0.000298 s
[Rank 108] Local SpMV time: 0.000226 s
[Rank 31] Local SpMV time: 0.000285 s
[Rank 114] Local SpMV time: 0.000188 s
[Rank 37] Local SpMV time: 0.000298 s
[Rank 116] Local SpMV time: 0.000237 s
[Rank 43] Local SpMV time: 0.000277 s
[Rank 122] Local SpMV time: 0.000226 s
[Rank 45] Local SpMV time: 0.000289 s
[Rank 126] Local SpMV time: 0.000213 s
[Rank 53] Local SpMV time: 0.000317 s
[Rank 28] Local SpMV time: 0.000257 s
[Rank 61] Local SpMV time: 0.000298 s
[Rank 38] Local SpMV time: 0.000238 s
[Rank 69] Local SpMV time: 0.000313 s
[Rank 42] Local SpMV time: 0.000241 s
[Rank 73] Local SpMV time: 0.000281 s
[Rank 56] Local SpMV time: 0.000246 s
[Rank 77] Local SpMV time: 0.000306 s
[Rank 62] Local SpMV time: 0.000241 s
[Rank 83] Local SpMV time: 0.000345 s
[Rank 70] Local SpMV time: 0.000235 s
[Rank 85] Local SpMV time: 0.000285 s
[Rank 72] Local SpMV time: 0.000247 s
[Rank 89] Local SpMV time: 0.000281 s
[Rank 94] Local SpMV time: 0.000232 s
[Rank 93] Local SpMV time: 0.000272 s
[Rank 96] Local SpMV time: 0.000233 s
[Rank 99] Local SpMV time: 0.000288 s
[Rank 118] Local SpMV time: 0.000237 s
[Rank 101] Local SpMV time: 0.000293 s
[Rank 120] Local SpMV time: 0.000250 s
[Rank 113] Local SpMV time: 0.000265 s
Global FLOPs per SpMV: 1342
[Rank 117] Local SpMV time: 0.000309 s

-----------------------------------------------------------------------------------------------
  P |  Time(s) | Comp% | Comm% |  GFLOP/s | Speedup |  Eff% | Mem(MiB) | NNZ min | NNZ avg | NNZ max
-----------------------------------------------------------------------------------------------
[Rank 119] Local SpMV time: 0.000268 s
128 |   0.0010 |  33.8 |  89.4 |     0.001 |    0.10 |   0.08 |     0.00 |       0 |      5.2 |      14
[Rank 121] Local SpMV time: 0.000303 s
[Rank 123] Local SpMV time: 0.000329 s
[Rank 125] Local SpMV time: 0.000303 s
[Rank 127] Local SpMV time: 0.000277 s

