Strong scaling results for dataset20mfeatpixel_10NN.mtx
Date: Fri Jan  2 21:02:16 CET 2026
========================================

[Rank 0] Matrix: 2000 x 2000, nnz=13966 | grid=1x1 | pattern=0 symmetric=1
[Rank 0] Matrix: 2000 x 2000, nnz=13966 | grid=1x1
[Rank 0] Local SpMV time: 0.000188 s
Global FLOPs per SpMV: 55864

-----------------------------------------------------------------------------------------------
  P |  Time(s) | Comp% | Comm% |  GFLOP/s | Speedup |  Eff% | Mem(MiB) | NNZ min | NNZ avg | NNZ max
-----------------------------------------------------------------------------------------------
  1 |   0.0002 |  86.1 |   5.8 |     0.256 |    N/A   |   N/A  |     0.80 |   27932 |  27932.0 |   27932
BASELINE_T1=0.0002

----------------------------------------
np = 2
----------------------------------------
[Rank 0] Matrix: 2000 x 2000, nnz=13966 | grid=2x1 | pattern=0 symmetric=1
[Rank 0] Matrix: 2000 x 2000, nnz=13966 | grid=2x1
[Rank 0] Local SpMV time: 0.000075 s
Global FLOPs per SpMV: 32512
[Rank 1] Local SpMV time: 0.000071 s

-----------------------------------------------------------------------------------------------
  P |  Time(s) | Comp% | Comm% |  GFLOP/s | Speedup |  Eff% | Mem(MiB) | NNZ min | NNZ avg | NNZ max
-----------------------------------------------------------------------------------------------
  2 |   0.0004 |  17.6 |  70.9 |     0.076 |    0.47 |  23.41 |     0.29 |    6810 |   8128.0 |    9446

----------------------------------------
np = 4
----------------------------------------
[Rank 0] Matrix: 2000 x 2000, nnz=13966 | grid=2x2 | pattern=0 symmetric=1
[Rank 0] Matrix: 2000 x 2000, nnz=13966 | grid=2x2
[Rank 0] Local SpMV time: 0.000038 s
Global FLOPs per SpMV: 20848
[Rank 3] Local SpMV time: 0.000028 s
[Rank 2] Local SpMV time: 0.000036 s
[Rank 1] Local SpMV time: 0.000051 s

-----------------------------------------------------------------------------------------------
  P |  Time(s) | Comp% | Comm% |  GFLOP/s | Speedup |  Eff% | Mem(MiB) | NNZ min | NNZ avg | NNZ max
-----------------------------------------------------------------------------------------------
  4 |   0.0002 |  23.6 |  57.1 |     0.097 |    0.94 |  23.38 |     0.11 |    1748 |   2606.0 |    3032

----------------------------------------
np = 8
----------------------------------------
[Rank 0] Matrix: 2000 x 2000, nnz=13966 | grid=4x2 | pattern=0 symmetric=1
[Rank 0] Matrix: 2000 x 2000, nnz=13966 | grid=4x2
[Rank 0] Local SpMV time: 0.000021 s
Global FLOPs per SpMV: 14874
[Rank 1] Local SpMV time: 0.000023 s
[Rank 2] Local SpMV time: 0.000023 s
[Rank 3] Local SpMV time: 0.000023 s
[Rank 4] Local SpMV time: 0.000021 s
[Rank 5] Local SpMV time: 0.000024 s
[Rank 6] Local SpMV time: 0.000020 s
[Rank 7] Local SpMV time: 0.000020 s

-----------------------------------------------------------------------------------------------
  P |  Time(s) | Comp% | Comm% |  GFLOP/s | Speedup |  Eff% | Mem(MiB) | NNZ min | NNZ avg | NNZ max
-----------------------------------------------------------------------------------------------
  8 |   0.0002 |  11.0 |  79.5 |     0.069 |    0.92 |  11.54 |     0.05 |     443 |    929.6 |    1082

----------------------------------------
np = 16
----------------------------------------
[Rank 0] Matrix: 2000 x 2000, nnz=13966 | grid=4x4 | pattern=0 symmetric=1
[Rank 0] Matrix: 2000 x 2000, nnz=13966 | grid=4x4
[Rank 1] Local SpMV time: 0.000022 s
[Rank 0] Local SpMV time: 0.000022 s
[Rank 3] Local SpMV time: 0.000021 s
[Rank 2] Local SpMV time: 0.000018 s
[Rank 9] Local SpMV time: 0.000023 s
[Rank 4] Local SpMV time: 0.000019 s
[Rank 5] Local SpMV time: 0.000029 s
[Rank 6] Local SpMV time: 0.000018 s
[Rank 7] Local SpMV time: 0.000032 s
[Rank 8] Local SpMV time: 0.000020 s
[Rank 11] Local SpMV time: 0.000036 s
[Rank 10] Local SpMV time: 0.000018 s
[Rank 13] Local SpMV time: 0.000028 s
[Rank 12] Local SpMV time: 0.000018 s
[Rank 15] Local SpMV time: 0.000032 s
[Rank 14] Local SpMV time: 0.000016 s
Global FLOPs per SpMV: 11762

-----------------------------------------------------------------------------------------------
  P |  Time(s) | Comp% | Comm% |  GFLOP/s | Speedup |  Eff% | Mem(MiB) | NNZ min | NNZ avg | NNZ max
-----------------------------------------------------------------------------------------------
 16 |   0.0002 |  14.7 |  75.6 |     0.047 |    0.81 |   5.03 |     0.03 |     106 |    367.6 |     450

----------------------------------------
np = 32
----------------------------------------
[Rank 0] Matrix: 2000 x 2000, nnz=13966 | grid=8x4 | pattern=0 symmetric=1
[Rank 0] Matrix: 2000 x 2000, nnz=13966 | grid=8x4
[Rank 0] Local SpMV time: 0.000016 s
[Rank 2] Local SpMV time: 0.000016 s
[Rank 20] Local SpMV time: 0.000018 s
[Rank 24] Local SpMV time: 0.000016 s
[Rank 28] Local SpMV time: 0.000016 s
[Rank 1] Local SpMV time: 0.000019 s
Global FLOPs per SpMV: 9882
[Rank 3] Local SpMV time: 0.000019 s
[Rank 4] Local SpMV time: 0.000031 s
[Rank 5] Local SpMV time: 0.000024 s
[Rank 6] Local SpMV time: 0.000025 s
[Rank 7] Local SpMV time: 0.000018 s
[Rank 8] Local SpMV time: 0.000025 s
[Rank 9] Local SpMV time: 0.000020 s
[Rank 10] Local SpMV time: 0.000020 s
[Rank 11] Local SpMV time: 0.000017 s
[Rank 12] Local SpMV time: 0.000024 s
[Rank 13] Local SpMV time: 0.000024 s
[Rank 14] Local SpMV time: 0.000017 s
[Rank 15] Local SpMV time: 0.000032 s
[Rank 16] Local SpMV time: 0.000027 s
[Rank 17] Local SpMV time: 0.000019 s
[Rank 18] Local SpMV time: 0.000017 s
[Rank 19] Local SpMV time: 0.000018 s
[Rank 22] Local SpMV time: 0.000016 s
[Rank 21] Local SpMV time: 0.000021 s
[Rank 26] Local SpMV time: 0.000023 s
[Rank 23] Local SpMV time: 0.000018 s
[Rank 30] Local SpMV time: 0.000014 s
[Rank 25] Local SpMV time: 0.000022 s

-----------------------------------------------------------------------------------------------
  P |  Time(s) | Comp% | Comm% |  GFLOP/s | Speedup |  Eff% | Mem(MiB) | NNZ min | NNZ avg | NNZ max
-----------------------------------------------------------------------------------------------
 32 |   0.0002 |  14.6 |  75.3 |     0.045 |    0.91 |   2.83 |     0.01 |      30 |    154.4 |     194
[Rank 27] Local SpMV time: 0.000032 s
[Rank 29] Local SpMV time: 0.000018 s
[Rank 31] Local SpMV time: 0.000017 s

----------------------------------------
np = 64
----------------------------------------
[Rank 0] Matrix: 2000 x 2000, nnz=13966 | grid=8x8 | pattern=0 symmetric=1
[Rank 0] Matrix: 2000 x 2000, nnz=13966 | grid=8x8
[Rank 1] Local SpMV time: 0.000017 s
[Rank 0] Local SpMV time: 0.000015 s
[Rank 3] Local SpMV time: 0.000048 s
[Rank 2] Local SpMV time: 0.000033 s
[Rank 5] Local SpMV time: 0.000051 s
[Rank 4] Local SpMV time: 0.000015 s
[Rank 7] Local SpMV time: 0.000044 s
[Rank 6] Local SpMV time: 0.000035 s
[Rank 15] Local SpMV time: 0.000048 s
[Rank 12] Local SpMV time: 0.000044 s
[Rank 23] Local SpMV time: 0.000054 s
[Rank 16] Local SpMV time: 0.000046 s
[Rank 31] Local SpMV time: 0.000054 s
[Rank 18] Local SpMV time: 0.000035 s
[Rank 35] Local SpMV time: 0.000057 s
[Rank 24] Local SpMV time: 0.000065 s
[Rank 37] Local SpMV time: 0.000025 s
[Rank 26] Local SpMV time: 0.000048 s
[Rank 39] Local SpMV time: 0.000056 s
[Rank 28] Local SpMV time: 0.000064 s
[Rank 51] Local SpMV time: 0.000057 s
[Rank 30] Local SpMV time: 0.000040 s
[Rank 63] Local SpMV time: 0.000058 s
[Rank 34] Local SpMV time: 0.000033 s
[Rank 9] Local SpMV time: 0.000081 s
[Rank 38] Local SpMV time: 0.000040 s
[Rank 11] Local SpMV time: 0.000091 s
[Rank 40] Local SpMV time: 0.000036 s
[Rank 13] Local SpMV time: 0.000085 s
[Rank 42] Local SpMV time: 0.000046 s
[Rank 17] Local SpMV time: 0.000089 s
[Rank 48] Local SpMV time: 0.000053 s
[Rank 19] Local SpMV time: 0.000109 s
[Rank 50] Local SpMV time: 0.000036 s
[Rank 21] Local SpMV time: 0.000086 s
[Rank 52] Local SpMV time: 0.000036 s
[Rank 25] Local SpMV time: 0.000091 s
[Rank 54] Local SpMV time: 0.000049 s
[Rank 27] Local SpMV time: 0.000106 s
[Rank 56] Local SpMV time: 0.000042 s
[Rank 29] Local SpMV time: 0.000088 s
Global FLOPs per SpMV: 9188
[Rank 33] Local SpMV time: 0.000116 s
[Rank 8] Local SpMV time: 0.000080 s
[Rank 41] Local SpMV time: 0.000087 s
[Rank 10] Local SpMV time: 0.000053 s
[Rank 43] Local SpMV time: 0.000082 s
[Rank 14] Local SpMV time: 0.000064 s
[Rank 45] Local SpMV time: 0.000089 s
[Rank 20] Local SpMV time: 0.000069 s
[Rank 47] Local SpMV time: 0.000113 s
[Rank 22] Local SpMV time: 0.000076 s
[Rank 49] Local SpMV time: 0.000090 s
[Rank 32] Local SpMV time: 0.000059 s
[Rank 53] Local SpMV time: 0.000086 s
[Rank 36] Local SpMV time: 0.000070 s
[Rank 55] Local SpMV time: 0.000122 s
[Rank 44] Local SpMV time: 0.000082 s
[Rank 57] Local SpMV time: 0.000092 s
[Rank 46] Local SpMV time: 0.000051 s
[Rank 59] Local SpMV time: 0.000068 s
[Rank 58] Local SpMV time: 0.000044 s
[Rank 61] Local SpMV time: 0.000099 s
[Rank 60] Local SpMV time: 0.000075 s
[Rank 62] Local SpMV time: 0.000046 s

-----------------------------------------------------------------------------------------------
  P |  Time(s) | Comp% | Comm% |  GFLOP/s | Speedup |  Eff% | Mem(MiB) | NNZ min | NNZ avg | NNZ max
-----------------------------------------------------------------------------------------------
 64 |   0.0003 |  43.0 |  65.8 |     0.032 |    0.70 |   1.10 |     0.01 |      10 |     71.8 |     113

----------------------------------------
np = 128
----------------------------------------
[Rank 0] Matrix: 2000 x 2000, nnz=13966 | grid=16x8 | pattern=0 symmetric=1
[Rank 0] Matrix: 2000 x 2000, nnz=13966 | grid=16x8
[Rank 0] Local SpMV time: 0.000022 s
[Rank 13] Local SpMV time: 0.000033 s
[Rank 4] Local SpMV time: 0.000029 s
[Rank 33] Local SpMV time: 0.000021 s
[Rank 16] Local SpMV time: 0.000024 s
[Rank 41] Local SpMV time: 0.000048 s
[Rank 30] Local SpMV time: 0.000096 s
[Rank 57] Local SpMV time: 0.000065 s
[Rank 52] Local SpMV time: 0.000081 s
[Rank 65] Local SpMV time: 0.000030 s
[Rank 6] Local SpMV time: 0.000130 s
[Rank 69] Local SpMV time: 0.000076 s
[Rank 8] Local SpMV time: 0.000149 s
[Rank 73] Local SpMV time: 0.000029 s
[Rank 12] Local SpMV time: 0.000140 s
[Rank 113] Local SpMV time: 0.000068 s
[Rank 38] Local SpMV time: 0.000121 s
[Rank 1] Local SpMV time: 0.000158 s
[Rank 48] Local SpMV time: 0.000113 s
[Rank 25] Local SpMV time: 0.000212 s
[Rank 56] Local SpMV time: 0.000136 s
[Rank 63] Local SpMV time: 0.000221 s
[Rank 76] Local SpMV time: 0.000123 s
[Rank 75] Local SpMV time: 0.000213 s
[Rank 82] Local SpMV time: 0.000122 s
[Rank 97] Local SpMV time: 0.000139 s
[Rank 106] Local SpMV time: 0.000106 s
[Rank 103] Local SpMV time: 0.000103 s
[Rank 114] Local SpMV time: 0.000091 s
[Rank 105] Local SpMV time: 0.000130 s
[Rank 2] Local SpMV time: 0.000151 s
[Rank 5] Local SpMV time: 0.000233 s
[Rank 10] Local SpMV time: 0.000143 s
[Rank 7] Local SpMV time: 0.000231 s
[Rank 14] Local SpMV time: 0.000272 s
[Rank 9] Local SpMV time: 0.000292 s
[Rank 18] Local SpMV time: 0.000141 s
[Rank 11] Local SpMV time: 0.000257 s
[Rank 20] Local SpMV time: 0.000182 s
[Rank 19] Local SpMV time: 0.000261 s
[Rank 22] Local SpMV time: 0.000225 s
[Rank 23] Local SpMV time: 0.000276 s
[Rank 24] Local SpMV time: 0.000152 s
[Rank 27] Local SpMV time: 0.000254 s
[Rank 28] Local SpMV time: 0.000269 s
[Rank 31] Local SpMV time: 0.000245 s
[Rank 32] Local SpMV time: 0.000235 s
[Rank 35] Local SpMV time: 0.000275 s
[Rank 34] Local SpMV time: 0.000258 s
[Rank 39] Local SpMV time: 0.000246 s
[Rank 36] Local SpMV time: 0.000145 s
[Rank 47] Local SpMV time: 0.000234 s
[Rank 40] Local SpMV time: 0.000149 s
[Rank 51] Local SpMV time: 0.000268 s
[Rank 42] Local SpMV time: 0.000248 s
[Rank 55] Local SpMV time: 0.000265 s
[Rank 44] Local SpMV time: 0.000203 s
[Rank 67] Local SpMV time: 0.000268 s
[Rank 50] Local SpMV time: 0.000256 s
[Rank 83] Local SpMV time: 0.000246 s
[Rank 54] Local SpMV time: 0.000185 s
[Rank 85] Local SpMV time: 0.000240 s
[Rank 58] Local SpMV time: 0.000249 s
[Rank 87] Local SpMV time: 0.000251 s
[Rank 60] Local SpMV time: 0.000206 s
[Rank 99] Local SpMV time: 0.000230 s
[Rank 62] Local SpMV time: 0.000237 s
[Rank 111] Local SpMV time: 0.000265 s
[Rank 64] Local SpMV time: 0.000243 s
[Rank 119] Local SpMV time: 0.000264 s
[Rank 66] Local SpMV time: 0.000236 s
[Rank 125] Local SpMV time: 0.000251 s
[Rank 70] Local SpMV time: 0.000264 s
[Rank 3] Local SpMV time: 0.000292 s
[Rank 72] Local SpMV time: 0.000225 s
[Rank 15] Local SpMV time: 0.000335 s
[Rank 74] Local SpMV time: 0.000216 s
[Rank 17] Local SpMV time: 0.000372 s
[Rank 78] Local SpMV time: 0.000256 s
[Rank 21] Local SpMV time: 0.000366 s
[Rank 84] Local SpMV time: 0.000211 s
[Rank 29] Local SpMV time: 0.000348 s
[Rank 86] Local SpMV time: 0.000232 s
[Rank 37] Local SpMV time: 0.000369 s
[Rank 88] Local SpMV time: 0.000246 s
[Rank 43] Local SpMV time: 0.000355 s
[Rank 90] Local SpMV time: 0.000202 s
[Rank 45] Local SpMV time: 0.000362 s
[Rank 92] Local SpMV time: 0.000275 s
[Rank 49] Local SpMV time: 0.000354 s
[Rank 94] Local SpMV time: 0.000261 s
[Rank 53] Local SpMV time: 0.000279 s
[Rank 96] Local SpMV time: 0.000265 s
[Rank 59] Local SpMV time: 0.000350 s
[Rank 100] Local SpMV time: 0.000266 s
[Rank 61] Local SpMV time: 0.000319 s
[Rank 102] Local SpMV time: 0.000206 s
[Rank 71] Local SpMV time: 0.000346 s
[Rank 104] Local SpMV time: 0.000267 s
[Rank 77] Local SpMV time: 0.000288 s
[Rank 108] Local SpMV time: 0.000246 s
[Rank 79] Local SpMV time: 0.000253 s
[Rank 110] Local SpMV time: 0.000281 s
[Rank 81] Local SpMV time: 0.000367 s
[Rank 112] Local SpMV time: 0.000250 s
[Rank 89] Local SpMV time: 0.000260 s
[Rank 116] Local SpMV time: 0.000212 s
[Rank 91] Local SpMV time: 0.000372 s
[Rank 118] Local SpMV time: 0.000242 s
[Rank 93] Local SpMV time: 0.000344 s
[Rank 120] Local SpMV time: 0.000226 s
[Rank 95] Local SpMV time: 0.000360 s
[Rank 126] Local SpMV time: 0.000266 s
[Rank 101] Local SpMV time: 0.000371 s
Global FLOPs per SpMV: 8708

-----------------------------------------------------------------------------------------------
  P |  Time(s) | Comp% | Comm% |  GFLOP/s | Speedup |  Eff% | Mem(MiB) | NNZ min | NNZ avg | NNZ max
-----------------------------------------------------------------------------------------------
128 |   0.0006 |  65.3 |  61.5 |     0.015 |    0.35 |   0.27 |     0.01 |       2 |     34.0 |      55
[Rank 107] Local SpMV time: 0.000376 s
[Rank 26] Local SpMV time: 0.000314 s
[Rank 109] Local SpMV time: 0.000290 s
[Rank 46] Local SpMV time: 0.000281 s
[Rank 115] Local SpMV time: 0.000364 s
[Rank 68] Local SpMV time: 0.000307 s
[Rank 117] Local SpMV time: 0.000284 s
[Rank 80] Local SpMV time: 0.000298 s
[Rank 121] Local SpMV time: 0.000368 s
[Rank 98] Local SpMV time: 0.000299 s
[Rank 123] Local SpMV time: 0.000293 s
[Rank 122] Local SpMV time: 0.000293 s
[Rank 127] Local SpMV time: 0.000292 s
[Rank 124] Local SpMV time: 0.000288 s

