Strong scaling results for nemeth19.mtx
Date: Fri Jan  2 21:04:07 CET 2026
========================================

[Rank 0] Matrix: 9506 x 9506, nnz=413904 | grid=1x1 | pattern=0 symmetric=1
[Rank 0] Matrix: 9506 x 9506, nnz=413904 | grid=1x1
[Rank 0] Local SpMV time: 0.004392 s
Global FLOPs per SpMV: 1636604

-----------------------------------------------------------------------------------------------
  P |  Time(s) | Comp% | Comm% |  GFLOP/s | Speedup |  Eff% | Mem(MiB) | NNZ min | NNZ avg | NNZ max
-----------------------------------------------------------------------------------------------
  1 |   0.0045 |  97.4 |   1.5 |     0.363 |    N/A   |   N/A  |    22.10 |  818302 | 818302.0 |  818302
BASELINE_T1=0.0045

----------------------------------------
np = 2
----------------------------------------
[Rank 0] Matrix: 9506 x 9506, nnz=413904 | grid=2x1 | pattern=0 symmetric=1
[Rank 0] Matrix: 9506 x 9506, nnz=413904 | grid=2x1
[Rank 0] Local SpMV time: 0.001084 s
Global FLOPs per SpMV: 822138
[Rank 1] Local SpMV time: 0.001029 s

-----------------------------------------------------------------------------------------------
  P |  Time(s) | Comp% | Comm% |  GFLOP/s | Speedup |  Eff% | Mem(MiB) | NNZ min | NNZ avg | NNZ max
-----------------------------------------------------------------------------------------------
  2 |   0.0020 |  55.0 |  29.6 |     0.417 |    2.28 | 114.03 |     5.72 |  202860 | 205534.5 |  208209

----------------------------------------
np = 4
----------------------------------------
[Rank 0] Matrix: 9506 x 9506, nnz=413904 | grid=2x2 | pattern=0 symmetric=1
[Rank 0] Matrix: 9506 x 9506, nnz=413904 | grid=2x2
[Rank 0] Local SpMV time: 0.000291 s
[Rank 3] Local SpMV time: 0.000273 s
[Rank 2] Local SpMV time: 0.000283 s
[Rank 1] Local SpMV time: 0.000305 s
Global FLOPs per SpMV: 414708

-----------------------------------------------------------------------------------------------
  P |  Time(s) | Comp% | Comm% |  GFLOP/s | Speedup |  Eff% | Mem(MiB) | NNZ min | NNZ avg | NNZ max
-----------------------------------------------------------------------------------------------
  4 |   0.0009 |  35.1 |  64.1 |     0.477 |    5.17 | 129.35 |     1.57 |   50669 |  51838.5 |   54032

----------------------------------------
np = 8
----------------------------------------
[Rank 0] Matrix: 9506 x 9506, nnz=413904 | grid=4x2 | pattern=0 symmetric=1
[Rank 0] Matrix: 9506 x 9506, nnz=413904 | grid=4x2
[Rank 0] Local SpMV time: 0.000093 s
[Rank 1] Local SpMV time: 0.000097 s
[Rank 2] Local SpMV time: 0.000086 s
[Rank 5] Local SpMV time: 0.000090 s
[Rank 4] Local SpMV time: 0.000090 s
[Rank 3] Local SpMV time: 0.000097 s
[Rank 6] Local SpMV time: 0.000096 s
[Rank 7] Local SpMV time: 0.000095 s
Global FLOPs per SpMV: 211926

-----------------------------------------------------------------------------------------------
  P |  Time(s) | Comp% | Comm% |  GFLOP/s | Speedup |  Eff% | Mem(MiB) | NNZ min | NNZ avg | NNZ max
-----------------------------------------------------------------------------------------------
  8 |   0.0005 |  19.7 |  70.8 |     0.433 |    9.18 | 114.81 |     0.46 |   12913 |  13245.4 |   14179

----------------------------------------
np = 16
----------------------------------------
[Rank 0] Matrix: 9506 x 9506, nnz=413904 | grid=4x4 | pattern=0 symmetric=1
[Rank 0] Matrix: 9506 x 9506, nnz=413904 | grid=4x4
[Rank 0] Local SpMV time: 0.000041 s
[Rank 1] Local SpMV time: 0.000040 s
[Rank 2] Local SpMV time: 0.000038 s
[Rank 3] Local SpMV time: 0.000041 s
[Rank 4] Local SpMV time: 0.000039 s
[Rank 5] Local SpMV time: 0.000040 s
[Rank 6] Local SpMV time: 0.000035 s
[Rank 9] Local SpMV time: 0.000037 s
[Rank 8] Local SpMV time: 0.000036 s
[Rank 7] Local SpMV time: 0.000041 s
[Rank 10] Local SpMV time: 0.000038 s
[Rank 11] Local SpMV time: 0.000038 s
[Rank 12] Local SpMV time: 0.000036 s
[Rank 13] Local SpMV time: 0.000037 s
[Rank 14] Local SpMV time: 0.000041 s
[Rank 15] Local SpMV time: 0.000036 s
Global FLOPs per SpMV: 110080

-----------------------------------------------------------------------------------------------
  P |  Time(s) | Comp% | Comm% |  GFLOP/s | Speedup |  Eff% | Mem(MiB) | NNZ min | NNZ avg | NNZ max
-----------------------------------------------------------------------------------------------
 16 |   0.0005 |   9.1 |  81.9 |     0.242 |    9.90 |  61.89 |     0.16 |    3248 |   3440.0 |    3780

----------------------------------------
np = 32
----------------------------------------
[Rank 0] Matrix: 9506 x 9506, nnz=413904 | grid=8x4 | pattern=0 symmetric=1
[Rank 0] Matrix: 9506 x 9506, nnz=413904 | grid=8x4
[Rank 0] Local SpMV time: 0.000023 s
[Rank 1] Local SpMV time: 0.000024 s
[Rank 2] Local SpMV time: 0.000020 s
[Rank 9] Local SpMV time: 0.000025 s
[Rank 4] Local SpMV time: 0.000020 s
[Rank 3] Local SpMV time: 0.000024 s
[Rank 6] Local SpMV time: 0.000020 s
[Rank 5] Local SpMV time: 0.000025 s
[Rank 8] Local SpMV time: 0.000022 s
[Rank 7] Local SpMV time: 0.000020 s
[Rank 10] Local SpMV time: 0.000019 s
[Rank 11] Local SpMV time: 0.000024 s
[Rank 12] Local SpMV time: 0.000019 s
[Rank 13] Local SpMV time: 0.000020 s
[Rank 14] Local SpMV time: 0.000019 s
[Rank 15] Local SpMV time: 0.000021 s
[Rank 16] Local SpMV time: 0.000019 s
[Rank 17] Local SpMV time: 0.000022 s
[Rank 18] Local SpMV time: 0.000022 s
[Rank 19] Local SpMV time: 0.000022 s
[Rank 20] Local SpMV time: 0.000021 s
[Rank 21] Local SpMV time: 0.000021 s
[Rank 22] Local SpMV time: 0.000019 s
[Rank 23] Local SpMV time: 0.000020 s
[Rank 24] Local SpMV time: 0.000019 s
[Rank 25] Local SpMV time: 0.000022 s
[Rank 26] Local SpMV time: 0.000020 s
[Rank 27] Local SpMV time: 0.000022 s
[Rank 28] Local SpMV time: 0.000020 s
[Rank 29] Local SpMV time: 0.000022 s
[Rank 30] Local SpMV time: 0.000018 s
[Rank 31] Local SpMV time: 0.000019 s
Global FLOPs per SpMV: 59274

-----------------------------------------------------------------------------------------------
  P |  Time(s) | Comp% | Comm% |  GFLOP/s | Speedup |  Eff% | Mem(MiB) | NNZ min | NNZ avg | NNZ max
-----------------------------------------------------------------------------------------------
 32 |   0.0004 |   5.6 |  85.9 |     0.133 |   10.13 |  31.66 |     0.07 |     812 |    926.2 |    1033

----------------------------------------
np = 64
----------------------------------------
[Rank 0] Matrix: 9506 x 9506, nnz=413904 | grid=8x8 | pattern=0 symmetric=1
[Rank 0] Matrix: 9506 x 9506, nnz=413904 | grid=8x8
[Rank 0] Local SpMV time: 0.000020 s
[Rank 1] Local SpMV time: 0.000021 s
[Rank 2] Local SpMV time: 0.000017 s
[Rank 9] Local SpMV time: 0.000019 s
[Rank 4] Local SpMV time: 0.000019 s
[Rank 17] Local SpMV time: 0.000026 s
[Rank 6] Local SpMV time: 0.000019 s
[Rank 25] Local SpMV time: 0.000020 s
[Rank 8] Local SpMV time: 0.000017 s
[Rank 57] Local SpMV time: 0.000018 s
[Rank 10] Local SpMV time: 0.000017 s
[Rank 3] Local SpMV time: 0.000025 s
[Rank 12] Local SpMV time: 0.000018 s
[Rank 5] Local SpMV time: 0.000023 s
[Rank 14] Local SpMV time: 0.000022 s
[Rank 7] Local SpMV time: 0.000020 s
[Rank 16] Local SpMV time: 0.000019 s
[Rank 11] Local SpMV time: 0.000021 s
[Rank 18] Local SpMV time: 0.000019 s
[Rank 13] Local SpMV time: 0.000024 s
[Rank 20] Local SpMV time: 0.000017 s
[Rank 15] Local SpMV time: 0.000019 s
[Rank 22] Local SpMV time: 0.000018 s
[Rank 19] Local SpMV time: 0.000020 s
[Rank 24] Local SpMV time: 0.000019 s
[Rank 21] Local SpMV time: 0.000028 s
[Rank 28] Local SpMV time: 0.000031 s
[Rank 23] Local SpMV time: 0.000067 s
[Rank 30] Local SpMV time: 0.000036 s
[Rank 27] Local SpMV time: 0.000030 s
[Rank 32] Local SpMV time: 0.000020 s
[Rank 29] Local SpMV time: 0.000072 s
[Rank 34] Local SpMV time: 0.000017 s
[Rank 31] Local SpMV time: 0.000051 s
[Rank 36] Local SpMV time: 0.000018 s
[Rank 33] Local SpMV time: 0.000028 s
[Rank 38] Local SpMV time: 0.000039 s
[Rank 35] Local SpMV time: 0.000027 s
[Rank 40] Local SpMV time: 0.000018 s
[Rank 37] Local SpMV time: 0.000018 s
[Rank 46] Local SpMV time: 0.000026 s
[Rank 39] Local SpMV time: 0.000064 s
[Rank 48] Local SpMV time: 0.000016 s
[Rank 41] Local SpMV time: 0.000022 s
[Rank 50] Local SpMV time: 0.000021 s
[Rank 43] Local SpMV time: 0.000030 s
[Rank 52] Local SpMV time: 0.000039 s
[Rank 45] Local SpMV time: 0.000054 s
[Rank 54] Local SpMV time: 0.000026 s
[Rank 47] Local SpMV time: 0.000060 s
[Rank 56] Local SpMV time: 0.000018 s
[Rank 49] Local SpMV time: 0.000021 s
[Rank 60] Local SpMV time: 0.000027 s
[Rank 51] Local SpMV time: 0.000033 s
[Rank 62] Local SpMV time: 0.000027 s
[Rank 53] Local SpMV time: 0.000019 s
Global FLOPs per SpMV: 33786
[Rank 55] Local SpMV time: 0.000066 s
[Rank 26] Local SpMV time: 0.000027 s
[Rank 59] Local SpMV time: 0.000036 s
[Rank 42] Local SpMV time: 0.000025 s
[Rank 61] Local SpMV time: 0.000030 s
[Rank 44] Local SpMV time: 0.000037 s
[Rank 63] Local SpMV time: 0.000031 s
[Rank 58] Local SpMV time: 0.000030 s

-----------------------------------------------------------------------------------------------
  P |  Time(s) | Comp% | Comm% |  GFLOP/s | Speedup |  Eff% | Mem(MiB) | NNZ min | NNZ avg | NNZ max
-----------------------------------------------------------------------------------------------
 64 |   0.0004 |  16.5 |  74.5 |     0.077 |   10.30 |  16.09 |     0.04 |     201 |    264.0 |     305

----------------------------------------
np = 128
----------------------------------------
[Rank 0] Matrix: 9506 x 9506, nnz=413904 | grid=16x8 | pattern=0 symmetric=1
[Rank 0] Matrix: 9506 x 9506, nnz=413904 | grid=16x8
[Rank 0] Local SpMV time: 0.000017 s
[Rank 1] Local SpMV time: 0.000022 s
[Rank 4] Local SpMV time: 0.000030 s
[Rank 5] Local SpMV time: 0.000017 s
[Rank 6] Local SpMV time: 0.000013 s
[Rank 7] Local SpMV time: 0.000020 s
[Rank 8] Local SpMV time: 0.000014 s
[Rank 9] Local SpMV time: 0.000021 s
[Rank 14] Local SpMV time: 0.000015 s
[Rank 15] Local SpMV time: 0.000020 s
[Rank 16] Local SpMV time: 0.000014 s
[Rank 17] Local SpMV time: 0.000019 s
[Rank 24] Local SpMV time: 0.000017 s
[Rank 23] Local SpMV time: 0.000016 s
[Rank 32] Local SpMV time: 0.000017 s
[Rank 25] Local SpMV time: 0.000024 s
[Rank 38] Local SpMV time: 0.000030 s
[Rank 33] Local SpMV time: 0.000021 s
[Rank 40] Local SpMV time: 0.000015 s
[Rank 37] Local SpMV time: 0.000018 s
[Rank 48] Local SpMV time: 0.000016 s
[Rank 41] Local SpMV time: 0.000023 s
[Rank 56] Local SpMV time: 0.000015 s
[Rank 49] Local SpMV time: 0.000020 s
[Rank 64] Local SpMV time: 0.000015 s
[Rank 57] Local SpMV time: 0.000018 s
[Rank 72] Local SpMV time: 0.000014 s
[Rank 65] Local SpMV time: 0.000020 s
[Rank 80] Local SpMV time: 0.000012 s
[Rank 73] Local SpMV time: 0.000021 s
[Rank 88] Local SpMV time: 0.000017 s
[Rank 81] Local SpMV time: 0.000024 s
[Rank 96] Local SpMV time: 0.000012 s
[Rank 89] Local SpMV time: 0.000023 s
[Rank 104] Local SpMV time: 0.000018 s
[Rank 97] Local SpMV time: 0.000028 s
[Rank 112] Local SpMV time: 0.000015 s
[Rank 105] Local SpMV time: 0.000019 s
[Rank 120] Local SpMV time: 0.000013 s
[Rank 113] Local SpMV time: 0.000018 s
Global FLOPs per SpMV: 21080
[Rank 121] Local SpMV time: 0.000017 s
[Rank 2] Local SpMV time: 0.000034 s
[Rank 3] Local SpMV time: 0.000020 s
[Rank 10] Local SpMV time: 0.000015 s
[Rank 11] Local SpMV time: 0.000020 s
[Rank 12] Local SpMV time: 0.000015 s
[Rank 13] Local SpMV time: 0.000021 s
[Rank 18] Local SpMV time: 0.000013 s
[Rank 19] Local SpMV time: 0.000024 s
[Rank 20] Local SpMV time: 0.000015 s
[Rank 21] Local SpMV time: 0.000019 s
[Rank 22] Local SpMV time: 0.000033 s
[Rank 27] Local SpMV time: 0.000020 s
[Rank 26] Local SpMV time: 0.000012 s
[Rank 29] Local SpMV time: 0.000021 s
[Rank 28] Local SpMV time: 0.000015 s
[Rank 31] Local SpMV time: 0.000024 s
[Rank 30] Local SpMV time: 0.000015 s
[Rank 35] Local SpMV time: 0.000017 s
[Rank 34] Local SpMV time: 0.000014 s
[Rank 39] Local SpMV time: 0.000021 s
[Rank 36] Local SpMV time: 0.000014 s
[Rank 43] Local SpMV time: 0.000091 s
[Rank 42] Local SpMV time: 0.000032 s
[Rank 45] Local SpMV time: 0.000019 s
[Rank 44] Local SpMV time: 0.000015 s
[Rank 47] Local SpMV time: 0.000099 s
[Rank 46] Local SpMV time: 0.000014 s
[Rank 51] Local SpMV time: 0.000021 s
[Rank 50] Local SpMV time: 0.000034 s
[Rank 53] Local SpMV time: 0.000020 s
[Rank 52] Local SpMV time: 0.000013 s
[Rank 55] Local SpMV time: 0.000070 s
[Rank 54] Local SpMV time: 0.000013 s
[Rank 59] Local SpMV time: 0.000047 s
[Rank 58] Local SpMV time: 0.000045 s
[Rank 61] Local SpMV time: 0.000070 s
[Rank 60] Local SpMV time: 0.000029 s
[Rank 63] Local SpMV time: 0.000054 s
[Rank 62] Local SpMV time: 0.000014 s
[Rank 67] Local SpMV time: 0.000017 s
[Rank 66] Local SpMV time: 0.000032 s
[Rank 69] Local SpMV time: 0.000061 s
[Rank 68] Local SpMV time: 0.000012 s
[Rank 71] Local SpMV time: 0.000100 s
[Rank 70] Local SpMV time: 0.000015 s
[Rank 75] Local SpMV time: 0.000024 s
[Rank 74] Local SpMV time: 0.000027 s
[Rank 77] Local SpMV time: 0.000022 s
[Rank 76] Local SpMV time: 0.000037 s
[Rank 79] Local SpMV time: 0.000050 s
[Rank 78] Local SpMV time: 0.000032 s
[Rank 83] Local SpMV time: 0.000089 s
[Rank 82] Local SpMV time: 0.000037 s
[Rank 85] Local SpMV time: 0.000078 s
[Rank 84] Local SpMV time: 0.000032 s
[Rank 87] Local SpMV time: 0.000089 s
[Rank 86] Local SpMV time: 0.000032 s
[Rank 91] Local SpMV time: 0.000103 s
[Rank 90] Local SpMV time: 0.000046 s
[Rank 93] Local SpMV time: 0.000102 s
[Rank 92] Local SpMV time: 0.000013 s
[Rank 95] Local SpMV time: 0.000056 s
[Rank 94] Local SpMV time: 0.000043 s
[Rank 99] Local SpMV time: 0.000046 s
[Rank 98] Local SpMV time: 0.000045 s
[Rank 101] Local SpMV time: 0.000047 s
[Rank 100] Local SpMV time: 0.000013 s
[Rank 103] Local SpMV time: 0.000096 s
[Rank 102] Local SpMV time: 0.000033 s
[Rank 107] Local SpMV time: 0.000061 s
[Rank 106] Local SpMV time: 0.000024 s
[Rank 109] Local SpMV time: 0.000058 s
[Rank 108] Local SpMV time: 0.000030 s
[Rank 111] Local SpMV time: 0.000053 s
[Rank 110] Local SpMV time: 0.000035 s
[Rank 115] Local SpMV time: 0.000050 s
[Rank 114] Local SpMV time: 0.000031 s
[Rank 117] Local SpMV time: 0.000103 s
[Rank 116] Local SpMV time: 0.000044 s
[Rank 119] Local SpMV time: 0.000054 s
[Rank 118] Local SpMV time: 0.000033 s
[Rank 123] Local SpMV time: 0.000051 s
[Rank 122] Local SpMV time: 0.000040 s
[Rank 125] Local SpMV time: 0.000045 s
[Rank 124] Local SpMV time: 0.000023 s
[Rank 127] Local SpMV time: 0.000053 s
[Rank 126] Local SpMV time: 0.000036 s

-----------------------------------------------------------------------------------------------
  P |  Time(s) | Comp% | Comm% |  GFLOP/s | Speedup |  Eff% | Mem(MiB) | NNZ min | NNZ avg | NNZ max
-----------------------------------------------------------------------------------------------
128 |   0.0006 |  17.5 |  82.9 |     0.036 |    7.60 |   5.94 |     0.02 |      50 |     82.3 |      95

