Strong scaling results for nemeth05.mtx
Date: Fri Jan  2 21:03:19 CET 2026
========================================

[Rank 0] Matrix: 9506 x 9506, nnz=202157 | grid=1x1 | pattern=0 symmetric=1
[Rank 0] Matrix: 9506 x 9506, nnz=202157 | grid=1x1
[Rank 0] Local SpMV time: 0.002194 s
Global FLOPs per SpMV: 789616

-----------------------------------------------------------------------------------------------
  P |  Time(s) | Comp% | Comm% |  GFLOP/s | Speedup |  Eff% | Mem(MiB) | NNZ min | NNZ avg | NNZ max
-----------------------------------------------------------------------------------------------
  1 |   0.0023 |  96.4 |   1.8 |     0.347 |    N/A   |   N/A  |    10.80 |  394808 | 394808.0 |  394808
BASELINE_T1=0.0023

----------------------------------------
np = 2
----------------------------------------
[Rank 0] Matrix: 9506 x 9506, nnz=202157 | grid=2x1 | pattern=0 symmetric=1
[Rank 0] Matrix: 9506 x 9506, nnz=202157 | grid=2x1
[Rank 0] Local SpMV time: 0.000595 s
Global FLOPs per SpMV: 399104
[Rank 1] Local SpMV time: 0.000536 s

-----------------------------------------------------------------------------------------------
  P |  Time(s) | Comp% | Comm% |  GFLOP/s | Speedup |  Eff% | Mem(MiB) | NNZ min | NNZ avg | NNZ max
-----------------------------------------------------------------------------------------------
  2 |   0.0013 |  45.4 |  38.5 |     0.304 |    1.75 |  87.67 |     2.88 |   97922 |  99776.0 |  101630

----------------------------------------
np = 4
----------------------------------------
[Rank 0] Matrix: 9506 x 9506, nnz=202157 | grid=2x2 | pattern=0 symmetric=1
[Rank 0] Matrix: 9506 x 9506, nnz=202157 | grid=2x2
[Rank 1] Local SpMV time: 0.000183 s
[Rank 0] Local SpMV time: 0.000184 s
Global FLOPs per SpMV: 203734
[Rank 3] Local SpMV time: 0.000161 s
[Rank 2] Local SpMV time: 0.000189 s

-----------------------------------------------------------------------------------------------
  P |  Time(s) | Comp% | Comm% |  GFLOP/s | Speedup |  Eff% | Mem(MiB) | NNZ min | NNZ avg | NNZ max
-----------------------------------------------------------------------------------------------
  4 |   0.0007 |  25.3 |  70.0 |     0.272 |    3.07 |  76.83 |     0.83 |   23604 |  25466.8 |   26407

----------------------------------------
np = 8
----------------------------------------
[Rank 0] Matrix: 9506 x 9506, nnz=202157 | grid=4x2 | pattern=0 symmetric=1
[Rank 0] Matrix: 9506 x 9506, nnz=202157 | grid=4x2
[Rank 1] Local SpMV time: 0.000059 s
[Rank 0] Local SpMV time: 0.000069 s
Global FLOPs per SpMV: 105876
[Rank 3] Local SpMV time: 0.000052 s
[Rank 2] Local SpMV time: 0.000063 s
[Rank 5] Local SpMV time: 0.000058 s
[Rank 4] Local SpMV time: 0.000062 s
[Rank 7] Local SpMV time: 0.000051 s
[Rank 6] Local SpMV time: 0.000063 s

-----------------------------------------------------------------------------------------------
  P |  Time(s) | Comp% | Comm% |  GFLOP/s | Speedup |  Eff% | Mem(MiB) | NNZ min | NNZ avg | NNZ max
-----------------------------------------------------------------------------------------------
  8 |   0.0005 |  14.3 |  80.5 |     0.220 |    4.77 |  59.67 |     0.27 |    5904 |   6617.2 |    6870

----------------------------------------
np = 16
----------------------------------------
[Rank 0] Matrix: 9506 x 9506, nnz=202157 | grid=4x4 | pattern=0 symmetric=1
[Rank 0] Matrix: 9506 x 9506, nnz=202157 | grid=4x4
[Rank 0] Local SpMV time: 0.000041 s
Global FLOPs per SpMV: 57014
[Rank 1] Local SpMV time: 0.000031 s
[Rank 2] Local SpMV time: 0.000039 s
[Rank 3] Local SpMV time: 0.000030 s
[Rank 4] Local SpMV time: 0.000033 s
[Rank 5] Local SpMV time: 0.000027 s
[Rank 6] Local SpMV time: 0.000037 s
[Rank 7] Local SpMV time: 0.000034 s
[Rank 8] Local SpMV time: 0.000041 s
[Rank 9] Local SpMV time: 0.000036 s
[Rank 10] Local SpMV time: 0.000036 s
[Rank 11] Local SpMV time: 0.000033 s
[Rank 12] Local SpMV time: 0.000032 s
[Rank 13] Local SpMV time: 0.000032 s
[Rank 14] Local SpMV time: 0.000038 s
[Rank 15] Local SpMV time: 0.000030 s

-----------------------------------------------------------------------------------------------
  P |  Time(s) | Comp% | Comm% |  GFLOP/s | Speedup |  Eff% | Mem(MiB) | NNZ min | NNZ avg | NNZ max
-----------------------------------------------------------------------------------------------
 16 |   0.0005 |   8.9 |  80.4 |     0.123 |    4.98 |  31.09 |     0.11 |    1507 |   1781.7 |    1926

----------------------------------------
np = 32
----------------------------------------
[Rank 0] Matrix: 9506 x 9506, nnz=202157 | grid=8x4 | pattern=0 symmetric=1
[Rank 0] Matrix: 9506 x 9506, nnz=202157 | grid=8x4
[Rank 0] Local SpMV time: 0.000020 s
Global FLOPs per SpMV: 32558
[Rank 1] Local SpMV time: 0.000018 s
[Rank 2] Local SpMV time: 0.000024 s
[Rank 3] Local SpMV time: 0.000020 s
[Rank 4] Local SpMV time: 0.000019 s
[Rank 5] Local SpMV time: 0.000020 s
[Rank 6] Local SpMV time: 0.000027 s
[Rank 7] Local SpMV time: 0.000018 s
[Rank 8] Local SpMV time: 0.000021 s
[Rank 9] Local SpMV time: 0.000019 s
[Rank 10] Local SpMV time: 0.000017 s
[Rank 11] Local SpMV time: 0.000017 s
[Rank 12] Local SpMV time: 0.000025 s
[Rank 13] Local SpMV time: 0.000018 s
[Rank 14] Local SpMV time: 0.000018 s
[Rank 15] Local SpMV time: 0.000018 s
[Rank 16] Local SpMV time: 0.000018 s
[Rank 17] Local SpMV time: 0.000020 s
[Rank 18] Local SpMV time: 0.000027 s
[Rank 19] Local SpMV time: 0.000019 s
[Rank 20] Local SpMV time: 0.000019 s
[Rank 21] Local SpMV time: 0.000018 s
[Rank 22] Local SpMV time: 0.000021 s
[Rank 25] Local SpMV time: 0.000020 s
[Rank 24] Local SpMV time: 0.000020 s
[Rank 29] Local SpMV time: 0.000021 s
[Rank 26] Local SpMV time: 0.000019 s
[Rank 23] Local SpMV time: 0.000019 s
[Rank 28] Local SpMV time: 0.000021 s
[Rank 27] Local SpMV time: 0.000018 s
[Rank 30] Local SpMV time: 0.000018 s
[Rank 31] Local SpMV time: 0.000018 s

-----------------------------------------------------------------------------------------------
  P |  Time(s) | Comp% | Comm% |  GFLOP/s | Speedup |  Eff% | Mem(MiB) | NNZ min | NNZ avg | NNZ max
-----------------------------------------------------------------------------------------------
 32 |   0.0005 |   5.9 |  87.4 |     0.072 |    5.11 |  15.97 |     0.06 |     378 |    508.7 |     571

----------------------------------------
np = 64
----------------------------------------
[Rank 0] Matrix: 9506 x 9506, nnz=202157 | grid=8x8 | pattern=0 symmetric=1
[Rank 0] Matrix: 9506 x 9506, nnz=202157 | grid=8x8
[Rank 1] Local SpMV time: 0.000021 s
[Rank 0] Local SpMV time: 0.000028 s
[Rank 5] Local SpMV time: 0.000018 s
[Rank 2] Local SpMV time: 0.000023 s
[Rank 9] Local SpMV time: 0.000018 s
[Rank 4] Local SpMV time: 0.000023 s
[Rank 17] Local SpMV time: 0.000017 s
[Rank 6] Local SpMV time: 0.000019 s
[Rank 33] Local SpMV time: 0.000020 s
[Rank 8] Local SpMV time: 0.000028 s
[Rank 41] Local SpMV time: 0.000016 s
[Rank 10] Local SpMV time: 0.000019 s
[Rank 3] Local SpMV time: 0.000036 s
[Rank 14] Local SpMV time: 0.000019 s
[Rank 7] Local SpMV time: 0.000025 s
[Rank 16] Local SpMV time: 0.000024 s
[Rank 11] Local SpMV time: 0.000022 s
[Rank 32] Local SpMV time: 0.000021 s
[Rank 13] Local SpMV time: 0.000016 s
[Rank 34] Local SpMV time: 0.000018 s
[Rank 15] Local SpMV time: 0.000018 s
[Rank 48] Local SpMV time: 0.000020 s
[Rank 19] Local SpMV time: 0.000021 s
Global FLOPs per SpMV: 20374
[Rank 21] Local SpMV time: 0.000015 s
[Rank 12] Local SpMV time: 0.000022 s
[Rank 23] Local SpMV time: 0.000019 s
[Rank 18] Local SpMV time: 0.000019 s
[Rank 25] Local SpMV time: 0.000017 s
[Rank 20] Local SpMV time: 0.000021 s
[Rank 27] Local SpMV time: 0.000024 s
[Rank 22] Local SpMV time: 0.000021 s
[Rank 29] Local SpMV time: 0.000022 s
[Rank 24] Local SpMV time: 0.000021 s
[Rank 31] Local SpMV time: 0.000045 s
[Rank 26] Local SpMV time: 0.000017 s
[Rank 35] Local SpMV time: 0.000021 s
[Rank 28] Local SpMV time: 0.000016 s
[Rank 37] Local SpMV time: 0.000024 s
[Rank 30] Local SpMV time: 0.000018 s
[Rank 39] Local SpMV time: 0.000021 s
[Rank 36] Local SpMV time: 0.000018 s
[Rank 43] Local SpMV time: 0.000017 s
[Rank 38] Local SpMV time: 0.000018 s
[Rank 45] Local SpMV time: 0.000035 s
[Rank 40] Local SpMV time: 0.000026 s
[Rank 47] Local SpMV time: 0.000031 s
[Rank 42] Local SpMV time: 0.000020 s
[Rank 49] Local SpMV time: 0.000019 s
[Rank 44] Local SpMV time: 0.000016 s
[Rank 51] Local SpMV time: 0.000038 s
[Rank 46] Local SpMV time: 0.000016 s
[Rank 53] Local SpMV time: 0.000018 s
[Rank 50] Local SpMV time: 0.000016 s
[Rank 55] Local SpMV time: 0.000043 s
[Rank 52] Local SpMV time: 0.000018 s
[Rank 57] Local SpMV time: 0.000031 s
[Rank 54] Local SpMV time: 0.000016 s
[Rank 59] Local SpMV time: 0.000025 s
[Rank 56] Local SpMV time: 0.000020 s
[Rank 61] Local SpMV time: 0.000036 s
[Rank 58] Local SpMV time: 0.000016 s
[Rank 63] Local SpMV time: 0.000026 s
[Rank 60] Local SpMV time: 0.000018 s
[Rank 62] Local SpMV time: 0.000017 s

-----------------------------------------------------------------------------------------------
  P |  Time(s) | Comp% | Comm% |  GFLOP/s | Speedup |  Eff% | Mem(MiB) | NNZ min | NNZ avg | NNZ max
-----------------------------------------------------------------------------------------------
 64 |   0.0005 |  10.0 |  75.4 |     0.045 |    5.10 |   7.98 |     0.04 |      88 |    159.2 |     189

----------------------------------------
np = 128
----------------------------------------
[Rank 0] Matrix: 9506 x 9506, nnz=202157 | grid=16x8 | pattern=0 symmetric=1
[Rank 0] Matrix: 9506 x 9506, nnz=202157 | grid=16x8
[Rank 0] Local SpMV time: 0.000030 s
[Rank 24] Local SpMV time: 0.000022 s
[Rank 32] Local SpMV time: 0.000023 s
[Rank 2] Local SpMV time: 0.000016 s
[Rank 4] Local SpMV time: 0.000017 s
[Rank 6] Local SpMV time: 0.000017 s
[Rank 8] Local SpMV time: 0.000026 s
[Rank 10] Local SpMV time: 0.000016 s
[Rank 12] Local SpMV time: 0.000017 s
[Rank 14] Local SpMV time: 0.000016 s
[Rank 1] Local SpMV time: 0.000021 s
[Rank 16] Local SpMV time: 0.000027 s
[Rank 3] Local SpMV time: 0.000017 s
[Rank 38] Local SpMV time: 0.000021 s
[Rank 5] Local SpMV time: 0.000036 s
[Rank 40] Local SpMV time: 0.000022 s
[Rank 9] Local SpMV time: 0.000020 s
[Rank 64] Local SpMV time: 0.000019 s
[Rank 15] Local SpMV time: 0.000015 s
[Rank 72] Local SpMV time: 0.000021 s
[Rank 17] Local SpMV time: 0.000021 s
[Rank 80] Local SpMV time: 0.000024 s
[Rank 19] Local SpMV time: 0.000035 s
[Rank 88] Local SpMV time: 0.000016 s
[Rank 23] Local SpMV time: 0.000018 s
[Rank 104] Local SpMV time: 0.000024 s
[Rank 25] Local SpMV time: 0.000020 s
[Rank 18] Local SpMV time: 0.000016 s
[Rank 33] Local SpMV time: 0.000022 s
[Rank 20] Local SpMV time: 0.000017 s
[Rank 35] Local SpMV time: 0.000016 s
[Rank 26] Local SpMV time: 0.000019 s
[Rank 39] Local SpMV time: 0.000018 s
[Rank 28] Local SpMV time: 0.000020 s
[Rank 41] Local SpMV time: 0.000020 s
[Rank 34] Local SpMV time: 0.000016 s
[Rank 43] Local SpMV time: 0.000015 s
[Rank 36] Local SpMV time: 0.000019 s
[Rank 47] Local SpMV time: 0.000016 s
[Rank 42] Local SpMV time: 0.000021 s
[Rank 49] Local SpMV time: 0.000019 s
[Rank 44] Local SpMV time: 0.000036 s
[Rank 57] Local SpMV time: 0.000016 s
[Rank 46] Local SpMV time: 0.000022 s
[Rank 65] Local SpMV time: 0.000017 s
[Rank 48] Local SpMV time: 0.000015 s
[Rank 67] Local SpMV time: 0.000016 s
[Rank 50] Local SpMV time: 0.000015 s
[Rank 71] Local SpMV time: 0.000015 s
[Rank 52] Local SpMV time: 0.000020 s
[Rank 73] Local SpMV time: 0.000017 s
[Rank 54] Local SpMV time: 0.000021 s
[Rank 75] Local SpMV time: 0.000015 s
[Rank 56] Local SpMV time: 0.000018 s
[Rank 81] Local SpMV time: 0.000016 s
[Rank 58] Local SpMV time: 0.000035 s
[Rank 89] Local SpMV time: 0.000019 s
[Rank 66] Local SpMV time: 0.000021 s
[Rank 97] Local SpMV time: 0.000016 s
[Rank 68] Local SpMV time: 0.000020 s
[Rank 99] Local SpMV time: 0.000015 s
[Rank 70] Local SpMV time: 0.000018 s
[Rank 105] Local SpMV time: 0.000018 s
[Rank 74] Local SpMV time: 0.000017 s
[Rank 113] Local SpMV time: 0.000018 s
[Rank 76] Local SpMV time: 0.000022 s
[Rank 121] Local SpMV time: 0.000016 s
[Rank 78] Local SpMV time: 0.000075 s
[Rank 7] Local SpMV time: 0.000020 s
[Rank 84] Local SpMV time: 0.000021 s
[Rank 11] Local SpMV time: 0.000035 s
[Rank 86] Local SpMV time: 0.000019 s
[Rank 13] Local SpMV time: 0.000035 s
[Rank 90] Local SpMV time: 0.000037 s
[Rank 21] Local SpMV time: 0.000095 s
[Rank 92] Local SpMV time: 0.000036 s
[Rank 27] Local SpMV time: 0.000099 s
[Rank 94] Local SpMV time: 0.000051 s
[Rank 29] Local SpMV time: 0.000126 s
[Rank 98] Local SpMV time: 0.000019 s
[Rank 31] Local SpMV time: 0.000016 s
[Rank 100] Local SpMV time: 0.000017 s
[Rank 37] Local SpMV time: 0.000083 s
[Rank 102] Local SpMV time: 0.000065 s
[Rank 45] Local SpMV time: 0.000124 s
[Rank 106] Local SpMV time: 0.000064 s
[Rank 51] Local SpMV time: 0.000018 s
[Rank 108] Local SpMV time: 0.000072 s
[Rank 53] Local SpMV time: 0.000079 s
[Rank 110] Local SpMV time: 0.000035 s
[Rank 55] Local SpMV time: 0.000103 s
[Rank 112] Local SpMV time: 0.000019 s
[Rank 59] Local SpMV time: 0.000092 s
[Rank 116] Local SpMV time: 0.000047 s
[Rank 61] Local SpMV time: 0.000105 s
[Rank 120] Local SpMV time: 0.000017 s
[Rank 63] Local SpMV time: 0.000122 s
[Rank 122] Local SpMV time: 0.000033 s
[Rank 69] Local SpMV time: 0.000016 s
[Rank 60] Local SpMV time: 0.000043 s
[Rank 77] Local SpMV time: 0.000049 s
[Rank 62] Local SpMV time: 0.000018 s
[Rank 79] Local SpMV time: 0.000121 s
[Rank 82] Local SpMV time: 0.000021 s
[Rank 83] Local SpMV time: 0.000046 s
[Rank 96] Local SpMV time: 0.000020 s
[Rank 85] Local SpMV time: 0.000063 s
[Rank 114] Local SpMV time: 0.000070 s
[Rank 87] Local SpMV time: 0.000114 s
[Rank 124] Local SpMV time: 0.000053 s
[Rank 91] Local SpMV time: 0.000116 s
[Rank 118] Local SpMV time: 0.000019 s
[Rank 93] Local SpMV time: 0.000110 s
[Rank 126] Local SpMV time: 0.000017 s
[Rank 95] Local SpMV time: 0.000056 s
[Rank 101] Local SpMV time: 0.000072 s
[Rank 103] Local SpMV time: 0.000130 s
[Rank 107] Local SpMV time: 0.000124 s
[Rank 109] Local SpMV time: 0.000121 s
[Rank 111] Local SpMV time: 0.000049 s
[Rank 115] Local SpMV time: 0.000072 s
[Rank 117] Local SpMV time: 0.000073 s
[Rank 119] Local SpMV time: 0.000121 s
[Rank 123] Local SpMV time: 0.000125 s
[Rank 125] Local SpMV time: 0.000100 s
[Rank 127] Local SpMV time: 0.000093 s
[Rank 22] Local SpMV time: 0.000027 s
[Rank 30] Local SpMV time: 0.000021 s
Global FLOPs per SpMV: 14132

-----------------------------------------------------------------------------------------------
  P |  Time(s) | Comp% | Comm% |  GFLOP/s | Speedup |  Eff% | Mem(MiB) | NNZ min | NNZ avg | NNZ max
-----------------------------------------------------------------------------------------------
128 |   0.0260 |   0.5 |  99.1 |     0.001 |    0.09 |   0.07 |     0.02 |      26 |     55.2 |      69

