Strong scaling results for tols2000.mtx
Date: Fri Jan  2 21:06:48 CET 2026
========================================

[Rank 0] Matrix: 2000 x 2000, nnz=5184 | grid=1x1 | pattern=0 symmetric=0
[Rank 0] Matrix: 2000 x 2000, nnz=5184 | grid=1x1
[Rank 0] Local SpMV time: 0.000077 s
Global FLOPs per SpMV: 10368

-----------------------------------------------------------------------------------------------
  P |  Time(s) | Comp% | Comm% |  GFLOP/s | Speedup |  Eff% | Mem(MiB) | NNZ min | NNZ avg | NNZ max
-----------------------------------------------------------------------------------------------
  1 |   0.0001 |  67.9 |  11.6 |     0.091 |    N/A   |   N/A  |     0.19 |    5184 |   5184.0 |    5184
BASELINE_T1=0.0001

----------------------------------------
np = 2
----------------------------------------
[Rank 0] Matrix: 2000 x 2000, nnz=5184 | grid=2x1 | pattern=0 symmetric=0
[Rank 0] Matrix: 2000 x 2000, nnz=5184 | grid=2x1
[Rank 0] Local SpMV time: 0.000028 s
Global FLOPs per SpMV: 7456
[Rank 1] Local SpMV time: 0.000024 s

-----------------------------------------------------------------------------------------------
  P |  Time(s) | Comp% | Comm% |  GFLOP/s | Speedup |  Eff% | Mem(MiB) | NNZ min | NNZ avg | NNZ max
-----------------------------------------------------------------------------------------------
  2 |   0.0004 |   6.9 |  77.6 |     0.019 |    0.25 |  12.44 |     0.10 |    1136 |   1864.0 |    2592

----------------------------------------
np = 4
----------------------------------------
[Rank 0] Matrix: 2000 x 2000, nnz=5184 | grid=2x2 | pattern=0 symmetric=0
[Rank 0] Matrix: 2000 x 2000, nnz=5184 | grid=2x2
[Rank 1] Local SpMV time: 0.000020 s
[Rank 0] Local SpMV time: 0.000036 s
Global FLOPs per SpMV: 6296
[Rank 3] Local SpMV time: 0.000019 s
[Rank 2] Local SpMV time: 0.000014 s

-----------------------------------------------------------------------------------------------
  P |  Time(s) | Comp% | Comm% |  GFLOP/s | Speedup |  Eff% | Mem(MiB) | NNZ min | NNZ avg | NNZ max
-----------------------------------------------------------------------------------------------
  4 |   0.0002 |  17.0 |  86.9 |     0.030 |    0.47 |  11.73 |     0.09 |     243 |    787.0 |    2187

----------------------------------------
np = 8
----------------------------------------
[Rank 0] Matrix: 2000 x 2000, nnz=5184 | grid=4x2 | pattern=0 symmetric=0
[Rank 0] Matrix: 2000 x 2000, nnz=5184 | grid=4x2
[Rank 0] Local SpMV time: 0.000019 s
Global FLOPs per SpMV: 5336
[Rank 1] Local SpMV time: 0.000015 s
[Rank 2] Local SpMV time: 0.000011 s
[Rank 3] Local SpMV time: 0.000019 s
[Rank 4] Local SpMV time: 0.000014 s
[Rank 5] Local SpMV time: 0.000015 s
[Rank 6] Local SpMV time: 0.000011 s
[Rank 7] Local SpMV time: 0.000016 s

-----------------------------------------------------------------------------------------------
  P |  Time(s) | Comp% | Comm% |  GFLOP/s | Speedup |  Eff% | Mem(MiB) | NNZ min | NNZ avg | NNZ max
-----------------------------------------------------------------------------------------------
  8 |   0.0002 |   7.7 |  89.9 |     0.022 |    0.41 |   5.10 |     0.04 |      36 |    333.5 |    1029

----------------------------------------
np = 16
----------------------------------------
[Rank 0] Matrix: 2000 x 2000, nnz=5184 | grid=4x4 | pattern=0 symmetric=0
[Rank 0] Matrix: 2000 x 2000, nnz=5184 | grid=4x4
[Rank 0] Local SpMV time: 0.000026 s
Global FLOPs per SpMV: 5204
[Rank 2] Local SpMV time: 0.000020 s
[Rank 1] Local SpMV time: 0.000015 s
[Rank 4] Local SpMV time: 0.000013 s
[Rank 3] Local SpMV time: 0.000016 s
[Rank 6] Local SpMV time: 0.000011 s
[Rank 5] Local SpMV time: 0.000026 s
[Rank 8] Local SpMV time: 0.000012 s
[Rank 7] Local SpMV time: 0.000014 s
[Rank 10] Local SpMV time: 0.000013 s
[Rank 9] Local SpMV time: 0.000025 s
[Rank 12] Local SpMV time: 0.000011 s
[Rank 11] Local SpMV time: 0.000014 s
[Rank 14] Local SpMV time: 0.000018 s
[Rank 13] Local SpMV time: 0.000023 s

-----------------------------------------------------------------------------------------------
  P |  Time(s) | Comp% | Comm% |  GFLOP/s | Speedup |  Eff% | Mem(MiB) | NNZ min | NNZ avg | NNZ max
-----------------------------------------------------------------------------------------------
[Rank 15] Local SpMV time: 0.000015 s
 16 |   0.0003 |  10.0 |  85.8 |     0.020 |    0.38 |   2.37 |     0.04 |       8 |    162.6 |     902

----------------------------------------
np = 32
----------------------------------------
[Rank 0] Matrix: 2000 x 2000, nnz=5184 | grid=8x4 | pattern=0 symmetric=0
[Rank 0] Matrix: 2000 x 2000, nnz=5184 | grid=8x4
[Rank 1] Local SpMV time: 0.000013 s
[Rank 0] Local SpMV time: 0.000029 s
[Rank 3] Local SpMV time: 0.000019 s
[Rank 2] Local SpMV time: 0.000017 s
[Rank 5] Local SpMV time: 0.000020 s
[Rank 4] Local SpMV time: 0.000020 s
[Rank 7] Local SpMV time: 0.000027 s
[Rank 6] Local SpMV time: 0.000022 s
[Rank 9] Local SpMV time: 0.000018 s
[Rank 8] Local SpMV time: 0.000020 s
[Rank 11] Local SpMV time: 0.000029 s
[Rank 10] Local SpMV time: 0.000020 s
[Rank 13] Local SpMV time: 0.000019 s
[Rank 12] Local SpMV time: 0.000019 s
[Rank 15] Local SpMV time: 0.000020 s
[Rank 14] Local SpMV time: 0.000012 s
[Rank 17] Local SpMV time: 0.000013 s
[Rank 16] Local SpMV time: 0.000025 s
[Rank 19] Local SpMV time: 0.000016 s
[Rank 18] Local SpMV time: 0.000014 s
[Rank 21] Local SpMV time: 0.000041 s
[Rank 20] Local SpMV time: 0.000015 s
[Rank 23] Local SpMV time: 0.000015 s
[Rank 22] Local SpMV time: 0.000022 s
[Rank 25] Local SpMV time: 0.000026 s
[Rank 24] Local SpMV time: 0.000015 s
[Rank 27] Local SpMV time: 0.000024 s
[Rank 26] Local SpMV time: 0.000013 s
[Rank 29] Local SpMV time: 0.000016 s
[Rank 28] Local SpMV time: 0.000015 s
[Rank 31] Local SpMV time: 0.000031 s
[Rank 30] Local SpMV time: 0.000016 s
Global FLOPs per SpMV: 4918

-----------------------------------------------------------------------------------------------
  P |  Time(s) | Comp% | Comm% |  GFLOP/s | Speedup |  Eff% | Mem(MiB) | NNZ min | NNZ avg | NNZ max
-----------------------------------------------------------------------------------------------
 32 |   0.0002 |  17.3 |  79.4 |     0.021 |    0.42 |   1.31 |     0.02 |       0 |     76.8 |     452

----------------------------------------
np = 64
----------------------------------------
[Rank 0] Matrix: 2000 x 2000, nnz=5184 | grid=8x8 | pattern=0 symmetric=0
[Rank 0] Matrix: 2000 x 2000, nnz=5184 | grid=8x8
[Rank 0] Local SpMV time: 0.000026 s
[Rank 1] Local SpMV time: 0.000012 s
[Rank 2] Local SpMV time: 0.000042 s
[Rank 5] Local SpMV time: 0.000032 s
[Rank 4] Local SpMV time: 0.000020 s
[Rank 7] Local SpMV time: 0.000032 s
[Rank 6] Local SpMV time: 0.000021 s
[Rank 11] Local SpMV time: 0.000030 s
[Rank 8] Local SpMV time: 0.000018 s
[Rank 13] Local SpMV time: 0.000041 s
[Rank 10] Local SpMV time: 0.000026 s
[Rank 17] Local SpMV time: 0.000023 s
[Rank 12] Local SpMV time: 0.000043 s
[Rank 21] Local SpMV time: 0.000036 s
[Rank 14] Local SpMV time: 0.000028 s
[Rank 33] Local SpMV time: 0.000018 s
[Rank 16] Local SpMV time: 0.000019 s
[Rank 35] Local SpMV time: 0.000030 s
[Rank 18] Local SpMV time: 0.000032 s
[Rank 41] Local SpMV time: 0.000055 s
[Rank 20] Local SpMV time: 0.000018 s
[Rank 49] Local SpMV time: 0.000023 s
[Rank 22] Local SpMV time: 0.000026 s
[Rank 61] Local SpMV time: 0.000047 s
[Rank 24] Local SpMV time: 0.000056 s
[Rank 3] Local SpMV time: 0.000031 s
[Rank 26] Local SpMV time: 0.000025 s
[Rank 9] Local SpMV time: 0.000057 s
[Rank 28] Local SpMV time: 0.000017 s
[Rank 15] Local SpMV time: 0.000031 s
[Rank 30] Local SpMV time: 0.000028 s
[Rank 19] Local SpMV time: 0.000029 s
[Rank 32] Local SpMV time: 0.000017 s
[Rank 23] Local SpMV time: 0.000051 s
[Rank 34] Local SpMV time: 0.000019 s
[Rank 25] Local SpMV time: 0.000068 s
[Rank 36] Local SpMV time: 0.000041 s
[Rank 27] Local SpMV time: 0.000042 s
[Rank 38] Local SpMV time: 0.000023 s
[Rank 29] Local SpMV time: 0.000058 s
[Rank 40] Local SpMV time: 0.000018 s
[Rank 31] Local SpMV time: 0.000047 s
[Rank 42] Local SpMV time: 0.000028 s
[Rank 37] Local SpMV time: 0.000065 s
[Rank 44] Local SpMV time: 0.000039 s
[Rank 39] Local SpMV time: 0.000052 s
[Rank 46] Local SpMV time: 0.000036 s
[Rank 43] Local SpMV time: 0.000038 s
[Rank 48] Local SpMV time: 0.000019 s
[Rank 45] Local SpMV time: 0.000066 s
[Rank 50] Local SpMV time: 0.000027 s
[Rank 47] Local SpMV time: 0.000049 s
[Rank 52] Local SpMV time: 0.000027 s
[Rank 51] Local SpMV time: 0.000057 s
[Rank 54] Local SpMV time: 0.000043 s
[Rank 53] Local SpMV time: 0.000066 s
[Rank 56] Local SpMV time: 0.000043 s
[Rank 55] Local SpMV time: 0.000058 s
[Rank 58] Local SpMV time: 0.000022 s
[Rank 57] Local SpMV time: 0.000060 s
[Rank 60] Local SpMV time: 0.000043 s
[Rank 59] Local SpMV time: 0.000036 s
[Rank 62] Local SpMV time: 0.000032 s
[Rank 63] Local SpMV time: 0.000032 s
Global FLOPs per SpMV: 4886

-----------------------------------------------------------------------------------------------
  P |  Time(s) | Comp% | Comm% |  GFLOP/s | Speedup |  Eff% | Mem(MiB) | NNZ min | NNZ avg | NNZ max
-----------------------------------------------------------------------------------------------
 64 |   0.0003 |  21.7 |  72.4 |     0.016 |    0.32 |   0.50 |     0.02 |       0 |     38.2 |     419

----------------------------------------
np = 128
----------------------------------------
[Rank 0] Matrix: 2000 x 2000, nnz=5184 | grid=16x8 | pattern=0 symmetric=0
[Rank 0] Matrix: 2000 x 2000, nnz=5184 | grid=16x8
[Rank 0] Local SpMV time: 0.000048 s
[Rank 16] Local SpMV time: 0.000048 s
[Rank 56] Local SpMV time: 0.000056 s
[Rank 66] Local SpMV time: 0.000057 s
[Rank 72] Local SpMV time: 0.000051 s
[Rank 80] Local SpMV time: 0.000052 s
[Rank 106] Local SpMV time: 0.000030 s
[Rank 22] Local SpMV time: 0.000079 s
[Rank 48] Local SpMV time: 0.000118 s
[Rank 62] Local SpMV time: 0.000058 s
[Rank 1] Local SpMV time: 0.000019 s
[Rank 96] Local SpMV time: 0.000109 s
[Rank 5] Local SpMV time: 0.000057 s
[Rank 108] Local SpMV time: 0.000087 s
[Rank 17] Local SpMV time: 0.000017 s
[Rank 8] Local SpMV time: 0.000205 s
[Rank 25] Local SpMV time: 0.000031 s
[Rank 64] Local SpMV time: 0.000221 s
[Rank 31] Local SpMV time: 0.000052 s
[Rank 76] Local SpMV time: 0.000201 s
[Rank 51] Local SpMV time: 0.000093 s
[Rank 94] Local SpMV time: 0.000191 s
[Rank 65] Local SpMV time: 0.000018 s
[Rank 116] Local SpMV time: 0.000201 s
[Rank 81] Local SpMV time: 0.000050 s
[Rank 14] Local SpMV time: 0.000235 s
[Rank 9] Local SpMV time: 0.000133 s
[Rank 18] Local SpMV time: 0.000248 s
[Rank 33] Local SpMV time: 0.000159 s
[Rank 20] Local SpMV time: 0.000250 s
[Rank 41] Local SpMV time: 0.000135 s
[Rank 28] Local SpMV time: 0.000237 s
[Rank 47] Local SpMV time: 0.000170 s
[Rank 30] Local SpMV time: 0.000236 s
[Rank 49] Local SpMV time: 0.000128 s
[Rank 38] Local SpMV time: 0.000222 s
[Rank 57] Local SpMV time: 0.000174 s
[Rank 42] Local SpMV time: 0.000223 s
[Rank 69] Local SpMV time: 0.000108 s
[Rank 46] Local SpMV time: 0.000223 s
[Rank 89] Local SpMV time: 0.000166 s
[Rank 54] Local SpMV time: 0.000214 s
[Rank 97] Local SpMV time: 0.000157 s
[Rank 60] Local SpMV time: 0.000232 s
[Rank 105] Local SpMV time: 0.000129 s
[Rank 70] Local SpMV time: 0.000220 s
[Rank 111] Local SpMV time: 0.000116 s
[Rank 74] Local SpMV time: 0.000226 s
[Rank 7] Local SpMV time: 0.000283 s
[Rank 78] Local SpMV time: 0.000210 s
[Rank 11] Local SpMV time: 0.000243 s
[Rank 84] Local SpMV time: 0.000236 s
[Rank 13] Local SpMV time: 0.000296 s
[Rank 86] Local SpMV time: 0.000213 s
[Rank 19] Local SpMV time: 0.000229 s
[Rank 100] Local SpMV time: 0.000213 s
[Rank 21] Local SpMV time: 0.000273 s
[Rank 102] Local SpMV time: 0.000212 s
[Rank 23] Local SpMV time: 0.000267 s
[Rank 114] Local SpMV time: 0.000219 s
[Rank 27] Local SpMV time: 0.000299 s
[Rank 118] Local SpMV time: 0.000215 s
[Rank 43] Local SpMV time: 0.000258 s
[Rank 122] Local SpMV time: 0.000209 s
[Rank 45] Local SpMV time: 0.000259 s
[Rank 126] Local SpMV time: 0.000209 s
[Rank 55] Local SpMV time: 0.000305 s
[Rank 2] Local SpMV time: 0.000309 s
[Rank 59] Local SpMV time: 0.000283 s
[Rank 4] Local SpMV time: 0.000270 s
[Rank 61] Local SpMV time: 0.000258 s
[Rank 6] Local SpMV time: 0.000236 s
[Rank 63] Local SpMV time: 0.000249 s
[Rank 10] Local SpMV time: 0.000252 s
[Rank 67] Local SpMV time: 0.000274 s
[Rank 12] Local SpMV time: 0.000300 s
[Rank 73] Local SpMV time: 0.000292 s
[Rank 24] Local SpMV time: 0.000287 s
[Rank 77] Local SpMV time: 0.000284 s
[Rank 26] Local SpMV time: 0.000286 s
[Rank 79] Local SpMV time: 0.000239 s
[Rank 32] Local SpMV time: 0.000268 s
[Rank 83] Local SpMV time: 0.000286 s
[Rank 34] Local SpMV time: 0.000273 s
[Rank 85] Local SpMV time: 0.000264 s
[Rank 36] Local SpMV time: 0.000257 s
[Rank 87] Local SpMV time: 0.000275 s
[Rank 40] Local SpMV time: 0.000263 s
[Rank 95] Local SpMV time: 0.000258 s
[Rank 44] Local SpMV time: 0.000254 s
[Rank 99] Local SpMV time: 0.000281 s
[Rank 50] Local SpMV time: 0.000250 s
[Rank 101] Local SpMV time: 0.000278 s
[Rank 52] Local SpMV time: 0.000253 s
[Rank 103] Local SpMV time: 0.000257 s
[Rank 58] Local SpMV time: 0.000289 s
[Rank 109] Local SpMV time: 0.000266 s
[Rank 68] Local SpMV time: 0.000253 s
[Rank 117] Local SpMV time: 0.000244 s
[Rank 82] Local SpMV time: 0.000232 s
[Rank 119] Local SpMV time: 0.000285 s
[Rank 88] Local SpMV time: 0.000315 s
[Rank 123] Local SpMV time: 0.000290 s
[Rank 92] Local SpMV time: 0.000245 s
[Rank 125] Local SpMV time: 0.000239 s
[Rank 98] Local SpMV time: 0.000235 s
[Rank 127] Local SpMV time: 0.000264 s
[Rank 104] Local SpMV time: 0.000293 s
[Rank 3] Local SpMV time: 0.000316 s
[Rank 110] Local SpMV time: 0.000249 s
[Rank 15] Local SpMV time: 0.000310 s
[Rank 120] Local SpMV time: 0.000255 s
[Rank 29] Local SpMV time: 0.000325 s
[Rank 124] Local SpMV time: 0.000307 s
[Rank 35] Local SpMV time: 0.000333 s
[Rank 37] Local SpMV time: 0.000321 s
[Rank 39] Local SpMV time: 0.000313 s
[Rank 53] Local SpMV time: 0.000324 s
[Rank 71] Local SpMV time: 0.000314 s
[Rank 75] Local SpMV time: 0.000307 s
[Rank 91] Local SpMV time: 0.000310 s
[Rank 93] Local SpMV time: 0.000305 s
[Rank 107] Local SpMV time: 0.000308 s
[Rank 113] Local SpMV time: 0.000312 s
[Rank 115] Local SpMV time: 0.000309 s
[Rank 121] Local SpMV time: 0.000314 s
[Rank 90] Local SpMV time: 0.000945 s
[Rank 112] Local SpMV time: 0.010769 s
Global FLOPs per SpMV: 4864

-----------------------------------------------------------------------------------------------
  P |  Time(s) | Comp% | Comm% |  GFLOP/s | Speedup |  Eff% | Mem(MiB) | NNZ min | NNZ avg | NNZ max
-----------------------------------------------------------------------------------------------
128 |   0.0112 |  96.5 |  97.5 |     0.000 |    0.01 |   0.01 |     0.01 |       0 |     19.0 |     217

