Strong scaling results for Trefethen_2000.mtx
Date: Fri Jan  2 21:07:06 CET 2026
========================================

[Rank 0] Matrix: 2000 x 2000, nnz=21953 | grid=1x1 | pattern=0 symmetric=1
[Rank 0] Matrix: 2000 x 2000, nnz=21953 | grid=1x1
[Rank 0] Local SpMV time: 0.000250 s
Global FLOPs per SpMV: 83812

-----------------------------------------------------------------------------------------------
  P |  Time(s) | Comp% | Comm% |  GFLOP/s | Speedup |  Eff% | Mem(MiB) | NNZ min | NNZ avg | NNZ max
-----------------------------------------------------------------------------------------------
  1 |   0.0003 |  74.6 |   8.7 |     0.251 |    N/A   |   N/A  |     1.17 |   41906 |  41906.0 |   41906
BASELINE_T1=0.0003

----------------------------------------
np = 2
----------------------------------------
[Rank 0] Matrix: 2000 x 2000, nnz=21953 | grid=2x1 | pattern=0 symmetric=1
[Rank 0] Matrix: 2000 x 2000, nnz=21953 | grid=2x1
[Rank 0] Local SpMV time: 0.000113 s
Global FLOPs per SpMV: 52088
[Rank 1] Local SpMV time: 0.000062 s

-----------------------------------------------------------------------------------------------
  P |  Time(s) | Comp% | Comm% |  GFLOP/s | Speedup |  Eff% | Mem(MiB) | NNZ min | NNZ avg | NNZ max
-----------------------------------------------------------------------------------------------
  2 |   0.0005 |  24.5 |  72.2 |     0.113 |    0.65 |  32.67 |     0.48 |    9449 |  13022.0 |   16595

----------------------------------------
np = 4
----------------------------------------
[Rank 0] Matrix: 2000 x 2000, nnz=21953 | grid=2x2 | pattern=0 symmetric=1
[Rank 0] Matrix: 2000 x 2000, nnz=21953 | grid=2x2
[Rank 0] Local SpMV time: 0.000081 s
Global FLOPs per SpMV: 33816
[Rank 1] Local SpMV time: 0.000026 s
[Rank 2] Local SpMV time: 0.000031 s
[Rank 3] Local SpMV time: 0.000034 s

-----------------------------------------------------------------------------------------------
  P |  Time(s) | Comp% | Comm% |  GFLOP/s | Speedup |  Eff% | Mem(MiB) | NNZ min | NNZ avg | NNZ max
-----------------------------------------------------------------------------------------------
  4 |   0.0003 |  26.0 |  81.5 |     0.109 |    0.97 |  24.16 |     0.32 |     973 |   4227.0 |   10799

----------------------------------------
np = 8
----------------------------------------
[Rank 0] Matrix: 2000 x 2000, nnz=21953 | grid=4x2 | pattern=0 symmetric=1
[Rank 0] Matrix: 2000 x 2000, nnz=21953 | grid=4x2
[Rank 0] Local SpMV time: 0.000042 s
Global FLOPs per SpMV: 27006
[Rank 1] Local SpMV time: 0.000019 s
[Rank 2] Local SpMV time: 0.000025 s
[Rank 3] Local SpMV time: 0.000033 s
[Rank 4] Local SpMV time: 0.000050 s
[Rank 5] Local SpMV time: 0.000028 s
[Rank 6] Local SpMV time: 0.000021 s
[Rank 7] Local SpMV time: 0.000024 s

-----------------------------------------------------------------------------------------------
  P |  Time(s) | Comp% | Comm% |  GFLOP/s | Speedup |  Eff% | Mem(MiB) | NNZ min | NNZ avg | NNZ max
-----------------------------------------------------------------------------------------------
  8 |   0.0003 |  17.3 |  82.1 |     0.094 |    1.04 |  13.01 |     0.13 |     271 |   1687.9 |    4158

----------------------------------------
np = 16
----------------------------------------
[Rank 0] Matrix: 2000 x 2000, nnz=21953 | grid=4x4 | pattern=0 symmetric=1
[Rank 0] Matrix: 2000 x 2000, nnz=21953 | grid=4x4
[Rank 0] Local SpMV time: 0.000039 s
Global FLOPs per SpMV: 22382
[Rank 1] Local SpMV time: 0.000018 s
[Rank 2] Local SpMV time: 0.000019 s
[Rank 3] Local SpMV time: 0.000019 s
[Rank 4] Local SpMV time: 0.000026 s
[Rank 5] Local SpMV time: 0.000031 s
[Rank 6] Local SpMV time: 0.000023 s
[Rank 7] Local SpMV time: 0.000018 s
[Rank 8] Local SpMV time: 0.000026 s
[Rank 9] Local SpMV time: 0.000017 s
[Rank 10] Local SpMV time: 0.000028 s
[Rank 11] Local SpMV time: 0.000031 s
[Rank 12] Local SpMV time: 0.000023 s
[Rank 13] Local SpMV time: 0.000016 s
[Rank 14] Local SpMV time: 0.000016 s
[Rank 15] Local SpMV time: 0.000017 s

-----------------------------------------------------------------------------------------------
  P |  Time(s) | Comp% | Comm% |  GFLOP/s | Speedup |  Eff% | Mem(MiB) | NNZ min | NNZ avg | NNZ max
-----------------------------------------------------------------------------------------------
 16 |   0.0003 |  14.1 |  76.5 |     0.082 |    1.09 |   6.83 |     0.10 |      74 |    699.4 |    3184

----------------------------------------
np = 32
----------------------------------------
[Rank 0] Matrix: 2000 x 2000, nnz=21953 | grid=8x4 | pattern=0 symmetric=1
[Rank 0] Matrix: 2000 x 2000, nnz=21953 | grid=8x4
[Rank 0] Local SpMV time: 0.000030 s
Global FLOPs per SpMV: 20794
[Rank 1] Local SpMV time: 0.000017 s
[Rank 2] Local SpMV time: 0.000015 s
[Rank 3] Local SpMV time: 0.000018 s
[Rank 4] Local SpMV time: 0.000025 s
[Rank 5] Local SpMV time: 0.000030 s
[Rank 6] Local SpMV time: 0.000015 s
[Rank 7] Local SpMV time: 0.000017 s
[Rank 8] Local SpMV time: 0.000022 s
[Rank 9] Local SpMV time: 0.000017 s
[Rank 10] Local SpMV time: 0.000027 s
[Rank 11] Local SpMV time: 0.000017 s
[Rank 12] Local SpMV time: 0.000021 s
[Rank 13] Local SpMV time: 0.000016 s
[Rank 14] Local SpMV time: 0.000031 s
[Rank 15] Local SpMV time: 0.000022 s
[Rank 16] Local SpMV time: 0.000029 s
[Rank 17] Local SpMV time: 0.000029 s
[Rank 18] Local SpMV time: 0.000021 s
[Rank 19] Local SpMV time: 0.000016 s
[Rank 20] Local SpMV time: 0.000019 s
[Rank 21] Local SpMV time: 0.000028 s
[Rank 22] Local SpMV time: 0.000023 s
[Rank 23] Local SpMV time: 0.000015 s
[Rank 24] Local SpMV time: 0.000019 s
[Rank 25] Local SpMV time: 0.000026 s
[Rank 26] Local SpMV time: 0.000023 s
[Rank 27] Local SpMV time: 0.000016 s
[Rank 28] Local SpMV time: 0.000019 s
[Rank 29] Local SpMV time: 0.000030 s
[Rank 30] Local SpMV time: 0.000025 s
[Rank 31] Local SpMV time: 0.000015 s

-----------------------------------------------------------------------------------------------
  P |  Time(s) | Comp% | Comm% |  GFLOP/s | Speedup |  Eff% | Mem(MiB) | NNZ min | NNZ avg | NNZ max
-----------------------------------------------------------------------------------------------
 32 |   0.0002 |  13.1 |  67.7 |     0.088 |    1.26 |   3.95 |     0.05 |      21 |    324.9 |    1444

----------------------------------------
np = 64
----------------------------------------
[Rank 0] Matrix: 2000 x 2000, nnz=21953 | grid=8x8 | pattern=0 symmetric=1
[Rank 0] Matrix: 2000 x 2000, nnz=21953 | grid=8x8
[Rank 1] Local SpMV time: 0.000019 s
[Rank 0] Local SpMV time: 0.000129 s
Global FLOPs per SpMV: 19614
[Rank 3] Local SpMV time: 0.000047 s
[Rank 2] Local SpMV time: 0.000038 s
[Rank 5] Local SpMV time: 0.000025 s
[Rank 4] Local SpMV time: 0.000049 s
[Rank 7] Local SpMV time: 0.000047 s
[Rank 6] Local SpMV time: 0.000036 s
[Rank 9] Local SpMV time: 0.000036 s
[Rank 8] Local SpMV time: 0.000069 s
[Rank 13] Local SpMV time: 0.000025 s
[Rank 10] Local SpMV time: 0.000098 s
[Rank 21] Local SpMV time: 0.000038 s
[Rank 14] Local SpMV time: 0.000034 s
[Rank 23] Local SpMV time: 0.000050 s
[Rank 16] Local SpMV time: 0.000117 s
[Rank 25] Local SpMV time: 0.000046 s
[Rank 20] Local SpMV time: 0.000054 s
[Rank 33] Local SpMV time: 0.000042 s
[Rank 24] Local SpMV time: 0.000037 s
[Rank 41] Local SpMV time: 0.000080 s
[Rank 28] Local SpMV time: 0.000043 s
[Rank 43] Local SpMV time: 0.000038 s
[Rank 32] Local SpMV time: 0.000036 s
[Rank 45] Local SpMV time: 0.000077 s
[Rank 36] Local SpMV time: 0.000134 s
[Rank 49] Local SpMV time: 0.000078 s
[Rank 40] Local SpMV time: 0.000086 s
[Rank 53] Local SpMV time: 0.000047 s
[Rank 42] Local SpMV time: 0.000087 s
[Rank 55] Local SpMV time: 0.000045 s
[Rank 44] Local SpMV time: 0.000130 s
[Rank 59] Local SpMV time: 0.000040 s
[Rank 48] Local SpMV time: 0.000042 s
[Rank 61] Local SpMV time: 0.000039 s
[Rank 50] Local SpMV time: 0.000085 s
[Rank 11] Local SpMV time: 0.000076 s
[Rank 52] Local SpMV time: 0.000054 s
[Rank 15] Local SpMV time: 0.000075 s
[Rank 54] Local SpMV time: 0.000079 s
[Rank 17] Local SpMV time: 0.000086 s
[Rank 58] Local SpMV time: 0.000076 s
[Rank 19] Local SpMV time: 0.000084 s
[Rank 62] Local SpMV time: 0.000071 s
[Rank 27] Local SpMV time: 0.000074 s

-----------------------------------------------------------------------------------------------
  P |  Time(s) | Comp% | Comm% |  GFLOP/s | Speedup |  Eff% | Mem(MiB) | NNZ min | NNZ avg | NNZ max
-----------------------------------------------------------------------------------------------
 64 |   0.0003 |  48.6 |  42.5 |     0.065 |    0.99 |   1.55 |     0.04 |       0 |    153.2 |    1227
[Rank 29] Local SpMV time: 0.000085 s
[Rank 12] Local SpMV time: 0.000135 s
[Rank 31] Local SpMV time: 0.000058 s
[Rank 18] Local SpMV time: 0.000119 s
[Rank 35] Local SpMV time: 0.000089 s
[Rank 22] Local SpMV time: 0.000111 s
[Rank 37] Local SpMV time: 0.000082 s
[Rank 26] Local SpMV time: 0.000121 s
[Rank 39] Local SpMV time: 0.000069 s
[Rank 30] Local SpMV time: 0.000108 s
[Rank 47] Local SpMV time: 0.000072 s
[Rank 34] Local SpMV time: 0.000111 s
[Rank 51] Local SpMV time: 0.000072 s
[Rank 38] Local SpMV time: 0.000111 s
[Rank 57] Local SpMV time: 0.000078 s
[Rank 46] Local SpMV time: 0.000109 s
[Rank 63] Local SpMV time: 0.000058 s
[Rank 56] Local SpMV time: 0.000147 s
[Rank 60] Local SpMV time: 0.000143 s

----------------------------------------
np = 128
----------------------------------------
[Rank 0] Matrix: 2000 x 2000, nnz=21953 | grid=16x8 | pattern=0 symmetric=1
[Rank 0] Matrix: 2000 x 2000, nnz=21953 | grid=16x8
[Rank 1] Local SpMV time: 0.000019 s
[Rank 3] Local SpMV time: 0.000020 s
[Rank 0] Local SpMV time: 0.000029 s
[Rank 35] Local SpMV time: 0.000073 s
[Rank 2] Local SpMV time: 0.000047 s
[Rank 41] Local SpMV time: 0.000074 s
[Rank 4] Local SpMV time: 0.000046 s
[Rank 43] Local SpMV time: 0.000063 s
[Rank 8] Local SpMV time: 0.000053 s
[Rank 65] Local SpMV time: 0.000020 s
[Rank 16] Local SpMV time: 0.000055 s
[Rank 9] Local SpMV time: 0.000200 s
[Rank 18] Local SpMV time: 0.000047 s
[Rank 11] Local SpMV time: 0.000181 s
[Rank 24] Local SpMV time: 0.000054 s
[Rank 17] Local SpMV time: 0.000194 s
[Rank 34] Local SpMV time: 0.000073 s
[Rank 19] Local SpMV time: 0.000124 s
[Rank 38] Local SpMV time: 0.000109 s
[Rank 23] Local SpMV time: 0.000167 s
[Rank 40] Local SpMV time: 0.000046 s
[Rank 33] Local SpMV time: 0.000181 s
[Rank 44] Local SpMV time: 0.000101 s
[Rank 49] Local SpMV time: 0.000192 s
[Rank 76] Local SpMV time: 0.000118 s
[Rank 69] Local SpMV time: 0.000152 s
[Rank 112] Local SpMV time: 0.000104 s
[Rank 73] Local SpMV time: 0.000203 s
[Rank 122] Local SpMV time: 0.000099 s
[Rank 81] Local SpMV time: 0.000199 s
[Rank 6] Local SpMV time: 0.000137 s
[Rank 89] Local SpMV time: 0.000175 s
[Rank 10] Local SpMV time: 0.000373 s
[Rank 105] Local SpMV time: 0.000175 s
[Rank 12] Local SpMV time: 0.000241 s
[Rank 109] Local SpMV time: 0.000167 s
[Rank 14] Local SpMV time: 0.000247 s
[Rank 121] Local SpMV time: 0.000186 s
[Rank 20] Local SpMV time: 0.000310 s
[Rank 7] Local SpMV time: 0.000286 s
[Rank 22] Local SpMV time: 0.000318 s
[Rank 15] Local SpMV time: 0.000300 s
[Rank 26] Local SpMV time: 0.000245 s
[Rank 25] Local SpMV time: 0.000295 s
[Rank 28] Local SpMV time: 0.000339 s
[Rank 37] Local SpMV time: 0.000313 s
[Rank 30] Local SpMV time: 0.000346 s
[Rank 39] Local SpMV time: 0.000315 s
[Rank 32] Local SpMV time: 0.000160 s
[Rank 51] Local SpMV time: 0.000234 s
[Rank 36] Local SpMV time: 0.000329 s
[Rank 53] Local SpMV time: 0.000308 s
[Rank 42] Local SpMV time: 0.000140 s
[Rank 57] Local SpMV time: 0.000223 s
[Rank 46] Local SpMV time: 0.000291 s
[Rank 63] Local SpMV time: 0.000298 s
[Rank 48] Local SpMV time: 0.000281 s
[Rank 67] Local SpMV time: 0.000304 s
[Rank 50] Local SpMV time: 0.000145 s
[Rank 71] Local SpMV time: 0.000305 s
[Rank 52] Local SpMV time: 0.000283 s
[Rank 83] Local SpMV time: 0.000276 s
[Rank 54] Local SpMV time: 0.000231 s
[Rank 91] Local SpMV time: 0.000305 s
[Rank 56] Local SpMV time: 0.000267 s
[Rank 93] Local SpMV time: 0.000265 s
[Rank 58] Local SpMV time: 0.000342 s
[Rank 95] Local SpMV time: 0.000277 s
[Rank 60] Local SpMV time: 0.000209 s
[Rank 97] Local SpMV time: 0.000300 s
[Rank 62] Local SpMV time: 0.000350 s
[Rank 99] Local SpMV time: 0.000315 s
[Rank 64] Local SpMV time: 0.000161 s
[Rank 101] Local SpMV time: 0.000269 s
[Rank 66] Local SpMV time: 0.000132 s
[Rank 115] Local SpMV time: 0.000268 s
[Rank 68] Local SpMV time: 0.000333 s
[Rank 5] Local SpMV time: 0.000381 s
[Rank 70] Local SpMV time: 0.000332 s
[Rank 13] Local SpMV time: 0.000330 s
[Rank 72] Local SpMV time: 0.000220 s
[Rank 21] Local SpMV time: 0.000325 s
[Rank 74] Local SpMV time: 0.000355 s
[Rank 27] Local SpMV time: 0.000342 s
[Rank 78] Local SpMV time: 0.000297 s
[Rank 29] Local SpMV time: 0.000370 s
[Rank 80] Local SpMV time: 0.000286 s
[Rank 31] Local SpMV time: 0.000365 s
[Rank 82] Local SpMV time: 0.000234 s
[Rank 45] Local SpMV time: 0.000329 s
[Rank 84] Local SpMV time: 0.000183 s
[Rank 47] Local SpMV time: 0.000376 s
[Rank 86] Local SpMV time: 0.000253 s
[Rank 55] Local SpMV time: 0.000352 s
[Rank 88] Local SpMV time: 0.000333 s
[Rank 59] Local SpMV time: 0.000375 s
[Rank 90] Local SpMV time: 0.000215 s
[Rank 61] Local SpMV time: 0.000350 s
[Rank 92] Local SpMV time: 0.000221 s
[Rank 75] Local SpMV time: 0.000365 s
[Rank 94] Local SpMV time: 0.000270 s
[Rank 77] Local SpMV time: 0.000342 s
[Rank 96] Local SpMV time: 0.000293 s
[Rank 79] Local SpMV time: 0.000309 s
[Rank 98] Local SpMV time: 0.000302 s
[Rank 85] Local SpMV time: 0.000323 s
[Rank 100] Local SpMV time: 0.000354 s
[Rank 87] Local SpMV time: 0.000347 s
[Rank 102] Local SpMV time: 0.000283 s
[Rank 103] Local SpMV time: 0.000355 s
[Rank 104] Local SpMV time: 0.000342 s
[Rank 107] Local SpMV time: 0.000344 s
[Rank 106] Local SpMV time: 0.000219 s
[Rank 111] Local SpMV time: 0.000377 s
[Rank 108] Local SpMV time: 0.000299 s
[Rank 113] Local SpMV time: 0.000329 s
[Rank 110] Local SpMV time: 0.000249 s
[Rank 117] Local SpMV time: 0.000357 s
[Rank 114] Local SpMV time: 0.000344 s
[Rank 119] Local SpMV time: 0.000336 s
[Rank 116] Local SpMV time: 0.000306 s
[Rank 123] Local SpMV time: 0.000317 s
[Rank 118] Local SpMV time: 0.000291 s
[Rank 125] Local SpMV time: 0.000367 s
[Rank 120] Local SpMV time: 0.000314 s
[Rank 127] Local SpMV time: 0.000373 s
[Rank 124] Local SpMV time: 0.000341 s
[Rank 126] Local SpMV time: 0.000248 s
Global FLOPs per SpMV: 19328

-----------------------------------------------------------------------------------------------
  P |  Time(s) | Comp% | Comm% |  GFLOP/s | Speedup |  Eff% | Mem(MiB) | NNZ min | NNZ avg | NNZ max
-----------------------------------------------------------------------------------------------
128 |   0.0006 |  61.7 |  55.6 |     0.031 |    0.49 |   0.38 |     0.02 |       0 |     75.5 |     611

