Strong scaling results for ww_36_pmec_36.mtx
Date: Fri Jan  2 21:07:30 CET 2026
========================================

[Rank 0] Matrix: 66 x 66, nnz=1194 | grid=1x1 | pattern=0 symmetric=0
[Rank 0] Matrix: 66 x 66, nnz=1194 | grid=1x1
[Rank 0] Local SpMV time: 0.000058 s
Global FLOPs per SpMV: 2388

-----------------------------------------------------------------------------------------------
  P |  Time(s) | Comp% | Comm% |  GFLOP/s | Speedup |  Eff% | Mem(MiB) | NNZ min | NNZ avg | NNZ max
-----------------------------------------------------------------------------------------------
  1 |   0.0001 |  51.6 |  12.1 |     0.021 |    N/A   |   N/A  |     0.03 |    1194 |   1194.0 |    1194
BASELINE_T1=0.0001

----------------------------------------
np = 2
----------------------------------------
[Rank 0] Matrix: 66 x 66, nnz=1194 | grid=2x1 | pattern=0 symmetric=0
[Rank 0] Matrix: 66 x 66, nnz=1194 | grid=2x1
[Rank 0] Local SpMV time: 0.000040 s
Global FLOPs per SpMV: 1782
[Rank 1] Local SpMV time: 0.000016 s

-----------------------------------------------------------------------------------------------
  P |  Time(s) | Comp% | Comm% |  GFLOP/s | Speedup |  Eff% | Mem(MiB) | NNZ min | NNZ avg | NNZ max
-----------------------------------------------------------------------------------------------
  2 |   0.0002 |  24.4 |  41.6 |     0.011 |    0.61 |  30.62 |     0.02 |     295 |    445.5 |     596

----------------------------------------
np = 4
----------------------------------------
[Rank 0] Matrix: 66 x 66, nnz=1194 | grid=2x2 | pattern=0 symmetric=0
[Rank 0] Matrix: 66 x 66, nnz=1194 | grid=2x2
[Rank 3] Local SpMV time: 0.000015 s
[Rank 0] Local SpMV time: 0.000024 s
Global FLOPs per SpMV: 1502
[Rank 1] Local SpMV time: 0.000026 s
[Rank 2] Local SpMV time: 0.000013 s

-----------------------------------------------------------------------------------------------
  P |  Time(s) | Comp% | Comm% |  GFLOP/s | Speedup |  Eff% | Mem(MiB) | NNZ min | NNZ avg | NNZ max
-----------------------------------------------------------------------------------------------
  4 |   0.0002 |  15.9 |  82.0 |     0.009 |    0.61 |  15.26 |     0.01 |      87 |    187.8 |     316

----------------------------------------
np = 8
----------------------------------------
[Rank 0] Matrix: 66 x 66, nnz=1194 | grid=4x2 | pattern=0 symmetric=0
[Rank 0] Matrix: 66 x 66, nnz=1194 | grid=4x2
[Rank 0] Local SpMV time: 0.000016 s
[Rank 4] Local SpMV time: 0.000015 s
[Rank 2] Local SpMV time: 0.000019 s
Global FLOPs per SpMV: 1328
[Rank 1] Local SpMV time: 0.000024 s
[Rank 6] Local SpMV time: 0.000045 s
[Rank 3] Local SpMV time: 0.000044 s
[Rank 5] Local SpMV time: 0.000032 s
[Rank 7] Local SpMV time: 0.000038 s

-----------------------------------------------------------------------------------------------
  P |  Time(s) | Comp% | Comm% |  GFLOP/s | Speedup |  Eff% | Mem(MiB) | NNZ min | NNZ avg | NNZ max
-----------------------------------------------------------------------------------------------
  8 |   0.0002 |  23.9 |  51.9 |     0.007 |    0.54 |   6.71 |     0.01 |      22 |     83.0 |     167

----------------------------------------
np = 16
----------------------------------------
[Rank 0] Matrix: 66 x 66, nnz=1194 | grid=4x4 | pattern=0 symmetric=0
[Rank 0] Matrix: 66 x 66, nnz=1194 | grid=4x4
[Rank 0] Local SpMV time: 0.000028 s
[Rank 1] Local SpMV time: 0.000020 s
[Rank 4] Local SpMV time: 0.000028 s
[Rank 3] Local SpMV time: 0.000022 s
[Rank 6] Local SpMV time: 0.000027 s
[Rank 5] Local SpMV time: 0.000039 s
[Rank 12] Local SpMV time: 0.000033 s
[Rank 7] Local SpMV time: 0.000032 s
[Rank 14] Local SpMV time: 0.000033 s
[Rank 9] Local SpMV time: 0.000043 s
[Rank 2] Local SpMV time: 0.000038 s
[Rank 11] Local SpMV time: 0.000046 s
[Rank 8] Local SpMV time: 0.000065 s
[Rank 13] Local SpMV time: 0.000038 s
[Rank 10] Local SpMV time: 0.000045 s
[Rank 15] Local SpMV time: 0.000022 s
Global FLOPs per SpMV: 1286

-----------------------------------------------------------------------------------------------
  P |  Time(s) | Comp% | Comm% |  GFLOP/s | Speedup |  Eff% | Mem(MiB) | NNZ min | NNZ avg | NNZ max
-----------------------------------------------------------------------------------------------
 16 |   0.0002 |  33.5 |  45.0 |     0.007 |    0.52 |   3.22 |     0.00 |       9 |     40.2 |      83

----------------------------------------
np = 32
----------------------------------------
[Rank 0] Matrix: 66 x 66, nnz=1194 | grid=8x4 | pattern=0 symmetric=0
[Rank 0] Matrix: 66 x 66, nnz=1194 | grid=8x4
[Rank 4] Local SpMV time: 0.000029 s
[Rank 3] Local SpMV time: 0.000015 s
[Rank 8] Local SpMV time: 0.000026 s
[Rank 1] Local SpMV time: 0.000023 s
[Rank 10] Local SpMV time: 0.000038 s
[Rank 15] Local SpMV time: 0.000039 s
[Rank 12] Local SpMV time: 0.000028 s
[Rank 19] Local SpMV time: 0.000043 s
[Rank 14] Local SpMV time: 0.000037 s
[Rank 23] Local SpMV time: 0.000034 s
[Rank 16] Local SpMV time: 0.000027 s
[Rank 31] Local SpMV time: 0.000035 s
[Rank 18] Local SpMV time: 0.000040 s
[Rank 5] Local SpMV time: 0.000057 s
[Rank 20] Local SpMV time: 0.000026 s
[Rank 7] Local SpMV time: 0.000048 s
[Rank 22] Local SpMV time: 0.000031 s
[Rank 9] Local SpMV time: 0.000064 s
[Rank 24] Local SpMV time: 0.000035 s
[Rank 11] Local SpMV time: 0.000064 s
[Rank 0] Local SpMV time: 0.000072 s
Global FLOPs per SpMV: 1264
[Rank 13] Local SpMV time: 0.000048 s
[Rank 2] Local SpMV time: 0.000031 s
[Rank 25] Local SpMV time: 0.000066 s
[Rank 6] Local SpMV time: 0.000037 s
[Rank 27] Local SpMV time: 0.000085 s
[Rank 26] Local SpMV time: 0.000039 s
[Rank 29] Local SpMV time: 0.000078 s
[Rank 28] Local SpMV time: 0.000027 s
[Rank 17] Local SpMV time: 0.000084 s
[Rank 30] Local SpMV time: 0.000038 s
[Rank 21] Local SpMV time: 0.000096 s

-----------------------------------------------------------------------------------------------
  P |  Time(s) | Comp% | Comm% |  GFLOP/s | Speedup |  Eff% | Mem(MiB) | NNZ min | NNZ avg | NNZ max
-----------------------------------------------------------------------------------------------
 32 |   0.0003 |  37.4 |  68.1 |     0.005 |    0.39 |   1.22 |     0.00 |       0 |     19.8 |      49

----------------------------------------
np = 64
----------------------------------------
[Rank 0] Matrix: 66 x 66, nnz=1194 | grid=8x8 | pattern=0 symmetric=0
[Rank 0] Matrix: 66 x 66, nnz=1194 | grid=8x8
[Rank 32] Local SpMV time: 0.000054 s
[Rank 1] Local SpMV time: 0.000021 s
[Rank 48] Local SpMV time: 0.000061 s
[Rank 3] Local SpMV time: 0.000031 s
[Rank 52] Local SpMV time: 0.000067 s
[Rank 5] Local SpMV time: 0.000026 s
[Rank 0] Local SpMV time: 0.000149 s
[Rank 15] Local SpMV time: 0.000047 s
[Rank 2] Local SpMV time: 0.000102 s
[Rank 19] Local SpMV time: 0.000019 s
[Rank 4] Local SpMV time: 0.000114 s
[Rank 35] Local SpMV time: 0.000030 s
[Rank 6] Local SpMV time: 0.000135 s
[Rank 43] Local SpMV time: 0.000020 s
[Rank 8] Local SpMV time: 0.000115 s
[Rank 49] Local SpMV time: 0.000057 s
[Rank 10] Local SpMV time: 0.000141 s
[Rank 51] Local SpMV time: 0.000047 s
[Rank 12] Local SpMV time: 0.000129 s
[Rank 63] Local SpMV time: 0.000054 s
[Rank 14] Local SpMV time: 0.000124 s
[Rank 7] Local SpMV time: 0.000124 s
[Rank 16] Local SpMV time: 0.000121 s
[Rank 9] Local SpMV time: 0.000108 s
[Rank 20] Local SpMV time: 0.000139 s
[Rank 11] Local SpMV time: 0.000102 s
[Rank 22] Local SpMV time: 0.000100 s
[Rank 13] Local SpMV time: 0.000090 s
[Rank 24] Local SpMV time: 0.000128 s
[Rank 17] Local SpMV time: 0.000128 s
[Rank 26] Local SpMV time: 0.000127 s
[Rank 21] Local SpMV time: 0.000071 s
[Rank 30] Local SpMV time: 0.000113 s
[Rank 23] Local SpMV time: 0.000102 s
[Rank 36] Local SpMV time: 0.000085 s
[Rank 25] Local SpMV time: 0.000121 s
[Rank 40] Local SpMV time: 0.000103 s
[Rank 27] Local SpMV time: 0.000134 s
[Rank 44] Local SpMV time: 0.000122 s
[Rank 29] Local SpMV time: 0.000098 s
[Rank 50] Local SpMV time: 0.000092 s
[Rank 31] Local SpMV time: 0.000106 s
[Rank 54] Local SpMV time: 0.000131 s
[Rank 33] Local SpMV time: 0.000095 s
[Rank 56] Local SpMV time: 0.000077 s
[Rank 37] Local SpMV time: 0.000116 s
[Rank 58] Local SpMV time: 0.000137 s
[Rank 39] Local SpMV time: 0.000123 s
[Rank 60] Local SpMV time: 0.000153 s
[Rank 41] Local SpMV time: 0.000098 s
[Rank 62] Local SpMV time: 0.000143 s
[Rank 45] Local SpMV time: 0.000097 s
[Rank 18] Local SpMV time: 0.000172 s
[Rank 47] Local SpMV time: 0.000111 s
[Rank 28] Local SpMV time: 0.000177 s
[Rank 53] Local SpMV time: 0.000124 s
[Rank 34] Local SpMV time: 0.000175 s
[Rank 55] Local SpMV time: 0.000111 s
[Rank 38] Local SpMV time: 0.000161 s
[Rank 57] Local SpMV time: 0.000123 s
[Rank 42] Local SpMV time: 0.000154 s
[Rank 59] Local SpMV time: 0.000129 s
[Rank 46] Local SpMV time: 0.000177 s
[Rank 61] Local SpMV time: 0.000114 s
Global FLOPs per SpMV: 1196

-----------------------------------------------------------------------------------------------
  P |  Time(s) | Comp% | Comm% |  GFLOP/s | Speedup |  Eff% | Mem(MiB) | NNZ min | NNZ avg | NNZ max
-----------------------------------------------------------------------------------------------
 64 |   0.0008 |  22.8 |  78.3 |     0.002 |    0.13 |   0.20 |     0.00 |       0 |      9.3 |      29

----------------------------------------
np = 128
----------------------------------------
[Rank 0] Matrix: 66 x 66, nnz=1194 | grid=16x8 | pattern=0 symmetric=0
[Rank 0] Matrix: 66 x 66, nnz=1194 | grid=16x8
[Rank 0] Local SpMV time: 0.000024 s
[Rank 7] Local SpMV time: 0.000036 s
[Rank 2] Local SpMV time: 0.000019 s
[Rank 79] Local SpMV time: 0.000021 s
[Rank 4] Local SpMV time: 0.000072 s
[Rank 103] Local SpMV time: 0.000019 s
[Rank 10] Local SpMV time: 0.000085 s
[Rank 9] Local SpMV time: 0.000078 s
[Rank 46] Local SpMV time: 0.000095 s
[Rank 15] Local SpMV time: 0.000036 s
[Rank 56] Local SpMV time: 0.000089 s
[Rank 31] Local SpMV time: 0.000032 s
[Rank 64] Local SpMV time: 0.000031 s
[Rank 67] Local SpMV time: 0.000074 s
[Rank 86] Local SpMV time: 0.000099 s
[Rank 71] Local SpMV time: 0.000039 s
[Rank 96] Local SpMV time: 0.000073 s
[Rank 111] Local SpMV time: 0.000042 s
[Rank 6] Local SpMV time: 0.000126 s
[Rank 17] Local SpMV time: 0.000134 s
[Rank 8] Local SpMV time: 0.000159 s
[Rank 19] Local SpMV time: 0.000152 s
[Rank 34] Local SpMV time: 0.000149 s
[Rank 23] Local SpMV time: 0.000038 s
[Rank 42] Local SpMV time: 0.000130 s
[Rank 35] Local SpMV time: 0.000138 s
[Rank 50] Local SpMV time: 0.000175 s
[Rank 105] Local SpMV time: 0.000099 s
[Rank 54] Local SpMV time: 0.000112 s
[Rank 51] Local SpMV time: 0.000191 s
[Rank 76] Local SpMV time: 0.000119 s
[Rank 59] Local SpMV time: 0.000171 s
[Rank 78] Local SpMV time: 0.000206 s
[Rank 99] Local SpMV time: 0.000189 s
[Rank 80] Local SpMV time: 0.000160 s
[Rank 127] Local SpMV time: 0.000202 s
[Rank 98] Local SpMV time: 0.000128 s
[Rank 3] Local SpMV time: 0.000245 s
[Rank 106] Local SpMV time: 0.000140 s
[Rank 119] Local SpMV time: 0.000241 s
[Rank 112] Local SpMV time: 0.000140 s
[Rank 5] Local SpMV time: 0.000268 s
[Rank 114] Local SpMV time: 0.000129 s
[Rank 13] Local SpMV time: 0.000274 s
[Rank 120] Local SpMV time: 0.000156 s
[Rank 45] Local SpMV time: 0.000270 s
[Rank 122] Local SpMV time: 0.000147 s
[Rank 75] Local SpMV time: 0.000264 s
[Rank 12] Local SpMV time: 0.000307 s
[Rank 77] Local SpMV time: 0.000270 s
[Rank 14] Local SpMV time: 0.000289 s
[Rank 83] Local SpMV time: 0.000266 s
[Rank 16] Local SpMV time: 0.000291 s
[Rank 93] Local SpMV time: 0.000264 s
[Rank 18] Local SpMV time: 0.000285 s
[Rank 117] Local SpMV time: 0.000266 s
[Rank 20] Local SpMV time: 0.000236 s
[Rank 121] Local SpMV time: 0.000260 s
[Rank 22] Local SpMV time: 0.000225 s
[Rank 1] Local SpMV time: 0.000305 s
[Rank 24] Local SpMV time: 0.000309 s
[Rank 21] Local SpMV time: 0.000305 s
[Rank 26] Local SpMV time: 0.000247 s
[Rank 33] Local SpMV time: 0.000327 s
[Rank 28] Local SpMV time: 0.000279 s
[Rank 37] Local SpMV time: 0.000337 s
[Rank 30] Local SpMV time: 0.000320 s
[Rank 41] Local SpMV time: 0.000307 s
[Rank 32] Local SpMV time: 0.000290 s
[Rank 43] Local SpMV time: 0.000319 s
[Rank 36] Local SpMV time: 0.000249 s
[Rank 49] Local SpMV time: 0.000308 s
[Rank 38] Local SpMV time: 0.000241 s
[Rank 57] Local SpMV time: 0.000301 s
[Rank 40] Local SpMV time: 0.000274 s
[Rank 69] Local SpMV time: 0.000299 s
[Rank 44] Local SpMV time: 0.000237 s
[Rank 87] Local SpMV time: 0.000357 s
[Rank 48] Local SpMV time: 0.000267 s
[Rank 89] Local SpMV time: 0.000339 s
[Rank 52] Local SpMV time: 0.000229 s
[Rank 91] Local SpMV time: 0.000323 s
[Rank 58] Local SpMV time: 0.000249 s
[Rank 101] Local SpMV time: 0.000306 s
[Rank 60] Local SpMV time: 0.000265 s
[Rank 109] Local SpMV time: 0.000353 s
[Rank 62] Local SpMV time: 0.000230 s
[Rank 115] Local SpMV time: 0.000307 s
[Rank 66] Local SpMV time: 0.000265 s
[Rank 123] Local SpMV time: 0.000318 s
[Rank 68] Local SpMV time: 0.000288 s
[Rank 125] Local SpMV time: 0.000304 s
[Rank 70] Local SpMV time: 0.000318 s
[Rank 11] Local SpMV time: 0.000403 s
[Rank 72] Local SpMV time: 0.000279 s
[Rank 25] Local SpMV time: 0.000403 s
[Rank 74] Local SpMV time: 0.000282 s
[Rank 27] Local SpMV time: 0.000401 s
[Rank 82] Local SpMV time: 0.000299 s
[Rank 29] Local SpMV time: 0.000381 s
[Rank 84] Local SpMV time: 0.000254 s
[Rank 39] Local SpMV time: 0.000417 s
[Rank 88] Local SpMV time: 0.000244 s
[Rank 47] Local SpMV time: 0.000397 s
[Rank 90] Local SpMV time: 0.000234 s
[Rank 53] Local SpMV time: 0.000403 s
[Rank 92] Local SpMV time: 0.000260 s
[Rank 55] Local SpMV time: 0.000410 s
[Rank 94] Local SpMV time: 0.000326 s
[Rank 61] Local SpMV time: 0.000373 s
[Rank 100] Local SpMV time: 0.000281 s
[Rank 63] Local SpMV time: 0.000417 s
[Rank 102] Local SpMV time: 0.000233 s
[Rank 65] Local SpMV time: 0.000399 s
[Rank 104] Local SpMV time: 0.000263 s
[Rank 73] Local SpMV time: 0.000394 s
[Rank 108] Local SpMV time: 0.000268 s
[Rank 81] Local SpMV time: 0.000401 s
[Rank 110] Local SpMV time: 0.000306 s
[Rank 85] Local SpMV time: 0.000403 s
[Rank 116] Local SpMV time: 0.000291 s
[Rank 95] Local SpMV time: 0.000412 s
[Rank 118] Local SpMV time: 0.000329 s
[Rank 97] Local SpMV time: 0.000401 s
[Rank 124] Local SpMV time: 0.000278 s
[Rank 107] Local SpMV time: 0.000391 s
[Rank 126] Local SpMV time: 0.000269 s
[Rank 113] Local SpMV time: 0.000396 s
Global FLOPs per SpMV: 1222

-----------------------------------------------------------------------------------------------
  P |  Time(s) | Comp% | Comm% |  GFLOP/s | Speedup |  Eff% | Mem(MiB) | NNZ min | NNZ avg | NNZ max
-----------------------------------------------------------------------------------------------
128 |   0.0006 |  71.6 |  63.8 |     0.002 |    0.17 |   0.13 |     0.00 |       0 |      4.8 |      14

