Strong scaling results for bcsstm05.mtx
Date: Fri Jan  9 18:01:52 CET 2026
----------------------------------------

[Rank 0] Matrix: 153 x 153, nnz=153 | 1D cyclic rows over P=1
[Rank 0] Local SpMV time: 0.001575 s

-----------------------------------------------------------------------------------------------
  P |  Time(s) | Comp% | Comm% |  GFLOP/s | Speedup |  Eff% | Mem(MiB) | NNZ min | NNZ avg | NNZ max
-----------------------------------------------------------------------------------------------
  1 |   0.0016 |  96.9 |   2.1 |     0.000 |    N/A   |   N/A  |     0.01 |     153 |    153.0 |     153
Global FLOPs per SpMV: 306
BASELINE_T1=0.0016

----------------------------------------
np=2, OMP_NUM_THREADS=64
----------------------------------------
[Rank 0] Matrix: 153 x 153, nnz=153 | 1D cyclic rows over P=2
[Rank 0] Local SpMV time: 0.001528 s
[Rank 1] Local SpMV time: 0.003088 s

-----------------------------------------------------------------------------------------------
  P |  Time(s) | Comp% | Comm% |  GFLOP/s | Speedup |  Eff% | Mem(MiB) | NNZ min | NNZ avg | NNZ max
-----------------------------------------------------------------------------------------------
  2 |   0.0032 |  97.9 |  53.1 |     0.000 |    0.51 |  25.37 |     0.00 |      36 |     56.5 |      77
Global FLOPs per SpMV: 226

----------------------------------------
np=4, OMP_NUM_THREADS=32
----------------------------------------
[Rank 0] Matrix: 153 x 153, nnz=153 | 1D cyclic rows over P=4
[Rank 1] Local SpMV time: 0.000715 s
[Rank 2] Local SpMV time: 0.001631 s
[Rank 0] Local SpMV time: 0.013978 s
[Rank 3] Local SpMV time: 0.014204 s

-----------------------------------------------------------------------------------------------
  P |  Time(s) | Comp% | Comm% |  GFLOP/s | Speedup |  Eff% | Mem(MiB) | NNZ min | NNZ avg | NNZ max
-----------------------------------------------------------------------------------------------
  4 |   0.0272 |  52.1 | 143.2 |     0.000 |    0.06 |   1.47 |     0.00 |       9 |     23.5 |      39
Global FLOPs per SpMV: 188

----------------------------------------
np=8, OMP_NUM_THREADS=16
----------------------------------------
[Rank 0] Matrix: 153 x 153, nnz=153 | 1D cyclic rows over P=8
[Rank 3] Local SpMV time: 0.000340 s
[Rank 6] Local SpMV time: 0.007416 s
[Rank 1] Local SpMV time: 0.004488 s
[Rank 0] Local SpMV time: 0.000453 s
[Rank 7] Local SpMV time: 0.015408 s
[Rank 5] Local SpMV time: 0.000261 s
[Rank 2] Local SpMV time: 0.012127 s
[Rank 4] Local SpMV time: 0.016985 s

-----------------------------------------------------------------------------------------------
  P |  Time(s) | Comp% | Comm% |  GFLOP/s | Speedup |  Eff% | Mem(MiB) | NNZ min | NNZ avg | NNZ max
-----------------------------------------------------------------------------------------------
  8 |   0.0685 |  24.8 | 139.5 |     0.000 |    0.02 |   0.29 |     0.00 |       3 |     10.6 |      20
Global FLOPs per SpMV: 170

----------------------------------------
np=16, OMP_NUM_THREADS=8
----------------------------------------
[Rank 0] Matrix: 153 x 153, nnz=153 | 1D cyclic rows over P=16
[Rank 8] Local SpMV time: 0.004073 s
[Rank 7] Local SpMV time: 0.000206 s
[Rank 11] Local SpMV time: 0.000494 s
[Rank 4] Local SpMV time: 0.000296 s
[Rank 15] Local SpMV time: 0.000185 s
[Rank 14] Local SpMV time: 0.004597 s
[Rank 9] Local SpMV time: 0.000452 s
[Rank 0] Local SpMV time: 0.005126 s
[Rank 3] Local SpMV time: 0.000716 s
[Rank 13] Local SpMV time: 0.000972 s
[Rank 10] Local SpMV time: 0.000284 s
[Rank 1] Local SpMV time: 0.000196 s
[Rank 6] Local SpMV time: 0.007944 s
[Rank 5] Local SpMV time: 0.000469 s
[Rank 12] Local SpMV time: 0.008427 s
[Rank 2] Local SpMV time: 0.000279 s

-----------------------------------------------------------------------------------------------
  P |  Time(s) | Comp% | Comm% |  GFLOP/s | Speedup |  Eff% | Mem(MiB) | NNZ min | NNZ avg | NNZ max
-----------------------------------------------------------------------------------------------
 16 |   0.1243 |   6.8 | 124.6 |     0.000 |    0.01 |   0.08 |     0.00 |       0 |      4.9 |      10
Global FLOPs per SpMV: 156

----------------------------------------
np=32, OMP_NUM_THREADS=4
----------------------------------------
[Rank 0] Matrix: 153 x 153, nnz=153 | 1D cyclic rows over P=32
[Rank 5] Local SpMV time: 0.000156 s
[Rank 26] Local SpMV time: 0.004080 s
[Rank 31] Local SpMV time: 0.000129 s
[Rank 0] Local SpMV time: 0.000150 s
[Rank 6] Local SpMV time: 0.000102 s
[Rank 8] Local SpMV time: 0.000135 s
[Rank 23] Local SpMV time: 0.000136 s
[Rank 14] Local SpMV time: 0.000260 s
[Rank 4] Local SpMV time: 0.004081 s
[Rank 15] Local SpMV time: 0.000137 s
[Rank 16] Local SpMV time: 0.008017 s
[Rank 17] Local SpMV time: 0.000329 s
[Rank 13] Local SpMV time: 0.000591 s
[Rank 18] Local SpMV time: 0.012193 s
[Rank 25] Local SpMV time: 0.000852 s
[Rank 3] Local SpMV time: 0.001094 s
[Rank 21] Local SpMV time: 0.001308 s
[Rank 11] Local SpMV time: 0.000135 s
[Rank 24] Local SpMV time: 0.001179 s
[Rank 7] Local SpMV time: 0.004548 s
[Rank 30] Local SpMV time: 0.029971 s
[Rank 9] Local SpMV time: 0.000731 s
[Rank 29] Local SpMV time: 0.001851 s
[Rank 1] Local SpMV time: 0.006004 s
[Rank 20] Local SpMV time: 0.061995 s
[Rank 2] Local SpMV time: 0.008002 s
[Rank 28] Local SpMV time: 0.077970 s
[Rank 10] Local SpMV time: 0.069918 s
[Rank 22] Local SpMV time: 0.073994 s
[Rank 12] Local SpMV time: 0.054993 s
[Rank 27] Local SpMV time: 0.063949 s
[Rank 19] Local SpMV time: 0.067996 s

-----------------------------------------------------------------------------------------------
  P |  Time(s) | Comp% | Comm% |  GFLOP/s | Speedup |  Eff% | Mem(MiB) | NNZ min | NNZ avg | NNZ max
-----------------------------------------------------------------------------------------------
 32 |   0.2700 |  28.9 | 168.1 |     0.000 |    0.01 |   0.02 |     0.00 |       0 |      2.4 |       5
Global FLOPs per SpMV: 152

----------------------------------------
np=64, OMP_NUM_THREADS=2
----------------------------------------
[Rank 0] Matrix: 153 x 153, nnz=153 | 1D cyclic rows over P=64
[Rank 15] Local SpMV time: 0.003995 s
[Rank 63] Local SpMV time: 0.000059 s
[Rank 47] Local SpMV time: 0.000088 s
[Rank 7] Local SpMV time: 0.000045 s
[Rank 3] Local SpMV time: 0.000046 s
[Rank 52] Local SpMV time: 0.000126 s
[Rank 1] Local SpMV time: 0.012054 s
[Rank 0] Local SpMV time: 0.008047 s
[Rank 31] Local SpMV time: 0.000211 s
[Rank 49] Local SpMV time: 0.004220 s
[Rank 21] Local SpMV time: 0.000451 s
[Rank 53] Local SpMV time: 0.000629 s
[Rank 55] Local SpMV time: 0.000084 s
[Rank 48] Local SpMV time: 0.012031 s
[Rank 39] Local SpMV time: 0.000081 s
[Rank 41] Local SpMV time: 0.000249 s
[Rank 24] Local SpMV time: 0.000053 s
[Rank 33] Local SpMV time: 0.000453 s
[Rank 25] Local SpMV time: 0.000083 s
[Rank 4] Local SpMV time: 0.008000 s
[Rank 19] Local SpMV time: 0.000157 s
[Rank 57] Local SpMV time: 0.004001 s
[Rank 8] Local SpMV time: 0.000125 s
[Rank 35] Local SpMV time: 0.000160 s
[Rank 27] Local SpMV time: 0.004175 s
[Rank 20] Local SpMV time: 0.008028 s
[Rank 36] Local SpMV time: 0.007994 s
[Rank 18] Local SpMV time: 0.000096 s
[Rank 56] Local SpMV time: 0.004005 s
[Rank 17] Local SpMV time: 0.000080 s
[Rank 42] Local SpMV time: 0.003999 s
[Rank 11] Local SpMV time: 0.000299 s
[Rank 29] Local SpMV time: 0.004395 s
[Rank 26] Local SpMV time: 0.000142 s
[Rank 60] Local SpMV time: 0.003942 s
[Rank 5] Local SpMV time: 0.000090 s
[Rank 54] Local SpMV time: 0.000049 s
[Rank 9] Local SpMV time: 0.000252 s
[Rank 2] Local SpMV time: 0.000051 s
[Rank 32] Local SpMV time: 0.000041 s
[Rank 59] Local SpMV time: 0.000455 s
[Rank 13] Local SpMV time: 0.000612 s
[Rank 61] Local SpMV time: 0.008041 s
[Rank 50] Local SpMV time: 0.004041 s
[Rank 23] Local SpMV time: 0.012172 s
[Rank 40] Local SpMV time: 0.000055 s
[Rank 16] Local SpMV time: 0.000099 s
[Rank 34] Local SpMV time: 0.000047 s
[Rank 37] Local SpMV time: 0.004049 s
[Rank 51] Local SpMV time: 0.004003 s
[Rank 58] Local SpMV time: 0.000119 s
[Rank 43] Local SpMV time: 0.000046 s
[Rank 12] Local SpMV time: 0.003944 s
[Rank 6] Local SpMV time: 0.003998 s
[Rank 10] Local SpMV time: 0.000046 s
[Rank 22] Local SpMV time: 0.000041 s
[Rank 62] Local SpMV time: 0.007999 s
[Rank 45] Local SpMV time: 0.000045 s
[Rank 28] Local SpMV time: 0.000102 s
[Rank 38] Local SpMV time: 0.000097 s
[Rank 14] Local SpMV time: 0.000046 s
[Rank 44] Local SpMV time: 0.008037 s
[Rank 30] Local SpMV time: 0.008002 s
[Rank 46] Local SpMV time: 0.004036 s

-----------------------------------------------------------------------------------------------
  P |  Time(s) | Comp% | Comm% |  GFLOP/s | Speedup |  Eff% | Mem(MiB) | NNZ min | NNZ avg | NNZ max
-----------------------------------------------------------------------------------------------
 64 |   0.7761 |   1.6 | 165.4 |     0.000 |    0.00 |   0.00 |     0.00 |       0 |      1.1 |       3
Global FLOPs per SpMV: 142

----------------------------------------
np=128, OMP_NUM_THREADS=1
----------------------------------------
[Rank 0] Matrix: 153 x 153, nnz=153 | 1D cyclic rows over P=128
[Rank 32] Local SpMV time: 0.000021 s
[Rank 112] Local SpMV time: 0.000013 s
[Rank 18] Local SpMV time: 0.000015 s
[Rank 36] Local SpMV time: 0.000012 s
[Rank 15] Local SpMV time: 0.000019 s
[Rank 0] Local SpMV time: 0.000014 s
[Rank 127] Local SpMV time: 0.000013 s
[Rank 72] Local SpMV time: 0.000013 s
[Rank 96] Local SpMV time: 0.000012 s
[Rank 63] Local SpMV time: 0.000013 s
[Rank 1] Local SpMV time: 0.000011 s
[Rank 31] Local SpMV time: 0.000010 s
[Rank 16] Local SpMV time: 0.000011 s
[Rank 48] Local SpMV time: 0.000012 s
[Rank 80] Local SpMV time: 0.000010 s
[Rank 108] Local SpMV time: 0.000012 s
[Rank 25] Local SpMV time: 0.000012 s
[Rank 2] Local SpMV time: 0.000010 s
[Rank 34] Local SpMV time: 0.000012 s
[Rank 114] Local SpMV time: 0.000010 s
[Rank 33] Local SpMV time: 0.000013 s
[Rank 89] Local SpMV time: 0.000012 s
[Rank 40] Local SpMV time: 0.000013 s
[Rank 9] Local SpMV time: 0.000012 s
[Rank 24] Local SpMV time: 0.000011 s
[Rank 23] Local SpMV time: 0.000012 s
[Rank 87] Local SpMV time: 0.000011 s
[Rank 106] Local SpMV time: 0.000012 s
[Rank 52] Local SpMV time: 0.000011 s
[Rank 122] Local SpMV time: 0.000012 s
[Rank 7] Local SpMV time: 0.000012 s
[Rank 82] Local SpMV time: 0.000012 s
[Rank 115] Local SpMV time: 0.000010 s
[Rank 79] Local SpMV time: 0.000011 s
[Rank 56] Local SpMV time: 0.000013 s
[Rank 101] Local SpMV time: 0.000012 s
[Rank 124] Local SpMV time: 0.000012 s
[Rank 65] Local SpMV time: 0.000010 s
[Rank 102] Local SpMV time: 0.000009 s
[Rank 6] Local SpMV time: 0.000012 s
[Rank 5] Local SpMV time: 0.000013 s
[Rank 100] Local SpMV time: 0.000012 s
[Rank 97] Local SpMV time: 0.000012 s
[Rank 68] Local SpMV time: 0.000010 s
[Rank 51] Local SpMV time: 0.000012 s
[Rank 90] Local SpMV time: 0.000012 s
[Rank 35] Local SpMV time: 0.000012 s
[Rank 49] Local SpMV time: 0.000011 s
[Rank 47] Local SpMV time: 0.000012 s
[Rank 84] Local SpMV time: 0.000009 s
[Rank 64] Local SpMV time: 0.000012 s
[Rank 3] Local SpMV time: 0.000012 s
[Rank 107] Local SpMV time: 0.000010 s
[Rank 126] Local SpMV time: 0.000011 s
[Rank 57] Local SpMV time: 0.000012 s
[Rank 99] Local SpMV time: 0.000012 s
[Rank 116] Local SpMV time: 0.000027 s
[Rank 14] Local SpMV time: 0.000009 s
[Rank 26] Local SpMV time: 0.000011 s
[Rank 125] Local SpMV time: 0.000011 s
[Rank 110] Local SpMV time: 0.000012 s
[Rank 71] Local SpMV time: 0.000011 s
[Rank 104] Local SpMV time: 0.000012 s
[Rank 8] Local SpMV time: 0.000012 s
[Rank 67] Local SpMV time: 0.000012 s
[Rank 66] Local SpMV time: 0.000012 s
[Rank 45] Local SpMV time: 0.000011 s
[Rank 19] Local SpMV time: 0.000010 s
[Rank 58] Local SpMV time: 0.000010 s
[Rank 38] Local SpMV time: 0.000011 s
[Rank 73] Local SpMV time: 0.000012 s
[Rank 88] Local SpMV time: 0.000011 s
[Rank 95] Local SpMV time: 0.000012 s
[Rank 98] Local SpMV time: 0.000010 s
[Rank 13] Local SpMV time: 0.000012 s
[Rank 30] Local SpMV time: 0.000011 s
[Rank 17] Local SpMV time: 0.000012 s
[Rank 12] Local SpMV time: 0.000011 s
[Rank 120] Local SpMV time: 0.000012 s
[Rank 55] Local SpMV time: 0.000012 s
[Rank 46] Local SpMV time: 0.000013 s
[Rank 117] Local SpMV time: 0.000011 s
[Rank 44] Local SpMV time: 0.000011 s
[Rank 20] Local SpMV time: 0.000009 s
[Rank 41] Local SpMV time: 0.000010 s
[Rank 42] Local SpMV time: 0.000009 s
[Rank 43] Local SpMV time: 0.000010 s
[Rank 4] Local SpMV time: 0.000013 s
[Rank 121] Local SpMV time: 0.000010 s
[Rank 61] Local SpMV time: 0.000010 s
[Rank 111] Local SpMV time: 0.000011 s
[Rank 69] Local SpMV time: 0.000010 s
[Rank 50] Local SpMV time: 0.000009 s
[Rank 123] Local SpMV time: 0.000013 s
[Rank 118] Local SpMV time: 0.000010 s
[Rank 39] Local SpMV time: 0.000012 s
[Rank 10] Local SpMV time: 0.000009 s
[Rank 29] Local SpMV time: 0.000012 s
[Rank 28] Local SpMV time: 0.000011 s
[Rank 60] Local SpMV time: 0.000012 s
[Rank 113] Local SpMV time: 0.000012 s
[Rank 37] Local SpMV time: 0.000012 s
[Rank 70] Local SpMV time: 0.000012 s
[Rank 83] Local SpMV time: 0.000012 s
[Rank 78] Local SpMV time: 0.000012 s
[Rank 62] Local SpMV time: 0.000013 s
[Rank 11] Local SpMV time: 0.000010 s
[Rank 74] Local SpMV time: 0.000012 s
[Rank 21] Local SpMV time: 0.000027 s
[Rank 103] Local SpMV time: 0.000012 s
[Rank 94] Local SpMV time: 0.000010 s
[Rank 53] Local SpMV time: 0.000012 s
[Rank 85] Local SpMV time: 0.000012 s
[Rank 77] Local SpMV time: 0.000011 s
[Rank 92] Local SpMV time: 0.000012 s
[Rank 76] Local SpMV time: 0.000011 s
[Rank 109] Local SpMV time: 0.000012 s
[Rank 81] Local SpMV time: 0.000025 s
[Rank 54] Local SpMV time: 0.000011 s
[Rank 22] Local SpMV time: 0.000012 s
[Rank 105] Local SpMV time: 0.000012 s
[Rank 27] Local SpMV time: 0.000011 s
[Rank 75] Local SpMV time: 0.000011 s
[Rank 119] Local SpMV time: 0.000012 s
[Rank 59] Local SpMV time: 0.000012 s
[Rank 91] Local SpMV time: 0.000012 s
[Rank 93] Local SpMV time: 0.000012 s
[Rank 86] Local SpMV time: 0.000011 s

-----------------------------------------------------------------------------------------------
  P |  Time(s) | Comp% | Comm% |  GFLOP/s | Speedup |  Eff% | Mem(MiB) | NNZ min | NNZ avg | NNZ max
-----------------------------------------------------------------------------------------------
128 |   1.5360 |   0.0 | 183.8 |     0.000 |    0.00 |   0.00 |     0.00 |       0 |      0.2 |       2
Global FLOPs per SpMV: 52

