Strong scaling results for breasttissue_10NN.mtx
Date: Fri Jan  9 18:03:09 CET 2026
----------------------------------------

[Rank 0] Matrix: 106 x 106, nnz=706 | 1D cyclic rows over P=1
[Rank 0] Local SpMV time: 0.002081 s

-----------------------------------------------------------------------------------------------
  P |  Time(s) | Comp% | Comm% |  GFLOP/s | Speedup |  Eff% | Mem(MiB) | NNZ min | NNZ avg | NNZ max
-----------------------------------------------------------------------------------------------
  1 |   0.0021 |  97.6 |   1.8 |     0.001 |    N/A   |   N/A  |     0.04 |    1412 |   1412.0 |    1412
Global FLOPs per SpMV: 2824
BASELINE_T1=0.0021

----------------------------------------
np=2, OMP_NUM_THREADS=64
----------------------------------------
[Rank 0] Matrix: 106 x 106, nnz=706 | 1D cyclic rows over P=2
[Rank 0] Local SpMV time: 0.001609 s
[Rank 1] Local SpMV time: 0.001852 s

-----------------------------------------------------------------------------------------------
  P |  Time(s) | Comp% | Comm% |  GFLOP/s | Speedup |  Eff% | Mem(MiB) | NNZ min | NNZ avg | NNZ max
-----------------------------------------------------------------------------------------------
  2 |   0.0020 |  90.8 |  22.0 |     0.001 |    1.03 |  51.50 |     0.02 |     379 |    531.5 |     684
Global FLOPs per SpMV: 2126

----------------------------------------
np=4, OMP_NUM_THREADS=32
----------------------------------------
[Rank 0] Matrix: 106 x 106, nnz=706 | 1D cyclic rows over P=4
[Rank 1] Local SpMV time: 0.000676 s
[Rank 2] Local SpMV time: 0.001381 s
[Rank 3] Local SpMV time: 0.014163 s
[Rank 0] Local SpMV time: 0.013958 s

-----------------------------------------------------------------------------------------------
  P |  Time(s) | Comp% | Comm% |  GFLOP/s | Speedup |  Eff% | Mem(MiB) | NNZ min | NNZ avg | NNZ max
-----------------------------------------------------------------------------------------------
  4 |   0.0535 |  26.5 | 121.6 |     0.000 |    0.04 |   0.98 |     0.01 |      93 |    216.2 |     359
Global FLOPs per SpMV: 1730

----------------------------------------
np=8, OMP_NUM_THREADS=16
----------------------------------------
[Rank 0] Matrix: 106 x 106, nnz=706 | 1D cyclic rows over P=8
[Rank 1] Local SpMV time: 0.000304 s
[Rank 4] Local SpMV time: 0.000486 s
[Rank 6] Local SpMV time: 0.000479 s
[Rank 7] Local SpMV time: 0.001664 s
[Rank 0] Local SpMV time: 0.000439 s
[Rank 2] Local SpMV time: 0.000465 s
[Rank 5] Local SpMV time: 0.004473 s
[Rank 3] Local SpMV time: 0.014814 s

-----------------------------------------------------------------------------------------------
  P |  Time(s) | Comp% | Comm% |  GFLOP/s | Speedup |  Eff% | Mem(MiB) | NNZ min | NNZ avg | NNZ max
-----------------------------------------------------------------------------------------------
  8 |   0.1309 |  11.3 | 142.1 |     0.000 |    0.02 |   0.20 |     0.01 |      26 |     99.0 |     170
Global FLOPs per SpMV: 1584

----------------------------------------
np=16, OMP_NUM_THREADS=8
----------------------------------------
[Rank 0] Matrix: 106 x 106, nnz=706 | 1D cyclic rows over P=16
[Rank 5] Local SpMV time: 0.000400 s
[Rank 0] Local SpMV time: 0.000244 s
[Rank 3] Local SpMV time: 0.004630 s
[Rank 8] Local SpMV time: 0.001698 s
[Rank 11] Local SpMV time: 0.012449 s
[Rank 14] Local SpMV time: 0.001184 s
[Rank 6] Local SpMV time: 0.005500 s
[Rank 7] Local SpMV time: 0.006201 s
[Rank 13] Local SpMV time: 0.000470 s
[Rank 2] Local SpMV time: 0.009920 s
[Rank 1] Local SpMV time: 0.000726 s
[Rank 4] Local SpMV time: 0.009426 s
[Rank 9] Local SpMV time: 0.004855 s
[Rank 12] Local SpMV time: 0.001050 s
[Rank 15] Local SpMV time: 0.000256 s
[Rank 10] Local SpMV time: 0.035628 s

-----------------------------------------------------------------------------------------------
  P |  Time(s) | Comp% | Comm% |  GFLOP/s | Speedup |  Eff% | Mem(MiB) | NNZ min | NNZ avg | NNZ max
-----------------------------------------------------------------------------------------------
 16 |   0.2322 |  15.3 | 130.8 |     0.000 |    0.01 |   0.06 |     0.00 |      10 |     44.6 |      81
Global FLOPs per SpMV: 1426

----------------------------------------
np=32, OMP_NUM_THREADS=4
----------------------------------------
[Rank 0] Matrix: 106 x 106, nnz=706 | 1D cyclic rows over P=32
[Rank 6] Local SpMV time: 0.004093 s
[Rank 7] Local SpMV time: 0.004074 s
[Rank 27] Local SpMV time: 0.000385 s
[Rank 26] Local SpMV time: 0.004130 s
[Rank 23] Local SpMV time: 0.004594 s
[Rank 20] Local SpMV time: 0.003993 s
[Rank 5] Local SpMV time: 0.000856 s
[Rank 10] Local SpMV time: 0.000102 s
[Rank 29] Local SpMV time: 0.001159 s
[Rank 30] Local SpMV time: 0.000229 s
[Rank 21] Local SpMV time: 0.001407 s
[Rank 16] Local SpMV time: 0.000245 s
[Rank 15] Local SpMV time: 0.001663 s
[Rank 2] Local SpMV time: 0.000348 s
[Rank 17] Local SpMV time: 0.001917 s
[Rank 22] Local SpMV time: 0.000447 s
[Rank 19] Local SpMV time: 0.002107 s
[Rank 18] Local SpMV time: 0.000548 s
[Rank 1] Local SpMV time: 0.006289 s
[Rank 12] Local SpMV time: 0.000483 s
[Rank 3] Local SpMV time: 0.006622 s
[Rank 24] Local SpMV time: 0.000390 s
[Rank 9] Local SpMV time: 0.002862 s
[Rank 14] Local SpMV time: 0.000299 s
[Rank 31] Local SpMV time: 0.003075 s
[Rank 28] Local SpMV time: 0.004241 s
[Rank 25] Local SpMV time: 0.007296 s
[Rank 0] Local SpMV time: 0.008109 s
[Rank 11] Local SpMV time: 0.003606 s
[Rank 4] Local SpMV time: 0.011939 s
[Rank 13] Local SpMV time: 0.003801 s
[Rank 8] Local SpMV time: 0.000128 s

-----------------------------------------------------------------------------------------------
  P |  Time(s) | Comp% | Comm% |  GFLOP/s | Speedup |  Eff% | Mem(MiB) | NNZ min | NNZ avg | NNZ max
-----------------------------------------------------------------------------------------------
 32 |   0.5512 |   2.2 | 139.8 |     0.000 |    0.00 |   0.01 |     0.00 |       3 |     21.0 |      55
Global FLOPs per SpMV: 1344

----------------------------------------
np=64, OMP_NUM_THREADS=2
----------------------------------------
[Rank 0] Matrix: 106 x 106, nnz=706 | 1D cyclic rows over P=64
[Rank 56] Local SpMV time: 0.008048 s
[Rank 44] Local SpMV time: 0.000068 s
[Rank 54] Local SpMV time: 0.003986 s
[Rank 47] Local SpMV time: 0.137957 s
[Rank 50] Local SpMV time: 0.008000 s
[Rank 62] Local SpMV time: 0.007993 s
[Rank 45] Local SpMV time: 0.106958 s
[Rank 46] Local SpMV time: 0.004106 s
[Rank 58] Local SpMV time: 0.004179 s
[Rank 53] Local SpMV time: 0.100966 s
[Rank 42] Local SpMV time: 0.000076 s
[Rank 48] Local SpMV time: 0.000107 s
[Rank 52] Local SpMV time: 0.000131 s
[Rank 60] Local SpMV time: 0.004030 s
[Rank 63] Local SpMV time: 0.098974 s
[Rank 55] Local SpMV time: 0.152984 s
[Rank 59] Local SpMV time: 0.102974 s
[Rank 61] Local SpMV time: 0.102975 s
[Rank 49] Local SpMV time: 0.147963 s
[Rank 57] Local SpMV time: 0.112978 s
[Rank 10] Local SpMV time: 0.000154 s
[Rank 51] Local SpMV time: 0.116974 s
[Rank 15] Local SpMV time: 0.099969 s
[Rank 43] Local SpMV time: 0.111944 s
[Rank 32] Local SpMV time: 0.000110 s
[Rank 0] Local SpMV time: 0.000050 s
[Rank 40] Local SpMV time: 0.000164 s
[Rank 4] Local SpMV time: 0.004027 s
[Rank 26] Local SpMV time: 0.004060 s
[Rank 6] Local SpMV time: 0.011999 s
[Rank 14] Local SpMV time: 0.000055 s
[Rank 3] Local SpMV time: 0.044257 s
[Rank 16] Local SpMV time: 0.000053 s
[Rank 22] Local SpMV time: 0.007985 s
[Rank 34] Local SpMV time: 0.000152 s
[Rank 20] Local SpMV time: 0.003943 s
[Rank 12] Local SpMV time: 0.000054 s
[Rank 28] Local SpMV time: 0.000043 s
[Rank 24] Local SpMV time: 0.000112 s
[Rank 18] Local SpMV time: 0.003952 s
[Rank 8] Local SpMV time: 0.000056 s
[Rank 30] Local SpMV time: 0.000043 s
[Rank 29] Local SpMV time: 0.102050 s
[Rank 2] Local SpMV time: 0.004051 s
[Rank 5] Local SpMV time: 0.113979 s
[Rank 36] Local SpMV time: 0.000058 s
[Rank 11] Local SpMV time: 0.105050 s
[Rank 38] Local SpMV time: 0.000103 s
[Rank 33] Local SpMV time: 0.113992 s
[Rank 19] Local SpMV time: 0.114000 s
[Rank 25] Local SpMV time: 0.115945 s
[Rank 9] Local SpMV time: 0.112995 s
[Rank 13] Local SpMV time: 0.112993 s
[Rank 17] Local SpMV time: 0.123940 s
[Rank 7] Local SpMV time: 0.115993 s
[Rank 1] Local SpMV time: 0.117946 s
[Rank 21] Local SpMV time: 0.113993 s
[Rank 39] Local SpMV time: 0.116001 s
[Rank 35] Local SpMV time: 0.111010 s
[Rank 37] Local SpMV time: 0.124991 s
[Rank 41] Local SpMV time: 0.116934 s
[Rank 27] Local SpMV time: 0.116993 s
[Rank 31] Local SpMV time: 0.118992 s
[Rank 23] Local SpMV time: 0.118993 s

-----------------------------------------------------------------------------------------------
  P |  Time(s) | Comp% | Comm% |  GFLOP/s | Speedup |  Eff% | Mem(MiB) | NNZ min | NNZ avg | NNZ max
-----------------------------------------------------------------------------------------------
 64 |   1.5710 |   9.7 | 126.7 |     0.000 |    0.00 |   0.00 |     0.00 |       0 |      9.5 |      31
Global FLOPs per SpMV: 1216

----------------------------------------
np=128, OMP_NUM_THREADS=1
----------------------------------------
[Rank 0] Matrix: 106 x 106, nnz=706 | 1D cyclic rows over P=128
[Rank 107] Local SpMV time: 0.000028 s
[Rank 127] Local SpMV time: 0.000015 s
[Rank 109] Local SpMV time: 0.000016 s
[Rank 112] Local SpMV time: 0.000023 s
[Rank 111] Local SpMV time: 0.000027 s
[Rank 125] Local SpMV time: 0.000015 s
[Rank 119] Local SpMV time: 0.000018 s
[Rank 126] Local SpMV time: 0.000015 s
[Rank 117] Local SpMV time: 0.000020 s
[Rank 123] Local SpMV time: 0.000020 s
[Rank 115] Local SpMV time: 0.000019 s
[Rank 113] Local SpMV time: 0.000016 s
[Rank 110] Local SpMV time: 0.000017 s
[Rank 106] Local SpMV time: 0.000014 s
[Rank 108] Local SpMV time: 0.000013 s
[Rank 124] Local SpMV time: 0.000013 s
[Rank 120] Local SpMV time: 0.000014 s
[Rank 116] Local SpMV time: 0.000013 s
[Rank 118] Local SpMV time: 0.000031 s
[Rank 114] Local SpMV time: 0.000014 s
[Rank 122] Local SpMV time: 0.000014 s
[Rank 121] Local SpMV time: 0.000022 s
[Rank 105] Local SpMV time: 0.000030 s
[Rank 22] Local SpMV time: 0.000021 s
[Rank 25] Local SpMV time: 0.000021 s
[Rank 24] Local SpMV time: 0.000035 s
[Rank 8] Local SpMV time: 0.000019 s
[Rank 92] Local SpMV time: 0.000018 s
[Rank 14] Local SpMV time: 0.000012 s
[Rank 16] Local SpMV time: 0.000018 s
[Rank 49] Local SpMV time: 0.000022 s
[Rank 44] Local SpMV time: 0.000033 s
[Rank 67] Local SpMV time: 0.000021 s
[Rank 61] Local SpMV time: 0.000021 s
[Rank 70] Local SpMV time: 0.000016 s
[Rank 89] Local SpMV time: 0.000020 s
[Rank 12] Local SpMV time: 0.000016 s
[Rank 20] Local SpMV time: 0.000019 s
[Rank 32] Local SpMV time: 0.000032 s
[Rank 94] Local SpMV time: 0.000017 s
[Rank 11] Local SpMV time: 0.000021 s
[Rank 46] Local SpMV time: 0.000013 s
[Rank 2] Local SpMV time: 0.000018 s
[Rank 71] Local SpMV time: 0.000020 s
[Rank 90] Local SpMV time: 0.000019 s
[Rank 31] Local SpMV time: 0.000020 s
[Rank 78] Local SpMV time: 0.000016 s
[Rank 37] Local SpMV time: 0.000021 s
[Rank 26] Local SpMV time: 0.000013 s
[Rank 23] Local SpMV time: 0.000021 s
[Rank 48] Local SpMV time: 0.000018 s
[Rank 65] Local SpMV time: 0.000019 s
[Rank 40] Local SpMV time: 0.000012 s
[Rank 64] Local SpMV time: 0.000013 s
[Rank 33] Local SpMV time: 0.000020 s
[Rank 80] Local SpMV time: 0.000020 s
[Rank 9] Local SpMV time: 0.000022 s
[Rank 50] Local SpMV time: 0.000016 s
[Rank 103] Local SpMV time: 0.000019 s
[Rank 3] Local SpMV time: 0.000020 s
[Rank 36] Local SpMV time: 0.000017 s
[Rank 41] Local SpMV time: 0.000021 s
[Rank 84] Local SpMV time: 0.000019 s
[Rank 29] Local SpMV time: 0.000020 s
[Rank 76] Local SpMV time: 0.000016 s
[Rank 73] Local SpMV time: 0.000020 s
[Rank 60] Local SpMV time: 0.000017 s
[Rank 38] Local SpMV time: 0.000017 s
[Rank 53] Local SpMV time: 0.000018 s
[Rank 72] Local SpMV time: 0.000017 s
[Rank 63] Local SpMV time: 0.000021 s
[Rank 52] Local SpMV time: 0.000012 s
[Rank 28] Local SpMV time: 0.000019 s
[Rank 86] Local SpMV time: 0.000031 s
[Rank 91] Local SpMV time: 0.000019 s
[Rank 79] Local SpMV time: 0.000020 s
[Rank 58] Local SpMV time: 0.000017 s
[Rank 66] Local SpMV time: 0.000019 s
[Rank 35] Local SpMV time: 0.000020 s
[Rank 74] Local SpMV time: 0.000019 s
[Rank 42] Local SpMV time: 0.000013 s
[Rank 97] Local SpMV time: 0.000021 s
[Rank 45] Local SpMV time: 0.000020 s
[Rank 21] Local SpMV time: 0.000019 s
[Rank 34] Local SpMV time: 0.000021 s
[Rank 98] Local SpMV time: 0.000018 s
[Rank 13] Local SpMV time: 0.000021 s
[Rank 18] Local SpMV time: 0.000017 s
[Rank 69] Local SpMV time: 0.000020 s
[Rank 59] Local SpMV time: 0.000022 s
[Rank 85] Local SpMV time: 0.000021 s
[Rank 100] Local SpMV time: 0.000018 s
[Rank 30] Local SpMV time: 0.000018 s
[Rank 77] Local SpMV time: 0.000020 s
[Rank 81] Local SpMV time: 0.000020 s
[Rank 4] Local SpMV time: 0.000019 s
[Rank 51] Local SpMV time: 0.000019 s
[Rank 39] Local SpMV time: 0.000019 s
[Rank 104] Local SpMV time: 0.000011 s
[Rank 83] Local SpMV time: 0.000020 s
[Rank 87] Local SpMV time: 0.000021 s
[Rank 68] Local SpMV time: 0.000023 s
[Rank 0] Local SpMV time: 0.000018 s
[Rank 75] Local SpMV time: 0.000020 s
[Rank 56] Local SpMV time: 0.000018 s
[Rank 62] Local SpMV time: 0.000012 s
[Rank 10] Local SpMV time: 0.000017 s
[Rank 95] Local SpMV time: 0.000020 s
[Rank 15] Local SpMV time: 0.000021 s
[Rank 88] Local SpMV time: 0.000020 s
[Rank 101] Local SpMV time: 0.000021 s
[Rank 27] Local SpMV time: 0.000022 s
[Rank 43] Local SpMV time: 0.000022 s
[Rank 99] Local SpMV time: 0.000020 s
[Rank 57] Local SpMV time: 0.000020 s
[Rank 55] Local SpMV time: 0.000023 s
[Rank 93] Local SpMV time: 0.000020 s
[Rank 6] Local SpMV time: 0.000019 s
[Rank 1] Local SpMV time: 0.000022 s
[Rank 54] Local SpMV time: 0.000017 s
[Rank 96] Local SpMV time: 0.000018 s
[Rank 47] Local SpMV time: 0.000022 s
[Rank 82] Local SpMV time: 0.000017 s
[Rank 102] Local SpMV time: 0.000018 s
[Rank 5] Local SpMV time: 0.000023 s
[Rank 19] Local SpMV time: 0.000021 s
[Rank 7] Local SpMV time: 0.000021 s
[Rank 17] Local SpMV time: 0.000021 s

-----------------------------------------------------------------------------------------------
  P |  Time(s) | Comp% | Comm% |  GFLOP/s | Speedup |  Eff% | Mem(MiB) | NNZ min | NNZ avg | NNZ max
-----------------------------------------------------------------------------------------------
128 |   3.8370 |   0.0 | 127.8 |     0.000 |    0.00 |   0.00 |     0.00 |       0 |      8.3 |      26
Global FLOPs per SpMV: 2124

