Strong scaling results for dataset20mfeatpixel_10NN.mtx
Date: Fri Jan  9 18:05:37 CET 2026
----------------------------------------

[Rank 0] Matrix: 2000 x 2000, nnz=13966 | 1D cyclic rows over P=1
[Rank 0] Local SpMV time: 0.001540 s

-----------------------------------------------------------------------------------------------
  P |  Time(s) | Comp% | Comm% |  GFLOP/s | Speedup |  Eff% | Mem(MiB) | NNZ min | NNZ avg | NNZ max
-----------------------------------------------------------------------------------------------
  1 |   0.0016 |  96.2 |   3.1 |     0.035 |    N/A   |   N/A  |     0.78 |   27932 |  27932.0 |   27932
Global FLOPs per SpMV: 55864
BASELINE_T1=0.0016

----------------------------------------
np=2, OMP_NUM_THREADS=64
----------------------------------------
[Rank 0] Matrix: 2000 x 2000, nnz=13966 | 1D cyclic rows over P=2
[Rank 0] Local SpMV time: 0.001483 s
[Rank 1] Local SpMV time: 0.004915 s

-----------------------------------------------------------------------------------------------
  P |  Time(s) | Comp% | Comm% |  GFLOP/s | Speedup |  Eff% | Mem(MiB) | NNZ min | NNZ avg | NNZ max
-----------------------------------------------------------------------------------------------
  2 |   0.0051 |  96.4 |  71.2 |     0.006 |    0.31 |  15.70 |     0.28 |    6810 |   8128.0 |    9446
Global FLOPs per SpMV: 32512

----------------------------------------
np=4, OMP_NUM_THREADS=32
----------------------------------------
[Rank 0] Matrix: 2000 x 2000, nnz=13966 | 1D cyclic rows over P=4
[Rank 1] Local SpMV time: 0.001116 s
[Rank 0] Local SpMV time: 0.011594 s
[Rank 3] Local SpMV time: 0.015177 s
[Rank 2] Local SpMV time: 0.024024 s

-----------------------------------------------------------------------------------------------
  P |  Time(s) | Comp% | Comm% |  GFLOP/s | Speedup |  Eff% | Mem(MiB) | NNZ min | NNZ avg | NNZ max
-----------------------------------------------------------------------------------------------
  4 |   0.0511 |  47.0 | 126.1 |     0.000 |    0.03 |   0.78 |     0.10 |    1685 |   2620.2 |    3068
Global FLOPs per SpMV: 20962

----------------------------------------
np=8, OMP_NUM_THREADS=16
----------------------------------------
[Rank 0] Matrix: 2000 x 2000, nnz=13966 | 1D cyclic rows over P=8
[Rank 4] Local SpMV time: 0.000430 s
[Rank 7] Local SpMV time: 0.001002 s
[Rank 5] Local SpMV time: 0.002655 s
[Rank 2] Local SpMV time: 0.007164 s
[Rank 0] Local SpMV time: 0.000465 s
[Rank 6] Local SpMV time: 0.000456 s
[Rank 1] Local SpMV time: 0.025002 s
[Rank 3] Local SpMV time: 0.031948 s

-----------------------------------------------------------------------------------------------
  P |  Time(s) | Comp% | Comm% |  GFLOP/s | Speedup |  Eff% | Mem(MiB) | NNZ min | NNZ avg | NNZ max
-----------------------------------------------------------------------------------------------
  8 |   0.1410 |  22.7 | 121.4 |     0.000 |    0.01 |   0.14 |     0.04 |     435 |    923.0 |    1097
Global FLOPs per SpMV: 14768

----------------------------------------
np=16, OMP_NUM_THREADS=8
----------------------------------------
[Rank 0] Matrix: 2000 x 2000, nnz=13966 | 1D cyclic rows over P=16
[Rank 6] Local SpMV time: 0.000283 s
[Rank 10] Local SpMV time: 0.000745 s
[Rank 8] Local SpMV time: 0.001034 s
[Rank 14] Local SpMV time: 0.001448 s
[Rank 0] Local SpMV time: 0.005511 s
[Rank 12] Local SpMV time: 0.005878 s
[Rank 2] Local SpMV time: 0.009926 s
[Rank 4] Local SpMV time: 0.006553 s
[Rank 1] Local SpMV time: 0.032006 s
[Rank 3] Local SpMV time: 0.036038 s
[Rank 15] Local SpMV time: 0.032000 s
[Rank 11] Local SpMV time: 0.044513 s
[Rank 5] Local SpMV time: 0.063989 s
[Rank 9] Local SpMV time: 0.063989 s
[Rank 7] Local SpMV time: 0.063992 s
[Rank 13] Local SpMV time: 0.065997 s

-----------------------------------------------------------------------------------------------
  P |  Time(s) | Comp% | Comm% |  GFLOP/s | Speedup |  Eff% | Mem(MiB) | NNZ min | NNZ avg | NNZ max
-----------------------------------------------------------------------------------------------
 16 |   0.2560 |  25.8 | 131.4 |     0.000 |    0.01 |   0.04 |     0.02 |     119 |    358.6 |     453
Global FLOPs per SpMV: 11474

----------------------------------------
np=32, OMP_NUM_THREADS=4
----------------------------------------
[Rank 0] Matrix: 2000 x 2000, nnz=13966 | 1D cyclic rows over P=32
[Rank 13] Local SpMV time: 0.000201 s
[Rank 4] Local SpMV time: 0.000145 s
[Rank 0] Local SpMV time: 0.000674 s
[Rank 1] Local SpMV time: 0.000630 s
[Rank 24] Local SpMV time: 0.004640 s
[Rank 29] Local SpMV time: 0.000899 s
[Rank 26] Local SpMV time: 0.000700 s
[Rank 21] Local SpMV time: 0.001197 s
[Rank 2] Local SpMV time: 0.000625 s
[Rank 3] Local SpMV time: 0.001538 s
[Rank 20] Local SpMV time: 0.004474 s
[Rank 31] Local SpMV time: 0.005764 s
[Rank 30] Local SpMV time: 0.024132 s
[Rank 10] Local SpMV time: 0.000810 s
[Rank 16] Local SpMV time: 0.004674 s
[Rank 8] Local SpMV time: 0.000590 s
[Rank 18] Local SpMV time: 0.000469 s
[Rank 9] Local SpMV time: 0.002645 s
[Rank 28] Local SpMV time: 0.040904 s
[Rank 15] Local SpMV time: 0.064000 s
[Rank 17] Local SpMV time: 0.064004 s
[Rank 5] Local SpMV time: 0.067966 s
[Rank 27] Local SpMV time: 0.064001 s
[Rank 12] Local SpMV time: 0.046126 s
[Rank 7] Local SpMV time: 0.064004 s
[Rank 23] Local SpMV time: 0.064002 s
[Rank 19] Local SpMV time: 0.063998 s
[Rank 6] Local SpMV time: 0.071855 s
[Rank 25] Local SpMV time: 0.067921 s
[Rank 14] Local SpMV time: 0.064998 s
[Rank 11] Local SpMV time: 0.064004 s
[Rank 22] Local SpMV time: 0.061996 s

-----------------------------------------------------------------------------------------------
  P |  Time(s) | Comp% | Comm% |  GFLOP/s | Speedup |  Eff% | Mem(MiB) | NNZ min | NNZ avg | NNZ max
-----------------------------------------------------------------------------------------------
 32 |   0.6620 |  10.9 | 135.0 |     0.000 |    0.00 |   0.01 |     0.01 |      22 |    156.3 |     198
Global FLOPs per SpMV: 10004

----------------------------------------
np=64, OMP_NUM_THREADS=2
----------------------------------------
[Rank 0] Matrix: 2000 x 2000, nnz=13966 | 1D cyclic rows over P=64
[Rank 51] Local SpMV time: 0.000134 s
[Rank 62] Local SpMV time: 0.000196 s
[Rank 37] Local SpMV time: 0.000422 s
[Rank 30] Local SpMV time: 0.004342 s
[Rank 55] Local SpMV time: 0.000757 s
[Rank 24] Local SpMV time: 0.004631 s
[Rank 43] Local SpMV time: 0.001125 s
[Rank 0] Local SpMV time: 0.004583 s
[Rank 23] Local SpMV time: 0.005399 s
[Rank 58] Local SpMV time: 0.000414 s
[Rank 57] Local SpMV time: 0.001731 s
[Rank 10] Local SpMV time: 0.004528 s
[Rank 39] Local SpMV time: 0.005980 s
[Rank 4] Local SpMV time: 0.008323 s
[Rank 48] Local SpMV time: 0.012096 s
[Rank 35] Local SpMV time: 0.002316 s
[Rank 46] Local SpMV time: 0.004140 s
[Rank 19] Local SpMV time: 0.002588 s
[Rank 16] Local SpMV time: 0.007962 s
[Rank 13] Local SpMV time: 0.006806 s
[Rank 20] Local SpMV time: 0.011879 s
[Rank 27] Local SpMV time: 0.003138 s
[Rank 50] Local SpMV time: 0.015837 s
[Rank 5] Local SpMV time: 0.003417 s
[Rank 12] Local SpMV time: 0.016108 s
[Rank 45] Local SpMV time: 0.011626 s
[Rank 38] Local SpMV time: 0.004054 s
[Rank 63] Local SpMV time: 0.007963 s
[Rank 54] Local SpMV time: 0.003999 s
[Rank 28] Local SpMV time: 0.000183 s
[Rank 56] Local SpMV time: 0.003940 s
[Rank 52] Local SpMV time: 0.007877 s
[Rank 22] Local SpMV time: 0.000119 s
[Rank 44] Local SpMV time: 0.003939 s
[Rank 26] Local SpMV time: 0.000055 s
[Rank 42] Local SpMV time: 0.000112 s
[Rank 14] Local SpMV time: 0.003943 s
[Rank 36] Local SpMV time: 0.000055 s
[Rank 32] Local SpMV time: 0.000110 s
[Rank 18] Local SpMV time: 0.003961 s
[Rank 40] Local SpMV time: 0.000060 s
[Rank 34] Local SpMV time: 0.000056 s
[Rank 60] Local SpMV time: 0.000051 s
[Rank 2] Local SpMV time: 0.000098 s
[Rank 8] Local SpMV time: 0.003957 s
[Rank 6] Local SpMV time: 0.004000 s
[Rank 31] Local SpMV time: 0.131989 s
[Rank 3] Local SpMV time: 0.131991 s
[Rank 59] Local SpMV time: 0.131993 s
[Rank 61] Local SpMV time: 0.128002 s
[Rank 47] Local SpMV time: 0.127991 s
[Rank 15] Local SpMV time: 0.127991 s
[Rank 25] Local SpMV time: 0.127993 s
[Rank 1] Local SpMV time: 0.127998 s
[Rank 53] Local SpMV time: 0.127986 s
[Rank 29] Local SpMV time: 0.131933 s
[Rank 9] Local SpMV time: 0.128003 s
[Rank 11] Local SpMV time: 0.127995 s
[Rank 17] Local SpMV time: 0.127994 s
[Rank 33] Local SpMV time: 0.127992 s
[Rank 7] Local SpMV time: 0.127999 s
[Rank 21] Local SpMV time: 0.127998 s
[Rank 41] Local SpMV time: 0.131947 s
[Rank 49] Local SpMV time: 0.131998 s

-----------------------------------------------------------------------------------------------
  P |  Time(s) | Comp% | Comm% |  GFLOP/s | Speedup |  Eff% | Mem(MiB) | NNZ min | NNZ avg | NNZ max
-----------------------------------------------------------------------------------------------
 64 |   1.6290 |   8.1 | 134.1 |     0.000 |    0.00 |   0.00 |     0.00 |       7 |     70.3 |     111
Global FLOPs per SpMV: 9002

----------------------------------------
np=128, OMP_NUM_THREADS=1
----------------------------------------
[Rank 0] Matrix: 2000 x 2000, nnz=13966 | 1D cyclic rows over P=128
[Rank 126] Local SpMV time: 0.000032 s
[Rank 127] Local SpMV time: 0.000024 s
[Rank 125] Local SpMV time: 0.000018 s
[Rank 120] Local SpMV time: 0.000020 s
[Rank 122] Local SpMV time: 0.000020 s
[Rank 116] Local SpMV time: 0.000036 s
[Rank 123] Local SpMV time: 0.000019 s
[Rank 32] Local SpMV time: 0.000023 s
[Rank 12] Local SpMV time: 0.000033 s
[Rank 54] Local SpMV time: 0.000021 s
[Rank 13] Local SpMV time: 0.000020 s
[Rank 40] Local SpMV time: 0.000021 s
[Rank 74] Local SpMV time: 0.000015 s
[Rank 83] Local SpMV time: 0.000019 s
[Rank 16] Local SpMV time: 0.000023 s
[Rank 56] Local SpMV time: 0.000021 s
[Rank 98] Local SpMV time: 0.000021 s
[Rank 39] Local SpMV time: 0.000018 s
[Rank 18] Local SpMV time: 0.000021 s
[Rank 58] Local SpMV time: 0.000020 s
[Rank 121] Local SpMV time: 0.000017 s
[Rank 47] Local SpMV time: 0.000020 s
[Rank 61] Local SpMV time: 0.000017 s
[Rank 22] Local SpMV time: 0.000019 s
[Rank 21] Local SpMV time: 0.000019 s
[Rank 67] Local SpMV time: 0.000015 s
[Rank 104] Local SpMV time: 0.000040 s
[Rank 33] Local SpMV time: 0.000018 s
[Rank 36] Local SpMV time: 0.000022 s
[Rank 30] Local SpMV time: 0.000015 s
[Rank 77] Local SpMV time: 0.000017 s
[Rank 27] Local SpMV time: 0.000015 s
[Rank 28] Local SpMV time: 0.000023 s
[Rank 75] Local SpMV time: 0.000017 s
[Rank 50] Local SpMV time: 0.000021 s
[Rank 85] Local SpMV time: 0.000019 s
[Rank 57] Local SpMV time: 0.000014 s
[Rank 46] Local SpMV time: 0.000015 s
[Rank 5] Local SpMV time: 0.000021 s
[Rank 78] Local SpMV time: 0.000021 s
[Rank 97] Local SpMV time: 0.000015 s
[Rank 38] Local SpMV time: 0.000020 s
[Rank 115] Local SpMV time: 0.000014 s
[Rank 14] Local SpMV time: 0.000019 s
[Rank 101] Local SpMV time: 0.000018 s
[Rank 72] Local SpMV time: 0.000014 s
[Rank 41] Local SpMV time: 0.000019 s
[Rank 35] Local SpMV time: 0.000017 s
[Rank 44] Local SpMV time: 0.000021 s
[Rank 15] Local SpMV time: 0.000017 s
[Rank 102] Local SpMV time: 0.000039 s
[Rank 55] Local SpMV time: 0.000017 s
[Rank 42] Local SpMV time: 0.000022 s
[Rank 117] Local SpMV time: 0.000016 s
[Rank 48] Local SpMV time: 0.000031 s
[Rank 43] Local SpMV time: 0.000019 s
[Rank 66] Local SpMV time: 0.000022 s
[Rank 8] Local SpMV time: 0.000015 s
[Rank 69] Local SpMV time: 0.000016 s
[Rank 60] Local SpMV time: 0.000021 s
[Rank 73] Local SpMV time: 0.000015 s
[Rank 68] Local SpMV time: 0.000021 s
[Rank 23] Local SpMV time: 0.000018 s
[Rank 20] Local SpMV time: 0.000014 s
[Rank 65] Local SpMV time: 0.000018 s
[Rank 95] Local SpMV time: 0.000017 s
[Rank 90] Local SpMV time: 0.000031 s
[Rank 9] Local SpMV time: 0.000015 s
[Rank 4] Local SpMV time: 0.000021 s
[Rank 11] Local SpMV time: 0.000020 s
[Rank 2] Local SpMV time: 0.000014 s
[Rank 112] Local SpMV time: 0.000036 s
[Rank 31] Local SpMV time: 0.000014 s
[Rank 34] Local SpMV time: 0.000021 s
[Rank 49] Local SpMV time: 0.000017 s
[Rank 89] Local SpMV time: 0.000017 s
[Rank 96] Local SpMV time: 0.000020 s
[Rank 99] Local SpMV time: 0.000017 s
[Rank 26] Local SpMV time: 0.000015 s
[Rank 93] Local SpMV time: 0.000018 s
[Rank 124] Local SpMV time: 0.000019 s
[Rank 19] Local SpMV time: 0.000018 s
[Rank 82] Local SpMV time: 0.000020 s
[Rank 81] Local SpMV time: 0.000018 s
[Rank 64] Local SpMV time: 0.000019 s
[Rank 7] Local SpMV time: 0.000020 s
[Rank 62] Local SpMV time: 0.000037 s
[Rank 63] Local SpMV time: 0.000015 s
[Rank 92] Local SpMV time: 0.000019 s
[Rank 91] Local SpMV time: 0.000018 s
[Rank 70] Local SpMV time: 0.000014 s
[Rank 87] Local SpMV time: 0.000016 s
[Rank 100] Local SpMV time: 0.000020 s
[Rank 25] Local SpMV time: 0.000018 s
[Rank 86] Local SpMV time: 0.000019 s
[Rank 79] Local SpMV time: 0.000017 s
[Rank 52] Local SpMV time: 0.000021 s
[Rank 109] Local SpMV time: 0.000014 s
[Rank 3] Local SpMV time: 0.000016 s
[Rank 108] Local SpMV time: 0.000019 s
[Rank 111] Local SpMV time: 0.000017 s
[Rank 84] Local SpMV time: 0.000018 s
[Rank 29] Local SpMV time: 0.000020 s
[Rank 37] Local SpMV time: 0.000017 s
[Rank 94] Local SpMV time: 0.000021 s
[Rank 71] Local SpMV time: 0.000017 s
[Rank 80] Local SpMV time: 0.000021 s
[Rank 1] Local SpMV time: 0.000015 s
[Rank 59] Local SpMV time: 0.000019 s
[Rank 76] Local SpMV time: 0.000020 s
[Rank 53] Local SpMV time: 0.000019 s
[Rank 6] Local SpMV time: 0.000020 s
[Rank 103] Local SpMV time: 0.000016 s
[Rank 51] Local SpMV time: 0.000014 s
[Rank 10] Local SpMV time: 0.000017 s
[Rank 119] Local SpMV time: 0.000016 s
[Rank 17] Local SpMV time: 0.000015 s
[Rank 107] Local SpMV time: 0.000014 s
[Rank 88] Local SpMV time: 0.000022 s
[Rank 45] Local SpMV time: 0.000015 s
[Rank 24] Local SpMV time: 0.000016 s
[Rank 114] Local SpMV time: 0.000021 s
[Rank 110] Local SpMV time: 0.000016 s
[Rank 105] Local SpMV time: 0.000018 s
[Rank 118] Local SpMV time: 0.000019 s
[Rank 113] Local SpMV time: 0.000017 s
[Rank 0] Local SpMV time: 0.000014 s
[Rank 106] Local SpMV time: 0.000021 s

-----------------------------------------------------------------------------------------------
  P |  Time(s) | Comp% | Comm% |  GFLOP/s | Speedup |  Eff% | Mem(MiB) | NNZ min | NNZ avg | NNZ max
-----------------------------------------------------------------------------------------------
128 |   4.8390 |   0.0 | 118.0 |     0.000 |    0.00 |   0.00 |     0.00 |       0 |     34.4 |      72
Global FLOPs per SpMV: 8800

