Strong scaling results for Journals.mtx
Date: Fri Jan  9 18:07:46 CET 2026
----------------------------------------

[Rank 0] Matrix: 124 x 124, nnz=6096 | 1D cyclic rows over P=1
[Rank 0] Local SpMV time: 0.001609 s

-----------------------------------------------------------------------------------------------
  P |  Time(s) | Comp% | Comm% |  GFLOP/s | Speedup |  Eff% | Mem(MiB) | NNZ min | NNZ avg | NNZ max
-----------------------------------------------------------------------------------------------
  1 |   0.0017 |  96.1 |   3.2 |     0.014 |    N/A   |   N/A  |     0.32 |   12068 |  12068.0 |   12068
Global FLOPs per SpMV: 24136
BASELINE_T1=0.0017

----------------------------------------
np=2, OMP_NUM_THREADS=64
----------------------------------------
[Rank 0] Matrix: 124 x 124, nnz=6096 | 1D cyclic rows over P=2
[Rank 0] Local SpMV time: 0.002113 s
[Rank 1] Local SpMV time: 0.003148 s

-----------------------------------------------------------------------------------------------
  P |  Time(s) | Comp% | Comm% |  GFLOP/s | Speedup |  Eff% | Mem(MiB) | NNZ min | NNZ avg | NNZ max
-----------------------------------------------------------------------------------------------
  2 |   0.0034 |  93.1 |  38.1 |     0.005 |    0.50 |  25.15 |     0.16 |    2958 |   4428.5 |    5899
Global FLOPs per SpMV: 17714

----------------------------------------
np=4, OMP_NUM_THREADS=32
----------------------------------------
[Rank 0] Matrix: 124 x 124, nnz=6096 | 1D cyclic rows over P=4
[Rank 0] Local SpMV time: 0.000822 s
[Rank 3] Local SpMV time: 0.001015 s
[Rank 1] Local SpMV time: 0.004018 s
[Rank 2] Local SpMV time: 0.014554 s

-----------------------------------------------------------------------------------------------
  P |  Time(s) | Comp% | Comm% |  GFLOP/s | Speedup |  Eff% | Mem(MiB) | NNZ min | NNZ avg | NNZ max
-----------------------------------------------------------------------------------------------
  4 |   0.0550 |  26.4 | 119.8 |     0.000 |    0.03 |   0.77 |     0.08 |     696 |   1842.2 |    2949
Global FLOPs per SpMV: 14738

----------------------------------------
np=8, OMP_NUM_THREADS=16
----------------------------------------
[Rank 0] Matrix: 124 x 124, nnz=6096 | 1D cyclic rows over P=8
[Rank 7] Local SpMV time: 0.001010 s
[Rank 3] Local SpMV time: 0.009795 s
[Rank 6] Local SpMV time: 0.010516 s
[Rank 0] Local SpMV time: 0.015638 s
[Rank 4] Local SpMV time: 0.003658 s
[Rank 2] Local SpMV time: 0.001720 s
[Rank 5] Local SpMV time: 0.032084 s
[Rank 1] Local SpMV time: 0.023260 s

-----------------------------------------------------------------------------------------------
  P |  Time(s) | Comp% | Comm% |  GFLOP/s | Speedup |  Eff% | Mem(MiB) | NNZ min | NNZ avg | NNZ max
-----------------------------------------------------------------------------------------------
  8 |   0.1320 |  24.3 | 126.7 |     0.000 |    0.01 |   0.16 |     0.04 |     167 |    826.9 |    1523
Global FLOPs per SpMV: 13230

----------------------------------------
np=16, OMP_NUM_THREADS=8
----------------------------------------
[Rank 0] Matrix: 124 x 124, nnz=6096 | 1D cyclic rows over P=16
[Rank 8] Local SpMV time: 0.000309 s
[Rank 5] Local SpMV time: 0.001006 s
[Rank 4] Local SpMV time: 0.000900 s
[Rank 15] Local SpMV time: 0.001498 s
[Rank 10] Local SpMV time: 0.001351 s
[Rank 13] Local SpMV time: 0.010073 s
[Rank 2] Local SpMV time: 0.001709 s
[Rank 12] Local SpMV time: 0.005797 s
[Rank 0] Local SpMV time: 0.002131 s
[Rank 14] Local SpMV time: 0.006282 s
[Rank 6] Local SpMV time: 0.010331 s
[Rank 7] Local SpMV time: 0.031999 s
[Rank 11] Local SpMV time: 0.031999 s
[Rank 1] Local SpMV time: 0.031998 s
[Rank 9] Local SpMV time: 0.032001 s
[Rank 3] Local SpMV time: 0.031998 s

-----------------------------------------------------------------------------------------------
  P |  Time(s) | Comp% | Comm% |  GFLOP/s | Speedup |  Eff% | Mem(MiB) | NNZ min | NNZ avg | NNZ max
-----------------------------------------------------------------------------------------------
 16 |   0.2610 |  12.3 | 129.8 |     0.000 |    0.01 |   0.04 |     0.02 |      25 |    399.2 |     746
Global FLOPs per SpMV: 12776

----------------------------------------
np=32, OMP_NUM_THREADS=4
----------------------------------------
[Rank 0] Matrix: 124 x 124, nnz=6096 | 1D cyclic rows over P=32
[Rank 30] Local SpMV time: 0.004068 s
[Rank 31] Local SpMV time: 0.000186 s
[Rank 14] Local SpMV time: 0.000213 s
[Rank 5] Local SpMV time: 0.000156 s
[Rank 0] Local SpMV time: 0.004176 s
[Rank 17] Local SpMV time: 0.000567 s
[Rank 8] Local SpMV time: 0.000289 s
[Rank 12] Local SpMV time: 0.000199 s
[Rank 25] Local SpMV time: 0.000140 s
[Rank 26] Local SpMV time: 0.004036 s
[Rank 13] Local SpMV time: 0.000484 s
[Rank 15] Local SpMV time: 0.004771 s
[Rank 16] Local SpMV time: 0.000170 s
[Rank 21] Local SpMV time: 0.005128 s
[Rank 22] Local SpMV time: 0.000193 s
[Rank 3] Local SpMV time: 0.001487 s
[Rank 6] Local SpMV time: 0.004063 s
[Rank 11] Local SpMV time: 0.033856 s
[Rank 28] Local SpMV time: 0.000086 s
[Rank 4] Local SpMV time: 0.000094 s
[Rank 7] Local SpMV time: 0.007923 s
[Rank 2] Local SpMV time: 0.000192 s
[Rank 20] Local SpMV time: 0.000104 s
[Rank 24] Local SpMV time: 0.000085 s
[Rank 18] Local SpMV time: 0.007870 s
[Rank 10] Local SpMV time: 0.011731 s
[Rank 29] Local SpMV time: 0.060989 s
[Rank 19] Local SpMV time: 0.064994 s
[Rank 1] Local SpMV time: 0.068920 s
[Rank 9] Local SpMV time: 0.064993 s
[Rank 23] Local SpMV time: 0.064993 s
[Rank 27] Local SpMV time: 0.064995 s

-----------------------------------------------------------------------------------------------
  P |  Time(s) | Comp% | Comm% |  GFLOP/s | Speedup |  Eff% | Mem(MiB) | NNZ min | NNZ avg | NNZ max
-----------------------------------------------------------------------------------------------
 32 |   0.6320 |  10.9 | 134.2 |     0.000 |    0.00 |   0.01 |     0.01 |       0 |    181.8 |     372
Global FLOPs per SpMV: 11638

----------------------------------------
np=64, OMP_NUM_THREADS=2
----------------------------------------
[Rank 0] Matrix: 124 x 124, nnz=6096 | 1D cyclic rows over P=64
[Rank 60] Local SpMV time: 0.007972 s
[Rank 62] Local SpMV time: 0.003983 s
[Rank 61] Local SpMV time: 0.007933 s
[Rank 63] Local SpMV time: 0.007957 s
[Rank 24] Local SpMV time: 0.000139 s
[Rank 36] Local SpMV time: 0.000144 s
[Rank 7] Local SpMV time: 0.000067 s
[Rank 14] Local SpMV time: 0.000141 s
[Rank 59] Local SpMV time: 0.000325 s
[Rank 19] Local SpMV time: 0.004754 s
[Rank 32] Local SpMV time: 0.000120 s
[Rank 18] Local SpMV time: 0.004047 s
[Rank 17] Local SpMV time: 0.003995 s
[Rank 15] Local SpMV time: 0.004054 s
[Rank 38] Local SpMV time: 0.000249 s
[Rank 21] Local SpMV time: 0.000328 s
[Rank 8] Local SpMV time: 0.004026 s
[Rank 9] Local SpMV time: 0.004577 s
[Rank 12] Local SpMV time: 0.007752 s
[Rank 25] Local SpMV time: 0.004938 s
[Rank 39] Local SpMV time: 0.001208 s
[Rank 16] Local SpMV time: 0.000189 s
[Rank 30] Local SpMV time: 0.003929 s
[Rank 33] Local SpMV time: 0.003999 s
[Rank 52] Local SpMV time: 0.007868 s
[Rank 51] Local SpMV time: 0.000270 s
[Rank 20] Local SpMV time: 0.000125 s
[Rank 3] Local SpMV time: 0.000588 s
[Rank 46] Local SpMV time: 0.003931 s
[Rank 13] Local SpMV time: 0.000862 s
[Rank 26] Local SpMV time: 0.000114 s
[Rank 29] Local SpMV time: 0.005083 s
[Rank 10] Local SpMV time: 0.003952 s
[Rank 55] Local SpMV time: 0.005401 s
[Rank 50] Local SpMV time: 0.000057 s
[Rank 23] Local SpMV time: 0.005675 s
[Rank 58] Local SpMV time: 0.000107 s
[Rank 37] Local SpMV time: 0.001942 s
[Rank 28] Local SpMV time: 0.003943 s
[Rank 43] Local SpMV time: 0.002276 s
[Rank 6] Local SpMV time: 0.000125 s
[Rank 35] Local SpMV time: 0.006496 s
[Rank 54] Local SpMV time: 0.003936 s
[Rank 11] Local SpMV time: 0.010771 s
[Rank 22] Local SpMV time: 0.000059 s
[Rank 57] Local SpMV time: 0.007135 s
[Rank 45] Local SpMV time: 0.003397 s
[Rank 34] Local SpMV time: 0.004002 s
[Rank 56] Local SpMV time: 0.007938 s
[Rank 31] Local SpMV time: 0.000049 s
[Rank 48] Local SpMV time: 0.000057 s
[Rank 27] Local SpMV time: 0.000308 s
[Rank 5] Local SpMV time: 0.000576 s
[Rank 40] Local SpMV time: 0.000052 s
[Rank 47] Local SpMV time: 0.000839 s
[Rank 4] Local SpMV time: 0.000053 s
[Rank 2] Local SpMV time: 0.000058 s
[Rank 41] Local SpMV time: 0.000159 s
[Rank 0] Local SpMV time: 0.000112 s
[Rank 1] Local SpMV time: 0.004378 s
[Rank 53] Local SpMV time: 0.008595 s
[Rank 49] Local SpMV time: 0.000047 s
[Rank 44] Local SpMV time: 0.000103 s
[Rank 42] Local SpMV time: 0.000059 s

-----------------------------------------------------------------------------------------------
  P |  Time(s) | Comp% | Comm% |  GFLOP/s | Speedup |  Eff% | Mem(MiB) | NNZ min | NNZ avg | NNZ max
-----------------------------------------------------------------------------------------------
 64 |   1.6201 |   0.7 | 127.7 |     0.000 |    0.00 |   0.00 |     0.01 |       0 |     96.4 |     240
Global FLOPs per SpMV: 12338

----------------------------------------
np=128, OMP_NUM_THREADS=1
----------------------------------------
[Rank 0] Matrix: 124 x 124, nnz=6096 | 1D cyclic rows over P=128
[Rank 127] Local SpMV time: 0.000018 s
[Rank 126] Local SpMV time: 0.000029 s
[Rank 125] Local SpMV time: 0.000022 s
[Rank 124] Local SpMV time: 0.000021 s
[Rank 121] Local SpMV time: 0.000024 s
[Rank 119] Local SpMV time: 0.000015 s
[Rank 116] Local SpMV time: 0.000032 s
[Rank 115] Local SpMV time: 0.000021 s
[Rank 122] Local SpMV time: 0.000022 s
[Rank 118] Local SpMV time: 0.000023 s
[Rank 117] Local SpMV time: 0.000033 s
[Rank 123] Local SpMV time: 0.000015 s
[Rank 114] Local SpMV time: 0.000041 s
[Rank 64] Local SpMV time: 0.000029 s
[Rank 120] Local SpMV time: 0.000021 s
[Rank 111] Local SpMV time: 0.000018 s
[Rank 106] Local SpMV time: 0.000022 s
[Rank 112] Local SpMV time: 0.000024 s
[Rank 48] Local SpMV time: 0.000021 s
[Rank 70] Local SpMV time: 0.000026 s
[Rank 81] Local SpMV time: 0.000021 s
[Rank 43] Local SpMV time: 0.000021 s
[Rank 58] Local SpMV time: 0.000018 s
[Rank 51] Local SpMV time: 0.000019 s
[Rank 49] Local SpMV time: 0.000017 s
[Rank 68] Local SpMV time: 0.000024 s
[Rank 63] Local SpMV time: 0.000016 s
[Rank 109] Local SpMV time: 0.000014 s
[Rank 69] Local SpMV time: 0.000015 s
[Rank 46] Local SpMV time: 0.000026 s
[Rank 47] Local SpMV time: 0.000023 s
[Rank 56] Local SpMV time: 0.000019 s
[Rank 93] Local SpMV time: 0.000018 s
[Rank 107] Local SpMV time: 0.000021 s
[Rank 0] Local SpMV time: 0.000033 s
[Rank 74] Local SpMV time: 0.000040 s
[Rank 97] Local SpMV time: 0.000016 s
[Rank 80] Local SpMV time: 0.000024 s
[Rank 89] Local SpMV time: 0.000017 s
[Rank 113] Local SpMV time: 0.000019 s
[Rank 103] Local SpMV time: 0.000014 s
[Rank 100] Local SpMV time: 0.000023 s
[Rank 50] Local SpMV time: 0.000023 s
[Rank 101] Local SpMV time: 0.000019 s
[Rank 104] Local SpMV time: 0.000021 s
[Rank 72] Local SpMV time: 0.000024 s
[Rank 95] Local SpMV time: 0.000020 s
[Rank 94] Local SpMV time: 0.000020 s
[Rank 99] Local SpMV time: 0.000019 s
[Rank 52] Local SpMV time: 0.000015 s
[Rank 71] Local SpMV time: 0.000021 s
[Rank 110] Local SpMV time: 0.000015 s
[Rank 45] Local SpMV time: 0.000020 s
[Rank 57] Local SpMV time: 0.000017 s
[Rank 32] Local SpMV time: 0.000027 s
[Rank 67] Local SpMV time: 0.000019 s
[Rank 1] Local SpMV time: 0.000028 s
[Rank 44] Local SpMV time: 0.000024 s
[Rank 54] Local SpMV time: 0.000022 s
[Rank 55] Local SpMV time: 0.000020 s
[Rank 105] Local SpMV time: 0.000018 s
[Rank 76] Local SpMV time: 0.000023 s
[Rank 73] Local SpMV time: 0.000018 s
[Rank 62] Local SpMV time: 0.000023 s
[Rank 61] Local SpMV time: 0.000021 s
[Rank 34] Local SpMV time: 0.000028 s
[Rank 25] Local SpMV time: 0.000023 s
[Rank 30] Local SpMV time: 0.000019 s
[Rank 60] Local SpMV time: 0.000023 s
[Rank 77] Local SpMV time: 0.000020 s
[Rank 86] Local SpMV time: 0.000023 s
[Rank 91] Local SpMV time: 0.000019 s
[Rank 108] Local SpMV time: 0.000022 s
[Rank 59] Local SpMV time: 0.000020 s
[Rank 66] Local SpMV time: 0.000021 s
[Rank 5] Local SpMV time: 0.000027 s
[Rank 14] Local SpMV time: 0.000044 s
[Rank 65] Local SpMV time: 0.000022 s
[Rank 96] Local SpMV time: 0.000015 s
[Rank 79] Local SpMV time: 0.000020 s
[Rank 4] Local SpMV time: 0.000021 s
[Rank 53] Local SpMV time: 0.000019 s
[Rank 90] Local SpMV time: 0.000021 s
[Rank 9] Local SpMV time: 0.000026 s
[Rank 42] Local SpMV time: 0.000022 s
[Rank 39] Local SpMV time: 0.000021 s
[Rank 17] Local SpMV time: 0.000023 s
[Rank 37] Local SpMV time: 0.000024 s
[Rank 82] Local SpMV time: 0.000025 s
[Rank 83] Local SpMV time: 0.000016 s
[Rank 88] Local SpMV time: 0.000022 s
[Rank 85] Local SpMV time: 0.000020 s
[Rank 6] Local SpMV time: 0.000017 s
[Rank 3] Local SpMV time: 0.000027 s
[Rank 26] Local SpMV time: 0.000026 s
[Rank 18] Local SpMV time: 0.000016 s
[Rank 20] Local SpMV time: 0.000028 s
[Rank 2] Local SpMV time: 0.000022 s
[Rank 78] Local SpMV time: 0.000022 s
[Rank 24] Local SpMV time: 0.000026 s
[Rank 75] Local SpMV time: 0.000023 s
[Rank 15] Local SpMV time: 0.000024 s
[Rank 84] Local SpMV time: 0.000022 s
[Rank 92] Local SpMV time: 0.000021 s
[Rank 35] Local SpMV time: 0.000023 s
[Rank 98] Local SpMV time: 0.000022 s
[Rank 102] Local SpMV time: 0.000021 s
[Rank 7] Local SpMV time: 0.000024 s
[Rank 87] Local SpMV time: 0.000016 s
[Rank 31] Local SpMV time: 0.000021 s
[Rank 40] Local SpMV time: 0.000026 s
[Rank 36] Local SpMV time: 0.000025 s
[Rank 13] Local SpMV time: 0.000022 s
[Rank 33] Local SpMV time: 0.000023 s
[Rank 28] Local SpMV time: 0.000026 s
[Rank 29] Local SpMV time: 0.000023 s
[Rank 19] Local SpMV time: 0.000024 s
[Rank 10] Local SpMV time: 0.000029 s
[Rank 38] Local SpMV time: 0.000019 s
[Rank 41] Local SpMV time: 0.000024 s
[Rank 12] Local SpMV time: 0.000024 s
[Rank 22] Local SpMV time: 0.000025 s
[Rank 27] Local SpMV time: 0.000022 s
[Rank 8] Local SpMV time: 0.000028 s
[Rank 23] Local SpMV time: 0.000024 s
[Rank 21] Local SpMV time: 0.000023 s
[Rank 16] Local SpMV time: 0.000027 s
[Rank 11] Local SpMV time: 0.000025 s

-----------------------------------------------------------------------------------------------
  P |  Time(s) | Comp% | Comm% |  GFLOP/s | Speedup |  Eff% | Mem(MiB) | NNZ min | NNZ avg | NNZ max
-----------------------------------------------------------------------------------------------
128 |   5.1551 |   0.0 | 116.1 |     0.000 |    0.00 |   0.00 |     0.00 |       0 |     63.5 |     124
Global FLOPs per SpMV: 16246

