Strong scaling results for nemeth19.mtx
Date: Fri Jan  9 18:11:32 CET 2026
----------------------------------------

[Rank 0] Matrix: 9506 x 9506, nnz=413904 | 1D cyclic rows over P=1
[Rank 0] Local SpMV time: 0.002944 s

-----------------------------------------------------------------------------------------------
  P |  Time(s) | Comp% | Comm% |  GFLOP/s | Speedup |  Eff% | Mem(MiB) | NNZ min | NNZ avg | NNZ max
-----------------------------------------------------------------------------------------------
  1 |   0.0030 |  96.6 |   2.6 |     0.537 |    N/A   |   N/A  |    22.03 |  818302 | 818302.0 |  818302
Global FLOPs per SpMV: 1636604
BASELINE_T1=0.0030

----------------------------------------
np=2, OMP_NUM_THREADS=64
----------------------------------------
[Rank 0] Matrix: 9506 x 9506, nnz=413904 | 1D cyclic rows over P=2
[Rank 0] Local SpMV time: 0.001941 s
[Rank 1] Local SpMV time: 0.002549 s

-----------------------------------------------------------------------------------------------
  P |  Time(s) | Comp% | Comm% |  GFLOP/s | Speedup |  Eff% | Mem(MiB) | NNZ min | NNZ avg | NNZ max
-----------------------------------------------------------------------------------------------
  2 |   0.0030 |  85.2 |  48.4 |     0.275 |    1.00 |  50.16 |     5.68 |  202860 | 205534.5 |  208209
Global FLOPs per SpMV: 822138

----------------------------------------
np=4, OMP_NUM_THREADS=32
----------------------------------------
[Rank 0] Matrix: 9506 x 9506, nnz=413904 | 1D cyclic rows over P=4
[Rank 2] Local SpMV time: 0.001658 s
[Rank 1] Local SpMV time: 0.001502 s
[Rank 3] Local SpMV time: 0.010717 s
[Rank 0] Local SpMV time: 0.001577 s

-----------------------------------------------------------------------------------------------
  P |  Time(s) | Comp% | Comm% |  GFLOP/s | Speedup |  Eff% | Mem(MiB) | NNZ min | NNZ avg | NNZ max
-----------------------------------------------------------------------------------------------
  4 |   0.0536 |  20.0 |  97.1 |     0.008 |    0.06 |   1.40 |     1.49 |   50689 |  51907.2 |   53332
Global FLOPs per SpMV: 415258

----------------------------------------
np=8, OMP_NUM_THREADS=16
----------------------------------------
[Rank 0] Matrix: 9506 x 9506, nnz=413904 | 1D cyclic rows over P=8
[Rank 3] Local SpMV time: 0.001615 s
[Rank 4] Local SpMV time: 0.006046 s
[Rank 5] Local SpMV time: 0.003409 s
[Rank 0] Local SpMV time: 0.013255 s
[Rank 2] Local SpMV time: 0.000969 s
[Rank 7] Local SpMV time: 0.009849 s
[Rank 6] Local SpMV time: 0.000939 s
[Rank 1] Local SpMV time: 0.030950 s

-----------------------------------------------------------------------------------------------
  P |  Time(s) | Comp% | Comm% |  GFLOP/s | Speedup |  Eff% | Mem(MiB) | NNZ min | NNZ avg | NNZ max
-----------------------------------------------------------------------------------------------
  8 |   0.1367 |  22.6 |  97.6 |     0.002 |    0.02 |   0.27 |     0.41 |   12681 |  13246.5 |   14002
Global FLOPs per SpMV: 211944

----------------------------------------
np=16, OMP_NUM_THREADS=8
----------------------------------------
[Rank 0] Matrix: 9506 x 9506, nnz=413904 | 1D cyclic rows over P=16
[Rank 6] Local SpMV time: 0.000575 s
[Rank 1] Local SpMV time: 0.001426 s
[Rank 4] Local SpMV time: 0.001369 s
[Rank 15] Local SpMV time: 0.005951 s
[Rank 8] Local SpMV time: 0.005911 s
[Rank 11] Local SpMV time: 0.011885 s
[Rank 14] Local SpMV time: 0.010535 s
[Rank 0] Local SpMV time: 0.003403 s
[Rank 2] Local SpMV time: 0.003729 s
[Rank 12] Local SpMV time: 0.004504 s
[Rank 13] Local SpMV time: 0.037947 s
[Rank 5] Local SpMV time: 0.026000 s
[Rank 9] Local SpMV time: 0.033999 s
[Rank 7] Local SpMV time: 0.031995 s
[Rank 10] Local SpMV time: 0.031994 s
[Rank 3] Local SpMV time: 0.059738 s

-----------------------------------------------------------------------------------------------
  P |  Time(s) | Comp% | Comm% |  GFLOP/s | Speedup |  Eff% | Mem(MiB) | NNZ min | NNZ avg | NNZ max
-----------------------------------------------------------------------------------------------
 16 |   0.2287 |  26.1 | 138.8 |     0.000 |    0.01 |   0.08 |     0.12 |    3188 |   3443.1 |    3753
Global FLOPs per SpMV: 110178

----------------------------------------
np=32, OMP_NUM_THREADS=4
----------------------------------------
[Rank 0] Matrix: 9506 x 9506, nnz=413904 | 1D cyclic rows over P=32
[Rank 21] Local SpMV time: 0.000329 s
[Rank 0] Local SpMV time: 0.000228 s
[Rank 2] Local SpMV time: 0.001029 s
[Rank 13] Local SpMV time: 0.004659 s
[Rank 10] Local SpMV time: 0.001289 s
[Rank 17] Local SpMV time: 0.001144 s
[Rank 28] Local SpMV time: 0.005209 s
[Rank 27] Local SpMV time: 0.001481 s
[Rank 18] Local SpMV time: 0.009175 s
[Rank 31] Local SpMV time: 0.001810 s
[Rank 4] Local SpMV time: 0.020706 s
[Rank 19] Local SpMV time: 0.006106 s
[Rank 20] Local SpMV time: 0.002643 s
[Rank 9] Local SpMV time: 0.002486 s
[Rank 8] Local SpMV time: 0.002602 s
[Rank 29] Local SpMV time: 0.002825 s
[Rank 22] Local SpMV time: 0.002628 s
[Rank 5] Local SpMV time: 0.007126 s
[Rank 14] Local SpMV time: 0.002614 s
[Rank 15] Local SpMV time: 0.003533 s
[Rank 30] Local SpMV time: 0.002747 s
[Rank 12] Local SpMV time: 0.006632 s
[Rank 26] Local SpMV time: 0.004158 s
[Rank 6] Local SpMV time: 0.000155 s
[Rank 24] Local SpMV time: 0.000161 s
[Rank 16] Local SpMV time: 0.000143 s
[Rank 25] Local SpMV time: 0.063957 s
[Rank 3] Local SpMV time: 0.068069 s
[Rank 11] Local SpMV time: 0.064000 s
[Rank 7] Local SpMV time: 0.064058 s
[Rank 1] Local SpMV time: 0.064079 s
[Rank 23] Local SpMV time: 0.064002 s

-----------------------------------------------------------------------------------------------
  P |  Time(s) | Comp% | Comm% |  GFLOP/s | Speedup |  Eff% | Mem(MiB) | NNZ min | NNZ avg | NNZ max
-----------------------------------------------------------------------------------------------
 32 |   0.6401 |  10.6 | 139.7 |     0.000 |    0.00 |   0.01 |     0.04 |     776 |    927.3 |    1038
Global FLOPs per SpMV: 59350

----------------------------------------
np=64, OMP_NUM_THREADS=2
----------------------------------------
[Rank 0] Matrix: 9506 x 9506, nnz=413904 | 1D cyclic rows over P=64
[Rank 1] Local SpMV time: 0.000127 s
[Rank 38] Local SpMV time: 0.000176 s
[Rank 55] Local SpMV time: 0.000421 s
[Rank 46] Local SpMV time: 0.004283 s
[Rank 25] Local SpMV time: 0.000710 s
[Rank 10] Local SpMV time: 0.008241 s
[Rank 21] Local SpMV time: 0.004936 s
[Rank 44] Local SpMV time: 0.005212 s
[Rank 7] Local SpMV time: 0.001291 s
[Rank 24] Local SpMV time: 0.009203 s
[Rank 23] Local SpMV time: 0.001570 s
[Rank 2] Local SpMV time: 0.013401 s
[Rank 8] Local SpMV time: 0.017083 s
[Rank 3] Local SpMV time: 0.001865 s
[Rank 16] Local SpMV time: 0.001244 s
[Rank 33] Local SpMV time: 0.002086 s
[Rank 32] Local SpMV time: 0.005085 s
[Rank 35] Local SpMV time: 0.006443 s
[Rank 6] Local SpMV time: 0.001085 s
[Rank 45] Local SpMV time: 0.010601 s
[Rank 14] Local SpMV time: 0.001043 s
[Rank 5] Local SpMV time: 0.007021 s
[Rank 36] Local SpMV time: 0.004860 s
[Rank 27] Local SpMV time: 0.011250 s
[Rank 34] Local SpMV time: 0.008659 s
[Rank 61] Local SpMV time: 0.003603 s
[Rank 30] Local SpMV time: 0.004673 s
[Rank 9] Local SpMV time: 0.003888 s
[Rank 42] Local SpMV time: 0.000527 s
[Rank 50] Local SpMV time: 0.004292 s
[Rank 48] Local SpMV time: 0.008039 s
[Rank 56] Local SpMV time: 0.000136 s
[Rank 40] Local SpMV time: 0.003946 s
[Rank 18] Local SpMV time: 0.000069 s
[Rank 20] Local SpMV time: 0.000066 s
[Rank 0] Local SpMV time: 0.000078 s
[Rank 22] Local SpMV time: 0.000076 s
[Rank 51] Local SpMV time: 0.095547 s
[Rank 58] Local SpMV time: 0.000141 s
[Rank 62] Local SpMV time: 0.003945 s
[Rank 4] Local SpMV time: 0.000076 s
[Rank 60] Local SpMV time: 0.000078 s
[Rank 26] Local SpMV time: 0.000139 s
[Rank 54] Local SpMV time: 0.003951 s
[Rank 12] Local SpMV time: 0.000072 s
[Rank 52] Local SpMV time: 0.000114 s
[Rank 28] Local SpMV time: 0.003974 s
[Rank 15] Local SpMV time: 0.128994 s
[Rank 57] Local SpMV time: 0.128986 s
[Rank 17] Local SpMV time: 0.129003 s
[Rank 41] Local SpMV time: 0.128983 s
[Rank 39] Local SpMV time: 0.128988 s
[Rank 49] Local SpMV time: 0.132932 s
[Rank 19] Local SpMV time: 0.128999 s
[Rank 43] Local SpMV time: 0.128987 s
[Rank 11] Local SpMV time: 0.132949 s
[Rank 37] Local SpMV time: 0.120990 s
[Rank 63] Local SpMV time: 0.132987 s
[Rank 29] Local SpMV time: 0.136952 s
[Rank 53] Local SpMV time: 0.132876 s
[Rank 59] Local SpMV time: 0.136932 s
[Rank 13] Local SpMV time: 0.140848 s
[Rank 31] Local SpMV time: 0.129008 s
[Rank 47] Local SpMV time: 0.132935 s

-----------------------------------------------------------------------------------------------
  P |  Time(s) | Comp% | Comm% |  GFLOP/s | Speedup |  Eff% | Mem(MiB) | NNZ min | NNZ avg | NNZ max
-----------------------------------------------------------------------------------------------
 64 |   1.4320 |   9.8 | 137.8 |     0.000 |    0.00 |   0.00 |     0.01 |     212 |    264.7 |     324
Global FLOPs per SpMV: 33880

----------------------------------------
np=128, OMP_NUM_THREADS=1
----------------------------------------
[Rank 0] Matrix: 9506 x 9506, nnz=413904 | 1D cyclic rows over P=128
[Rank 80] Local SpMV time: 0.000040 s
[Rank 47] Local SpMV time: 0.000032 s
[Rank 85] Local SpMV time: 0.000025 s
[Rank 62] Local SpMV time: 0.000028 s
[Rank 75] Local SpMV time: 0.000024 s
[Rank 52] Local SpMV time: 0.000030 s
[Rank 76] Local SpMV time: 0.000025 s
[Rank 57] Local SpMV time: 0.000024 s
[Rank 98] Local SpMV time: 0.000029 s
[Rank 56] Local SpMV time: 0.000025 s
[Rank 69] Local SpMV time: 0.000025 s
[Rank 32] Local SpMV time: 0.000020 s
[Rank 101] Local SpMV time: 0.000022 s
[Rank 88] Local SpMV time: 0.000026 s
[Rank 19] Local SpMV time: 0.000022 s
[Rank 46] Local SpMV time: 0.000027 s
[Rank 45] Local SpMV time: 0.000022 s
[Rank 38] Local SpMV time: 0.000026 s
[Rank 71] Local SpMV time: 0.000024 s
[Rank 116] Local SpMV time: 0.000046 s
[Rank 27] Local SpMV time: 0.000020 s
[Rank 66] Local SpMV time: 0.000024 s
[Rank 39] Local SpMV time: 0.000023 s
[Rank 8] Local SpMV time: 0.000026 s
[Rank 21] Local SpMV time: 0.000021 s
[Rank 58] Local SpMV time: 0.000028 s
[Rank 35] Local SpMV time: 0.000019 s
[Rank 64] Local SpMV time: 0.000019 s
[Rank 125] Local SpMV time: 0.000023 s
[Rank 110] Local SpMV time: 0.000026 s
[Rank 99] Local SpMV time: 0.000021 s
[Rank 112] Local SpMV time: 0.000028 s
[Rank 95] Local SpMV time: 0.000024 s
[Rank 40] Local SpMV time: 0.000025 s
[Rank 23] Local SpMV time: 0.000020 s
[Rank 14] Local SpMV time: 0.000027 s
[Rank 61] Local SpMV time: 0.000017 s
[Rank 16] Local SpMV time: 0.000025 s
[Rank 81] Local SpMV time: 0.000026 s
[Rank 108] Local SpMV time: 0.000025 s
[Rank 111] Local SpMV time: 0.000020 s
[Rank 126] Local SpMV time: 0.000026 s
[Rank 43] Local SpMV time: 0.000022 s
[Rank 20] Local SpMV time: 0.000023 s
[Rank 41] Local SpMV time: 0.000022 s
[Rank 122] Local SpMV time: 0.000025 s
[Rank 49] Local SpMV time: 0.000021 s
[Rank 74] Local SpMV time: 0.000024 s
[Rank 37] Local SpMV time: 0.000024 s
[Rank 94] Local SpMV time: 0.000022 s
[Rank 107] Local SpMV time: 0.000023 s
[Rank 10] Local SpMV time: 0.000019 s
[Rank 79] Local SpMV time: 0.000021 s
[Rank 84] Local SpMV time: 0.000025 s
[Rank 55] Local SpMV time: 0.000021 s
[Rank 120] Local SpMV time: 0.000019 s
[Rank 73] Local SpMV time: 0.000021 s
[Rank 50] Local SpMV time: 0.000024 s
[Rank 31] Local SpMV time: 0.000023 s
[Rank 48] Local SpMV time: 0.000023 s
[Rank 77] Local SpMV time: 0.000020 s
[Rank 82] Local SpMV time: 0.000024 s
[Rank 25] Local SpMV time: 0.000021 s
[Rank 68] Local SpMV time: 0.000024 s
[Rank 89] Local SpMV time: 0.000021 s
[Rank 92] Local SpMV time: 0.000026 s
[Rank 91] Local SpMV time: 0.000020 s
[Rank 78] Local SpMV time: 0.000024 s
[Rank 9] Local SpMV time: 0.000020 s
[Rank 28] Local SpMV time: 0.000024 s
[Rank 63] Local SpMV time: 0.000021 s
[Rank 24] Local SpMV time: 0.000026 s
[Rank 65] Local SpMV time: 0.000021 s
[Rank 96] Local SpMV time: 0.000024 s
[Rank 83] Local SpMV time: 0.000023 s
[Rank 60] Local SpMV time: 0.000022 s
[Rank 7] Local SpMV time: 0.000021 s
[Rank 72] Local SpMV time: 0.000023 s
[Rank 53] Local SpMV time: 0.000021 s
[Rank 70] Local SpMV time: 0.000025 s
[Rank 51] Local SpMV time: 0.000022 s
[Rank 100] Local SpMV time: 0.000024 s
[Rank 59] Local SpMV time: 0.000022 s
[Rank 103] Local SpMV time: 0.000023 s
[Rank 22] Local SpMV time: 0.000019 s
[Rank 29] Local SpMV time: 0.000021 s
[Rank 34] Local SpMV time: 0.000020 s
[Rank 109] Local SpMV time: 0.000018 s
[Rank 106] Local SpMV time: 0.000021 s
[Rank 105] Local SpMV time: 0.000017 s
[Rank 42] Local SpMV time: 0.000024 s
[Rank 5] Local SpMV time: 0.000017 s
[Rank 104] Local SpMV time: 0.000025 s
[Rank 67] Local SpMV time: 0.000021 s
[Rank 26] Local SpMV time: 0.000019 s
[Rank 15] Local SpMV time: 0.000020 s
[Rank 115] Local SpMV time: 0.000019 s
[Rank 86] Local SpMV time: 0.000025 s
[Rank 87] Local SpMV time: 0.000021 s
[Rank 54] Local SpMV time: 0.000026 s
[Rank 119] Local SpMV time: 0.000021 s
[Rank 6] Local SpMV time: 0.000026 s
[Rank 44] Local SpMV time: 0.000024 s
[Rank 97] Local SpMV time: 0.000018 s
[Rank 36] Local SpMV time: 0.000025 s
[Rank 117] Local SpMV time: 0.000018 s
[Rank 18] Local SpMV time: 0.000017 s
[Rank 102] Local SpMV time: 0.000029 s
[Rank 11] Local SpMV time: 0.000022 s
[Rank 30] Local SpMV time: 0.000025 s
[Rank 17] Local SpMV time: 0.000016 s
[Rank 12] Local SpMV time: 0.000024 s
[Rank 93] Local SpMV time: 0.000023 s
[Rank 2] Local SpMV time: 0.000020 s
[Rank 33] Local SpMV time: 0.000021 s
[Rank 118] Local SpMV time: 0.000018 s
[Rank 127] Local SpMV time: 0.000020 s
[Rank 1] Local SpMV time: 0.000024 s
[Rank 13] Local SpMV time: 0.000022 s
[Rank 124] Local SpMV time: 0.000021 s
[Rank 123] Local SpMV time: 0.000023 s
[Rank 90] Local SpMV time: 0.000028 s
[Rank 113] Local SpMV time: 0.000022 s
[Rank 114] Local SpMV time: 0.000025 s
[Rank 121] Local SpMV time: 0.000021 s
[Rank 0] Local SpMV time: 0.000023 s
[Rank 3] Local SpMV time: 0.000020 s
[Rank 4] Local SpMV time: 0.000028 s

-----------------------------------------------------------------------------------------------
  P |  Time(s) | Comp% | Comm% |  GFLOP/s | Speedup |  Eff% | Mem(MiB) | NNZ min | NNZ avg | NNZ max
-----------------------------------------------------------------------------------------------
128 |   4.8781 |   0.0 | 125.4 |     0.000 |    0.00 |   0.00 |     0.01 |      34 |     83.4 |     143
Global FLOPs per SpMV: 21350

