Strong scaling results for nemeth05.mtx
Date: Fri Jan  9 18:09:26 CET 2026
----------------------------------------

[Rank 0] Matrix: 9506 x 9506, nnz=202157 | 1D cyclic rows over P=1
[Rank 0] Local SpMV time: 0.002270 s

-----------------------------------------------------------------------------------------------
  P |  Time(s) | Comp% | Comm% |  GFLOP/s | Speedup |  Eff% | Mem(MiB) | NNZ min | NNZ avg | NNZ max
-----------------------------------------------------------------------------------------------
  1 |   0.0024 |  95.1 |   3.1 |     0.331 |    N/A   |   N/A  |    10.72 |  394808 | 394808.0 |  394808
Global FLOPs per SpMV: 789616
BASELINE_T1=0.0024

----------------------------------------
np=2, OMP_NUM_THREADS=64
----------------------------------------
[Rank 0] Matrix: 9506 x 9506, nnz=202157 | 1D cyclic rows over P=2
[Rank 0] Local SpMV time: 0.001661 s
[Rank 1] Local SpMV time: 0.002243 s

-----------------------------------------------------------------------------------------------
  P |  Time(s) | Comp% | Comm% |  GFLOP/s | Speedup |  Eff% | Mem(MiB) | NNZ min | NNZ avg | NNZ max
-----------------------------------------------------------------------------------------------
  2 |   0.0028 |  80.5 |  55.2 |     0.143 |    0.86 |  43.10 |     2.83 |   97922 |  99776.0 |  101630
Global FLOPs per SpMV: 399104

----------------------------------------
np=4, OMP_NUM_THREADS=32
----------------------------------------
[Rank 0] Matrix: 9506 x 9506, nnz=202157 | 1D cyclic rows over P=4
[Rank 0] Local SpMV time: 0.000955 s
[Rank 3] Local SpMV time: 0.002412 s
[Rank 2] Local SpMV time: 0.001328 s
[Rank 1] Local SpMV time: 0.001217 s

-----------------------------------------------------------------------------------------------
  P |  Time(s) | Comp% | Comm% |  GFLOP/s | Speedup |  Eff% | Mem(MiB) | NNZ min | NNZ avg | NNZ max
-----------------------------------------------------------------------------------------------
  4 |   0.0553 |   4.4 | 117.7 |     0.004 |    0.04 |   1.09 |     0.77 |   24485 |  25446.8 |   26315
Global FLOPs per SpMV: 203574

----------------------------------------
np=8, OMP_NUM_THREADS=16
----------------------------------------
[Rank 0] Matrix: 9506 x 9506, nnz=202157 | 1D cyclic rows over P=8
[Rank 2] Local SpMV time: 0.000619 s
[Rank 5] Local SpMV time: 0.000924 s
[Rank 6] Local SpMV time: 0.000629 s
[Rank 1] Local SpMV time: 0.009942 s
[Rank 0] Local SpMV time: 0.000783 s
[Rank 4] Local SpMV time: 0.007294 s
[Rank 3] Local SpMV time: 0.016001 s
[Rank 7] Local SpMV time: 0.021925 s

-----------------------------------------------------------------------------------------------
  P |  Time(s) | Comp% | Comm% |  GFLOP/s | Speedup |  Eff% | Mem(MiB) | NNZ min | NNZ avg | NNZ max
-----------------------------------------------------------------------------------------------
  8 |   0.1258 |  17.4 | 143.2 |     0.001 |    0.02 |   0.24 |     0.22 |    6133 |   6612.6 |    7043
Global FLOPs per SpMV: 105802

----------------------------------------
np=16, OMP_NUM_THREADS=8
----------------------------------------
[Rank 0] Matrix: 9506 x 9506, nnz=202157 | 1D cyclic rows over P=16
[Rank 5] Local SpMV time: 0.000368 s
[Rank 4] Local SpMV time: 0.000403 s
[Rank 7] Local SpMV time: 0.001024 s
[Rank 1] Local SpMV time: 0.001559 s
[Rank 6] Local SpMV time: 0.001013 s
[Rank 15] Local SpMV time: 0.002169 s
[Rank 12] Local SpMV time: 0.005420 s
[Rank 11] Local SpMV time: 0.002722 s
[Rank 0] Local SpMV time: 0.002097 s
[Rank 13] Local SpMV time: 0.003389 s
[Rank 14] Local SpMV time: 0.002521 s
[Rank 8] Local SpMV time: 0.031814 s
[Rank 10] Local SpMV time: 0.031968 s
[Rank 2] Local SpMV time: 0.031998 s
[Rank 3] Local SpMV time: 0.030988 s
[Rank 9] Local SpMV time: 0.031001 s

-----------------------------------------------------------------------------------------------
  P |  Time(s) | Comp% | Comm% |  GFLOP/s | Speedup |  Eff% | Mem(MiB) | NNZ min | NNZ avg | NNZ max
-----------------------------------------------------------------------------------------------
 16 |   0.2598 |  12.3 | 122.8 |     0.000 |    0.01 |   0.06 |     0.07 |    1546 |   1780.8 |    1929
Global FLOPs per SpMV: 56984

----------------------------------------
np=32, OMP_NUM_THREADS=4
----------------------------------------
[Rank 0] Matrix: 9506 x 9506, nnz=202157 | 1D cyclic rows over P=32
[Rank 27] Local SpMV time: 0.000207 s
[Rank 22] Local SpMV time: 0.000220 s
[Rank 6] Local SpMV time: 0.000382 s
[Rank 5] Local SpMV time: 0.004666 s
[Rank 8] Local SpMV time: 0.004466 s
[Rank 11] Local SpMV time: 0.001807 s
[Rank 12] Local SpMV time: 0.000795 s
[Rank 19] Local SpMV time: 0.002193 s
[Rank 10] Local SpMV time: 0.004868 s
[Rank 13] Local SpMV time: 0.002524 s
[Rank 18] Local SpMV time: 0.005100 s
[Rank 9] Local SpMV time: 0.006841 s
[Rank 14] Local SpMV time: 0.005179 s
[Rank 31] Local SpMV time: 0.063977 s
[Rank 24] Local SpMV time: 0.061936 s
[Rank 3] Local SpMV time: 0.064032 s
[Rank 20] Local SpMV time: 0.065987 s
[Rank 25] Local SpMV time: 0.063993 s
[Rank 7] Local SpMV time: 0.063034 s
[Rank 28] Local SpMV time: 0.098052 s
[Rank 1] Local SpMV time: 0.063042 s
[Rank 16] Local SpMV time: 0.054102 s
[Rank 21] Local SpMV time: 0.062998 s
[Rank 0] Local SpMV time: 0.066093 s
[Rank 23] Local SpMV time: 0.066925 s
[Rank 4] Local SpMV time: 0.070032 s
[Rank 15] Local SpMV time: 0.063001 s
[Rank 29] Local SpMV time: 0.062999 s
[Rank 2] Local SpMV time: 0.067033 s
[Rank 30] Local SpMV time: 0.067017 s
[Rank 17] Local SpMV time: 0.063000 s
[Rank 26] Local SpMV time: 0.067036 s

-----------------------------------------------------------------------------------------------
  P |  Time(s) | Comp% | Comm% |  GFLOP/s | Speedup |  Eff% | Mem(MiB) | NNZ min | NNZ avg | NNZ max
-----------------------------------------------------------------------------------------------
 32 |   0.6381 |  15.4 | 121.5 |     0.000 |    0.00 |   0.01 |     0.03 |     383 |    508.5 |     574
Global FLOPs per SpMV: 32542

----------------------------------------
np=64, OMP_NUM_THREADS=2
----------------------------------------
[Rank 0] Matrix: 9506 x 9506, nnz=202157 | 1D cyclic rows over P=64
[Rank 17] Local SpMV time: 0.003731 s
[Rank 24] Local SpMV time: 0.003999 s
[Rank 16] Local SpMV time: 0.000118 s
[Rank 29] Local SpMV time: 0.000070 s
[Rank 26] Local SpMV time: 0.000171 s
[Rank 19] Local SpMV time: 0.000776 s
[Rank 11] Local SpMV time: 0.001191 s
[Rank 45] Local SpMV time: 0.000193 s
[Rank 18] Local SpMV time: 0.000076 s
[Rank 12] Local SpMV time: 0.000064 s
[Rank 7] Local SpMV time: 0.004503 s
[Rank 46] Local SpMV time: 0.000063 s
[Rank 57] Local SpMV time: 0.008866 s
[Rank 22] Local SpMV time: 0.000051 s
[Rank 51] Local SpMV time: 0.005335 s
[Rank 40] Local SpMV time: 0.000053 s
[Rank 47] Local SpMV time: 0.001613 s
[Rank 42] Local SpMV time: 0.000135 s
[Rank 1] Local SpMV time: 0.005883 s
[Rank 2] Local SpMV time: 0.003989 s
[Rank 27] Local SpMV time: 0.002225 s
[Rank 30] Local SpMV time: 0.000062 s
[Rank 61] Local SpMV time: 0.006446 s
[Rank 0] Local SpMV time: 0.000069 s
[Rank 43] Local SpMV time: 0.002830 s
[Rank 62] Local SpMV time: 0.000062 s
[Rank 15] Local SpMV time: 0.007056 s
[Rank 6] Local SpMV time: 0.000065 s
[Rank 59] Local SpMV time: 0.011283 s
[Rank 54] Local SpMV time: 0.000065 s
[Rank 31] Local SpMV time: 0.003671 s
[Rank 44] Local SpMV time: 0.000063 s
[Rank 41] Local SpMV time: 0.007889 s
[Rank 4] Local SpMV time: 0.000062 s
[Rank 20] Local SpMV time: 0.000122 s
[Rank 10] Local SpMV time: 0.004068 s
[Rank 34] Local SpMV time: 0.003938 s
[Rank 28] Local SpMV time: 0.008000 s
[Rank 14] Local SpMV time: 0.000134 s
[Rank 60] Local SpMV time: 0.004001 s
[Rank 32] Local SpMV time: 0.007935 s
[Rank 38] Local SpMV time: 0.004074 s
[Rank 36] Local SpMV time: 0.004135 s
[Rank 50] Local SpMV time: 0.003999 s
[Rank 8] Local SpMV time: 0.007937 s
[Rank 35] Local SpMV time: 0.003265 s
[Rank 39] Local SpMV time: 0.003537 s
[Rank 52] Local SpMV time: 0.004008 s
[Rank 33] Local SpMV time: 0.004007 s
[Rank 48] Local SpMV time: 0.000057 s
[Rank 56] Local SpMV time: 0.120182 s
[Rank 58] Local SpMV time: 0.004006 s
[Rank 53] Local SpMV time: 0.000064 s
[Rank 9] Local SpMV time: 0.128001 s
[Rank 49] Local SpMV time: 0.123984 s
[Rank 21] Local SpMV time: 0.135946 s
[Rank 23] Local SpMV time: 0.127999 s
[Rank 5] Local SpMV time: 0.128000 s
[Rank 3] Local SpMV time: 0.131945 s
[Rank 13] Local SpMV time: 0.127998 s
[Rank 25] Local SpMV time: 0.127999 s
[Rank 55] Local SpMV time: 0.127984 s
[Rank 37] Local SpMV time: 0.131936 s
[Rank 63] Local SpMV time: 0.135881 s

-----------------------------------------------------------------------------------------------
  P |  Time(s) | Comp% | Comm% |  GFLOP/s | Speedup |  Eff% | Mem(MiB) | NNZ min | NNZ avg | NNZ max
-----------------------------------------------------------------------------------------------
 64 |   1.6520 |   8.2 | 136.7 |     0.000 |    0.00 |   0.00 |     0.01 |      90 |    159.5 |     212
Global FLOPs per SpMV: 20414

----------------------------------------
np=128, OMP_NUM_THREADS=1
----------------------------------------
[Rank 0] Matrix: 9506 x 9506, nnz=202157 | 1D cyclic rows over P=128
[Rank 103] Local SpMV time: 0.000030 s
[Rank 95] Local SpMV time: 0.000021 s
[Rank 90] Local SpMV time: 0.000030 s
[Rank 101] Local SpMV time: 0.000021 s
[Rank 9] Local SpMV time: 0.000018 s
[Rank 75] Local SpMV time: 0.000019 s
[Rank 104] Local SpMV time: 0.000024 s
[Rank 88] Local SpMV time: 0.000016 s
[Rank 107] Local SpMV time: 0.000021 s
[Rank 106] Local SpMV time: 0.000022 s
[Rank 83] Local SpMV time: 0.000020 s
[Rank 80] Local SpMV time: 0.000017 s
[Rank 32] Local SpMV time: 0.000015 s
[Rank 10] Local SpMV time: 0.000015 s
[Rank 8] Local SpMV time: 0.000023 s
[Rank 89] Local SpMV time: 0.000022 s
[Rank 82] Local SpMV time: 0.000022 s
[Rank 84] Local SpMV time: 0.000016 s
[Rank 105] Local SpMV time: 0.000019 s
[Rank 38] Local SpMV time: 0.000022 s
[Rank 93] Local SpMV time: 0.000018 s
[Rank 78] Local SpMV time: 0.000023 s
[Rank 125] Local SpMV time: 0.000018 s
[Rank 100] Local SpMV time: 0.000014 s
[Rank 92] Local SpMV time: 0.000025 s
[Rank 87] Local SpMV time: 0.000020 s
[Rank 108] Local SpMV time: 0.000024 s
[Rank 98] Local SpMV time: 0.000020 s
[Rank 21] Local SpMV time: 0.000019 s
[Rank 2] Local SpMV time: 0.000023 s
[Rank 113] Local SpMV time: 0.000020 s
[Rank 116] Local SpMV time: 0.000017 s
[Rank 85] Local SpMV time: 0.000023 s
[Rank 99] Local SpMV time: 0.000019 s
[Rank 111] Local SpMV time: 0.000015 s
[Rank 86] Local SpMV time: 0.000021 s
[Rank 77] Local SpMV time: 0.000018 s
[Rank 96] Local SpMV time: 0.000019 s
[Rank 58] Local SpMV time: 0.000019 s
[Rank 115] Local SpMV time: 0.000021 s
[Rank 94] Local SpMV time: 0.000025 s
[Rank 65] Local SpMV time: 0.000016 s
[Rank 81] Local SpMV time: 0.000016 s
[Rank 91] Local SpMV time: 0.000018 s
[Rank 72] Local SpMV time: 0.000021 s
[Rank 122] Local SpMV time: 0.000023 s
[Rank 57] Local SpMV time: 0.000019 s
[Rank 124] Local SpMV time: 0.000023 s
[Rank 6] Local SpMV time: 0.000024 s
[Rank 74] Local SpMV time: 0.000020 s
[Rank 3] Local SpMV time: 0.000022 s
[Rank 102] Local SpMV time: 0.000032 s
[Rank 35] Local SpMV time: 0.000020 s
[Rank 112] Local SpMV time: 0.000031 s
[Rank 5] Local SpMV time: 0.000020 s
[Rank 110] Local SpMV time: 0.000024 s
[Rank 97] Local SpMV time: 0.000017 s
[Rank 120] Local SpMV time: 0.000030 s
[Rank 11] Local SpMV time: 0.000024 s
[Rank 24] Local SpMV time: 0.000022 s
[Rank 50] Local SpMV time: 0.000025 s
[Rank 126] Local SpMV time: 0.000021 s
[Rank 127] Local SpMV time: 0.000016 s
[Rank 18] Local SpMV time: 0.000019 s
[Rank 66] Local SpMV time: 0.000024 s
[Rank 61] Local SpMV time: 0.000018 s
[Rank 114] Local SpMV time: 0.000024 s
[Rank 44] Local SpMV time: 0.000015 s
[Rank 63] Local SpMV time: 0.000019 s
[Rank 0] Local SpMV time: 0.000036 s
[Rank 60] Local SpMV time: 0.000015 s
[Rank 117] Local SpMV time: 0.000022 s
[Rank 12] Local SpMV time: 0.000019 s
[Rank 33] Local SpMV time: 0.000020 s
[Rank 47] Local SpMV time: 0.000019 s
[Rank 42] Local SpMV time: 0.000022 s
[Rank 67] Local SpMV time: 0.000018 s
[Rank 76] Local SpMV time: 0.000016 s
[Rank 123] Local SpMV time: 0.000017 s
[Rank 30] Local SpMV time: 0.000033 s
[Rank 53] Local SpMV time: 0.000018 s
[Rank 118] Local SpMV time: 0.000020 s
[Rank 49] Local SpMV time: 0.000019 s
[Rank 4] Local SpMV time: 0.000021 s
[Rank 79] Local SpMV time: 0.000017 s
[Rank 109] Local SpMV time: 0.000016 s
[Rank 41] Local SpMV time: 0.000022 s
[Rank 70] Local SpMV time: 0.000021 s
[Rank 19] Local SpMV time: 0.000020 s
[Rank 73] Local SpMV time: 0.000022 s
[Rank 59] Local SpMV time: 0.000018 s
[Rank 14] Local SpMV time: 0.000025 s
[Rank 27] Local SpMV time: 0.000020 s
[Rank 54] Local SpMV time: 0.000020 s
[Rank 13] Local SpMV time: 0.000023 s
[Rank 37] Local SpMV time: 0.000016 s
[Rank 29] Local SpMV time: 0.000021 s
[Rank 64] Local SpMV time: 0.000025 s
[Rank 20] Local SpMV time: 0.000018 s
[Rank 51] Local SpMV time: 0.000020 s
[Rank 7] Local SpMV time: 0.000018 s
[Rank 121] Local SpMV time: 0.000016 s
[Rank 26] Local SpMV time: 0.000021 s
[Rank 25] Local SpMV time: 0.000019 s
[Rank 56] Local SpMV time: 0.000015 s
[Rank 68] Local SpMV time: 0.000022 s
[Rank 1] Local SpMV time: 0.000024 s
[Rank 28] Local SpMV time: 0.000021 s
[Rank 71] Local SpMV time: 0.000021 s
[Rank 34] Local SpMV time: 0.000017 s
[Rank 43] Local SpMV time: 0.000021 s
[Rank 52] Local SpMV time: 0.000018 s
[Rank 119] Local SpMV time: 0.000015 s
[Rank 55] Local SpMV time: 0.000019 s
[Rank 48] Local SpMV time: 0.000022 s
[Rank 62] Local SpMV time: 0.000023 s
[Rank 69] Local SpMV time: 0.000015 s
[Rank 40] Local SpMV time: 0.000024 s
[Rank 45] Local SpMV time: 0.000022 s
[Rank 16] Local SpMV time: 0.000021 s
[Rank 36] Local SpMV time: 0.000026 s
[Rank 39] Local SpMV time: 0.000021 s
[Rank 46] Local SpMV time: 0.000025 s
[Rank 22] Local SpMV time: 0.000021 s
[Rank 31] Local SpMV time: 0.000019 s
[Rank 15] Local SpMV time: 0.000019 s
[Rank 23] Local SpMV time: 0.000019 s
[Rank 17] Local SpMV time: 0.000018 s

-----------------------------------------------------------------------------------------------
  P |  Time(s) | Comp% | Comm% |  GFLOP/s | Speedup |  Eff% | Mem(MiB) | NNZ min | NNZ avg | NNZ max
-----------------------------------------------------------------------------------------------
128 |   4.2141 |   0.0 | 126.2 |     0.000 |    0.00 |   0.00 |     0.01 |      29 |     55.7 |     101
Global FLOPs per SpMV: 14270

