Strong scaling results for tols2000.mtx
Date: Fri Jan  9 18:15:59 CET 2026
----------------------------------------

[Rank 0] Matrix: 2000 x 2000, nnz=5184 | 1D cyclic rows over P=1
[Rank 0] Local SpMV time: 0.001580 s

-----------------------------------------------------------------------------------------------
  P |  Time(s) | Comp% | Comm% |  GFLOP/s | Speedup |  Eff% | Mem(MiB) | NNZ min | NNZ avg | NNZ max
-----------------------------------------------------------------------------------------------
  1 |   0.0016 |  96.7 |   2.6 |     0.006 |    N/A   |   N/A  |     0.18 |    5184 |   5184.0 |    5184
Global FLOPs per SpMV: 10368
BASELINE_T1=0.0016

----------------------------------------
np=2, OMP_NUM_THREADS=64
----------------------------------------
[Rank 0] Matrix: 2000 x 2000, nnz=5184 | 1D cyclic rows over P=2
[Rank 0] Local SpMV time: 0.001517 s
[Rank 1] Local SpMV time: 0.002228 s

-----------------------------------------------------------------------------------------------
  P |  Time(s) | Comp% | Comm% |  GFLOP/s | Speedup |  Eff% | Mem(MiB) | NNZ min | NNZ avg | NNZ max
-----------------------------------------------------------------------------------------------
  2 |   0.0023 |  95.2 |  36.8 |     0.003 |    0.68 |  34.19 |     0.09 |    1136 |   1864.0 |    2592
Global FLOPs per SpMV: 7456

----------------------------------------
np=4, OMP_NUM_THREADS=32
----------------------------------------
[Rank 0] Matrix: 2000 x 2000, nnz=5184 | 1D cyclic rows over P=4
[Rank 0] Local SpMV time: 0.000815 s
[Rank 3] Local SpMV time: 0.001023 s
[Rank 2] Local SpMV time: 0.013730 s
[Rank 1] Local SpMV time: 0.023566 s

-----------------------------------------------------------------------------------------------
  P |  Time(s) | Comp% | Comm% |  GFLOP/s | Speedup |  Eff% | Mem(MiB) | NNZ min | NNZ avg | NNZ max
-----------------------------------------------------------------------------------------------
  4 |   0.0630 |  37.4 | 101.8 |     0.000 |    0.03 |   0.63 |     0.05 |     269 |    790.0 |    1340
Global FLOPs per SpMV: 6320

----------------------------------------
np=8, OMP_NUM_THREADS=16
----------------------------------------
[Rank 0] Matrix: 2000 x 2000, nnz=5184 | 1D cyclic rows over P=8
[Rank 6] Local SpMV time: 0.000449 s
[Rank 7] Local SpMV time: 0.012227 s
[Rank 1] Local SpMV time: 0.022577 s
[Rank 5] Local SpMV time: 0.035387 s
[Rank 2] Local SpMV time: 0.030815 s
[Rank 0] Local SpMV time: 0.033951 s
[Rank 3] Local SpMV time: 0.025922 s
[Rank 4] Local SpMV time: 0.040993 s

-----------------------------------------------------------------------------------------------
  P |  Time(s) | Comp% | Comm% |  GFLOP/s | Speedup |  Eff% | Mem(MiB) | NNZ min | NNZ avg | NNZ max
-----------------------------------------------------------------------------------------------
  8 |   0.1400 |  29.3 |  95.7 |     0.000 |    0.01 |   0.14 |     0.02 |      67 |    352.0 |     671
Global FLOPs per SpMV: 5632

----------------------------------------
np=16, OMP_NUM_THREADS=8
----------------------------------------
[Rank 0] Matrix: 2000 x 2000, nnz=5184 | 1D cyclic rows over P=16
[Rank 15] Local SpMV time: 0.004819 s
[Rank 14] Local SpMV time: 0.004215 s
[Rank 13] Local SpMV time: 0.000215 s
[Rank 7] Local SpMV time: 0.000201 s
[Rank 3] Local SpMV time: 0.000643 s
[Rank 11] Local SpMV time: 0.000994 s
[Rank 9] Local SpMV time: 0.005318 s
[Rank 1] Local SpMV time: 0.001800 s
[Rank 8] Local SpMV time: 0.027913 s
[Rank 5] Local SpMV time: 0.030152 s
[Rank 2] Local SpMV time: 0.035976 s
[Rank 0] Local SpMV time: 0.035989 s
[Rank 6] Local SpMV time: 0.032005 s
[Rank 10] Local SpMV time: 0.032005 s
[Rank 4] Local SpMV time: 0.035897 s
[Rank 12] Local SpMV time: 0.059996 s

-----------------------------------------------------------------------------------------------
  P |  Time(s) | Comp% | Comm% |  GFLOP/s | Speedup |  Eff% | Mem(MiB) | NNZ min | NNZ avg | NNZ max
-----------------------------------------------------------------------------------------------
 16 |   0.2830 |  21.2 | 100.0 |     0.000 |    0.01 |   0.04 |     0.01 |      18 |    164.2 |     354
Global FLOPs per SpMV: 5256

----------------------------------------
np=32, OMP_NUM_THREADS=4
----------------------------------------
[Rank 0] Matrix: 2000 x 2000, nnz=5184 | 1D cyclic rows over P=32
[Rank 13] Local SpMV time: 0.000235 s
[Rank 31] Local SpMV time: 0.004506 s
[Rank 6] Local SpMV time: 0.000174 s
[Rank 3] Local SpMV time: 0.004074 s
[Rank 4] Local SpMV time: 0.004123 s
[Rank 30] Local SpMV time: 0.008055 s
[Rank 7] Local SpMV time: 0.044084 s
[Rank 11] Local SpMV time: 0.000349 s
[Rank 9] Local SpMV time: 0.004119 s
[Rank 5] Local SpMV time: 0.000501 s
[Rank 29] Local SpMV time: 0.004087 s
[Rank 12] Local SpMV time: 0.000201 s
[Rank 15] Local SpMV time: 0.000437 s
[Rank 18] Local SpMV time: 0.000306 s
[Rank 1] Local SpMV time: 0.000134 s
[Rank 14] Local SpMV time: 0.000154 s
[Rank 25] Local SpMV time: 0.000476 s
[Rank 8] Local SpMV time: 0.004150 s
[Rank 27] Local SpMV time: 0.000134 s
[Rank 19] Local SpMV time: 0.000435 s
[Rank 0] Local SpMV time: 0.004099 s
[Rank 17] Local SpMV time: 0.000710 s
[Rank 24] Local SpMV time: 0.000123 s
[Rank 21] Local SpMV time: 0.001040 s
[Rank 20] Local SpMV time: 0.000254 s
[Rank 28] Local SpMV time: 0.000383 s
[Rank 23] Local SpMV time: 0.000139 s
[Rank 10] Local SpMV time: 0.004381 s
[Rank 26] Local SpMV time: 0.004493 s
[Rank 16] Local SpMV time: 0.004396 s
[Rank 22] Local SpMV time: 0.000275 s
[Rank 2] Local SpMV time: 0.000135 s

-----------------------------------------------------------------------------------------------
  P |  Time(s) | Comp% | Comm% |  GFLOP/s | Speedup |  Eff% | Mem(MiB) | NNZ min | NNZ avg | NNZ max
-----------------------------------------------------------------------------------------------
 32 |   0.5125 |   8.6 | 125.6 |     0.000 |    0.00 |   0.01 |     0.01 |       4 |     70.4 |     170
Global FLOPs per SpMV: 4508

----------------------------------------
np=64, OMP_NUM_THREADS=2
----------------------------------------
[Rank 0] Matrix: 2000 x 2000, nnz=5184 | 1D cyclic rows over P=64
[Rank 63] Local SpMV time: 0.008032 s
[Rank 62] Local SpMV time: 0.011949 s
[Rank 58] Local SpMV time: 0.011863 s
[Rank 50] Local SpMV time: 0.019760 s
[Rank 60] Local SpMV time: 0.008057 s
[Rank 52] Local SpMV time: 0.000202 s
[Rank 44] Local SpMV time: 0.004037 s
[Rank 36] Local SpMV time: 0.000125 s
[Rank 61] Local SpMV time: 0.000168 s
[Rank 38] Local SpMV time: 0.004138 s
[Rank 49] Local SpMV time: 0.004330 s
[Rank 34] Local SpMV time: 0.008018 s
[Rank 35] Local SpMV time: 0.004055 s
[Rank 46] Local SpMV time: 0.012013 s
[Rank 53] Local SpMV time: 0.003974 s
[Rank 42] Local SpMV time: 0.004036 s
[Rank 43] Local SpMV time: 0.000126 s
[Rank 40] Local SpMV time: 0.012028 s
[Rank 56] Local SpMV time: 0.004228 s
[Rank 37] Local SpMV time: 0.000148 s
[Rank 54] Local SpMV time: 0.008167 s
[Rank 48] Local SpMV time: 0.004277 s
[Rank 55] Local SpMV time: 0.004326 s
[Rank 59] Local SpMV time: 0.000701 s
[Rank 5] Local SpMV time: 0.004924 s
[Rank 41] Local SpMV time: 0.001249 s
[Rank 11] Local SpMV time: 0.001558 s
[Rank 4] Local SpMV time: 0.000098 s
[Rank 51] Local SpMV time: 0.001795 s
[Rank 47] Local SpMV time: 0.005963 s
[Rank 39] Local SpMV time: 0.002326 s
[Rank 15] Local SpMV time: 0.002634 s
[Rank 57] Local SpMV time: 0.000186 s
[Rank 7] Local SpMV time: 0.004408 s
[Rank 45] Local SpMV time: 0.008585 s
[Rank 6] Local SpMV time: 0.000119 s
[Rank 2] Local SpMV time: 0.004075 s
[Rank 12] Local SpMV time: 0.004104 s
[Rank 8] Local SpMV time: 0.000057 s
[Rank 10] Local SpMV time: 0.008003 s
[Rank 9] Local SpMV time: 0.004067 s
[Rank 3] Local SpMV time: 0.000053 s
[Rank 13] Local SpMV time: 0.000324 s
[Rank 30] Local SpMV time: 0.000068 s
[Rank 14] Local SpMV time: 0.003980 s
[Rank 32] Local SpMV time: 0.000119 s
[Rank 0] Local SpMV time: 0.000125 s
[Rank 18] Local SpMV time: 0.003942 s
[Rank 25] Local SpMV time: 0.003998 s
[Rank 24] Local SpMV time: 0.004041 s
[Rank 1] Local SpMV time: 0.000279 s
[Rank 22] Local SpMV time: 0.000129 s
[Rank 17] Local SpMV time: 0.000052 s
[Rank 21] Local SpMV time: 0.004006 s
[Rank 31] Local SpMV time: 0.000090 s
[Rank 19] Local SpMV time: 0.000374 s
[Rank 29] Local SpMV time: 0.004597 s
[Rank 27] Local SpMV time: 0.000092 s
[Rank 33] Local SpMV time: 0.000378 s
[Rank 20] Local SpMV time: 0.008059 s
[Rank 23] Local SpMV time: 0.000055 s
[Rank 26] Local SpMV time: 0.000106 s
[Rank 28] Local SpMV time: 0.000126 s
[Rank 16] Local SpMV time: 0.007962 s

-----------------------------------------------------------------------------------------------
  P |  Time(s) | Comp% | Comm% |  GFLOP/s | Speedup |  Eff% | Mem(MiB) | NNZ min | NNZ avg | NNZ max
-----------------------------------------------------------------------------------------------
 64 |   1.7330 |   1.1 | 121.7 |     0.000 |    0.00 |   0.00 |     0.00 |       1 |     41.3 |      99
Global FLOPs per SpMV: 5292

----------------------------------------
np=128, OMP_NUM_THREADS=1
----------------------------------------
[Rank 0] Matrix: 2000 x 2000, nnz=5184 | 1D cyclic rows over P=128
[Rank 95] Local SpMV time: 0.000022 s
[Rank 119] Local SpMV time: 0.000016 s
[Rank 111] Local SpMV time: 0.000013 s
[Rank 89] Local SpMV time: 0.000014 s
[Rank 127] Local SpMV time: 0.000013 s
[Rank 105] Local SpMV time: 0.000014 s
[Rank 83] Local SpMV time: 0.000015 s
[Rank 125] Local SpMV time: 0.000014 s
[Rank 99] Local SpMV time: 0.000014 s
[Rank 87] Local SpMV time: 0.000015 s
[Rank 101] Local SpMV time: 0.000014 s
[Rank 117] Local SpMV time: 0.000015 s
[Rank 103] Local SpMV time: 0.000015 s
[Rank 93] Local SpMV time: 0.000015 s
[Rank 120] Local SpMV time: 0.000025 s
[Rank 90] Local SpMV time: 0.000015 s
[Rank 114] Local SpMV time: 0.000023 s
[Rank 122] Local SpMV time: 0.000031 s
[Rank 100] Local SpMV time: 0.000030 s
[Rank 98] Local SpMV time: 0.000015 s
[Rank 109] Local SpMV time: 0.000015 s
[Rank 85] Local SpMV time: 0.000015 s
[Rank 106] Local SpMV time: 0.000016 s
[Rank 116] Local SpMV time: 0.000016 s
[Rank 121] Local SpMV time: 0.000013 s
[Rank 112] Local SpMV time: 0.000015 s
[Rank 108] Local SpMV time: 0.000014 s
[Rank 97] Local SpMV time: 0.000015 s
[Rank 84] Local SpMV time: 0.000015 s
[Rank 124] Local SpMV time: 0.000031 s
[Rank 104] Local SpMV time: 0.000016 s
[Rank 110] Local SpMV time: 0.000030 s
[Rank 94] Local SpMV time: 0.000033 s
[Rank 113] Local SpMV time: 0.000019 s
[Rank 96] Local SpMV time: 0.000015 s
[Rank 82] Local SpMV time: 0.000013 s
[Rank 126] Local SpMV time: 0.000015 s
[Rank 118] Local SpMV time: 0.000016 s
[Rank 107] Local SpMV time: 0.000016 s
[Rank 123] Local SpMV time: 0.000015 s
[Rank 88] Local SpMV time: 0.000014 s
[Rank 92] Local SpMV time: 0.000017 s
[Rank 115] Local SpMV time: 0.000016 s
[Rank 102] Local SpMV time: 0.000015 s
[Rank 91] Local SpMV time: 0.000015 s
[Rank 86] Local SpMV time: 0.000014 s
[Rank 66] Local SpMV time: 0.000013 s
[Rank 76] Local SpMV time: 0.000017 s
[Rank 80] Local SpMV time: 0.000018 s
[Rank 81] Local SpMV time: 0.000017 s
[Rank 73] Local SpMV time: 0.000016 s
[Rank 74] Local SpMV time: 0.000013 s
[Rank 72] Local SpMV time: 0.000012 s
[Rank 78] Local SpMV time: 0.000048 s
[Rank 71] Local SpMV time: 0.000016 s
[Rank 65] Local SpMV time: 0.000016 s
[Rank 68] Local SpMV time: 0.000045 s
[Rank 77] Local SpMV time: 0.000015 s
[Rank 79] Local SpMV time: 0.000015 s
[Rank 69] Local SpMV time: 0.000014 s
[Rank 75] Local SpMV time: 0.000016 s
[Rank 70] Local SpMV time: 0.000042 s
[Rank 67] Local SpMV time: 0.000016 s
[Rank 2] Local SpMV time: 0.000023 s
[Rank 12] Local SpMV time: 0.000012 s
[Rank 8] Local SpMV time: 0.000020 s
[Rank 4] Local SpMV time: 0.000014 s
[Rank 6] Local SpMV time: 0.000017 s
[Rank 9] Local SpMV time: 0.000016 s
[Rank 10] Local SpMV time: 0.000022 s
[Rank 1] Local SpMV time: 0.000018 s
[Rank 15] Local SpMV time: 0.000017 s
[Rank 11] Local SpMV time: 0.000016 s
[Rank 5] Local SpMV time: 0.000015 s
[Rank 27] Local SpMV time: 0.000019 s
[Rank 14] Local SpMV time: 0.000021 s
[Rank 25] Local SpMV time: 0.000019 s
[Rank 7] Local SpMV time: 0.000014 s
[Rank 3] Local SpMV time: 0.000016 s
[Rank 39] Local SpMV time: 0.000014 s
[Rank 30] Local SpMV time: 0.000021 s
[Rank 0] Local SpMV time: 0.000018 s
[Rank 13] Local SpMV time: 0.000018 s
[Rank 29] Local SpMV time: 0.000020 s
[Rank 31] Local SpMV time: 0.000018 s
[Rank 46] Local SpMV time: 0.000018 s
[Rank 28] Local SpMV time: 0.000021 s
[Rank 57] Local SpMV time: 0.000015 s
[Rank 26] Local SpMV time: 0.000022 s
[Rank 16] Local SpMV time: 0.000023 s
[Rank 58] Local SpMV time: 0.000017 s
[Rank 17] Local SpMV time: 0.000022 s
[Rank 20] Local SpMV time: 0.000022 s
[Rank 24] Local SpMV time: 0.000019 s
[Rank 22] Local SpMV time: 0.000016 s
[Rank 41] Local SpMV time: 0.000016 s
[Rank 23] Local SpMV time: 0.000021 s
[Rank 50] Local SpMV time: 0.000018 s
[Rank 49] Local SpMV time: 0.000014 s
[Rank 53] Local SpMV time: 0.000016 s
[Rank 42] Local SpMV time: 0.000021 s
[Rank 60] Local SpMV time: 0.000011 s
[Rank 33] Local SpMV time: 0.000019 s
[Rank 36] Local SpMV time: 0.000018 s
[Rank 63] Local SpMV time: 0.000015 s
[Rank 34] Local SpMV time: 0.000020 s
[Rank 37] Local SpMV time: 0.000016 s
[Rank 43] Local SpMV time: 0.000016 s
[Rank 56] Local SpMV time: 0.000017 s
[Rank 55] Local SpMV time: 0.000014 s
[Rank 47] Local SpMV time: 0.000013 s
[Rank 59] Local SpMV time: 0.000014 s
[Rank 45] Local SpMV time: 0.000016 s
[Rank 38] Local SpMV time: 0.000012 s
[Rank 61] Local SpMV time: 0.000015 s
[Rank 52] Local SpMV time: 0.000017 s
[Rank 51] Local SpMV time: 0.000014 s
[Rank 62] Local SpMV time: 0.000013 s
[Rank 44] Local SpMV time: 0.000015 s
[Rank 21] Local SpMV time: 0.000021 s
[Rank 54] Local SpMV time: 0.000017 s
[Rank 35] Local SpMV time: 0.000015 s
[Rank 64] Local SpMV time: 0.000017 s
[Rank 32] Local SpMV time: 0.000015 s
[Rank 40] Local SpMV time: 0.000018 s
[Rank 18] Local SpMV time: 0.000021 s
[Rank 19] Local SpMV time: 0.000020 s
[Rank 48] Local SpMV time: 0.000013 s

-----------------------------------------------------------------------------------------------
  P |  Time(s) | Comp% | Comm% |  GFLOP/s | Speedup |  Eff% | Mem(MiB) | NNZ min | NNZ avg | NNZ max
-----------------------------------------------------------------------------------------------
128 |   3.3891 |   0.0 | 130.0 |     0.000 |    0.00 |   0.00 |     0.00 |       0 |     21.9 |      95
Global FLOPs per SpMV: 5604

