Strong scaling results for Trefethen_2000.mtx
Date: Fri Jan  9 18:17:18 CET 2026
----------------------------------------

[Rank 0] Matrix: 2000 x 2000, nnz=21953 | 1D cyclic rows over P=1
[Rank 0] Local SpMV time: 0.002152 s

-----------------------------------------------------------------------------------------------
  P |  Time(s) | Comp% | Comm% |  GFLOP/s | Speedup |  Eff% | Mem(MiB) | NNZ min | NNZ avg | NNZ max
-----------------------------------------------------------------------------------------------
  1 |   0.0022 |  96.8 |   1.9 |     0.038 |    N/A   |   N/A  |     1.16 |   41906 |  41906.0 |   41906
Global FLOPs per SpMV: 83812
BASELINE_T1=0.0022

----------------------------------------
np=2, OMP_NUM_THREADS=64
----------------------------------------
[Rank 0] Matrix: 2000 x 2000, nnz=21953 | 1D cyclic rows over P=2
[Rank 0] Local SpMV time: 0.001513 s
[Rank 1] Local SpMV time: 0.002056 s

-----------------------------------------------------------------------------------------------
  P |  Time(s) | Comp% | Comm% |  GFLOP/s | Speedup |  Eff% | Mem(MiB) | NNZ min | NNZ avg | NNZ max
-----------------------------------------------------------------------------------------------
  2 |   0.0023 |  90.4 |  34.9 |     0.023 |    0.97 |  48.39 |     0.47 |    9449 |  13022.0 |   16595
Global FLOPs per SpMV: 52088

----------------------------------------
np=4, OMP_NUM_THREADS=32
----------------------------------------
[Rank 0] Matrix: 2000 x 2000, nnz=21953 | 1D cyclic rows over P=4
[Rank 0] Local SpMV time: 0.000742 s
[Rank 3] Local SpMV time: 0.001012 s
[Rank 2] Local SpMV time: 0.013741 s
[Rank 1] Local SpMV time: 0.001029 s

-----------------------------------------------------------------------------------------------
  P |  Time(s) | Comp% | Comm% |  GFLOP/s | Speedup |  Eff% | Mem(MiB) | NNZ min | NNZ avg | NNZ max
-----------------------------------------------------------------------------------------------
  4 |   0.0530 |  25.9 | 120.9 |     0.001 |    0.04 |   1.04 |     0.18 |    2343 |   4582.2 |    5925
Global FLOPs per SpMV: 36658

----------------------------------------
np=8, OMP_NUM_THREADS=16
----------------------------------------
[Rank 0] Matrix: 2000 x 2000, nnz=21953 | 1D cyclic rows over P=8
[Rank 0] Local SpMV time: 0.000439 s
[Rank 6] Local SpMV time: 0.007355 s
[Rank 3] Local SpMV time: 0.001003 s
[Rank 5] Local SpMV time: 0.002729 s
[Rank 4] Local SpMV time: 0.005072 s
[Rank 1] Local SpMV time: 0.007393 s
[Rank 2] Local SpMV time: 0.015327 s
[Rank 7] Local SpMV time: 0.014086 s

-----------------------------------------------------------------------------------------------
  P |  Time(s) | Comp% | Comm% |  GFLOP/s | Speedup |  Eff% | Mem(MiB) | NNZ min | NNZ avg | NNZ max
-----------------------------------------------------------------------------------------------
  8 |   0.1164 |  13.2 | 113.9 |     0.000 |    0.02 |   0.24 |     0.07 |     590 |   1737.2 |    2277
Global FLOPs per SpMV: 27796

----------------------------------------
np=16, OMP_NUM_THREADS=8
----------------------------------------
[Rank 0] Matrix: 2000 x 2000, nnz=21953 | 1D cyclic rows over P=16
[Rank 3] Local SpMV time: 0.000274 s
[Rank 9] Local SpMV time: 0.000247 s
[Rank 8] Local SpMV time: 0.000373 s
[Rank 5] Local SpMV time: 0.000801 s
[Rank 10] Local SpMV time: 0.004797 s
[Rank 13] Local SpMV time: 0.001269 s
[Rank 7] Local SpMV time: 0.001736 s
[Rank 0] Local SpMV time: 0.007951 s
[Rank 1] Local SpMV time: 0.006083 s
[Rank 15] Local SpMV time: 0.004135 s
[Rank 11] Local SpMV time: 0.000503 s
[Rank 4] Local SpMV time: 0.032002 s
[Rank 12] Local SpMV time: 0.031991 s
[Rank 14] Local SpMV time: 0.031933 s
[Rank 2] Local SpMV time: 0.036001 s
[Rank 6] Local SpMV time: 0.039892 s

-----------------------------------------------------------------------------------------------
  P |  Time(s) | Comp% | Comm% |  GFLOP/s | Speedup |  Eff% | Mem(MiB) | NNZ min | NNZ avg | NNZ max
-----------------------------------------------------------------------------------------------
 16 |   0.1970 |  20.2 | 125.3 |     0.000 |    0.01 |   0.07 |     0.03 |     152 |    729.5 |     964
Global FLOPs per SpMV: 23344

----------------------------------------
np=32, OMP_NUM_THREADS=4
----------------------------------------
[Rank 0] Matrix: 2000 x 2000, nnz=21953 | 1D cyclic rows over P=32
[Rank 4] Local SpMV time: 0.000188 s
[Rank 15] Local SpMV time: 0.000193 s
[Rank 16] Local SpMV time: 0.003936 s
[Rank 7] Local SpMV time: 0.000160 s
[Rank 8] Local SpMV time: 0.007909 s
[Rank 6] Local SpMV time: 0.000202 s
[Rank 18] Local SpMV time: 0.004079 s
[Rank 21] Local SpMV time: 0.000264 s
[Rank 20] Local SpMV time: 0.004178 s
[Rank 27] Local SpMV time: 0.004534 s
[Rank 12] Local SpMV time: 0.000179 s
[Rank 25] Local SpMV time: 0.000900 s
[Rank 10] Local SpMV time: 0.004146 s
[Rank 17] Local SpMV time: 0.001190 s
[Rank 14] Local SpMV time: 0.004162 s
[Rank 31] Local SpMV time: 0.001515 s
[Rank 30] Local SpMV time: 0.000263 s
[Rank 23] Local SpMV time: 0.005811 s
[Rank 22] Local SpMV time: 0.004104 s
[Rank 19] Local SpMV time: 0.010017 s
[Rank 24] Local SpMV time: 0.008039 s
[Rank 9] Local SpMV time: 0.002418 s
[Rank 3] Local SpMV time: 0.002757 s
[Rank 0] Local SpMV time: 0.004121 s
[Rank 11] Local SpMV time: 0.003036 s
[Rank 2] Local SpMV time: 0.056002 s
[Rank 13] Local SpMV time: 0.003313 s
[Rank 26] Local SpMV time: 0.000175 s
[Rank 28] Local SpMV time: 0.000176 s
[Rank 1] Local SpMV time: 0.000088 s
[Rank 5] Local SpMV time: 0.000149 s
[Rank 29] Local SpMV time: 0.000423 s

-----------------------------------------------------------------------------------------------
  P |  Time(s) | Comp% | Comm% |  GFLOP/s | Speedup |  Eff% | Mem(MiB) | NNZ min | NNZ avg | NNZ max
-----------------------------------------------------------------------------------------------
 32 |   0.4511 |  12.4 | 154.2 |     0.000 |    0.00 |   0.02 |     0.01 |      38 |    328.1 |     437
Global FLOPs per SpMV: 20998

----------------------------------------
np=64, OMP_NUM_THREADS=2
----------------------------------------
[Rank 0] Matrix: 2000 x 2000, nnz=21953 | 1D cyclic rows over P=64
[Rank 30] Local SpMV time: 0.012049 s
[Rank 36] Local SpMV time: 0.016076 s
[Rank 21] Local SpMV time: 0.000086 s
[Rank 61] Local SpMV time: 0.004000 s
[Rank 18] Local SpMV time: 0.024051 s
[Rank 29] Local SpMV time: 0.004018 s
[Rank 28] Local SpMV time: 0.012054 s
[Rank 23] Local SpMV time: 0.000150 s
[Rank 27] Local SpMV time: 0.000112 s
[Rank 22] Local SpMV time: 0.000115 s
[Rank 10] Local SpMV time: 0.000107 s
[Rank 6] Local SpMV time: 0.000124 s
[Rank 48] Local SpMV time: 0.003949 s
[Rank 19] Local SpMV time: 0.000052 s
[Rank 26] Local SpMV time: 0.000057 s
[Rank 32] Local SpMV time: 0.002797 s
[Rank 25] Local SpMV time: 0.000058 s
[Rank 4] Local SpMV time: 0.004051 s
[Rank 20] Local SpMV time: 0.000139 s
[Rank 33] Local SpMV time: 0.000139 s
[Rank 46] Local SpMV time: 0.003926 s
[Rank 59] Local SpMV time: 0.000416 s
[Rank 40] Local SpMV time: 0.000075 s
[Rank 35] Local SpMV time: 0.000700 s
[Rank 24] Local SpMV time: 0.000058 s
[Rank 7] Local SpMV time: 0.000973 s
[Rank 52] Local SpMV time: 0.000058 s
[Rank 54] Local SpMV time: 0.000116 s
[Rank 39] Local SpMV time: 0.000053 s
[Rank 62] Local SpMV time: 0.003948 s
[Rank 49] Local SpMV time: 0.004001 s
[Rank 14] Local SpMV time: 0.000155 s
[Rank 5] Local SpMV time: 0.000665 s
[Rank 45] Local SpMV time: 0.000938 s
[Rank 12] Local SpMV time: 0.007967 s
[Rank 51] Local SpMV time: 0.001218 s
[Rank 50] Local SpMV time: 0.012012 s
[Rank 1] Local SpMV time: 0.005441 s
[Rank 57] Local SpMV time: 0.001765 s
[Rank 8] Local SpMV time: 0.008050 s
[Rank 3] Local SpMV time: 0.005998 s
[Rank 60] Local SpMV time: 0.011969 s
[Rank 55] Local SpMV time: 0.002315 s
[Rank 2] Local SpMV time: 0.012014 s
[Rank 11] Local SpMV time: 0.000058 s
[Rank 16] Local SpMV time: 0.020012 s
[Rank 58] Local SpMV time: 0.023961 s
[Rank 63] Local SpMV time: 0.000046 s
[Rank 42] Local SpMV time: 0.004075 s
[Rank 31] Local SpMV time: 0.000052 s
[Rank 56] Local SpMV time: 0.004065 s
[Rank 44] Local SpMV time: 0.004074 s
[Rank 13] Local SpMV time: 0.000050 s
[Rank 34] Local SpMV time: 0.008009 s
[Rank 15] Local SpMV time: 0.000101 s
[Rank 38] Local SpMV time: 0.000058 s
[Rank 9] Local SpMV time: 0.004333 s
[Rank 37] Local SpMV time: 0.000646 s
[Rank 0] Local SpMV time: 0.004006 s
[Rank 47] Local SpMV time: 0.004885 s
[Rank 43] Local SpMV time: 0.001207 s
[Rank 41] Local SpMV time: 0.004017 s
[Rank 17] Local SpMV time: 0.000286 s
[Rank 53] Local SpMV time: 0.000113 s

-----------------------------------------------------------------------------------------------
  P |  Time(s) | Comp% | Comm% |  GFLOP/s | Speedup |  Eff% | Mem(MiB) | NNZ min | NNZ avg | NNZ max
-----------------------------------------------------------------------------------------------
 64 |   1.4130 |   1.7 | 126.9 |     0.000 |    0.00 |   0.00 |     0.01 |      12 |    156.5 |     212
Global FLOPs per SpMV: 20030

----------------------------------------
np=128, OMP_NUM_THREADS=1
----------------------------------------
[Rank 0] Matrix: 2000 x 2000, nnz=21953 | 1D cyclic rows over P=128
[Rank 125] Local SpMV time: 0.000025 s
[Rank 127] Local SpMV time: 0.000012 s
[Rank 126] Local SpMV time: 0.000027 s
[Rank 38] Local SpMV time: 0.000018 s
[Rank 35] Local SpMV time: 0.000021 s
[Rank 102] Local SpMV time: 0.000022 s
[Rank 30] Local SpMV time: 0.000025 s
[Rank 110] Local SpMV time: 0.000020 s
[Rank 25] Local SpMV time: 0.000023 s
[Rank 37] Local SpMV time: 0.000017 s
[Rank 99] Local SpMV time: 0.000020 s
[Rank 82] Local SpMV time: 0.000016 s
[Rank 40] Local SpMV time: 0.000021 s
[Rank 34] Local SpMV time: 0.000017 s
[Rank 60] Local SpMV time: 0.000022 s
[Rank 88] Local SpMV time: 0.000022 s
[Rank 92] Local SpMV time: 0.000022 s
[Rank 24] Local SpMV time: 0.000025 s
[Rank 18] Local SpMV time: 0.000015 s
[Rank 111] Local SpMV time: 0.000015 s
[Rank 94] Local SpMV time: 0.000022 s
[Rank 42] Local SpMV time: 0.000014 s
[Rank 13] Local SpMV time: 0.000021 s
[Rank 91] Local SpMV time: 0.000020 s
[Rank 76] Local SpMV time: 0.000019 s
[Rank 7] Local SpMV time: 0.000021 s
[Rank 14] Local SpMV time: 0.000021 s
[Rank 36] Local SpMV time: 0.000022 s
[Rank 61] Local SpMV time: 0.000020 s
[Rank 21] Local SpMV time: 0.000018 s
[Rank 118] Local SpMV time: 0.000020 s
[Rank 22] Local SpMV time: 0.000021 s
[Rank 105] Local SpMV time: 0.000019 s
[Rank 20] Local SpMV time: 0.000021 s
[Rank 33] Local SpMV time: 0.000020 s
[Rank 31] Local SpMV time: 0.000019 s
[Rank 78] Local SpMV time: 0.000016 s
[Rank 43] Local SpMV time: 0.000021 s
[Rank 8] Local SpMV time: 0.000022 s
[Rank 63] Local SpMV time: 0.000019 s
[Rank 108] Local SpMV time: 0.000021 s
[Rank 23] Local SpMV time: 0.000020 s
[Rank 4] Local SpMV time: 0.000019 s
[Rank 64] Local SpMV time: 0.000016 s
[Rank 29] Local SpMV time: 0.000020 s
[Rank 90] Local SpMV time: 0.000015 s
[Rank 52] Local SpMV time: 0.000020 s
[Rank 28] Local SpMV time: 0.000020 s
[Rank 27] Local SpMV time: 0.000022 s
[Rank 12] Local SpMV time: 0.000022 s
[Rank 9] Local SpMV time: 0.000019 s
[Rank 32] Local SpMV time: 0.000021 s
[Rank 112] Local SpMV time: 0.000019 s
[Rank 116] Local SpMV time: 0.000021 s
[Rank 3] Local SpMV time: 0.000019 s
[Rank 100] Local SpMV time: 0.000021 s
[Rank 124] Local SpMV time: 0.000017 s
[Rank 106] Local SpMV time: 0.000021 s
[Rank 107] Local SpMV time: 0.000019 s
[Rank 96] Local SpMV time: 0.000022 s
[Rank 101] Local SpMV time: 0.000018 s
[Rank 6] Local SpMV time: 0.000017 s
[Rank 83] Local SpMV time: 0.000020 s
[Rank 98] Local SpMV time: 0.000021 s
[Rank 85] Local SpMV time: 0.000016 s
[Rank 104] Local SpMV time: 0.000019 s
[Rank 117] Local SpMV time: 0.000014 s
[Rank 17] Local SpMV time: 0.000017 s
[Rank 109] Local SpMV time: 0.000017 s
[Rank 26] Local SpMV time: 0.000023 s
[Rank 45] Local SpMV time: 0.000016 s
[Rank 10] Local SpMV time: 0.000024 s
[Rank 39] Local SpMV time: 0.000016 s
[Rank 46] Local SpMV time: 0.000021 s
[Rank 5] Local SpMV time: 0.000020 s
[Rank 48] Local SpMV time: 0.000014 s
[Rank 2] Local SpMV time: 0.000021 s
[Rank 59] Local SpMV time: 0.000020 s
[Rank 93] Local SpMV time: 0.000015 s
[Rank 54] Local SpMV time: 0.000020 s
[Rank 95] Local SpMV time: 0.000018 s
[Rank 16] Local SpMV time: 0.000016 s
[Rank 77] Local SpMV time: 0.000018 s
[Rank 74] Local SpMV time: 0.000021 s
[Rank 41] Local SpMV time: 0.000019 s
[Rank 80] Local SpMV time: 0.000021 s
[Rank 84] Local SpMV time: 0.000021 s
[Rank 0] Local SpMV time: 0.000022 s
[Rank 89] Local SpMV time: 0.000020 s
[Rank 121] Local SpMV time: 0.000012 s
[Rank 11] Local SpMV time: 0.000020 s
[Rank 56] Local SpMV time: 0.000022 s
[Rank 71] Local SpMV time: 0.000015 s
[Rank 103] Local SpMV time: 0.000019 s
[Rank 114] Local SpMV time: 0.000020 s
[Rank 15] Local SpMV time: 0.000021 s
[Rank 122] Local SpMV time: 0.000019 s
[Rank 19] Local SpMV time: 0.000016 s
[Rank 70] Local SpMV time: 0.000021 s
[Rank 68] Local SpMV time: 0.000015 s
[Rank 1] Local SpMV time: 0.000021 s
[Rank 62] Local SpMV time: 0.000016 s
[Rank 47] Local SpMV time: 0.000015 s
[Rank 44] Local SpMV time: 0.000020 s
[Rank 58] Local SpMV time: 0.000023 s
[Rank 75] Local SpMV time: 0.000019 s
[Rank 49] Local SpMV time: 0.000018 s
[Rank 66] Local SpMV time: 0.000020 s
[Rank 119] Local SpMV time: 0.000017 s
[Rank 57] Local SpMV time: 0.000017 s
[Rank 123] Local SpMV time: 0.000015 s
[Rank 86] Local SpMV time: 0.000021 s
[Rank 87] Local SpMV time: 0.000019 s
[Rank 115] Local SpMV time: 0.000018 s
[Rank 113] Local SpMV time: 0.000014 s
[Rank 120] Local SpMV time: 0.000018 s
[Rank 51] Local SpMV time: 0.000019 s
[Rank 55] Local SpMV time: 0.000022 s
[Rank 81] Local SpMV time: 0.000018 s
[Rank 50] Local SpMV time: 0.000023 s
[Rank 97] Local SpMV time: 0.000020 s
[Rank 72] Local SpMV time: 0.000021 s
[Rank 53] Local SpMV time: 0.000018 s
[Rank 79] Local SpMV time: 0.000018 s
[Rank 69] Local SpMV time: 0.000019 s
[Rank 67] Local SpMV time: 0.000019 s
[Rank 73] Local SpMV time: 0.000019 s
[Rank 65] Local SpMV time: 0.000015 s

-----------------------------------------------------------------------------------------------
  P |  Time(s) | Comp% | Comm% |  GFLOP/s | Speedup |  Eff% | Mem(MiB) | NNZ min | NNZ avg | NNZ max
-----------------------------------------------------------------------------------------------
128 |   3.5841 |   0.0 | 128.7 |     0.000 |    0.00 |   0.00 |     0.00 |       0 |     75.0 |     113
Global FLOPs per SpMV: 19192

