Strong scaling results for bcsstk05.mtx
Date: Fri Jan  2 12:36:16 CET 2026
----------------------------------------

[Rank 0] Matrix: 153 x 153, nnz=1288 | 1D cyclic rows over P=1
[Rank 0] Local SpMV time: 0.012654 s

-----------------------------------------------------------------------------------------------
  P |  Time(s) | Comp% | Comm% |  GFLOP/s | Speedup |  Eff% | Mem(MiB) | NNZ min | NNZ avg | NNZ max
-----------------------------------------------------------------------------------------------
  1 |   0.0127 |  99.7 |   0.1 |     0.000 |    N/A   |   N/A  |     0.07 |    2423 |   2423.0 |    2423
Global FLOPs per SpMV: 4846
BASELINE_T1=0.0127

----------------------------------------
np=2, OMP_NUM_THREADS=64
----------------------------------------
[Rank 0] Matrix: 153 x 153, nnz=1288 | 1D cyclic rows over P=2
[Rank 0] Local SpMV time: 0.017287 s
[Rank 1] Local SpMV time: 0.032840 s

-----------------------------------------------------------------------------------------------
  P |  Time(s) | Comp% | Comm% |  GFLOP/s | Speedup |  Eff% | Mem(MiB) | NNZ min | NNZ avg | NNZ max
-----------------------------------------------------------------------------------------------
  2 |   0.0330 |  99.6 |  47.8 |     0.000 |    0.39 |  19.26 |     0.03 |     581 |    899.5 |    1218
Global FLOPs per SpMV: 3598

----------------------------------------
np=4, OMP_NUM_THREADS=32
----------------------------------------
[Rank 0] Matrix: 153 x 153, nnz=1288 | 1D cyclic rows over P=4
[Rank 1] Local SpMV time: 0.000831 s
[Rank 0] Local SpMV time: 0.008234 s
[Rank 2] Local SpMV time: 0.015622 s
[Rank 3] Local SpMV time: 0.027135 s

-----------------------------------------------------------------------------------------------
  P |  Time(s) | Comp% | Comm% |  GFLOP/s | Speedup |  Eff% | Mem(MiB) | NNZ min | NNZ avg | NNZ max
-----------------------------------------------------------------------------------------------
  4 |   0.0272 |  99.9 | 182.9 |     0.000 |    0.47 |  11.69 |     0.02 |     143 |    370.8 |     614
Global FLOPs per SpMV: 2966

----------------------------------------
np=8, OMP_NUM_THREADS=16
----------------------------------------
[Rank 0] Matrix: 153 x 153, nnz=1288 | 1D cyclic rows over P=8
[Rank 0] Local SpMV time: 0.003122 s
[Rank 1] Local SpMV time: 0.007374 s
[Rank 2] Local SpMV time: 0.022999 s
[Rank 5] Local SpMV time: 0.000386 s
[Rank 4] Local SpMV time: 0.022907 s
[Rank 3] Local SpMV time: 0.000393 s
[Rank 7] Local SpMV time: 0.007313 s
[Rank 6] Local SpMV time: 0.018013 s

-----------------------------------------------------------------------------------------------
  P |  Time(s) | Comp% | Comm% |  GFLOP/s | Speedup |  Eff% | Mem(MiB) | NNZ min | NNZ avg | NNZ max
-----------------------------------------------------------------------------------------------
  8 |   0.0354 |  65.0 | 205.7 |     0.000 |    0.36 |   4.48 |     0.01 |      36 |    166.6 |     306
Global FLOPs per SpMV: 2666

----------------------------------------
np=16, OMP_NUM_THREADS=8
----------------------------------------
[Rank 0] Matrix: 153 x 153, nnz=1288 | 1D cyclic rows over P=16
[Rank 3] Local SpMV time: 0.000256 s
[Rank 0] Local SpMV time: 0.004514 s
[Rank 1] Local SpMV time: 0.012030 s
[Rank 8] Local SpMV time: 0.000363 s
[Rank 9] Local SpMV time: 0.000329 s
[Rank 4] Local SpMV time: 0.000803 s
[Rank 5] Local SpMV time: 0.004465 s
[Rank 6] Local SpMV time: 0.001117 s
[Rank 7] Local SpMV time: 0.000888 s
[Rank 2] Local SpMV time: 0.001476 s
[Rank 13] Local SpMV time: 0.000236 s
[Rank 10] Local SpMV time: 0.000342 s
[Rank 15] Local SpMV time: 0.000522 s
[Rank 12] Local SpMV time: 0.000833 s
[Rank 11] Local SpMV time: 0.004002 s
[Rank 14] Local SpMV time: 0.003279 s

-----------------------------------------------------------------------------------------------
  P |  Time(s) | Comp% | Comm% |  GFLOP/s | Speedup |  Eff% | Mem(MiB) | NNZ min | NNZ avg | NNZ max
-----------------------------------------------------------------------------------------------
 16 |   0.0121 |  99.5 | 682.1 |     0.000 |    1.05 |   6.57 |     0.01 |       7 |     80.1 |     153
Global FLOPs per SpMV: 2562

----------------------------------------
np=32, OMP_NUM_THREADS=4
----------------------------------------
[Rank 0] Matrix: 153 x 153, nnz=1288 | 1D cyclic rows over P=32
[Rank 0] Local SpMV time: 0.002236 s
[Rank 1] Local SpMV time: 0.004054 s
[Rank 2] Local SpMV time: 0.004133 s
[Rank 5] Local SpMV time: 0.003963 s
[Rank 3] Local SpMV time: 0.000258 s
[Rank 7] Local SpMV time: 0.000121 s
[Rank 16] Local SpMV time: 0.007391 s
[Rank 8] Local SpMV time: 0.003726 s
[Rank 17] Local SpMV time: 0.000147 s
[Rank 9] Local SpMV time: 0.000156 s
[Rank 21] Local SpMV time: 0.000144 s
[Rank 19] Local SpMV time: 0.000448 s
[Rank 13] Local SpMV time: 0.000242 s
[Rank 23] Local SpMV time: 0.004429 s
[Rank 15] Local SpMV time: 0.000168 s
[Rank 11] Local SpMV time: 0.000158 s
[Rank 4] Local SpMV time: 0.067861 s
[Rank 25] Local SpMV time: 0.000438 s
[Rank 6] Local SpMV time: 0.063991 s
[Rank 12] Local SpMV time: 0.063957 s
[Rank 14] Local SpMV time: 0.063969 s
[Rank 29] Local SpMV time: 0.004087 s
[Rank 31] Local SpMV time: 0.000353 s
[Rank 10] Local SpMV time: 0.067978 s
[Rank 20] Local SpMV time: 0.063976 s
[Rank 27] Local SpMV time: 0.004070 s
[Rank 18] Local SpMV time: 0.067855 s
[Rank 28] Local SpMV time: 0.002528 s
[Rank 30] Local SpMV time: 0.002806 s
[Rank 26] Local SpMV time: 0.001028 s
[Rank 22] Local SpMV time: 0.063976 s
[Rank 24] Local SpMV time: 0.067872 s

-----------------------------------------------------------------------------------------------
  P |  Time(s) | Comp% | Comm% |  GFLOP/s | Speedup |  Eff% | Mem(MiB) | NNZ min | NNZ avg | NNZ max
-----------------------------------------------------------------------------------------------
 32 |   0.0680 |  99.9 | 376.3 |     0.000 |    0.19 |   0.58 |     0.00 |       0 |     37.8 |      77
Global FLOPs per SpMV: 2418

----------------------------------------
np=64, OMP_NUM_THREADS=2
----------------------------------------
[Rank 0] Matrix: 153 x 153, nnz=1288 | 1D cyclic rows over P=64
[Rank 0] Local SpMV time: 0.007979 s
[Rank 16] Local SpMV time: 0.000063 s
[Rank 32] Local SpMV time: 0.000101 s
[Rank 4] Local SpMV time: 0.000391 s
[Rank 48] Local SpMV time: 0.000665 s
[Rank 20] Local SpMV time: 0.004884 s
[Rank 24] Local SpMV time: 0.000045 s
[Rank 1] Local SpMV time: 0.000118 s
[Rank 26] Local SpMV time: 0.000128 s
[Rank 52] Local SpMV time: 0.004348 s
[Rank 8] Local SpMV time: 0.000680 s
[Rank 34] Local SpMV time: 0.000092 s
[Rank 5] Local SpMV time: 0.000128 s
[Rank 54] Local SpMV time: 0.000093 s
[Rank 18] Local SpMV time: 0.000383 s
[Rank 6] Local SpMV time: 0.004611 s
[Rank 2] Local SpMV time: 0.000053 s
[Rank 22] Local SpMV time: 0.000098 s
[Rank 56] Local SpMV time: 0.000381 s
[Rank 40] Local SpMV time: 0.004600 s
[Rank 9] Local SpMV time: 0.008018 s
[Rank 36] Local SpMV time: 0.004010 s
[Rank 38] Local SpMV time: 0.000048 s
[Rank 28] Local SpMV time: 0.000324 s
[Rank 33] Local SpMV time: 0.000069 s
[Rank 60] Local SpMV time: 0.004544 s
[Rank 13] Local SpMV time: 0.000294 s
[Rank 50] Local SpMV time: 0.004868 s
[Rank 17] Local SpMV time: 0.004412 s
[Rank 11] Local SpMV time: 0.000703 s
[Rank 21] Local SpMV time: 0.000925 s
[Rank 3] Local SpMV time: 0.001118 s
[Rank 44] Local SpMV time: 0.000092 s
[Rank 7] Local SpMV time: 0.003961 s
[Rank 12] Local SpMV time: 0.000058 s
[Rank 49] Local SpMV time: 0.000192 s
[Rank 19] Local SpMV time: 0.004317 s
[Rank 10] Local SpMV time: 0.004007 s
[Rank 53] Local SpMV time: 0.000047 s
[Rank 58] Local SpMV time: 0.000053 s
[Rank 23] Local SpMV time: 0.000244 s
[Rank 30] Local SpMV time: 0.000058 s
[Rank 62] Local SpMV time: 0.004003 s
[Rank 25] Local SpMV time: 0.000101 s
[Rank 35] Local SpMV time: 0.000327 s
[Rank 55] Local SpMV time: 0.000149 s
[Rank 42] Local SpMV time: 0.004046 s
[Rank 37] Local SpMV time: 0.004277 s
[Rank 14] Local SpMV time: 0.000334 s
[Rank 15] Local SpMV time: 0.000585 s
[Rank 27] Local SpMV time: 0.004700 s
[Rank 51] Local SpMV time: 0.000995 s
[Rank 57] Local SpMV time: 0.000057 s
[Rank 46] Local SpMV time: 0.000067 s
[Rank 29] Local SpMV time: 0.000273 s
[Rank 39] Local SpMV time: 0.011933 s
[Rank 41] Local SpMV time: 0.016075 s
[Rank 61] Local SpMV time: 0.000107 s
[Rank 43] Local SpMV time: 0.000128 s
[Rank 59] Local SpMV time: 0.004278 s
[Rank 31] Local SpMV time: 0.000057 s
[Rank 63] Local SpMV time: 0.000061 s
[Rank 45] Local SpMV time: 0.004033 s
[Rank 47] Local SpMV time: 0.000073 s

-----------------------------------------------------------------------------------------------
  P |  Time(s) | Comp% | Comm% |  GFLOP/s | Speedup |  Eff% | Mem(MiB) | NNZ min | NNZ avg | NNZ max
-----------------------------------------------------------------------------------------------
 64 |   0.0161 |  99.8 | 5581.3 |     0.000 |    0.79 |   1.23 |     0.00 |       0 |     17.8 |      46
Global FLOPs per SpMV: 2284

----------------------------------------
np=128, OMP_NUM_THREADS=1
----------------------------------------
[Rank 0] Matrix: 153 x 153, nnz=1288 | 1D cyclic rows over P=128
[Rank 0] Local SpMV time: 0.000025 s
[Rank 16] Local SpMV time: 0.000023 s
[Rank 4] Local SpMV time: 0.000019 s
[Rank 64] Local SpMV time: 0.000021 s
[Rank 24] Local SpMV time: 0.000016 s
[Rank 32] Local SpMV time: 0.000016 s
[Rank 26] Local SpMV time: 0.000018 s
[Rank 1] Local SpMV time: 0.000027 s
[Rank 20] Local SpMV time: 0.000016 s
[Rank 8] Local SpMV time: 0.000016 s
[Rank 80] Local SpMV time: 0.000015 s
[Rank 2] Local SpMV time: 0.000013 s
[Rank 96] Local SpMV time: 0.000015 s
[Rank 18] Local SpMV time: 0.000012 s
[Rank 6] Local SpMV time: 0.000016 s
[Rank 68] Local SpMV time: 0.000016 s
[Rank 65] Local SpMV time: 0.000019 s
[Rank 9] Local SpMV time: 0.000015 s
[Rank 3] Local SpMV time: 0.000015 s
[Rank 5] Local SpMV time: 0.000015 s
[Rank 34] Local SpMV time: 0.000019 s
[Rank 72] Local SpMV time: 0.000016 s
[Rank 104] Local SpMV time: 0.000015 s
[Rank 82] Local SpMV time: 0.000016 s
[Rank 74] Local SpMV time: 0.000017 s
[Rank 11] Local SpMV time: 0.000014 s
[Rank 28] Local SpMV time: 0.000020 s
[Rank 69] Local SpMV time: 0.000015 s
[Rank 10] Local SpMV time: 0.000013 s
[Rank 22] Local SpMV time: 0.000016 s
[Rank 71] Local SpMV time: 0.000012 s
[Rank 40] Local SpMV time: 0.000015 s
[Rank 13] Local SpMV time: 0.000016 s
[Rank 33] Local SpMV time: 0.000016 s
[Rank 44] Local SpMV time: 0.000014 s
[Rank 17] Local SpMV time: 0.000015 s
[Rank 12] Local SpMV time: 0.000015 s
[Rank 21] Local SpMV time: 0.000017 s
[Rank 76] Local SpMV time: 0.000016 s
[Rank 84] Local SpMV time: 0.000015 s
[Rank 41] Local SpMV time: 0.000015 s
[Rank 88] Local SpMV time: 0.000019 s
[Rank 15] Local SpMV time: 0.000012 s
[Rank 7] Local SpMV time: 0.000015 s
[Rank 73] Local SpMV time: 0.000016 s
[Rank 66] Local SpMV time: 0.000016 s
[Rank 67] Local SpMV time: 0.000015 s
[Rank 19] Local SpMV time: 0.000016 s
[Rank 37] Local SpMV time: 0.000014 s
[Rank 108] Local SpMV time: 0.000015 s
[Rank 70] Local SpMV time: 0.000020 s
[Rank 35] Local SpMV time: 0.000016 s
[Rank 42] Local SpMV time: 0.000016 s
[Rank 100] Local SpMV time: 0.000016 s
[Rank 98] Local SpMV time: 0.000015 s
[Rank 81] Local SpMV time: 0.000016 s
[Rank 36] Local SpMV time: 0.000017 s
[Rank 48] Local SpMV time: 0.000017 s
[Rank 77] Local SpMV time: 0.000016 s
[Rank 46] Local SpMV time: 0.000014 s
[Rank 43] Local SpMV time: 0.000016 s
[Rank 79] Local SpMV time: 0.000013 s
[Rank 30] Local SpMV time: 0.000015 s
[Rank 49] Local SpMV time: 0.000017 s
[Rank 112] Local SpMV time: 0.000016 s
[Rank 57] Local SpMV time: 0.000012 s
[Rank 97] Local SpMV time: 0.000015 s
[Rank 45] Local SpMV time: 0.000015 s
[Rank 106] Local SpMV time: 0.000013 s
[Rank 99] Local SpMV time: 0.000015 s
[Rank 116] Local SpMV time: 0.000021 s
[Rank 90] Local SpMV time: 0.000018 s
[Rank 61] Local SpMV time: 0.000011 s
[Rank 120] Local SpMV time: 0.000015 s
[Rank 114] Local SpMV time: 0.000017 s
[Rank 110] Local SpMV time: 0.000016 s
[Rank 75] Local SpMV time: 0.000012 s
[Rank 92] Local SpMV time: 0.000015 s
[Rank 59] Local SpMV time: 0.000015 s
[Rank 86] Local SpMV time: 0.000017 s
[Rank 14] Local SpMV time: 0.000012 s
[Rank 78] Local SpMV time: 0.000016 s
[Rank 101] Local SpMV time: 0.000015 s
[Rank 23] Local SpMV time: 0.000013 s
[Rank 56] Local SpMV time: 0.000016 s
[Rank 89] Local SpMV time: 0.000012 s
[Rank 52] Local SpMV time: 0.000015 s
[Rank 85] Local SpMV time: 0.000011 s
[Rank 91] Local SpMV time: 0.000011 s
[Rank 94] Local SpMV time: 0.000015 s
[Rank 25] Local SpMV time: 0.000015 s
[Rank 27] Local SpMV time: 0.000016 s
[Rank 60] Local SpMV time: 0.000016 s
[Rank 47] Local SpMV time: 0.000015 s
[Rank 51] Local SpMV time: 0.000015 s
[Rank 38] Local SpMV time: 0.000017 s
[Rank 122] Local SpMV time: 0.000018 s
[Rank 29] Local SpMV time: 0.000016 s
[Rank 124] Local SpMV time: 0.000017 s
[Rank 50] Local SpMV time: 0.000016 s
[Rank 87] Local SpMV time: 0.000015 s
[Rank 118] Local SpMV time: 0.000015 s
[Rank 62] Local SpMV time: 0.000016 s
[Rank 53] Local SpMV time: 0.000013 s
[Rank 54] Local SpMV time: 0.000015 s
[Rank 39] Local SpMV time: 0.000016 s
[Rank 102] Local SpMV time: 0.000016 s
[Rank 105] Local SpMV time: 0.000016 s
[Rank 83] Local SpMV time: 0.000013 s
[Rank 107] Local SpMV time: 0.000015 s
[Rank 113] Local SpMV time: 0.000012 s
[Rank 63] Local SpMV time: 0.000012 s
[Rank 93] Local SpMV time: 0.000012 s
[Rank 58] Local SpMV time: 0.000022 s
[Rank 55] Local SpMV time: 0.000015 s
[Rank 103] Local SpMV time: 0.000012 s
[Rank 121] Local SpMV time: 0.000015 s
[Rank 125] Local SpMV time: 0.000018 s
[Rank 115] Local SpMV time: 0.000014 s
[Rank 95] Local SpMV time: 0.000013 s
[Rank 31] Local SpMV time: 0.000016 s
[Rank 123] Local SpMV time: 0.000017 s
[Rank 126] Local SpMV time: 0.000026 s
[Rank 109] Local SpMV time: 0.000013 s
[Rank 117] Local SpMV time: 0.000012 s
[Rank 111] Local SpMV time: 0.000016 s
[Rank 127] Local SpMV time: 0.000016 s
[Rank 119] Local SpMV time: 0.000015 s

-----------------------------------------------------------------------------------------------
  P |  Time(s) | Comp% | Comm% |  GFLOP/s | Speedup |  Eff% | Mem(MiB) | NNZ min | NNZ avg | NNZ max
-----------------------------------------------------------------------------------------------
128 |   0.0001 |  29.7 | 1974132.3 |     0.011 |  139.81 | 109.23 |     0.00 |       0 |      4.0 |      39
Global FLOPs per SpMV: 1018

