Strong scaling results for dataset20mfeatpixel_10NN.mtx
Date: Fri Jan  2 12:42:26 CET 2026
----------------------------------------

[Rank 0] Matrix: 2000 x 2000, nnz=13966 | 1D cyclic rows over P=1
[Rank 0] Local SpMV time: 0.012307 s

-----------------------------------------------------------------------------------------------
  P |  Time(s) | Comp% | Comm% |  GFLOP/s | Speedup |  Eff% | Mem(MiB) | NNZ min | NNZ avg | NNZ max
-----------------------------------------------------------------------------------------------
  1 |   0.0123 |  99.7 |   0.1 |     0.005 |    N/A   |   N/A  |     0.78 |   27932 |  27932.0 |   27932
Global FLOPs per SpMV: 55864
BASELINE_T1=0.0123

----------------------------------------
np=2, OMP_NUM_THREADS=64
----------------------------------------
[Rank 0] Matrix: 2000 x 2000, nnz=13966 | 1D cyclic rows over P=2
[Rank 1] Local SpMV time: 0.002182 s
[Rank 0] Local SpMV time: 0.010783 s

-----------------------------------------------------------------------------------------------
  P |  Time(s) | Comp% | Comm% |  GFLOP/s | Speedup |  Eff% | Mem(MiB) | NNZ min | NNZ avg | NNZ max
-----------------------------------------------------------------------------------------------
  2 |   0.0108 |  99.5 |   4.9 |     0.003 |    1.13 |  56.74 |     0.28 |    6810 |   8128.0 |    9446
Global FLOPs per SpMV: 32512

----------------------------------------
np=4, OMP_NUM_THREADS=32
----------------------------------------
[Rank 0] Matrix: 2000 x 2000, nnz=13966 | 1D cyclic rows over P=4
[Rank 1] Local SpMV time: 0.000977 s
[Rank 0] Local SpMV time: 0.005868 s
[Rank 2] Local SpMV time: 0.022693 s
[Rank 3] Local SpMV time: 0.027129 s

-----------------------------------------------------------------------------------------------
  P |  Time(s) | Comp% | Comm% |  GFLOP/s | Speedup |  Eff% | Mem(MiB) | NNZ min | NNZ avg | NNZ max
-----------------------------------------------------------------------------------------------
  4 |   0.0272 |  99.8 | 224.4 |     0.001 |    0.45 |  11.31 |     0.10 |    1685 |   2620.2 |    3068
Global FLOPs per SpMV: 20962

----------------------------------------
np=8, OMP_NUM_THREADS=16
----------------------------------------
[Rank 0] Matrix: 2000 x 2000, nnz=13966 | 1D cyclic rows over P=8
[Rank 1] Local SpMV time: 0.000905 s
[Rank 5] Local SpMV time: 0.000621 s
[Rank 0] Local SpMV time: 0.009977 s
[Rank 3] Local SpMV time: 0.024516 s
[Rank 2] Local SpMV time: 0.023306 s
[Rank 4] Local SpMV time: 0.032206 s
[Rank 7] Local SpMV time: 0.038634 s
[Rank 6] Local SpMV time: 0.026541 s

-----------------------------------------------------------------------------------------------
  P |  Time(s) | Comp% | Comm% |  GFLOP/s | Speedup |  Eff% | Mem(MiB) | NNZ min | NNZ avg | NNZ max
-----------------------------------------------------------------------------------------------
  8 |   0.0581 |  66.5 | 177.3 |     0.000 |    0.21 |   2.65 |     0.05 |     435 |    923.0 |    1097
Global FLOPs per SpMV: 14768

----------------------------------------
np=16, OMP_NUM_THREADS=8
----------------------------------------
[Rank 0] Matrix: 2000 x 2000, nnz=13966 | 1D cyclic rows over P=16
[Rank 1] Local SpMV time: 0.000269 s
[Rank 9] Local SpMV time: 0.004181 s
[Rank 3] Local SpMV time: 0.004349 s
[Rank 5] Local SpMV time: 0.000233 s
[Rank 0] Local SpMV time: 0.000722 s
[Rank 11] Local SpMV time: 0.000526 s
[Rank 2] Local SpMV time: 0.005448 s
[Rank 13] Local SpMV time: 0.000794 s
[Rank 4] Local SpMV time: 0.002342 s
[Rank 6] Local SpMV time: 0.003069 s
[Rank 15] Local SpMV time: 0.004158 s
[Rank 8] Local SpMV time: 0.000634 s
[Rank 7] Local SpMV time: 0.000244 s
[Rank 12] Local SpMV time: 0.001316 s
[Rank 14] Local SpMV time: 0.008015 s
[Rank 10] Local SpMV time: 0.000440 s

-----------------------------------------------------------------------------------------------
  P |  Time(s) | Comp% | Comm% |  GFLOP/s | Speedup |  Eff% | Mem(MiB) | NNZ min | NNZ avg | NNZ max
-----------------------------------------------------------------------------------------------
 16 |   0.0361 |  22.2 | 340.8 |     0.000 |    0.34 |   2.13 |     0.03 |     119 |    358.6 |     453
Global FLOPs per SpMV: 11474

----------------------------------------
np=32, OMP_NUM_THREADS=4
----------------------------------------
[Rank 0] Matrix: 2000 x 2000, nnz=13966 | 1D cyclic rows over P=32
[Rank 1] Local SpMV time: 0.007995 s
[Rank 9] Local SpMV time: 0.004073 s
[Rank 17] Local SpMV time: 0.003978 s
[Rank 13] Local SpMV time: 0.000151 s
[Rank 3] Local SpMV time: 0.000159 s
[Rank 19] Local SpMV time: 0.000441 s
[Rank 5] Local SpMV time: 0.000696 s
[Rank 0] Local SpMV time: 0.063931 s
[Rank 29] Local SpMV time: 0.002538 s
[Rank 2] Local SpMV time: 0.064003 s
[Rank 23] Local SpMV time: 0.000147 s
[Rank 15] Local SpMV time: 0.000144 s
[Rank 20] Local SpMV time: 0.059939 s
[Rank 7] Local SpMV time: 0.004039 s
[Rank 18] Local SpMV time: 0.071753 s
[Rank 16] Local SpMV time: 0.075954 s
[Rank 11] Local SpMV time: 0.067744 s
[Rank 8] Local SpMV time: 0.075937 s
[Rank 21] Local SpMV time: 0.071832 s
[Rank 10] Local SpMV time: 0.079793 s
[Rank 25] Local SpMV time: 0.063939 s
[Rank 4] Local SpMV time: 0.063978 s
[Rank 27] Local SpMV time: 0.063972 s
[Rank 31] Local SpMV time: 0.004066 s
[Rank 24] Local SpMV time: 0.063972 s
[Rank 6] Local SpMV time: 0.063990 s
[Rank 28] Local SpMV time: 0.067906 s
[Rank 14] Local SpMV time: 0.068976 s
[Rank 30] Local SpMV time: 0.070499 s
[Rank 22] Local SpMV time: 0.069964 s
[Rank 12] Local SpMV time: 0.139968 s
[Rank 26] Local SpMV time: 0.063989 s

-----------------------------------------------------------------------------------------------
  P |  Time(s) | Comp% | Comm% |  GFLOP/s | Speedup |  Eff% | Mem(MiB) | NNZ min | NNZ avg | NNZ max
-----------------------------------------------------------------------------------------------
 32 |   0.1920 |  72.9 | 197.9 |     0.000 |    0.06 |   0.20 |     0.02 |      22 |    156.3 |     198
Global FLOPs per SpMV: 10004

----------------------------------------
np=64, OMP_NUM_THREADS=2
----------------------------------------
[Rank 0] Matrix: 2000 x 2000, nnz=13966 | 1D cyclic rows over P=64
[Rank 1] Local SpMV time: 0.007926 s
[Rank 9] Local SpMV time: 0.000217 s
[Rank 3] Local SpMV time: 0.000444 s
[Rank 5] Local SpMV time: 0.004550 s
[Rank 0] Local SpMV time: 0.000207 s
[Rank 2] Local SpMV time: 0.004389 s
[Rank 8] Local SpMV time: 0.000065 s
[Rank 12] Local SpMV time: 0.003997 s
[Rank 14] Local SpMV time: 0.000115 s
[Rank 10] Local SpMV time: 0.000139 s
[Rank 13] Local SpMV time: 0.000085 s
[Rank 32] Local SpMV time: 0.004008 s
[Rank 7] Local SpMV time: 0.000163 s
[Rank 11] Local SpMV time: 0.004265 s
[Rank 17] Local SpMV time: 0.000062 s
[Rank 34] Local SpMV time: 0.004056 s
[Rank 33] Local SpMV time: 0.007976 s
[Rank 16] Local SpMV time: 0.008008 s
[Rank 4] Local SpMV time: 0.000318 s
[Rank 6] Local SpMV time: 0.007914 s
[Rank 15] Local SpMV time: 0.000102 s
[Rank 24] Local SpMV time: 0.000068 s
[Rank 48] Local SpMV time: 0.003956 s
[Rank 49] Local SpMV time: 0.003981 s
[Rank 51] Local SpMV time: 0.004128 s
[Rank 25] Local SpMV time: 0.007992 s
[Rank 52] Local SpMV time: 0.000069 s
[Rank 19] Local SpMV time: 0.000294 s
[Rank 53] Local SpMV time: 0.007864 s
[Rank 26] Local SpMV time: 0.000071 s
[Rank 40] Local SpMV time: 0.003928 s
[Rank 35] Local SpMV time: 0.000057 s
[Rank 36] Local SpMV time: 0.004025 s
[Rank 37] Local SpMV time: 0.000249 s
[Rank 21] Local SpMV time: 0.003954 s
[Rank 54] Local SpMV time: 0.000071 s
[Rank 18] Local SpMV time: 0.000350 s
[Rank 50] Local SpMV time: 0.004555 s
[Rank 44] Local SpMV time: 0.000918 s
[Rank 41] Local SpMV time: 0.003941 s
[Rank 20] Local SpMV time: 0.005129 s
[Rank 55] Local SpMV time: 0.000230 s
[Rank 56] Local SpMV time: 0.000068 s
[Rank 29] Local SpMV time: 0.003954 s
[Rank 58] Local SpMV time: 0.000113 s
[Rank 57] Local SpMV time: 0.007931 s
[Rank 60] Local SpMV time: 0.007988 s
[Rank 27] Local SpMV time: 0.000244 s
[Rank 39] Local SpMV time: 0.004356 s
[Rank 28] Local SpMV time: 0.000077 s
[Rank 59] Local SpMV time: 0.008460 s
[Rank 23] Local SpMV time: 0.007966 s
[Rank 42] Local SpMV time: 0.000071 s
[Rank 38] Local SpMV time: 0.000346 s
[Rank 43] Local SpMV time: 0.003971 s
[Rank 61] Local SpMV time: 0.000154 s
[Rank 62] Local SpMV time: 0.000159 s
[Rank 46] Local SpMV time: 0.004358 s
[Rank 22] Local SpMV time: 0.000071 s
[Rank 45] Local SpMV time: 0.003955 s
[Rank 31] Local SpMV time: 0.000172 s
[Rank 30] Local SpMV time: 0.004001 s
[Rank 63] Local SpMV time: 0.008000 s
[Rank 47] Local SpMV time: 0.000119 s

-----------------------------------------------------------------------------------------------
  P |  Time(s) | Comp% | Comm% |  GFLOP/s | Speedup |  Eff% | Mem(MiB) | NNZ min | NNZ avg | NNZ max
-----------------------------------------------------------------------------------------------
 64 |   0.1361 |   6.2 | 659.9 |     0.000 |    0.09 |   0.14 |     0.02 |       7 |     70.3 |     111
Global FLOPs per SpMV: 9002

----------------------------------------
np=128, OMP_NUM_THREADS=1
----------------------------------------
[Rank 0] Matrix: 2000 x 2000, nnz=13966 | 1D cyclic rows over P=128
[Rank 1] Local SpMV time: 0.000025 s
[Rank 0] Local SpMV time: 0.000030 s
[Rank 3] Local SpMV time: 0.000017 s
[Rank 8] Local SpMV time: 0.000024 s
[Rank 33] Local SpMV time: 0.000016 s
[Rank 64] Local SpMV time: 0.000021 s
[Rank 9] Local SpMV time: 0.000016 s
[Rank 72] Local SpMV time: 0.000022 s
[Rank 65] Local SpMV time: 0.000015 s
[Rank 10] Local SpMV time: 0.000020 s
[Rank 5] Local SpMV time: 0.000011 s
[Rank 96] Local SpMV time: 0.000032 s
[Rank 67] Local SpMV time: 0.000016 s
[Rank 112] Local SpMV time: 0.000040 s
[Rank 49] Local SpMV time: 0.000015 s
[Rank 32] Local SpMV time: 0.000021 s
[Rank 11] Local SpMV time: 0.000015 s
[Rank 12] Local SpMV time: 0.000021 s
[Rank 57] Local SpMV time: 0.000016 s
[Rank 2] Local SpMV time: 0.000020 s
[Rank 7] Local SpMV time: 0.000016 s
[Rank 80] Local SpMV time: 0.000022 s
[Rank 59] Local SpMV time: 0.000015 s
[Rank 114] Local SpMV time: 0.000021 s
[Rank 35] Local SpMV time: 0.000016 s
[Rank 16] Local SpMV time: 0.000023 s
[Rank 37] Local SpMV time: 0.000015 s
[Rank 76] Local SpMV time: 0.000022 s
[Rank 69] Local SpMV time: 0.000015 s
[Rank 78] Local SpMV time: 0.000022 s
[Rank 53] Local SpMV time: 0.000015 s
[Rank 4] Local SpMV time: 0.000021 s
[Rank 39] Local SpMV time: 0.000012 s
[Rank 74] Local SpMV time: 0.000020 s
[Rank 17] Local SpMV time: 0.000015 s
[Rank 68] Local SpMV time: 0.000025 s
[Rank 13] Local SpMV time: 0.000016 s
[Rank 48] Local SpMV time: 0.000022 s
[Rank 97] Local SpMV time: 0.000016 s
[Rank 24] Local SpMV time: 0.000021 s
[Rank 73] Local SpMV time: 0.000015 s
[Rank 66] Local SpMV time: 0.000014 s
[Rank 81] Local SpMV time: 0.000015 s
[Rank 34] Local SpMV time: 0.000018 s
[Rank 21] Local SpMV time: 0.000015 s
[Rank 6] Local SpMV time: 0.000023 s
[Rank 51] Local SpMV time: 0.000016 s
[Rank 28] Local SpMV time: 0.000021 s
[Rank 83] Local SpMV time: 0.000016 s
[Rank 36] Local SpMV time: 0.000024 s
[Rank 19] Local SpMV time: 0.000016 s
[Rank 120] Local SpMV time: 0.000042 s
[Rank 99] Local SpMV time: 0.000016 s
[Rank 122] Local SpMV time: 0.000020 s
[Rank 113] Local SpMV time: 0.000016 s
[Rank 116] Local SpMV time: 0.000021 s
[Rank 41] Local SpMV time: 0.000012 s
[Rank 70] Local SpMV time: 0.000021 s
[Rank 45] Local SpMV time: 0.000016 s
[Rank 124] Local SpMV time: 0.000022 s
[Rank 15] Local SpMV time: 0.000016 s
[Rank 98] Local SpMV time: 0.000021 s
[Rank 77] Local SpMV time: 0.000017 s
[Rank 104] Local SpMV time: 0.000022 s
[Rank 61] Local SpMV time: 0.000016 s
[Rank 26] Local SpMV time: 0.000021 s
[Rank 23] Local SpMV time: 0.000017 s
[Rank 40] Local SpMV time: 0.000021 s
[Rank 75] Local SpMV time: 0.000016 s
[Rank 84] Local SpMV time: 0.000021 s
[Rank 121] Local SpMV time: 0.000015 s
[Rank 20] Local SpMV time: 0.000024 s
[Rank 117] Local SpMV time: 0.000015 s
[Rank 100] Local SpMV time: 0.000022 s
[Rank 55] Local SpMV time: 0.000017 s
[Rank 44] Local SpMV time: 0.000025 s
[Rank 25] Local SpMV time: 0.000016 s
[Rank 50] Local SpMV time: 0.000021 s
[Rank 123] Local SpMV time: 0.000016 s
[Rank 14] Local SpMV time: 0.000020 s
[Rank 29] Local SpMV time: 0.000016 s
[Rank 118] Local SpMV time: 0.000021 s
[Rank 71] Local SpMV time: 0.000016 s
[Rank 18] Local SpMV time: 0.000020 s
[Rank 85] Local SpMV time: 0.000012 s
[Rank 82] Local SpMV time: 0.000018 s
[Rank 101] Local SpMV time: 0.000016 s
[Rank 88] Local SpMV time: 0.000024 s
[Rank 31] Local SpMV time: 0.000016 s
[Rank 102] Local SpMV time: 0.000021 s
[Rank 105] Local SpMV time: 0.000016 s
[Rank 30] Local SpMV time: 0.000021 s
[Rank 87] Local SpMV time: 0.000018 s
[Rank 106] Local SpMV time: 0.000019 s
[Rank 115] Local SpMV time: 0.000016 s
[Rank 86] Local SpMV time: 0.000019 s
[Rank 89] Local SpMV time: 0.000015 s
[Rank 46] Local SpMV time: 0.000022 s
[Rank 43] Local SpMV time: 0.000015 s
[Rank 52] Local SpMV time: 0.000022 s
[Rank 125] Local SpMV time: 0.000015 s
[Rank 42] Local SpMV time: 0.000021 s
[Rank 63] Local SpMV time: 0.000011 s
[Rank 126] Local SpMV time: 0.000022 s
[Rank 109] Local SpMV time: 0.000015 s
[Rank 38] Local SpMV time: 0.000021 s
[Rank 47] Local SpMV time: 0.000016 s
[Rank 56] Local SpMV time: 0.000023 s
[Rank 79] Local SpMV time: 0.000018 s
[Rank 108] Local SpMV time: 0.000022 s
[Rank 103] Local SpMV time: 0.000016 s
[Rank 90] Local SpMV time: 0.000018 s
[Rank 127] Local SpMV time: 0.000015 s
[Rank 60] Local SpMV time: 0.000022 s
[Rank 119] Local SpMV time: 0.000015 s
[Rank 54] Local SpMV time: 0.000021 s
[Rank 93] Local SpMV time: 0.000017 s
[Rank 22] Local SpMV time: 0.000021 s
[Rank 111] Local SpMV time: 0.000017 s
[Rank 58] Local SpMV time: 0.000021 s
[Rank 27] Local SpMV time: 0.000015 s
[Rank 92] Local SpMV time: 0.000025 s
[Rank 91] Local SpMV time: 0.000014 s
[Rank 62] Local SpMV time: 0.000021 s
[Rank 107] Local SpMV time: 0.000016 s
[Rank 110] Local SpMV time: 0.000026 s
[Rank 95] Local SpMV time: 0.000017 s
[Rank 94] Local SpMV time: 0.000031 s

-----------------------------------------------------------------------------------------------
  P |  Time(s) | Comp% | Comm% |  GFLOP/s | Speedup |  Eff% | Mem(MiB) | NNZ min | NNZ avg | NNZ max
-----------------------------------------------------------------------------------------------
128 |   0.2561 |   0.0 | 748.0 |     0.000 |    0.05 |   0.04 |     0.02 |       0 |     34.4 |      72
Global FLOPs per SpMV: 8800

