Strong scaling results for nemeth05.mtx
Date: Fri Jan  2 12:48:04 CET 2026
----------------------------------------

[Rank 0] Matrix: 9506 x 9506, nnz=202157 | 1D cyclic rows over P=1
[Rank 0] Local SpMV time: 0.012465 s

-----------------------------------------------------------------------------------------------
  P |  Time(s) | Comp% | Comm% |  GFLOP/s | Speedup |  Eff% | Mem(MiB) | NNZ min | NNZ avg | NNZ max
-----------------------------------------------------------------------------------------------
  1 |   0.0126 |  99.1 |   0.2 |     0.063 |    N/A   |   N/A  |    10.72 |  394808 | 394808.0 |  394808
Global FLOPs per SpMV: 789616
BASELINE_T1=0.0126

----------------------------------------
np=2, OMP_NUM_THREADS=64
----------------------------------------
[Rank 0] Matrix: 9506 x 9506, nnz=202157 | 1D cyclic rows over P=2
[Rank 0] Local SpMV time: 0.017717 s
[Rank 1] Local SpMV time: 0.027983 s

-----------------------------------------------------------------------------------------------
  P |  Time(s) | Comp% | Comm% |  GFLOP/s | Speedup |  Eff% | Mem(MiB) | NNZ min | NNZ avg | NNZ max
-----------------------------------------------------------------------------------------------
  2 |   0.0289 |  96.8 |  41.6 |     0.014 |    0.44 |  21.80 |     2.84 |   97922 |  99776.0 |  101630
Global FLOPs per SpMV: 399104

----------------------------------------
np=4, OMP_NUM_THREADS=32
----------------------------------------
[Rank 0] Matrix: 9506 x 9506, nnz=202157 | 1D cyclic rows over P=4
[Rank 1] Local SpMV time: 0.001024 s
[Rank 0] Local SpMV time: 0.010858 s
[Rank 2] Local SpMV time: 0.018132 s
[Rank 3] Local SpMV time: 0.030142 s

-----------------------------------------------------------------------------------------------
  P |  Time(s) | Comp% | Comm% |  GFLOP/s | Speedup |  Eff% | Mem(MiB) | NNZ min | NNZ avg | NNZ max
-----------------------------------------------------------------------------------------------
  4 |   0.0562 |  53.6 |  90.8 |     0.004 |    0.22 |   5.60 |     0.80 |   24485 |  25446.8 |   26315
Global FLOPs per SpMV: 203574

----------------------------------------
np=8, OMP_NUM_THREADS=16
----------------------------------------
[Rank 0] Matrix: 9506 x 9506, nnz=202157 | 1D cyclic rows over P=8
[Rank 1] Local SpMV time: 0.000455 s
[Rank 5] Local SpMV time: 0.000342 s
[Rank 3] Local SpMV time: 0.000671 s
[Rank 7] Local SpMV time: 0.007071 s
[Rank 0] Local SpMV time: 0.016394 s
[Rank 2] Local SpMV time: 0.023084 s
[Rank 4] Local SpMV time: 0.017893 s
[Rank 6] Local SpMV time: 0.027101 s

-----------------------------------------------------------------------------------------------
  P |  Time(s) | Comp% | Comm% |  GFLOP/s | Speedup |  Eff% | Mem(MiB) | NNZ min | NNZ avg | NNZ max
-----------------------------------------------------------------------------------------------
  8 |   0.1060 |  25.6 | 157.0 |     0.001 |    0.12 |   1.49 |     0.27 |    6133 |   6612.6 |    7043
Global FLOPs per SpMV: 105802

----------------------------------------
np=16, OMP_NUM_THREADS=8
----------------------------------------
[Rank 0] Matrix: 9506 x 9506, nnz=202157 | 1D cyclic rows over P=16
[Rank 1] Local SpMV time: 0.000455 s
[Rank 5] Local SpMV time: 0.004633 s
[Rank 0] Local SpMV time: 0.000875 s
[Rank 2] Local SpMV time: 0.005144 s
[Rank 7] Local SpMV time: 0.000235 s
[Rank 8] Local SpMV time: 0.000726 s
[Rank 9] Local SpMV time: 0.000525 s
[Rank 3] Local SpMV time: 0.000800 s
[Rank 4] Local SpMV time: 0.007890 s
[Rank 12] Local SpMV time: 0.000366 s
[Rank 10] Local SpMV time: 0.000880 s
[Rank 6] Local SpMV time: 0.001855 s
[Rank 11] Local SpMV time: 0.031955 s
[Rank 15] Local SpMV time: 0.000337 s
[Rank 13] Local SpMV time: 0.031942 s
[Rank 14] Local SpMV time: 0.035944 s

-----------------------------------------------------------------------------------------------
  P |  Time(s) | Comp% | Comm% |  GFLOP/s | Speedup |  Eff% | Mem(MiB) | NNZ min | NNZ avg | NNZ max
-----------------------------------------------------------------------------------------------
 16 |   0.1600 |  22.5 | 159.3 |     0.000 |    0.08 |   0.49 |     0.13 |    1546 |   1780.8 |    1929
Global FLOPs per SpMV: 56984

----------------------------------------
np=32, OMP_NUM_THREADS=4
----------------------------------------
[Rank 0] Matrix: 9506 x 9506, nnz=202157 | 1D cyclic rows over P=32
[Rank 1] Local SpMV time: 0.000151 s
[Rank 17] Local SpMV time: 0.000148 s
[Rank 3] Local SpMV time: 0.000142 s
[Rank 25] Local SpMV time: 0.000431 s
[Rank 0] Local SpMV time: 0.004435 s
[Rank 21] Local SpMV time: 0.000251 s
[Rank 2] Local SpMV time: 0.000212 s
[Rank 9] Local SpMV time: 0.004423 s
[Rank 5] Local SpMV time: 0.000800 s
[Rank 23] Local SpMV time: 0.004975 s
[Rank 4] Local SpMV time: 0.004508 s
[Rank 19] Local SpMV time: 0.001341 s
[Rank 27] Local SpMV time: 0.001600 s
[Rank 7] Local SpMV time: 0.000132 s
[Rank 6] Local SpMV time: 0.012168 s
[Rank 13] Local SpMV time: 0.004063 s
[Rank 11] Local SpMV time: 0.008242 s
[Rank 29] Local SpMV time: 0.012400 s
[Rank 8] Local SpMV time: 0.000450 s
[Rank 15] Local SpMV time: 0.004053 s
[Rank 24] Local SpMV time: 0.000794 s
[Rank 31] Local SpMV time: 0.000138 s
[Rank 28] Local SpMV time: 0.003640 s
[Rank 16] Local SpMV time: 0.068075 s
[Rank 12] Local SpMV time: 0.008343 s
[Rank 26] Local SpMV time: 0.000718 s
[Rank 14] Local SpMV time: 0.001025 s
[Rank 22] Local SpMV time: 0.001293 s
[Rank 20] Local SpMV time: 0.067908 s
[Rank 10] Local SpMV time: 0.063922 s
[Rank 18] Local SpMV time: 0.063936 s
[Rank 30] Local SpMV time: 0.008256 s

-----------------------------------------------------------------------------------------------
  P |  Time(s) | Comp% | Comm% |  GFLOP/s | Speedup |  Eff% | Mem(MiB) | NNZ min | NNZ avg | NNZ max
-----------------------------------------------------------------------------------------------
 32 |   0.3882 |  17.5 | 180.8 |     0.000 |    0.03 |   0.10 |     0.09 |     383 |    508.5 |     574
Global FLOPs per SpMV: 32542

----------------------------------------
np=64, OMP_NUM_THREADS=2
----------------------------------------
[Rank 0] Matrix: 9506 x 9506, nnz=202157 | 1D cyclic rows over P=64
[Rank 1] Local SpMV time: 0.000077 s
[Rank 33] Local SpMV time: 0.000051 s
[Rank 41] Local SpMV time: 0.000129 s
[Rank 3] Local SpMV time: 0.011950 s
[Rank 35] Local SpMV time: 0.003962 s
[Rank 45] Local SpMV time: 0.002144 s
[Rank 43] Local SpMV time: 0.006203 s
[Rank 5] Local SpMV time: 0.007993 s
[Rank 7] Local SpMV time: 0.008211 s
[Rank 47] Local SpMV time: 0.000406 s
[Rank 0] Local SpMV time: 0.007973 s
[Rank 49] Local SpMV time: 0.000044 s
[Rank 9] Local SpMV time: 0.003991 s
[Rank 17] Local SpMV time: 0.000294 s
[Rank 32] Local SpMV time: 0.008042 s
[Rank 34] Local SpMV time: 0.004354 s
[Rank 25] Local SpMV time: 0.000100 s
[Rank 2] Local SpMV time: 0.011968 s
[Rank 29] Local SpMV time: 0.003945 s
[Rank 37] Local SpMV time: 0.000048 s
[Rank 48] Local SpMV time: 0.003910 s
[Rank 8] Local SpMV time: 0.000224 s
[Rank 50] Local SpMV time: 0.004360 s
[Rank 57] Local SpMV time: 0.003941 s
[Rank 61] Local SpMV time: 0.000095 s
[Rank 16] Local SpMV time: 0.000234 s
[Rank 52] Local SpMV time: 0.004361 s
[Rank 21] Local SpMV time: 0.003941 s
[Rank 20] Local SpMV time: 0.004827 s
[Rank 13] Local SpMV time: 0.007988 s
[Rank 10] Local SpMV time: 0.005194 s
[Rank 19] Local SpMV time: 0.000288 s
[Rank 12] Local SpMV time: 0.009288 s
[Rank 15] Local SpMV time: 0.000501 s
[Rank 4] Local SpMV time: 0.013374 s
[Rank 51] Local SpMV time: 0.000693 s
[Rank 40] Local SpMV time: 0.002028 s
[Rank 56] Local SpMV time: 0.000181 s
[Rank 11] Local SpMV time: 0.004028 s
[Rank 58] Local SpMV time: 0.004335 s
[Rank 63] Local SpMV time: 0.004267 s
[Rank 36] Local SpMV time: 0.004742 s
[Rank 24] Local SpMV time: 0.005027 s
[Rank 53] Local SpMV time: 0.000047 s
[Rank 22] Local SpMV time: 0.011940 s
[Rank 27] Local SpMV time: 0.000103 s
[Rank 38] Local SpMV time: 0.003937 s
[Rank 60] Local SpMV time: 0.011773 s
[Rank 14] Local SpMV time: 0.003937 s
[Rank 31] Local SpMV time: 0.000057 s
[Rank 6] Local SpMV time: 0.007928 s
[Rank 59] Local SpMV time: 0.000264 s
[Rank 54] Local SpMV time: 0.004495 s
[Rank 39] Local SpMV time: 0.004409 s
[Rank 28] Local SpMV time: 0.000742 s
[Rank 62] Local SpMV time: 0.001089 s
[Rank 18] Local SpMV time: 0.005214 s
[Rank 23] Local SpMV time: 0.003992 s
[Rank 55] Local SpMV time: 0.000053 s
[Rank 42] Local SpMV time: 0.003777 s
[Rank 44] Local SpMV time: 0.007901 s
[Rank 26] Local SpMV time: 0.000085 s
[Rank 46] Local SpMV time: 0.003948 s
[Rank 30] Local SpMV time: 0.008102 s

-----------------------------------------------------------------------------------------------
  P |  Time(s) | Comp% | Comm% |  GFLOP/s | Speedup |  Eff% | Mem(MiB) | NNZ min | NNZ avg | NNZ max
-----------------------------------------------------------------------------------------------
 64 |   0.7771 |   1.7 | 181.5 |     0.000 |    0.02 |   0.03 |     0.08 |      90 |    159.5 |     212
Global FLOPs per SpMV: 20414

----------------------------------------
np=128, OMP_NUM_THREADS=1
----------------------------------------
[Rank 0] Matrix: 9506 x 9506, nnz=202157 | 1D cyclic rows over P=128
[Rank 1] Local SpMV time: 0.000023 s
[Rank 3] Local SpMV time: 0.000015 s
[Rank 9] Local SpMV time: 0.000016 s
[Rank 33] Local SpMV time: 0.000014 s
[Rank 41] Local SpMV time: 0.000013 s
[Rank 65] Local SpMV time: 0.000013 s
[Rank 81] Local SpMV time: 0.000013 s
[Rank 35] Local SpMV time: 0.000012 s
[Rank 5] Local SpMV time: 0.000012 s
[Rank 97] Local SpMV time: 0.000016 s
[Rank 11] Local SpMV time: 0.000013 s
[Rank 83] Local SpMV time: 0.000014 s
[Rank 67] Local SpMV time: 0.000014 s
[Rank 17] Local SpMV time: 0.000014 s
[Rank 0] Local SpMV time: 0.000033 s
[Rank 85] Local SpMV time: 0.000013 s
[Rank 37] Local SpMV time: 0.000012 s
[Rank 19] Local SpMV time: 0.000015 s
[Rank 69] Local SpMV time: 0.000012 s
[Rank 13] Local SpMV time: 0.000013 s
[Rank 49] Local SpMV time: 0.000015 s
[Rank 43] Local SpMV time: 0.000013 s
[Rank 45] Local SpMV time: 0.000012 s
[Rank 71] Local SpMV time: 0.000013 s
[Rank 8] Local SpMV time: 0.000029 s
[Rank 113] Local SpMV time: 0.000015 s
[Rank 16] Local SpMV time: 0.000014 s
[Rank 121] Local SpMV time: 0.000013 s
[Rank 4] Local SpMV time: 0.000018 s
[Rank 39] Local SpMV time: 0.000014 s
[Rank 89] Local SpMV time: 0.000014 s
[Rank 18] Local SpMV time: 0.000022 s
[Rank 73] Local SpMV time: 0.000016 s
[Rank 24] Local SpMV time: 0.000022 s
[Rank 115] Local SpMV time: 0.000018 s
[Rank 20] Local SpMV time: 0.000013 s
[Rank 75] Local SpMV time: 0.000014 s
[Rank 7] Local SpMV time: 0.000016 s
[Rank 87] Local SpMV time: 0.000014 s
[Rank 105] Local SpMV time: 0.000016 s
[Rank 2] Local SpMV time: 0.000020 s
[Rank 51] Local SpMV time: 0.000013 s
[Rank 32] Local SpMV time: 0.000019 s
[Rank 64] Local SpMV time: 0.000021 s
[Rank 101] Local SpMV time: 0.000012 s
[Rank 99] Local SpMV time: 0.000014 s
[Rank 68] Local SpMV time: 0.000015 s
[Rank 25] Local SpMV time: 0.000012 s
[Rank 10] Local SpMV time: 0.000015 s
[Rank 47] Local SpMV time: 0.000013 s
[Rank 27] Local SpMV time: 0.000015 s
[Rank 40] Local SpMV time: 0.000018 s
[Rank 36] Local SpMV time: 0.000012 s
[Rank 57] Local SpMV time: 0.000015 s
[Rank 38] Local SpMV time: 0.000019 s
[Rank 125] Local SpMV time: 0.000014 s
[Rank 12] Local SpMV time: 0.000017 s
[Rank 21] Local SpMV time: 0.000015 s
[Rank 66] Local SpMV time: 0.000015 s
[Rank 127] Local SpMV time: 0.000016 s
[Rank 61] Local SpMV time: 0.000015 s
[Rank 48] Local SpMV time: 0.000025 s
[Rank 44] Local SpMV time: 0.000016 s
[Rank 59] Local SpMV time: 0.000013 s
[Rank 77] Local SpMV time: 0.000011 s
[Rank 96] Local SpMV time: 0.000021 s
[Rank 15] Local SpMV time: 0.000015 s
[Rank 63] Local SpMV time: 0.000014 s
[Rank 53] Local SpMV time: 0.000012 s
[Rank 34] Local SpMV time: 0.000015 s
[Rank 123] Local SpMV time: 0.000016 s
[Rank 6] Local SpMV time: 0.000022 s
[Rank 117] Local SpMV time: 0.000012 s
[Rank 46] Local SpMV time: 0.000021 s
[Rank 107] Local SpMV time: 0.000012 s
[Rank 26] Local SpMV time: 0.000023 s
[Rank 72] Local SpMV time: 0.000020 s
[Rank 100] Local SpMV time: 0.000016 s
[Rank 42] Local SpMV time: 0.000018 s
[Rank 29] Local SpMV time: 0.000012 s
[Rank 93] Local SpMV time: 0.000012 s
[Rank 28] Local SpMV time: 0.000013 s
[Rank 91] Local SpMV time: 0.000013 s
[Rank 14] Local SpMV time: 0.000018 s
[Rank 22] Local SpMV time: 0.000023 s
[Rank 95] Local SpMV time: 0.000017 s
[Rank 74] Local SpMV time: 0.000017 s
[Rank 109] Local SpMV time: 0.000014 s
[Rank 55] Local SpMV time: 0.000018 s
[Rank 52] Local SpMV time: 0.000015 s
[Rank 30] Local SpMV time: 0.000016 s
[Rank 111] Local SpMV time: 0.000013 s
[Rank 31] Local SpMV time: 0.000013 s
[Rank 70] Local SpMV time: 0.000023 s
[Rank 98] Local SpMV time: 0.000020 s
[Rank 104] Local SpMV time: 0.000019 s
[Rank 56] Local SpMV time: 0.000017 s
[Rank 103] Local SpMV time: 0.000018 s
[Rank 102] Local SpMV time: 0.000024 s
[Rank 79] Local SpMV time: 0.000013 s
[Rank 80] Local SpMV time: 0.000017 s
[Rank 23] Local SpMV time: 0.000013 s
[Rank 76] Local SpMV time: 0.000015 s
[Rank 54] Local SpMV time: 0.000016 s
[Rank 84] Local SpMV time: 0.000017 s
[Rank 50] Local SpMV time: 0.000020 s
[Rank 82] Local SpMV time: 0.000022 s
[Rank 119] Local SpMV time: 0.000018 s
[Rank 112] Local SpMV time: 0.000024 s
[Rank 58] Local SpMV time: 0.000019 s
[Rank 60] Local SpMV time: 0.000014 s
[Rank 106] Local SpMV time: 0.000020 s
[Rank 86] Local SpMV time: 0.000019 s
[Rank 108] Local SpMV time: 0.000018 s
[Rank 110] Local SpMV time: 0.000021 s
[Rank 88] Local SpMV time: 0.000019 s
[Rank 116] Local SpMV time: 0.000016 s
[Rank 120] Local SpMV time: 0.000020 s
[Rank 78] Local SpMV time: 0.000018 s
[Rank 62] Local SpMV time: 0.000022 s
[Rank 118] Local SpMV time: 0.000017 s
[Rank 122] Local SpMV time: 0.000022 s
[Rank 92] Local SpMV time: 0.000016 s
[Rank 114] Local SpMV time: 0.000019 s
[Rank 124] Local SpMV time: 0.000016 s
[Rank 94] Local SpMV time: 0.000022 s
[Rank 126] Local SpMV time: 0.000018 s
[Rank 90] Local SpMV time: 0.000022 s

-----------------------------------------------------------------------------------------------
  P |  Time(s) | Comp% | Comm% |  GFLOP/s | Speedup |  Eff% | Mem(MiB) | NNZ min | NNZ avg | NNZ max
-----------------------------------------------------------------------------------------------
128 |   2.0441 |   0.0 | 163.4 |     0.000 |    0.01 |   0.00 |     0.08 |      29 |     55.7 |     101
Global FLOPs per SpMV: 14270

