Strong scaling results for tols2000.mtx
Date: Fri Jan  2 12:56:03 CET 2026
----------------------------------------

[Rank 0] Matrix: 2000 x 2000, nnz=5184 | 1D cyclic rows over P=1
[Rank 0] Local SpMV time: 0.023369 s

-----------------------------------------------------------------------------------------------
  P |  Time(s) | Comp% | Comm% |  GFLOP/s | Speedup |  Eff% | Mem(MiB) | NNZ min | NNZ avg | NNZ max
-----------------------------------------------------------------------------------------------
  1 |   0.0234 |  99.7 |   0.1 |     0.000 |    N/A   |   N/A  |     0.18 |    5184 |   5184.0 |    5184
Global FLOPs per SpMV: 10368
BASELINE_T1=0.0234

----------------------------------------
np=2, OMP_NUM_THREADS=64
----------------------------------------
[Rank 0] Matrix: 2000 x 2000, nnz=5184 | 1D cyclic rows over P=2
[Rank 1] Local SpMV time: 0.001713 s
[Rank 0] Local SpMV time: 0.010402 s

-----------------------------------------------------------------------------------------------
  P |  Time(s) | Comp% | Comm% |  GFLOP/s | Speedup |  Eff% | Mem(MiB) | NNZ min | NNZ avg | NNZ max
-----------------------------------------------------------------------------------------------
  2 |   0.0105 |  99.4 |   5.0 |     0.001 |    2.24 | 111.84 |     0.10 |    1136 |   1864.0 |    2592
Global FLOPs per SpMV: 7456

----------------------------------------
np=4, OMP_NUM_THREADS=32
----------------------------------------
[Rank 0] Matrix: 2000 x 2000, nnz=5184 | 1D cyclic rows over P=4
[Rank 1] Local SpMV time: 0.000687 s
[Rank 0] Local SpMV time: 0.006161 s
[Rank 3] Local SpMV time: 0.000719 s
[Rank 2] Local SpMV time: 0.035455 s

-----------------------------------------------------------------------------------------------
  P |  Time(s) | Comp% | Comm% |  GFLOP/s | Speedup |  Eff% | Mem(MiB) | NNZ min | NNZ avg | NNZ max
-----------------------------------------------------------------------------------------------
  4 |   0.0355 |  99.9 | 134.6 |     0.000 |    0.66 |  16.48 |     0.06 |     269 |    790.0 |    1340
Global FLOPs per SpMV: 6320

----------------------------------------
np=8, OMP_NUM_THREADS=16
----------------------------------------
[Rank 0] Matrix: 2000 x 2000, nnz=5184 | 1D cyclic rows over P=8
[Rank 1] Local SpMV time: 0.000392 s
[Rank 0] Local SpMV time: 0.003808 s
[Rank 5] Local SpMV time: 0.000381 s
[Rank 2] Local SpMV time: 0.004501 s
[Rank 3] Local SpMV time: 0.000349 s
[Rank 4] Local SpMV time: 0.009084 s
[Rank 7] Local SpMV time: 0.000341 s
[Rank 6] Local SpMV time: 0.002367 s

-----------------------------------------------------------------------------------------------
  P |  Time(s) | Comp% | Comm% |  GFLOP/s | Speedup |  Eff% | Mem(MiB) | NNZ min | NNZ avg | NNZ max
-----------------------------------------------------------------------------------------------
  8 |   0.0091 |  99.5 | 571.2 |     0.001 |    2.56 |  32.03 |     0.04 |      67 |    352.0 |     671
Global FLOPs per SpMV: 5632

----------------------------------------
np=16, OMP_NUM_THREADS=8
----------------------------------------
[Rank 0] Matrix: 2000 x 2000, nnz=5184 | 1D cyclic rows over P=16
[Rank 1] Local SpMV time: 0.000238 s
[Rank 0] Local SpMV time: 0.001464 s
[Rank 5] Local SpMV time: 0.004081 s
[Rank 3] Local SpMV time: 0.000218 s
[Rank 4] Local SpMV time: 0.000437 s
[Rank 7] Local SpMV time: 0.000499 s
[Rank 8] Local SpMV time: 0.005178 s
[Rank 2] Local SpMV time: 0.002045 s
[Rank 9] Local SpMV time: 0.004149 s
[Rank 13] Local SpMV time: 0.000434 s
[Rank 10] Local SpMV time: 0.000666 s
[Rank 11] Local SpMV time: 0.000721 s
[Rank 12] Local SpMV time: 0.000852 s
[Rank 15] Local SpMV time: 0.000215 s
[Rank 6] Local SpMV time: 0.001729 s
[Rank 14] Local SpMV time: 0.004120 s

-----------------------------------------------------------------------------------------------
  P |  Time(s) | Comp% | Comm% |  GFLOP/s | Speedup |  Eff% | Mem(MiB) | NNZ min | NNZ avg | NNZ max
-----------------------------------------------------------------------------------------------
 16 |   0.0362 |  14.3 | 349.7 |     0.000 |    0.65 |   4.04 |     0.03 |      18 |    164.2 |     354
Global FLOPs per SpMV: 5256

----------------------------------------
np=32, OMP_NUM_THREADS=4
----------------------------------------
[Rank 0] Matrix: 2000 x 2000, nnz=5184 | 1D cyclic rows over P=32
[Rank 1] Local SpMV time: 0.000165 s
[Rank 17] Local SpMV time: 0.000134 s
[Rank 9] Local SpMV time: 0.000129 s
[Rank 25] Local SpMV time: 0.000429 s
[Rank 3] Local SpMV time: 0.000717 s
[Rank 5] Local SpMV time: 0.000945 s
[Rank 7] Local SpMV time: 0.001255 s
[Rank 19] Local SpMV time: 0.001508 s
[Rank 11] Local SpMV time: 0.001790 s
[Rank 0] Local SpMV time: 0.004108 s
[Rank 21] Local SpMV time: 0.002036 s
[Rank 8] Local SpMV time: 0.008579 s
[Rank 27] Local SpMV time: 0.000133 s
[Rank 13] Local SpMV time: 0.004041 s
[Rank 29] Local SpMV time: 0.008288 s
[Rank 12] Local SpMV time: 0.002306 s
[Rank 23] Local SpMV time: 0.000644 s
[Rank 10] Local SpMV time: 0.002927 s
[Rank 31] Local SpMV time: 0.004815 s
[Rank 16] Local SpMV time: 0.003369 s
[Rank 4] Local SpMV time: 0.003790 s
[Rank 15] Local SpMV time: 0.000138 s
[Rank 24] Local SpMV time: 0.063972 s
[Rank 20] Local SpMV time: 0.060971 s
[Rank 22] Local SpMV time: 0.064990 s
[Rank 2] Local SpMV time: 0.068926 s
[Rank 14] Local SpMV time: 0.072826 s
[Rank 6] Local SpMV time: 0.076740 s
[Rank 18] Local SpMV time: 0.056995 s
[Rank 26] Local SpMV time: 0.068897 s
[Rank 28] Local SpMV time: 0.064965 s
[Rank 30] Local SpMV time: 0.068847 s

-----------------------------------------------------------------------------------------------
  P |  Time(s) | Comp% | Comm% |  GFLOP/s | Speedup |  Eff% | Mem(MiB) | NNZ min | NNZ avg | NNZ max
-----------------------------------------------------------------------------------------------
 32 |   0.1331 |  57.7 | 307.9 |     0.000 |    0.18 |   0.55 |     0.02 |       4 |     70.4 |     170
Global FLOPs per SpMV: 4508

----------------------------------------
np=64, OMP_NUM_THREADS=2
----------------------------------------
[Rank 0] Matrix: 2000 x 2000, nnz=5184 | 1D cyclic rows over P=64
[Rank 1] Local SpMV time: 0.003931 s
[Rank 33] Local SpMV time: 0.000046 s
[Rank 9] Local SpMV time: 0.003966 s
[Rank 13] Local SpMV time: 0.004023 s
[Rank 41] Local SpMV time: 0.000046 s
[Rank 5] Local SpMV time: 0.000330 s
[Rank 3] Local SpMV time: 0.004035 s
[Rank 35] Local SpMV time: 0.000328 s
[Rank 49] Local SpMV time: 0.000593 s
[Rank 53] Local SpMV time: 0.000054 s
[Rank 37] Local SpMV time: 0.000353 s
[Rank 7] Local SpMV time: 0.004555 s
[Rank 17] Local SpMV time: 0.004006 s
[Rank 57] Local SpMV time: 0.000047 s
[Rank 39] Local SpMV time: 0.000309 s
[Rank 11] Local SpMV time: 0.000575 s
[Rank 43] Local SpMV time: 0.000849 s
[Rank 45] Local SpMV time: 0.003968 s
[Rank 4] Local SpMV time: 0.004129 s
[Rank 15] Local SpMV time: 0.000238 s
[Rank 21] Local SpMV time: 0.000046 s
[Rank 2] Local SpMV time: 0.004377 s
[Rank 47] Local SpMV time: 0.000044 s
[Rank 51] Local SpMV time: 0.004037 s
[Rank 19] Local SpMV time: 0.000045 s
[Rank 16] Local SpMV time: 0.003354 s
[Rank 55] Local SpMV time: 0.003995 s
[Rank 32] Local SpMV time: 0.004069 s
[Rank 25] Local SpMV time: 0.000045 s
[Rank 59] Local SpMV time: 0.000339 s
[Rank 48] Local SpMV time: 0.008346 s
[Rank 6] Local SpMV time: 0.000113 s
[Rank 61] Local SpMV time: 0.000042 s
[Rank 8] Local SpMV time: 0.000204 s
[Rank 36] Local SpMV time: 0.004402 s
[Rank 23] Local SpMV time: 0.000087 s
[Rank 0] Local SpMV time: 0.131912 s
[Rank 12] Local SpMV time: 0.004083 s
[Rank 27] Local SpMV time: 0.000058 s
[Rank 50] Local SpMV time: 0.011874 s
[Rank 14] Local SpMV time: 0.012287 s
[Rank 34] Local SpMV time: 0.000504 s
[Rank 38] Local SpMV time: 0.004874 s
[Rank 56] Local SpMV time: 0.001132 s
[Rank 24] Local SpMV time: 0.008006 s
[Rank 40] Local SpMV time: 0.007981 s
[Rank 42] Local SpMV time: 0.000173 s
[Rank 52] Local SpMV time: 0.004350 s
[Rank 29] Local SpMV time: 0.008032 s
[Rank 18] Local SpMV time: 0.000752 s
[Rank 54] Local SpMV time: 0.000600 s
[Rank 20] Local SpMV time: 0.020899 s
[Rank 63] Local SpMV time: 0.003993 s
[Rank 58] Local SpMV time: 0.003994 s
[Rank 28] Local SpMV time: 0.000271 s
[Rank 44] Local SpMV time: 0.000093 s
[Rank 60] Local SpMV time: 0.000080 s
[Rank 31] Local SpMV time: 0.000047 s
[Rank 46] Local SpMV time: 0.000069 s
[Rank 26] Local SpMV time: 0.008000 s
[Rank 22] Local SpMV time: 0.000108 s
[Rank 10] Local SpMV time: 0.127975 s
[Rank 30] Local SpMV time: 0.000095 s
[Rank 62] Local SpMV time: 0.003991 s

-----------------------------------------------------------------------------------------------
  P |  Time(s) | Comp% | Comm% |  GFLOP/s | Speedup |  Eff% | Mem(MiB) | NNZ min | NNZ avg | NNZ max
-----------------------------------------------------------------------------------------------
 64 |   0.2599 |  50.8 | 300.1 |     0.000 |    0.09 |   0.14 |     0.02 |       1 |     41.3 |      99
Global FLOPs per SpMV: 5292

----------------------------------------
np=128, OMP_NUM_THREADS=1
----------------------------------------
[Rank 0] Matrix: 2000 x 2000, nnz=5184 | 1D cyclic rows over P=128
[Rank 1] Local SpMV time: 0.000020 s
[Rank 65] Local SpMV time: 0.000012 s
[Rank 3] Local SpMV time: 0.000012 s
[Rank 17] Local SpMV time: 0.000011 s
[Rank 73] Local SpMV time: 0.000014 s
[Rank 5] Local SpMV time: 0.000013 s
[Rank 0] Local SpMV time: 0.000032 s
[Rank 69] Local SpMV time: 0.000013 s
[Rank 33] Local SpMV time: 0.000011 s
[Rank 37] Local SpMV time: 0.000011 s
[Rank 67] Local SpMV time: 0.000013 s
[Rank 81] Local SpMV time: 0.000010 s
[Rank 7] Local SpMV time: 0.000013 s
[Rank 19] Local SpMV time: 0.000013 s
[Rank 8] Local SpMV time: 0.000032 s
[Rank 75] Local SpMV time: 0.000011 s
[Rank 39] Local SpMV time: 0.000010 s
[Rank 9] Local SpMV time: 0.000013 s
[Rank 83] Local SpMV time: 0.000013 s
[Rank 41] Local SpMV time: 0.000011 s
[Rank 71] Local SpMV time: 0.000012 s
[Rank 2] Local SpMV time: 0.000029 s
[Rank 97] Local SpMV time: 0.000010 s
[Rank 49] Local SpMV time: 0.000026 s
[Rank 4] Local SpMV time: 0.000024 s
[Rank 6] Local SpMV time: 0.000019 s
[Rank 25] Local SpMV time: 0.000010 s
[Rank 10] Local SpMV time: 0.000022 s
[Rank 64] Local SpMV time: 0.000021 s
[Rank 13] Local SpMV time: 0.000010 s
[Rank 72] Local SpMV time: 0.000022 s
[Rank 11] Local SpMV time: 0.000012 s
[Rank 35] Local SpMV time: 0.000010 s
[Rank 85] Local SpMV time: 0.000013 s
[Rank 74] Local SpMV time: 0.000019 s
[Rank 21] Local SpMV time: 0.000011 s
[Rank 51] Local SpMV time: 0.000010 s
[Rank 16] Local SpMV time: 0.000016 s
[Rank 76] Local SpMV time: 0.000023 s
[Rank 101] Local SpMV time: 0.000011 s
[Rank 27] Local SpMV time: 0.000011 s
[Rank 89] Local SpMV time: 0.000010 s
[Rank 57] Local SpMV time: 0.000011 s
[Rank 12] Local SpMV time: 0.000022 s
[Rank 91] Local SpMV time: 0.000013 s
[Rank 77] Local SpMV time: 0.000010 s
[Rank 80] Local SpMV time: 0.000021 s
[Rank 87] Local SpMV time: 0.000010 s
[Rank 20] Local SpMV time: 0.000017 s
[Rank 45] Local SpMV time: 0.000010 s
[Rank 105] Local SpMV time: 0.000010 s
[Rank 47] Local SpMV time: 0.000011 s
[Rank 32] Local SpMV time: 0.000016 s
[Rank 53] Local SpMV time: 0.000011 s
[Rank 48] Local SpMV time: 0.000022 s
[Rank 29] Local SpMV time: 0.000013 s
[Rank 84] Local SpMV time: 0.000028 s
[Rank 103] Local SpMV time: 0.000011 s
[Rank 99] Local SpMV time: 0.000010 s
[Rank 18] Local SpMV time: 0.000022 s
[Rank 82] Local SpMV time: 0.000021 s
[Rank 22] Local SpMV time: 0.000021 s
[Rank 14] Local SpMV time: 0.000013 s
[Rank 113] Local SpMV time: 0.000012 s
[Rank 15] Local SpMV time: 0.000010 s
[Rank 96] Local SpMV time: 0.000021 s
[Rank 88] Local SpMV time: 0.000021 s
[Rank 92] Local SpMV time: 0.000012 s
[Rank 34] Local SpMV time: 0.000021 s
[Rank 43] Local SpMV time: 0.000012 s
[Rank 50] Local SpMV time: 0.000021 s
[Rank 31] Local SpMV time: 0.000011 s
[Rank 68] Local SpMV time: 0.000021 s
[Rank 36] Local SpMV time: 0.000015 s
[Rank 61] Local SpMV time: 0.000010 s
[Rank 52] Local SpMV time: 0.000027 s
[Rank 90] Local SpMV time: 0.000020 s
[Rank 63] Local SpMV time: 0.000027 s
[Rank 23] Local SpMV time: 0.000010 s
[Rank 66] Local SpMV time: 0.000020 s
[Rank 55] Local SpMV time: 0.000012 s
[Rank 93] Local SpMV time: 0.000010 s
[Rank 98] Local SpMV time: 0.000016 s
[Rank 107] Local SpMV time: 0.000011 s
[Rank 56] Local SpMV time: 0.000015 s
[Rank 24] Local SpMV time: 0.000022 s
[Rank 121] Local SpMV time: 0.000010 s
[Rank 59] Local SpMV time: 0.000010 s
[Rank 115] Local SpMV time: 0.000010 s
[Rank 86] Local SpMV time: 0.000024 s
[Rank 28] Local SpMV time: 0.000022 s
[Rank 95] Local SpMV time: 0.000010 s
[Rank 112] Local SpMV time: 0.000019 s
[Rank 79] Local SpMV time: 0.000012 s
[Rank 78] Local SpMV time: 0.000018 s
[Rank 109] Local SpMV time: 0.000009 s
[Rank 54] Local SpMV time: 0.000021 s
[Rank 38] Local SpMV time: 0.000020 s
[Rank 100] Local SpMV time: 0.000015 s
[Rank 70] Local SpMV time: 0.000022 s
[Rank 117] Local SpMV time: 0.000010 s
[Rank 40] Local SpMV time: 0.000016 s
[Rank 94] Local SpMV time: 0.000015 s
[Rank 114] Local SpMV time: 0.000022 s
[Rank 125] Local SpMV time: 0.000011 s
[Rank 102] Local SpMV time: 0.000020 s
[Rank 44] Local SpMV time: 0.000021 s
[Rank 104] Local SpMV time: 0.000015 s
[Rank 123] Local SpMV time: 0.000010 s
[Rank 30] Local SpMV time: 0.000024 s
[Rank 120] Local SpMV time: 0.000021 s
[Rank 60] Local SpMV time: 0.000022 s
[Rank 116] Local SpMV time: 0.000023 s
[Rank 42] Local SpMV time: 0.000017 s
[Rank 111] Local SpMV time: 0.000011 s
[Rank 26] Local SpMV time: 0.000016 s
[Rank 58] Local SpMV time: 0.000022 s
[Rank 46] Local SpMV time: 0.000021 s
[Rank 62] Local SpMV time: 0.000014 s
[Rank 127] Local SpMV time: 0.000010 s
[Rank 108] Local SpMV time: 0.000022 s
[Rank 119] Local SpMV time: 0.000010 s
[Rank 122] Local SpMV time: 0.000022 s
[Rank 118] Local SpMV time: 0.000019 s
[Rank 106] Local SpMV time: 0.000024 s
[Rank 124] Local SpMV time: 0.000022 s
[Rank 110] Local SpMV time: 0.000022 s
[Rank 126] Local SpMV time: 0.000028 s

-----------------------------------------------------------------------------------------------
  P |  Time(s) | Comp% | Comm% |  GFLOP/s | Speedup |  Eff% | Mem(MiB) | NNZ min | NNZ avg | NNZ max
-----------------------------------------------------------------------------------------------
128 |   0.2601 |   0.0 | 690.9 |     0.000 |    0.09 |   0.07 |     0.02 |       0 |     21.9 |      95
Global FLOPs per SpMV: 5604

