Strong scaling results for Trefethen_2000.mtx
Date: Fri Jan  2 12:57:46 CET 2026
----------------------------------------

[Rank 0] Matrix: 2000 x 2000, nnz=21953 | 1D cyclic rows over P=1
[Rank 0] Local SpMV time: 0.009793 s

-----------------------------------------------------------------------------------------------
  P |  Time(s) | Comp% | Comm% |  GFLOP/s | Speedup |  Eff% | Mem(MiB) | NNZ min | NNZ avg | NNZ max
-----------------------------------------------------------------------------------------------
  1 |   0.0098 |  99.6 |   0.2 |     0.009 |    N/A   |   N/A  |     1.16 |   41906 |  41906.0 |   41906
Global FLOPs per SpMV: 83812
BASELINE_T1=0.0098

----------------------------------------
np=2, OMP_NUM_THREADS=64
----------------------------------------
[Rank 0] Matrix: 2000 x 2000, nnz=21953 | 1D cyclic rows over P=2
[Rank 1] Local SpMV time: 0.001630 s
[Rank 0] Local SpMV time: 0.012416 s

-----------------------------------------------------------------------------------------------
  P |  Time(s) | Comp% | Comm% |  GFLOP/s | Speedup |  Eff% | Mem(MiB) | NNZ min | NNZ avg | NNZ max
-----------------------------------------------------------------------------------------------
  2 |   0.0125 |  99.7 |   4.3 |     0.004 |    0.79 |  39.34 |     0.47 |    9449 |  13022.0 |   16595
Global FLOPs per SpMV: 52088

----------------------------------------
np=4, OMP_NUM_THREADS=32
----------------------------------------
[Rank 0] Matrix: 2000 x 2000, nnz=21953 | 1D cyclic rows over P=4
[Rank 1] Local SpMV time: 0.000834 s
[Rank 2] Local SpMV time: 0.005247 s
[Rank 3] Local SpMV time: 0.000746 s
[Rank 0] Local SpMV time: 0.019608 s

-----------------------------------------------------------------------------------------------
  P |  Time(s) | Comp% | Comm% |  GFLOP/s | Speedup |  Eff% | Mem(MiB) | NNZ min | NNZ avg | NNZ max
-----------------------------------------------------------------------------------------------
  4 |   0.0197 |  99.7 | 108.5 |     0.002 |    0.50 |  12.46 |     0.18 |    2343 |   4582.2 |    5925
Global FLOPs per SpMV: 36658

----------------------------------------
np=8, OMP_NUM_THREADS=16
----------------------------------------
[Rank 0] Matrix: 2000 x 2000, nnz=21953 | 1D cyclic rows over P=8
[Rank 1] Local SpMV time: 0.000371 s
[Rank 5] Local SpMV time: 0.011531 s
[Rank 0] Local SpMV time: 0.015267 s
[Rank 3] Local SpMV time: 0.015797 s
[Rank 7] Local SpMV time: 0.000264 s
[Rank 2] Local SpMV time: 0.031126 s
[Rank 4] Local SpMV time: 0.039701 s
[Rank 6] Local SpMV time: 0.027736 s

-----------------------------------------------------------------------------------------------
  P |  Time(s) | Comp% | Comm% |  GFLOP/s | Speedup |  Eff% | Mem(MiB) | NNZ min | NNZ avg | NNZ max
-----------------------------------------------------------------------------------------------
  8 |   0.0660 |  60.1 | 129.7 |     0.000 |    0.15 |   1.85 |     0.08 |     590 |   1737.2 |    2277
Global FLOPs per SpMV: 27796

----------------------------------------
np=16, OMP_NUM_THREADS=8
----------------------------------------
[Rank 0] Matrix: 2000 x 2000, nnz=21953 | 1D cyclic rows over P=16
[Rank 1] Local SpMV time: 0.004142 s
[Rank 2] Local SpMV time: 0.000459 s
[Rank 5] Local SpMV time: 0.000456 s
[Rank 0] Local SpMV time: 0.005133 s
[Rank 9] Local SpMV time: 0.000710 s
[Rank 3] Local SpMV time: 0.001007 s
[Rank 4] Local SpMV time: 0.000565 s
[Rank 7] Local SpMV time: 0.001270 s
[Rank 8] Local SpMV time: 0.001073 s
[Rank 11] Local SpMV time: 0.000229 s
[Rank 6] Local SpMV time: 0.001449 s
[Rank 13] Local SpMV time: 0.004122 s
[Rank 12] Local SpMV time: 0.000453 s
[Rank 10] Local SpMV time: 0.004123 s
[Rank 15] Local SpMV time: 0.004134 s
[Rank 14] Local SpMV time: 0.003974 s

-----------------------------------------------------------------------------------------------
  P |  Time(s) | Comp% | Comm% |  GFLOP/s | Speedup |  Eff% | Mem(MiB) | NNZ min | NNZ avg | NNZ max
-----------------------------------------------------------------------------------------------
 16 |   0.0640 |   8.0 | 248.1 |     0.000 |    0.15 |   0.96 |     0.04 |     152 |    729.5 |     964
Global FLOPs per SpMV: 23344

----------------------------------------
np=32, OMP_NUM_THREADS=4
----------------------------------------
[Rank 0] Matrix: 2000 x 2000, nnz=21953 | 1D cyclic rows over P=32
[Rank 1] Local SpMV time: 0.000162 s
[Rank 0] Local SpMV time: 0.000332 s
[Rank 17] Local SpMV time: 0.000136 s
[Rank 3] Local SpMV time: 0.000466 s
[Rank 4] Local SpMV time: 0.004113 s
[Rank 21] Local SpMV time: 0.000719 s
[Rank 8] Local SpMV time: 0.000550 s
[Rank 25] Local SpMV time: 0.004072 s
[Rank 10] Local SpMV time: 0.000158 s
[Rank 19] Local SpMV time: 0.000368 s
[Rank 9] Local SpMV time: 0.000631 s
[Rank 6] Local SpMV time: 0.000249 s
[Rank 5] Local SpMV time: 0.000145 s
[Rank 12] Local SpMV time: 0.008029 s
[Rank 23] Local SpMV time: 0.000131 s
[Rank 2] Local SpMV time: 0.008351 s
[Rank 14] Local SpMV time: 0.000635 s
[Rank 11] Local SpMV time: 0.000161 s
[Rank 16] Local SpMV time: 0.004161 s
[Rank 18] Local SpMV time: 0.000608 s
[Rank 29] Local SpMV time: 0.004127 s
[Rank 27] Local SpMV time: 0.008380 s
[Rank 13] Local SpMV time: 0.004062 s
[Rank 7] Local SpMV time: 0.000138 s
[Rank 24] Local SpMV time: 0.001585 s
[Rank 26] Local SpMV time: 0.005809 s
[Rank 31] Local SpMV time: 0.000144 s
[Rank 22] Local SpMV time: 0.000241 s
[Rank 15] Local SpMV time: 0.000143 s
[Rank 28] Local SpMV time: 0.004206 s
[Rank 20] Local SpMV time: 0.063983 s
[Rank 30] Local SpMV time: 0.009478 s

-----------------------------------------------------------------------------------------------
  P |  Time(s) | Comp% | Comm% |  GFLOP/s | Speedup |  Eff% | Mem(MiB) | NNZ min | NNZ avg | NNZ max
-----------------------------------------------------------------------------------------------
 32 |   0.1280 |  50.0 | 302.1 |     0.000 |    0.08 |   0.24 |     0.03 |      38 |    328.1 |     437
Global FLOPs per SpMV: 20998

----------------------------------------
np=64, OMP_NUM_THREADS=2
----------------------------------------
[Rank 0] Matrix: 2000 x 2000, nnz=21953 | 1D cyclic rows over P=64
[Rank 1] Local SpMV time: 0.003980 s
[Rank 33] Local SpMV time: 0.004008 s
[Rank 5] Local SpMV time: 0.004040 s
[Rank 49] Local SpMV time: 0.000247 s
[Rank 0] Local SpMV time: 0.003906 s
[Rank 35] Local SpMV time: 0.000097 s
[Rank 51] Local SpMV time: 0.000316 s
[Rank 53] Local SpMV time: 0.000045 s
[Rank 3] Local SpMV time: 0.000353 s
[Rank 41] Local SpMV time: 0.000600 s
[Rank 43] Local SpMV time: 0.004742 s
[Rank 7] Local SpMV time: 0.001011 s
[Rank 9] Local SpMV time: 0.000097 s
[Rank 2] Local SpMV time: 0.004001 s
[Rank 17] Local SpMV time: 0.000047 s
[Rank 25] Local SpMV time: 0.000125 s
[Rank 37] Local SpMV time: 0.004268 s
[Rank 4] Local SpMV time: 0.000072 s
[Rank 39] Local SpMV time: 0.004003 s
[Rank 16] Local SpMV time: 0.000082 s
[Rank 57] Local SpMV time: 0.000134 s
[Rank 13] Local SpMV time: 0.004270 s
[Rank 8] Local SpMV time: 0.000067 s
[Rank 45] Local SpMV time: 0.004563 s
[Rank 18] Local SpMV time: 0.000291 s
[Rank 55] Local SpMV time: 0.000815 s
[Rank 10] Local SpMV time: 0.004631 s
[Rank 11] Local SpMV time: 0.001004 s
[Rank 59] Local SpMV time: 0.001156 s
[Rank 32] Local SpMV time: 0.000073 s
[Rank 19] Local SpMV time: 0.005411 s
[Rank 27] Local SpMV time: 0.000118 s
[Rank 29] Local SpMV time: 0.004267 s
[Rank 36] Local SpMV time: 0.000162 s
[Rank 6] Local SpMV time: 0.004343 s
[Rank 21] Local SpMV time: 0.003989 s
[Rank 38] Local SpMV time: 0.000053 s
[Rank 24] Local SpMV time: 0.000305 s
[Rank 20] Local SpMV time: 0.004506 s
[Rank 48] Local SpMV time: 0.003979 s
[Rank 15] Local SpMV time: 0.000044 s
[Rank 26] Local SpMV time: 0.008210 s
[Rank 50] Local SpMV time: 0.000592 s
[Rank 23] Local SpMV time: 0.000049 s
[Rank 61] Local SpMV time: 0.000096 s
[Rank 22] Local SpMV time: 0.000063 s
[Rank 34] Local SpMV time: 0.003998 s
[Rank 12] Local SpMV time: 0.000262 s
[Rank 47] Local SpMV time: 0.000072 s
[Rank 40] Local SpMV time: 0.003977 s
[Rank 31] Local SpMV time: 0.003998 s
[Rank 14] Local SpMV time: 0.004007 s
[Rank 42] Local SpMV time: 0.000305 s
[Rank 52] Local SpMV time: 0.004482 s
[Rank 63] Local SpMV time: 0.000092 s
[Rank 56] Local SpMV time: 0.003982 s
[Rank 44] Local SpMV time: 0.000283 s
[Rank 28] Local SpMV time: 0.000067 s
[Rank 54] Local SpMV time: 0.000076 s
[Rank 60] Local SpMV time: 0.003989 s
[Rank 30] Local SpMV time: 0.000084 s
[Rank 62] Local SpMV time: 0.000067 s
[Rank 46] Local SpMV time: 0.000065 s
[Rank 58] Local SpMV time: 0.000083 s

-----------------------------------------------------------------------------------------------
  P |  Time(s) | Comp% | Comm% |  GFLOP/s | Speedup |  Eff% | Mem(MiB) | NNZ min | NNZ avg | NNZ max
-----------------------------------------------------------------------------------------------
 64 |   0.1327 |   6.2 | 679.3 |     0.000 |    0.07 |   0.12 |     0.02 |      12 |    156.5 |     212
Global FLOPs per SpMV: 20030

----------------------------------------
np=128, OMP_NUM_THREADS=1
----------------------------------------
[Rank 0] Matrix: 2000 x 2000, nnz=21953 | 1D cyclic rows over P=128
[Rank 1] Local SpMV time: 0.000021 s
[Rank 65] Local SpMV time: 0.000012 s
[Rank 33] Local SpMV time: 0.000013 s
[Rank 17] Local SpMV time: 0.000013 s
[Rank 67] Local SpMV time: 0.000011 s
[Rank 9] Local SpMV time: 0.000013 s
[Rank 35] Local SpMV time: 0.000013 s
[Rank 19] Local SpMV time: 0.000010 s
[Rank 97] Local SpMV time: 0.000011 s
[Rank 41] Local SpMV time: 0.000011 s
[Rank 69] Local SpMV time: 0.000010 s
[Rank 73] Local SpMV time: 0.000011 s
[Rank 5] Local SpMV time: 0.000012 s
[Rank 3] Local SpMV time: 0.000014 s
[Rank 7] Local SpMV time: 0.000014 s
[Rank 21] Local SpMV time: 0.000011 s
[Rank 11] Local SpMV time: 0.000011 s
[Rank 113] Local SpMV time: 0.000012 s
[Rank 23] Local SpMV time: 0.000010 s
[Rank 121] Local SpMV time: 0.000010 s
[Rank 105] Local SpMV time: 0.000011 s
[Rank 81] Local SpMV time: 0.000011 s
[Rank 75] Local SpMV time: 0.000011 s
[Rank 101] Local SpMV time: 0.000010 s
[Rank 0] Local SpMV time: 0.000020 s
[Rank 123] Local SpMV time: 0.000010 s
[Rank 89] Local SpMV time: 0.000014 s
[Rank 71] Local SpMV time: 0.000011 s
[Rank 107] Local SpMV time: 0.000010 s
[Rank 117] Local SpMV time: 0.000010 s
[Rank 91] Local SpMV time: 0.000013 s
[Rank 25] Local SpMV time: 0.000013 s
[Rank 27] Local SpMV time: 0.000013 s
[Rank 115] Local SpMV time: 0.000011 s
[Rank 13] Local SpMV time: 0.000011 s
[Rank 49] Local SpMV time: 0.000011 s
[Rank 15] Local SpMV time: 0.000011 s
[Rank 37] Local SpMV time: 0.000013 s
[Rank 99] Local SpMV time: 0.000012 s
[Rank 43] Local SpMV time: 0.000011 s
[Rank 103] Local SpMV time: 0.000010 s
[Rank 85] Local SpMV time: 0.000010 s
[Rank 109] Local SpMV time: 0.000011 s
[Rank 45] Local SpMV time: 0.000013 s
[Rank 119] Local SpMV time: 0.000011 s
[Rank 111] Local SpMV time: 0.000011 s
[Rank 2] Local SpMV time: 0.000014 s
[Rank 77] Local SpMV time: 0.000011 s
[Rank 47] Local SpMV time: 0.000011 s
[Rank 83] Local SpMV time: 0.000012 s
[Rank 39] Local SpMV time: 0.000011 s
[Rank 32] Local SpMV time: 0.000013 s
[Rank 51] Local SpMV time: 0.000011 s
[Rank 40] Local SpMV time: 0.000013 s
[Rank 125] Local SpMV time: 0.000010 s
[Rank 8] Local SpMV time: 0.000012 s
[Rank 57] Local SpMV time: 0.000011 s
[Rank 12] Local SpMV time: 0.000013 s
[Rank 127] Local SpMV time: 0.000010 s
[Rank 4] Local SpMV time: 0.000011 s
[Rank 29] Local SpMV time: 0.000012 s
[Rank 93] Local SpMV time: 0.000010 s
[Rank 53] Local SpMV time: 0.000012 s
[Rank 14] Local SpMV time: 0.000011 s
[Rank 16] Local SpMV time: 0.000013 s
[Rank 64] Local SpMV time: 0.000013 s
[Rank 61] Local SpMV time: 0.000012 s
[Rank 55] Local SpMV time: 0.000011 s
[Rank 72] Local SpMV time: 0.000013 s
[Rank 31] Local SpMV time: 0.000011 s
[Rank 36] Local SpMV time: 0.000014 s
[Rank 79] Local SpMV time: 0.000011 s
[Rank 80] Local SpMV time: 0.000014 s
[Rank 66] Local SpMV time: 0.000014 s
[Rank 18] Local SpMV time: 0.000013 s
[Rank 74] Local SpMV time: 0.000014 s
[Rank 87] Local SpMV time: 0.000011 s
[Rank 44] Local SpMV time: 0.000013 s
[Rank 24] Local SpMV time: 0.000013 s
[Rank 38] Local SpMV time: 0.000012 s
[Rank 48] Local SpMV time: 0.000013 s
[Rank 10] Local SpMV time: 0.000014 s
[Rank 42] Local SpMV time: 0.000012 s
[Rank 59] Local SpMV time: 0.000013 s
[Rank 84] Local SpMV time: 0.000012 s
[Rank 34] Local SpMV time: 0.000011 s
[Rank 63] Local SpMV time: 0.000013 s
[Rank 6] Local SpMV time: 0.000011 s
[Rank 96] Local SpMV time: 0.000013 s
[Rank 46] Local SpMV time: 0.000012 s
[Rank 95] Local SpMV time: 0.000014 s
[Rank 56] Local SpMV time: 0.000011 s
[Rank 52] Local SpMV time: 0.000013 s
[Rank 26] Local SpMV time: 0.000013 s
[Rank 20] Local SpMV time: 0.000012 s
[Rank 112] Local SpMV time: 0.000013 s
[Rank 68] Local SpMV time: 0.000013 s
[Rank 82] Local SpMV time: 0.000013 s
[Rank 50] Local SpMV time: 0.000011 s
[Rank 76] Local SpMV time: 0.000012 s
[Rank 104] Local SpMV time: 0.000013 s
[Rank 78] Local SpMV time: 0.000013 s
[Rank 54] Local SpMV time: 0.000010 s
[Rank 116] Local SpMV time: 0.000013 s
[Rank 88] Local SpMV time: 0.000012 s
[Rank 118] Local SpMV time: 0.000012 s
[Rank 86] Local SpMV time: 0.000013 s
[Rank 58] Local SpMV time: 0.000013 s
[Rank 114] Local SpMV time: 0.000012 s
[Rank 28] Local SpMV time: 0.000011 s
[Rank 60] Local SpMV time: 0.000013 s
[Rank 30] Local SpMV time: 0.000013 s
[Rank 98] Local SpMV time: 0.000013 s
[Rank 100] Local SpMV time: 0.000013 s
[Rank 120] Local SpMV time: 0.000012 s
[Rank 90] Local SpMV time: 0.000012 s
[Rank 62] Local SpMV time: 0.000012 s
[Rank 108] Local SpMV time: 0.000012 s
[Rank 106] Local SpMV time: 0.000012 s
[Rank 92] Local SpMV time: 0.000012 s
[Rank 102] Local SpMV time: 0.000012 s
[Rank 22] Local SpMV time: 0.000011 s
[Rank 70] Local SpMV time: 0.000013 s
[Rank 94] Local SpMV time: 0.000013 s
[Rank 110] Local SpMV time: 0.000013 s
[Rank 124] Local SpMV time: 0.000011 s
[Rank 122] Local SpMV time: 0.000013 s
[Rank 126] Local SpMV time: 0.000011 s

-----------------------------------------------------------------------------------------------
  P |  Time(s) | Comp% | Comm% |  GFLOP/s | Speedup |  Eff% | Mem(MiB) | NNZ min | NNZ avg | NNZ max
-----------------------------------------------------------------------------------------------
128 |   0.2601 |   0.0 | 691.0 |     0.000 |    0.04 |   0.03 |     0.02 |       0 |     75.0 |     113
Global FLOPs per SpMV: 19192

