Strong scaling results for ww_36_pmec_36.mtx
Date: Fri Jan  2 12:59:45 CET 2026
----------------------------------------

[Rank 0] Matrix: 66 x 66, nnz=1194 | 1D cyclic rows over P=1
[Rank 0] Local SpMV time: 0.001333 s

-----------------------------------------------------------------------------------------------
  P |  Time(s) | Comp% | Comm% |  GFLOP/s | Speedup |  Eff% | Mem(MiB) | NNZ min | NNZ avg | NNZ max
-----------------------------------------------------------------------------------------------
  1 |   0.0014 |  97.3 |   0.4 |     0.002 |    N/A   |   N/A  |     0.03 |    1194 |   1194.0 |    1194
Global FLOPs per SpMV: 2388
BASELINE_T1=0.0014

----------------------------------------
np=2, OMP_NUM_THREADS=64
----------------------------------------
[Rank 0] Matrix: 66 x 66, nnz=1194 | 1D cyclic rows over P=2
[Rank 0] Local SpMV time: 0.001306 s
[Rank 1] Local SpMV time: 0.001998 s

-----------------------------------------------------------------------------------------------
  P |  Time(s) | Comp% | Comm% |  GFLOP/s | Speedup |  Eff% | Mem(MiB) | NNZ min | NNZ avg | NNZ max
-----------------------------------------------------------------------------------------------
  2 |   0.0022 |  90.5 |  42.7 |     0.001 |    0.63 |  31.69 |     0.02 |     295 |    445.5 |     596
Global FLOPs per SpMV: 1782

----------------------------------------
np=4, OMP_NUM_THREADS=32
----------------------------------------
[Rank 0] Matrix: 66 x 66, nnz=1194 | 1D cyclic rows over P=4
[Rank 1] Local SpMV time: 0.000729 s
[Rank 0] Local SpMV time: 0.001151 s
[Rank 3] Local SpMV time: 0.000716 s
[Rank 2] Local SpMV time: 0.000715 s

-----------------------------------------------------------------------------------------------
  P |  Time(s) | Comp% | Comm% |  GFLOP/s | Speedup |  Eff% | Mem(MiB) | NNZ min | NNZ avg | NNZ max
-----------------------------------------------------------------------------------------------
  4 |   0.0012 |  98.1 | 2202.0 |     0.001 |    1.19 |  29.84 |     0.01 |      76 |    186.0 |     314
Global FLOPs per SpMV: 1488

----------------------------------------
np=8, OMP_NUM_THREADS=16
----------------------------------------
[Rank 0] Matrix: 66 x 66, nnz=1194 | 1D cyclic rows over P=8
[Rank 0] Local SpMV time: 0.000383 s
[Rank 1] Local SpMV time: 0.000391 s
[Rank 4] Local SpMV time: 0.001005 s
[Rank 2] Local SpMV time: 0.008023 s
[Rank 6] Local SpMV time: 0.015196 s
[Rank 5] Local SpMV time: 0.017968 s
[Rank 3] Local SpMV time: 0.024989 s
[Rank 7] Local SpMV time: 0.000409 s

-----------------------------------------------------------------------------------------------
  P |  Time(s) | Comp% | Comm% |  GFLOP/s | Speedup |  Eff% | Mem(MiB) | NNZ min | NNZ avg | NNZ max
-----------------------------------------------------------------------------------------------
  8 |   0.0250 |  99.9 | 338.3 |     0.000 |    0.06 |   0.70 |     0.01 |      18 |     85.6 |     186
Global FLOPs per SpMV: 1370

----------------------------------------
np=16, OMP_NUM_THREADS=8
----------------------------------------
[Rank 0] Matrix: 66 x 66, nnz=1194 | 1D cyclic rows over P=16
[Rank 0] Local SpMV time: 0.000251 s
[Rank 4] Local SpMV time: 0.000568 s
[Rank 2] Local SpMV time: 0.000834 s
[Rank 8] Local SpMV time: 0.000245 s
[Rank 1] Local SpMV time: 0.000225 s
[Rank 6] Local SpMV time: 0.000527 s
[Rank 5] Local SpMV time: 0.000200 s
[Rank 3] Local SpMV time: 0.000479 s
[Rank 9] Local SpMV time: 0.000731 s
[Rank 12] Local SpMV time: 0.000241 s
[Rank 7] Local SpMV time: 0.004041 s
[Rank 10] Local SpMV time: 0.000523 s
[Rank 11] Local SpMV time: 0.000316 s
[Rank 14] Local SpMV time: 0.000795 s
[Rank 13] Local SpMV time: 0.004098 s
[Rank 15] Local SpMV time: 0.000211 s

-----------------------------------------------------------------------------------------------
  P |  Time(s) | Comp% | Comm% |  GFLOP/s | Speedup |  Eff% | Mem(MiB) | NNZ min | NNZ avg | NNZ max
-----------------------------------------------------------------------------------------------
 16 |   0.0041 |  99.3 | 3096.5 |     0.000 |    0.34 |   2.12 |     0.00 |       6 |     39.8 |      92
Global FLOPs per SpMV: 1274

----------------------------------------
np=32, OMP_NUM_THREADS=4
----------------------------------------
[Rank 0] Matrix: 66 x 66, nnz=1194 | 1D cyclic rows over P=32
[Rank 0] Local SpMV time: 0.004088 s
[Rank 1] Local SpMV time: 0.004100 s
[Rank 16] Local SpMV time: 0.000144 s
[Rank 5] Local SpMV time: 0.000140 s
[Rank 20] Local SpMV time: 0.000132 s
[Rank 8] Local SpMV time: 0.000402 s
[Rank 17] Local SpMV time: 0.000141 s
[Rank 18] Local SpMV time: 0.000684 s
[Rank 3] Local SpMV time: 0.000452 s
[Rank 2] Local SpMV time: 0.000963 s
[Rank 4] Local SpMV time: 0.005186 s
[Rank 9] Local SpMV time: 0.004089 s
[Rank 21] Local SpMV time: 0.000350 s
[Rank 24] Local SpMV time: 0.000140 s
[Rank 23] Local SpMV time: 0.004062 s
[Rank 7] Local SpMV time: 0.000140 s
[Rank 26] Local SpMV time: 0.004097 s
[Rank 19] Local SpMV time: 0.000416 s
[Rank 22] Local SpMV time: 0.000375 s
[Rank 10] Local SpMV time: 0.000578 s
[Rank 6] Local SpMV time: 0.000832 s
[Rank 28] Local SpMV time: 0.001036 s
[Rank 13] Local SpMV time: 0.000139 s
[Rank 25] Local SpMV time: 0.000360 s
[Rank 12] Local SpMV time: 0.004042 s
[Rank 11] Local SpMV time: 0.000566 s
[Rank 27] Local SpMV time: 0.000143 s
[Rank 14] Local SpMV time: 0.000142 s
[Rank 15] Local SpMV time: 0.000141 s
[Rank 30] Local SpMV time: 0.000141 s
[Rank 29] Local SpMV time: 0.000145 s
[Rank 31] Local SpMV time: 0.000431 s

-----------------------------------------------------------------------------------------------
  P |  Time(s) | Comp% | Comm% |  GFLOP/s | Speedup |  Eff% | Mem(MiB) | NNZ min | NNZ avg | NNZ max
-----------------------------------------------------------------------------------------------
 32 |   0.0052 |  99.6 | 6147.9 |     0.000 |    0.27 |   0.84 |     0.00 |       1 |     19.2 |      62
Global FLOPs per SpMV: 1230

----------------------------------------
np=64, OMP_NUM_THREADS=2
----------------------------------------
[Rank 0] Matrix: 66 x 66, nnz=1194 | 1D cyclic rows over P=64
[Rank 0] Local SpMV time: 0.000149 s
[Rank 4] Local SpMV time: 0.000094 s
[Rank 2] Local SpMV time: 0.004049 s
[Rank 32] Local SpMV time: 0.000092 s
[Rank 36] Local SpMV time: 0.000076 s
[Rank 6] Local SpMV time: 0.004052 s
[Rank 48] Local SpMV time: 0.004044 s
[Rank 16] Local SpMV time: 0.000076 s
[Rank 40] Local SpMV time: 0.000126 s
[Rank 8] Local SpMV time: 0.007959 s
[Rank 1] Local SpMV time: 0.000082 s
[Rank 38] Local SpMV time: 0.000260 s
[Rank 17] Local SpMV time: 0.000277 s
[Rank 34] Local SpMV time: 0.004051 s
[Rank 44] Local SpMV time: 0.000253 s
[Rank 10] Local SpMV time: 0.000102 s
[Rank 50] Local SpMV time: 0.000093 s
[Rank 5] Local SpMV time: 0.000050 s
[Rank 3] Local SpMV time: 0.000141 s
[Rank 20] Local SpMV time: 0.000048 s
[Rank 25] Local SpMV time: 0.000270 s
[Rank 21] Local SpMV time: 0.000461 s
[Rank 24] Local SpMV time: 0.000123 s
[Rank 56] Local SpMV time: 0.004169 s
[Rank 19] Local SpMV time: 0.000067 s
[Rank 12] Local SpMV time: 0.000381 s
[Rank 22] Local SpMV time: 0.004047 s
[Rank 9] Local SpMV time: 0.004054 s
[Rank 52] Local SpMV time: 0.000084 s
[Rank 18] Local SpMV time: 0.000048 s
[Rank 13] Local SpMV time: 0.000045 s
[Rank 23] Local SpMV time: 0.000219 s
[Rank 14] Local SpMV time: 0.004053 s
[Rank 29] Local SpMV time: 0.004051 s
[Rank 33] Local SpMV time: 0.000267 s
[Rank 42] Local SpMV time: 0.004002 s
[Rank 27] Local SpMV time: 0.004066 s
[Rank 46] Local SpMV time: 0.004045 s
[Rank 58] Local SpMV time: 0.000090 s
[Rank 15] Local SpMV time: 0.004056 s
[Rank 54] Local SpMV time: 0.000088 s
[Rank 31] Local SpMV time: 0.000065 s
[Rank 60] Local SpMV time: 0.000043 s
[Rank 7] Local SpMV time: 0.000096 s
[Rank 26] Local SpMV time: 0.000237 s
[Rank 49] Local SpMV time: 0.004272 s
[Rank 11] Local SpMV time: 0.000082 s
[Rank 28] Local SpMV time: 0.004041 s
[Rank 53] Local SpMV time: 0.000219 s
[Rank 30] Local SpMV time: 0.000088 s
[Rank 41] Local SpMV time: 0.000072 s
[Rank 37] Local SpMV time: 0.000043 s
[Rank 62] Local SpMV time: 0.004048 s
[Rank 43] Local SpMV time: 0.000248 s
[Rank 45] Local SpMV time: 0.000045 s
[Rank 35] Local SpMV time: 0.000084 s
[Rank 51] Local SpMV time: 0.000048 s
[Rank 39] Local SpMV time: 0.000048 s
[Rank 57] Local SpMV time: 0.000095 s
[Rank 59] Local SpMV time: 0.000091 s
[Rank 55] Local SpMV time: 0.004239 s
[Rank 61] Local SpMV time: 0.004055 s
[Rank 47] Local SpMV time: 0.000155 s
[Rank 63] Local SpMV time: 0.000066 s

-----------------------------------------------------------------------------------------------
  P |  Time(s) | Comp% | Comm% |  GFLOP/s | Speedup |  Eff% | Mem(MiB) | NNZ min | NNZ avg | NNZ max
-----------------------------------------------------------------------------------------------
 64 |   0.1321 |   6.0 | 775.2 |     0.000 |    0.01 |   0.02 |     0.00 |       0 |      9.4 |      60
Global FLOPs per SpMV: 1200

----------------------------------------
np=128, OMP_NUM_THREADS=1
----------------------------------------
[Rank 0] Matrix: 66 x 66, nnz=1194 | 1D cyclic rows over P=128
[Rank 0] Local SpMV time: 0.000018 s
[Rank 8] Local SpMV time: 0.000013 s
[Rank 1] Local SpMV time: 0.000021 s
[Rank 3] Local SpMV time: 0.000012 s
[Rank 65] Local SpMV time: 0.000014 s
[Rank 64] Local SpMV time: 0.000013 s
[Rank 66] Local SpMV time: 0.000014 s
[Rank 16] Local SpMV time: 0.000013 s
[Rank 67] Local SpMV time: 0.000013 s
[Rank 72] Local SpMV time: 0.000014 s
[Rank 76] Local SpMV time: 0.000011 s
[Rank 78] Local SpMV time: 0.000012 s
[Rank 69] Local SpMV time: 0.000012 s
[Rank 80] Local SpMV time: 0.000014 s
[Rank 18] Local SpMV time: 0.000013 s
[Rank 96] Local SpMV time: 0.000014 s
[Rank 71] Local SpMV time: 0.000012 s
[Rank 74] Local SpMV time: 0.000013 s
[Rank 5] Local SpMV time: 0.000013 s
[Rank 12] Local SpMV time: 0.000013 s
[Rank 4] Local SpMV time: 0.000012 s
[Rank 100] Local SpMV time: 0.000011 s
[Rank 32] Local SpMV time: 0.000013 s
[Rank 6] Local SpMV time: 0.000012 s
[Rank 68] Local SpMV time: 0.000013 s
[Rank 36] Local SpMV time: 0.000014 s
[Rank 33] Local SpMV time: 0.000011 s
[Rank 102] Local SpMV time: 0.000014 s
[Rank 98] Local SpMV time: 0.000013 s
[Rank 37] Local SpMV time: 0.000014 s
[Rank 97] Local SpMV time: 0.000011 s
[Rank 34] Local SpMV time: 0.000014 s
[Rank 10] Local SpMV time: 0.000013 s
[Rank 39] Local SpMV time: 0.000011 s
[Rank 38] Local SpMV time: 0.000014 s
[Rank 2] Local SpMV time: 0.000010 s
[Rank 73] Local SpMV time: 0.000011 s
[Rank 24] Local SpMV time: 0.000014 s
[Rank 70] Local SpMV time: 0.000013 s
[Rank 77] Local SpMV time: 0.000011 s
[Rank 84] Local SpMV time: 0.000013 s
[Rank 81] Local SpMV time: 0.000011 s
[Rank 112] Local SpMV time: 0.000013 s
[Rank 40] Local SpMV time: 0.000014 s
[Rank 83] Local SpMV time: 0.000012 s
[Rank 17] Local SpMV time: 0.000014 s
[Rank 9] Local SpMV time: 0.000014 s
[Rank 104] Local SpMV time: 0.000013 s
[Rank 75] Local SpMV time: 0.000011 s
[Rank 7] Local SpMV time: 0.000011 s
[Rank 86] Local SpMV time: 0.000012 s
[Rank 106] Local SpMV time: 0.000011 s
[Rank 26] Local SpMV time: 0.000011 s
[Rank 82] Local SpMV time: 0.000012 s
[Rank 11] Local SpMV time: 0.000012 s
[Rank 116] Local SpMV time: 0.000011 s
[Rank 42] Local SpMV time: 0.000013 s
[Rank 20] Local SpMV time: 0.000012 s
[Rank 13] Local SpMV time: 0.000013 s
[Rank 79] Local SpMV time: 0.000012 s
[Rank 48] Local SpMV time: 0.000013 s
[Rank 105] Local SpMV time: 0.000013 s
[Rank 108] Local SpMV time: 0.000012 s
[Rank 35] Local SpMV time: 0.000011 s
[Rank 88] Local SpMV time: 0.000011 s
[Rank 101] Local SpMV time: 0.000013 s
[Rank 85] Local SpMV time: 0.000011 s
[Rank 44] Local SpMV time: 0.000013 s
[Rank 46] Local SpMV time: 0.000012 s
[Rank 89] Local SpMV time: 0.000011 s
[Rank 15] Local SpMV time: 0.000013 s
[Rank 41] Local SpMV time: 0.000012 s
[Rank 92] Local SpMV time: 0.000014 s
[Rank 14] Local SpMV time: 0.000012 s
[Rank 49] Local SpMV time: 0.000011 s
[Rank 87] Local SpMV time: 0.000011 s
[Rank 91] Local SpMV time: 0.000011 s
[Rank 28] Local SpMV time: 0.000011 s
[Rank 22] Local SpMV time: 0.000011 s
[Rank 51] Local SpMV time: 0.000012 s
[Rank 113] Local SpMV time: 0.000012 s
[Rank 56] Local SpMV time: 0.000013 s
[Rank 21] Local SpMV time: 0.000014 s
[Rank 19] Local SpMV time: 0.000012 s
[Rank 93] Local SpMV time: 0.000013 s
[Rank 25] Local SpMV time: 0.000012 s
[Rank 99] Local SpMV time: 0.000011 s
[Rank 114] Local SpMV time: 0.000013 s
[Rank 120] Local SpMV time: 0.000013 s
[Rank 23] Local SpMV time: 0.000013 s
[Rank 107] Local SpMV time: 0.000011 s
[Rank 57] Local SpMV time: 0.000011 s
[Rank 109] Local SpMV time: 0.000012 s
[Rank 103] Local SpMV time: 0.000011 s
[Rank 50] Local SpMV time: 0.000013 s
[Rank 43] Local SpMV time: 0.000014 s
[Rank 30] Local SpMV time: 0.000013 s
[Rank 95] Local SpMV time: 0.000011 s
[Rank 110] Local SpMV time: 0.000012 s
[Rank 118] Local SpMV time: 0.000013 s
[Rank 124] Local SpMV time: 0.000013 s
[Rank 53] Local SpMV time: 0.000011 s
[Rank 52] Local SpMV time: 0.000012 s
[Rank 94] Local SpMV time: 0.000011 s
[Rank 126] Local SpMV time: 0.000012 s
[Rank 60] Local SpMV time: 0.000013 s
[Rank 27] Local SpMV time: 0.000012 s
[Rank 121] Local SpMV time: 0.000011 s
[Rank 111] Local SpMV time: 0.000011 s
[Rank 90] Local SpMV time: 0.000011 s
[Rank 117] Local SpMV time: 0.000011 s
[Rank 119] Local SpMV time: 0.000011 s
[Rank 58] Local SpMV time: 0.000012 s
[Rank 45] Local SpMV time: 0.000011 s
[Rank 59] Local SpMV time: 0.000011 s
[Rank 122] Local SpMV time: 0.000013 s
[Rank 115] Local SpMV time: 0.000011 s
[Rank 123] Local SpMV time: 0.000011 s
[Rank 54] Local SpMV time: 0.000013 s
[Rank 29] Local SpMV time: 0.000012 s
[Rank 125] Local SpMV time: 0.000011 s
[Rank 31] Local SpMV time: 0.000013 s
[Rank 62] Local SpMV time: 0.000014 s
[Rank 61] Local SpMV time: 0.000012 s
[Rank 55] Local SpMV time: 0.000012 s
[Rank 47] Local SpMV time: 0.000013 s
[Rank 127] Local SpMV time: 0.000012 s
[Rank 63] Local SpMV time: 0.000014 s

-----------------------------------------------------------------------------------------------
  P |  Time(s) | Comp% | Comm% |  GFLOP/s | Speedup |  Eff% | Mem(MiB) | NNZ min | NNZ avg | NNZ max
-----------------------------------------------------------------------------------------------
128 |   0.0001 |  36.4 | 3673025.9 |     0.032 |   24.57 |  19.19 |     0.00 |       0 |      7.1 |      30
Global FLOPs per SpMV: 1820

