Strong scaling results for bcsstm05.mtx
Date: Fri Jan  2 09:37:56 CET 2026
----------------------------------------

[Rank 0] Matrix: 153 x 153, nnz=153 | grid=1x1 | pattern=0 symmetric=1
[Rank 0] Matrix: 153 x 153, nnz=153 | grid=1x1
[Rank 0] Local SpMV time: 0.013420 s
Global FLOPs per SpMV: 306

-----------------------------------------------------------------------------------------------
  P |  Time(s) | Comp% | Comm% |  GFLOP/s | Speedup |  Eff% | Mem(MiB) | NNZ min | NNZ avg | NNZ max
-----------------------------------------------------------------------------------------------
  1 |   0.0135 |  99.7 |   0.1 |     0.000 |    N/A   |   N/A  |     0.01 |     153 |    153.0 |     153
BASELINE_T1=0.0135

----------------------------------------
np=2, OMP_NUM_THREADS=64
----------------------------------------
[Rank 0] Matrix: 153 x 153, nnz=153 | grid=2x1 | pattern=0 symmetric=1
[Rank 0] Matrix: 153 x 153, nnz=153 | grid=2x1
[Rank 1] Local SpMV time: 0.002976 s
[Rank 0] Local SpMV time: 0.013251 s
Global FLOPs per SpMV: 226

-----------------------------------------------------------------------------------------------
  P |  Time(s) | Comp% | Comm% |  GFLOP/s | Speedup |  Eff% | Mem(MiB) | NNZ min | NNZ avg | NNZ max
-----------------------------------------------------------------------------------------------
  2 |   0.0133 |  99.5 |   0.3 |     0.000 |    1.01 |  50.69 |     0.00 |      36 |     56.5 |      77

----------------------------------------
np=4, OMP_NUM_THREADS=32
----------------------------------------
[Rank 0] Matrix: 153 x 153, nnz=153 | grid=2x2 | pattern=0 symmetric=1
[Rank 0] Matrix: 153 x 153, nnz=153 | grid=2x2
[Rank 1] Local SpMV time: 0.000823 s
[Rank 0] Local SpMV time: 0.008678 s
[Rank 3] Local SpMV time: 0.000812 s
[Rank 2] Local SpMV time: 0.020244 s
Global FLOPs per SpMV: 190

-----------------------------------------------------------------------------------------------
  P |  Time(s) | Comp% | Comm% |  GFLOP/s | Speedup |  Eff% | Mem(MiB) | NNZ min | NNZ avg | NNZ max
-----------------------------------------------------------------------------------------------
  4 |   0.0387 |  52.4 |   0.1 |     0.000 |    0.35 |   8.73 |     0.00 |       0 |     23.8 |      77

----------------------------------------
np=8, OMP_NUM_THREADS=16
----------------------------------------
[Rank 0] Matrix: 153 x 153, nnz=153 | grid=4x2 | pattern=0 symmetric=1
[Rank 0] Matrix: 153 x 153, nnz=153 | grid=4x2
[Rank 1] Local SpMV time: 0.000513 s
[Rank 5] Local SpMV time: 0.003984 s
[Rank 0] Local SpMV time: 0.000415 s
[Rank 2] Local SpMV time: 0.000391 s
[Rank 3] Local SpMV time: 0.007499 s
[Rank 4] Local SpMV time: 0.000362 s
[Rank 7] Local SpMV time: 0.011258 s
[Rank 6] Local SpMV time: 0.007186 s
Global FLOPs per SpMV: 170

-----------------------------------------------------------------------------------------------
  P |  Time(s) | Comp% | Comm% |  GFLOP/s | Speedup |  Eff% | Mem(MiB) | NNZ min | NNZ avg | NNZ max
-----------------------------------------------------------------------------------------------
  8 |   0.0770 |  14.6 |   7.2 |     0.000 |    0.18 |   2.19 |     0.00 |       0 |     10.6 |      39

----------------------------------------
np=16, OMP_NUM_THREADS=8
----------------------------------------
[Rank 0] Matrix: 153 x 153, nnz=153 | grid=4x4 | pattern=0 symmetric=1
[Rank 0] Matrix: 153 x 153, nnz=153 | grid=4x4
[Rank 1] Local SpMV time: 0.000280 s
[Rank 0] Local SpMV time: 0.004136 s
[Rank 2] Local SpMV time: 0.000235 s
[Rank 8] Local SpMV time: 0.004338 s
[Rank 4] Local SpMV time: 0.000784 s
[Rank 12] Local SpMV time: 0.001058 s
[Rank 6] Local SpMV time: 0.000355 s
[Rank 10] Local SpMV time: 0.004582 s
[Rank 14] Local SpMV time: 0.004083 s
[Rank 7] Local SpMV time: 0.008734 s
[Rank 5] Local SpMV time: 0.098991 s
[Rank 9] Local SpMV time: 0.110072 s
[Rank 13] Local SpMV time: 0.088001 s
[Rank 3] Local SpMV time: 0.088003 s
[Rank 11] Local SpMV time: 0.120845 s
[Rank 15] Local SpMV time: 0.088000 s
Global FLOPs per SpMV: 158

-----------------------------------------------------------------------------------------------
  P |  Time(s) | Comp% | Comm% |  GFLOP/s | Speedup |  Eff% | Mem(MiB) | NNZ min | NNZ avg | NNZ max
-----------------------------------------------------------------------------------------------
 16 |   0.3520 |  34.3 |  54.5 |     0.000 |    0.04 |   0.24 |     0.00 |       0 |      4.9 |      39

----------------------------------------
np=32, OMP_NUM_THREADS=4
----------------------------------------
[Rank 0] Matrix: 153 x 153, nnz=153 | grid=8x4 | pattern=0 symmetric=1
[Rank 0] Matrix: 153 x 153, nnz=153 | grid=8x4
[Rank 1] Local SpMV time: 0.000196 s
[Rank 17] Local SpMV time: 0.000139 s
[Rank 0] Local SpMV time: 0.004068 s
[Rank 3] Local SpMV time: 0.000143 s
[Rank 8] Local SpMV time: 0.000161 s
[Rank 19] Local SpMV time: 0.000138 s
[Rank 2] Local SpMV time: 0.000158 s
[Rank 12] Local SpMV time: 0.004102 s
[Rank 16] Local SpMV time: 0.003994 s
[Rank 5] Local SpMV time: 0.000153 s
[Rank 4] Local SpMV time: 0.000274 s
[Rank 20] Local SpMV time: 0.000159 s
[Rank 10] Local SpMV time: 0.000160 s
[Rank 18] Local SpMV time: 0.000160 s
[Rank 9] Local SpMV time: 0.000143 s
[Rank 24] Local SpMV time: 0.004110 s
[Rank 6] Local SpMV time: 0.004155 s
[Rank 25] Local SpMV time: 0.001909 s
[Rank 26] Local SpMV time: 0.008025 s
[Rank 14] Local SpMV time: 0.000195 s
[Rank 22] Local SpMV time: 0.004122 s
[Rank 21] Local SpMV time: 0.000158 s
[Rank 28] Local SpMV time: 0.004091 s
[Rank 23] Local SpMV time: 0.000152 s
[Rank 30] Local SpMV time: 0.004097 s
[Rank 7] Local SpMV time: 0.000161 s
[Rank 29] Local SpMV time: 0.011085 s
[Rank 13] Local SpMV time: 0.001867 s
[Rank 11] Local SpMV time: 0.013952 s
[Rank 27] Local SpMV time: 0.005370 s
[Rank 31] Local SpMV time: 0.000161 s
[Rank 15] Local SpMV time: 0.000143 s
Global FLOPs per SpMV: 156

-----------------------------------------------------------------------------------------------
  P |  Time(s) | Comp% | Comm% |  GFLOP/s | Speedup |  Eff% | Mem(MiB) | NNZ min | NNZ avg | NNZ max
-----------------------------------------------------------------------------------------------
 32 |   0.7070 |   2.0 |  90.1 |     0.000 |    0.02 |   0.06 |     0.00 |       0 |      2.4 |      20

----------------------------------------
np=64, OMP_NUM_THREADS=2
----------------------------------------
[Rank 0] Matrix: 153 x 153, nnz=153 | grid=8x8 | pattern=0 symmetric=1
[Rank 0] Matrix: 153 x 153, nnz=153 | grid=8x8
[Rank 1] Local SpMV time: 0.000093 s
[Rank 3] Local SpMV time: 0.000105 s
[Rank 9] Local SpMV time: 0.000047 s
[Rank 5] Local SpMV time: 0.000058 s
[Rank 11] Local SpMV time: 0.011007 s
[Rank 0] Local SpMV time: 0.004011 s
[Rank 32] Local SpMV time: 0.000203 s
[Rank 8] Local SpMV time: 0.004213 s
[Rank 48] Local SpMV time: 0.000057 s
[Rank 56] Local SpMV time: 0.000187 s
[Rank 16] Local SpMV time: 0.000066 s
[Rank 17] Local SpMV time: 0.022004 s
[Rank 2] Local SpMV time: 0.000110 s
[Rank 10] Local SpMV time: 0.000273 s
[Rank 4] Local SpMV time: 0.000396 s
[Rank 25] Local SpMV time: 0.022004 s
[Rank 40] Local SpMV time: 0.003983 s
[Rank 12] Local SpMV time: 0.008024 s
[Rank 33] Local SpMV time: 0.022052 s
[Rank 6] Local SpMV time: 0.000131 s
[Rank 18] Local SpMV time: 0.000090 s
[Rank 24] Local SpMV time: 0.000115 s
[Rank 26] Local SpMV time: 0.004051 s
[Rank 34] Local SpMV time: 0.000203 s
[Rank 22] Local SpMV time: 0.000329 s
[Rank 38] Local SpMV time: 0.000108 s
[Rank 13] Local SpMV time: 0.000098 s
[Rank 36] Local SpMV time: 0.000168 s
[Rank 20] Local SpMV time: 0.004230 s
[Rank 19] Local SpMV time: 0.011050 s
[Rank 28] Local SpMV time: 0.000195 s
[Rank 44] Local SpMV time: 0.004216 s
[Rank 21] Local SpMV time: 0.001349 s
[Rank 42] Local SpMV time: 0.000478 s
[Rank 30] Local SpMV time: 0.000068 s
[Rank 14] Local SpMV time: 0.000230 s
[Rank 7] Local SpMV time: 0.000047 s
[Rank 54] Local SpMV time: 0.004051 s
[Rank 15] Local SpMV time: 0.000098 s
[Rank 50] Local SpMV time: 0.004045 s
[Rank 23] Local SpMV time: 0.000062 s
[Rank 52] Local SpMV time: 0.000124 s
[Rank 35] Local SpMV time: 0.001198 s
[Rank 46] Local SpMV time: 0.000103 s
[Rank 62] Local SpMV time: 0.000148 s
[Rank 60] Local SpMV time: 0.004213 s
[Rank 37] Local SpMV time: 0.011054 s
[Rank 58] Local SpMV time: 0.004054 s
[Rank 41] Local SpMV time: 0.011102 s
[Rank 27] Local SpMV time: 0.012426 s
[Rank 49] Local SpMV time: 0.024746 s
[Rank 57] Local SpMV time: 0.000102 s
[Rank 31] Local SpMV time: 0.011052 s
[Rank 29] Local SpMV time: 0.011012 s
[Rank 53] Local SpMV time: 0.001399 s
[Rank 51] Local SpMV time: 0.000099 s
[Rank 45] Local SpMV time: 0.000150 s
[Rank 39] Local SpMV time: 0.012355 s
[Rank 43] Local SpMV time: 0.032964 s
[Rank 59] Local SpMV time: 0.022054 s
[Rank 61] Local SpMV time: 0.011057 s
[Rank 55] Local SpMV time: 0.000109 s
[Rank 47] Local SpMV time: 0.000097 s
[Rank 63] Local SpMV time: 0.000102 s
Global FLOPs per SpMV: 154

-----------------------------------------------------------------------------------------------
  P |  Time(s) | Comp% | Comm% |  GFLOP/s | Speedup |  Eff% | Mem(MiB) | NNZ min | NNZ avg | NNZ max
-----------------------------------------------------------------------------------------------
 64 |   2.4530 |   1.3 |  88.9 |     0.000 |    0.01 |   0.01 |     0.00 |       0 |      1.2 |      20

----------------------------------------
np=128, OMP_NUM_THREADS=1
----------------------------------------
[Rank 0] Matrix: 153 x 153, nnz=153 | grid=16x8 | pattern=0 symmetric=1
[Rank 0] Matrix: 153 x 153, nnz=153 | grid=16x8
[Rank 1] Local SpMV time: 0.000025 s
[Rank 0] Local SpMV time: 0.000036 s
[Rank 32] Local SpMV time: 0.000021 s
[Rank 48] Local SpMV time: 0.000021 s
[Rank 64] Local SpMV time: 0.000019 s
[Rank 2] Local SpMV time: 0.000018 s
[Rank 72] Local SpMV time: 0.000019 s
[Rank 4] Local SpMV time: 0.000014 s
[Rank 33] Local SpMV time: 0.000017 s
[Rank 36] Local SpMV time: 0.000020 s
[Rank 65] Local SpMV time: 0.000016 s
[Rank 68] Local SpMV time: 0.000020 s
[Rank 66] Local SpMV time: 0.000016 s
[Rank 40] Local SpMV time: 0.000021 s
[Rank 80] Local SpMV time: 0.000017 s
[Rank 96] Local SpMV time: 0.000019 s
[Rank 82] Local SpMV time: 0.000021 s
[Rank 3] Local SpMV time: 0.000015 s
[Rank 16] Local SpMV time: 0.000019 s
[Rank 104] Local SpMV time: 0.000017 s
[Rank 100] Local SpMV time: 0.000019 s
[Rank 34] Local SpMV time: 0.000020 s
[Rank 8] Local SpMV time: 0.000018 s
[Rank 9] Local SpMV time: 0.000016 s
[Rank 76] Local SpMV time: 0.000015 s
[Rank 24] Local SpMV time: 0.000018 s
[Rank 6] Local SpMV time: 0.000016 s
[Rank 11] Local SpMV time: 0.000031 s
[Rank 70] Local SpMV time: 0.000016 s
[Rank 18] Local SpMV time: 0.000020 s
[Rank 52] Local SpMV time: 0.000031 s
[Rank 10] Local SpMV time: 0.000017 s
[Rank 44] Local SpMV time: 0.000020 s
[Rank 56] Local SpMV time: 0.000014 s
[Rank 12] Local SpMV time: 0.000017 s
[Rank 50] Local SpMV time: 0.000018 s
[Rank 88] Local SpMV time: 0.000019 s
[Rank 90] Local SpMV time: 0.000031 s
[Rank 41] Local SpMV time: 0.000016 s
[Rank 112] Local SpMV time: 0.000020 s
[Rank 42] Local SpMV time: 0.000020 s
[Rank 102] Local SpMV time: 0.000020 s
[Rank 84] Local SpMV time: 0.000021 s
[Rank 74] Local SpMV time: 0.000041 s
[Rank 108] Local SpMV time: 0.000020 s
[Rank 26] Local SpMV time: 0.000016 s
[Rank 60] Local SpMV time: 0.000020 s
[Rank 86] Local SpMV time: 0.000020 s
[Rank 116] Local SpMV time: 0.000019 s
[Rank 38] Local SpMV time: 0.000023 s
[Rank 118] Local SpMV time: 0.000019 s
[Rank 58] Local SpMV time: 0.000020 s
[Rank 46] Local SpMV time: 0.000018 s
[Rank 54] Local SpMV time: 0.000032 s
[Rank 120] Local SpMV time: 0.000019 s
[Rank 14] Local SpMV time: 0.000018 s
[Rank 98] Local SpMV time: 0.000019 s
[Rank 20] Local SpMV time: 0.000015 s
[Rank 49] Local SpMV time: 0.000015 s
[Rank 92] Local SpMV time: 0.000018 s
[Rank 81] Local SpMV time: 0.000016 s
[Rank 78] Local SpMV time: 0.000021 s
[Rank 62] Local SpMV time: 0.000020 s
[Rank 124] Local SpMV time: 0.000026 s
[Rank 126] Local SpMV time: 0.000015 s
[Rank 5] Local SpMV time: 0.000016 s
[Rank 110] Local SpMV time: 0.000031 s
[Rank 37] Local SpMV time: 0.000016 s
[Rank 57] Local SpMV time: 0.000031 s
[Rank 97] Local SpMV time: 0.000015 s
[Rank 94] Local SpMV time: 0.000020 s
[Rank 106] Local SpMV time: 0.000024 s
[Rank 69] Local SpMV time: 0.000015 s
[Rank 22] Local SpMV time: 0.000022 s
[Rank 28] Local SpMV time: 0.000019 s
[Rank 105] Local SpMV time: 0.000015 s
[Rank 17] Local SpMV time: 0.000015 s
[Rank 114] Local SpMV time: 0.000041 s
[Rank 73] Local SpMV time: 0.000017 s
[Rank 101] Local SpMV time: 0.000016 s
[Rank 85] Local SpMV time: 0.000016 s
[Rank 35] Local SpMV time: 0.000016 s
[Rank 53] Local SpMV time: 0.000031 s
[Rank 113] Local SpMV time: 0.000015 s
[Rank 30] Local SpMV time: 0.000028 s
[Rank 109] Local SpMV time: 0.000014 s
[Rank 121] Local SpMV time: 0.000015 s
[Rank 67] Local SpMV time: 0.000016 s
[Rank 122] Local SpMV time: 0.000040 s
[Rank 75] Local SpMV time: 0.000031 s
[Rank 99] Local SpMV time: 0.000015 s
[Rank 21] Local SpMV time: 0.000014 s
[Rank 7] Local SpMV time: 0.000015 s
[Rank 13] Local SpMV time: 0.000016 s
[Rank 43] Local SpMV time: 0.000015 s
[Rank 15] Local SpMV time: 0.000016 s
[Rank 89] Local SpMV time: 0.000015 s
[Rank 77] Local SpMV time: 0.000015 s
[Rank 115] Local SpMV time: 0.000015 s
[Rank 25] Local SpMV time: 0.000015 s
[Rank 45] Local SpMV time: 0.000016 s
[Rank 117] Local SpMV time: 0.000014 s
[Rank 61] Local SpMV time: 0.000015 s
[Rank 83] Local SpMV time: 0.000015 s
[Rank 107] Local SpMV time: 0.000015 s
[Rank 125] Local SpMV time: 0.000015 s
[Rank 19] Local SpMV time: 0.000014 s
[Rank 71] Local SpMV time: 0.000016 s
[Rank 123] Local SpMV time: 0.000015 s
[Rank 39] Local SpMV time: 0.000016 s
[Rank 27] Local SpMV time: 0.000014 s
[Rank 51] Local SpMV time: 0.000016 s
[Rank 79] Local SpMV time: 0.000017 s
[Rank 29] Local SpMV time: 0.000014 s
[Rank 55] Local SpMV time: 0.000018 s
[Rank 23] Local SpMV time: 0.000014 s
[Rank 93] Local SpMV time: 0.000015 s
[Rank 87] Local SpMV time: 0.000016 s
[Rank 91] Local SpMV time: 0.000015 s
[Rank 59] Local SpMV time: 0.000016 s
[Rank 47] Local SpMV time: 0.000017 s
[Rank 103] Local SpMV time: 0.000015 s
[Rank 63] Local SpMV time: 0.000015 s
[Rank 95] Local SpMV time: 0.000015 s
[Rank 119] Local SpMV time: 0.000016 s
[Rank 111] Local SpMV time: 0.000015 s
[Rank 31] Local SpMV time: 0.000014 s
[Rank 127] Local SpMV time: 0.000018 s
Global FLOPs per SpMV: 154

-----------------------------------------------------------------------------------------------
  P |  Time(s) | Comp% | Comm% |  GFLOP/s | Speedup |  Eff% | Mem(MiB) | NNZ min | NNZ avg | NNZ max
-----------------------------------------------------------------------------------------------
128 |   5.6380 |   0.0 |  90.9 |     0.000 |    0.00 |   0.00 |     0.00 |       0 |      0.6 |      10

