Strong scaling results for bcsstk05.mtx
Date: Fri Jan  2 17:23:14 CET 2026
----------------------------------------

[Rank 0] Matrix: 153 x 153, nnz=1288 | grid=1x1 | pattern=0 symmetric=1
[Rank 0] Matrix: 153 x 153, nnz=1288 | grid=1x1
[Rank 0] Local SpMV time: 0.002850 s
Global FLOPs per SpMV: 4846

-----------------------------------------------------------------------------------------------
  P |  Time(s) | Comp% | Comm% |  GFLOP/s | Speedup |  Eff% | Mem(MiB) | NNZ min | NNZ avg | NNZ max
-----------------------------------------------------------------------------------------------
  1 |   0.0029 |  98.6 |   0.3 |     0.002 |    N/A   |   N/A  |     0.07 |    2423 |   2423.0 |    2423
BASELINE_T1=0.0029

----------------------------------------
np=2, OMP_NUM_THREADS=64
----------------------------------------
[Rank 0] Matrix: 153 x 153, nnz=1288 | grid=2x1 | pattern=0 symmetric=1
[Rank 0] Matrix: 153 x 153, nnz=1288 | grid=2x1
[Rank 0] Local SpMV time: 0.002798 s
Global FLOPs per SpMV: 3598

-----------------------------------------------------------------------------------------------
  P |  Time(s) | Comp% | Comm% |  GFLOP/s | Speedup |  Eff% | Mem(MiB) | NNZ min | NNZ avg | NNZ max
-----------------------------------------------------------------------------------------------
  2 |   0.0029 |  97.7 |   2.4 |     0.001 |    1.01 |  50.65 |     0.04 |     581 |    899.5 |    1218
[Rank 1] Local SpMV time: 0.001684 s

----------------------------------------
np=4, OMP_NUM_THREADS=32
----------------------------------------
[Rank 0] Matrix: 153 x 153, nnz=1288 | grid=2x2 | pattern=0 symmetric=1
[Rank 0] Matrix: 153 x 153, nnz=1288 | grid=2x2
[Rank 0] Local SpMV time: 0.001079 s
[Rank 1] Local SpMV time: 0.002277 s
[Rank 3] Local SpMV time: 0.006618 s
[Rank 2] Local SpMV time: 0.013629 s
Global FLOPs per SpMV: 2964

-----------------------------------------------------------------------------------------------
  P |  Time(s) | Comp% | Comm% |  GFLOP/s | Speedup |  Eff% | Mem(MiB) | NNZ min | NNZ avg | NNZ max
-----------------------------------------------------------------------------------------------
  4 |   0.0390 |  34.9 |   0.1 |     0.000 |    0.07 |   1.86 |     0.02 |     142 |    370.5 |     585

----------------------------------------
np=8, OMP_NUM_THREADS=16
----------------------------------------
[Rank 0] Matrix: 153 x 153, nnz=1288 | grid=4x2 | pattern=0 symmetric=1
[Rank 0] Matrix: 153 x 153, nnz=1288 | grid=4x2
[Rank 0] Local SpMV time: 0.000502 s
[Rank 5] Local SpMV time: 0.000454 s
[Rank 2] Local SpMV time: 0.000535 s
[Rank 1] Local SpMV time: 0.025399 s
[Rank 4] Local SpMV time: 0.003999 s
[Rank 3] Local SpMV time: 0.005273 s
[Rank 7] Local SpMV time: 0.003766 s
[Rank 6] Local SpMV time: 0.000476 s
Global FLOPs per SpMV: 2664

-----------------------------------------------------------------------------------------------
  P |  Time(s) | Comp% | Comm% |  GFLOP/s | Speedup |  Eff% | Mem(MiB) | NNZ min | NNZ avg | NNZ max
-----------------------------------------------------------------------------------------------
  8 |   0.1250 |  20.3 |  37.9 |     0.000 |    0.02 |   0.29 |     0.01 |      36 |    166.5 |     296

----------------------------------------
np=16, OMP_NUM_THREADS=8
----------------------------------------
[Rank 0] Matrix: 153 x 153, nnz=1288 | grid=4x4 | pattern=0 symmetric=1
[Rank 0] Matrix: 153 x 153, nnz=1288 | grid=4x4
[Rank 1] Local SpMV time: 0.000405 s
[Rank 3] Local SpMV time: 0.013241 s
[Rank 9] Local SpMV time: 0.004797 s
[Rank 0] Local SpMV time: 0.000289 s
[Rank 11] Local SpMV time: 0.000317 s
[Rank 13] Local SpMV time: 0.013109 s
[Rank 8] Local SpMV time: 0.000234 s
[Rank 5] Local SpMV time: 0.004511 s
[Rank 2] Local SpMV time: 0.002224 s
[Rank 15] Local SpMV time: 0.006506 s
[Rank 4] Local SpMV time: 0.000252 s
[Rank 10] Local SpMV time: 0.002222 s
[Rank 7] Local SpMV time: 0.000288 s
[Rank 12] Local SpMV time: 0.000251 s
[Rank 6] Local SpMV time: 0.011059 s
[Rank 14] Local SpMV time: 0.000281 s
Global FLOPs per SpMV: 2496

-----------------------------------------------------------------------------------------------
  P |  Time(s) | Comp% | Comm% |  GFLOP/s | Speedup |  Eff% | Mem(MiB) | NNZ min | NNZ avg | NNZ max
-----------------------------------------------------------------------------------------------
 16 |   0.2640 |   5.0 |   0.0 |     0.000 |    0.01 |   0.07 |     0.01 |      10 |     78.0 |     167

----------------------------------------
np=32, OMP_NUM_THREADS=4
----------------------------------------
[Rank 0] Matrix: 153 x 153, nnz=1288 | grid=8x4 | pattern=0 symmetric=1
[Rank 0] Matrix: 153 x 153, nnz=1288 | grid=8x4
[Rank 1] Local SpMV time: 0.000216 s
[Rank 0] Local SpMV time: 0.011048 s
[Rank 5] Local SpMV time: 0.022069 s
[Rank 9] Local SpMV time: 0.001801 s
[Rank 4] Local SpMV time: 0.000148 s
[Rank 13] Local SpMV time: 0.000155 s
[Rank 2] Local SpMV time: 0.000143 s
[Rank 17] Local SpMV time: 0.001984 s
[Rank 8] Local SpMV time: 0.002002 s
[Rank 3] Local SpMV time: 0.003762 s
[Rank 19] Local SpMV time: 0.005494 s
[Rank 16] Local SpMV time: 0.000143 s
[Rank 11] Local SpMV time: 0.007357 s
[Rank 21] Local SpMV time: 0.000169 s
[Rank 12] Local SpMV time: 0.000150 s
[Rank 15] Local SpMV time: 0.001954 s
[Rank 10] Local SpMV time: 0.000146 s
[Rank 7] Local SpMV time: 0.003767 s
[Rank 14] Local SpMV time: 0.001996 s
[Rank 23] Local SpMV time: 0.000159 s
[Rank 6] Local SpMV time: 0.003704 s
[Rank 18] Local SpMV time: 0.000153 s
[Rank 24] Local SpMV time: 0.000156 s
[Rank 25] Local SpMV time: 0.022064 s
[Rank 20] Local SpMV time: 0.000156 s
[Rank 27] Local SpMV time: 0.000149 s
[Rank 28] Local SpMV time: 0.000160 s
[Rank 22] Local SpMV time: 0.011113 s
[Rank 29] Local SpMV time: 0.000183 s
[Rank 26] Local SpMV time: 0.000154 s
[Rank 31] Local SpMV time: 0.000159 s
[Rank 30] Local SpMV time: 0.011104 s
Global FLOPs per SpMV: 2386

-----------------------------------------------------------------------------------------------
  P |  Time(s) | Comp% | Comm% |  GFLOP/s | Speedup |  Eff% | Mem(MiB) | NNZ min | NNZ avg | NNZ max
-----------------------------------------------------------------------------------------------
 32 |   0.8910 |   2.5 |  79.0 |     0.000 |    0.00 |   0.01 |     0.00 |       2 |     37.3 |      82

----------------------------------------
np=64, OMP_NUM_THREADS=2
----------------------------------------
[Rank 0] Matrix: 153 x 153, nnz=1288 | grid=8x8 | pattern=0 symmetric=1
[Rank 0] Matrix: 153 x 153, nnz=1288 | grid=8x8
[Rank 1] Local SpMV time: 0.000144 s
[Rank 9] Local SpMV time: 0.001690 s
[Rank 3] Local SpMV time: 0.003059 s
[Rank 11] Local SpMV time: 0.000107 s
[Rank 32] Local SpMV time: 0.000056 s
[Rank 17] Local SpMV time: 0.000111 s
[Rank 0] Local SpMV time: 0.131489 s
[Rank 4] Local SpMV time: 0.001302 s
[Rank 16] Local SpMV time: 0.002666 s
[Rank 33] Local SpMV time: 0.000108 s
[Rank 19] Local SpMV time: 0.000110 s
[Rank 2] Local SpMV time: 0.000103 s
[Rank 6] Local SpMV time: 0.000101 s
[Rank 5] Local SpMV time: 0.000110 s
[Rank 37] Local SpMV time: 0.001629 s
[Rank 34] Local SpMV time: 0.000101 s
[Rank 25] Local SpMV time: 0.000060 s
[Rank 8] Local SpMV time: 0.000055 s
[Rank 41] Local SpMV time: 0.001342 s
[Rank 48] Local SpMV time: 0.000103 s
[Rank 21] Local SpMV time: 0.000061 s
[Rank 27] Local SpMV time: 0.001453 s
[Rank 20] Local SpMV time: 0.000102 s
[Rank 22] Local SpMV time: 0.001263 s
[Rank 36] Local SpMV time: 0.000113 s
[Rank 29] Local SpMV time: 0.000110 s
[Rank 40] Local SpMV time: 0.022024 s
[Rank 56] Local SpMV time: 0.001255 s
[Rank 49] Local SpMV time: 0.000072 s
[Rank 24] Local SpMV time: 0.013420 s
[Rank 13] Local SpMV time: 0.001559 s
[Rank 18] Local SpMV time: 0.000065 s
[Rank 7] Local SpMV time: 0.011005 s
[Rank 10] Local SpMV time: 0.001205 s
[Rank 23] Local SpMV time: 0.001516 s
[Rank 35] Local SpMV time: 0.000109 s
[Rank 51] Local SpMV time: 0.012640 s
[Rank 12] Local SpMV time: 0.000121 s
[Rank 38] Local SpMV time: 0.001369 s
[Rank 39] Local SpMV time: 0.000113 s
[Rank 45] Local SpMV time: 0.012432 s
[Rank 26] Local SpMV time: 0.000067 s
[Rank 15] Local SpMV time: 0.000076 s
[Rank 57] Local SpMV time: 0.000061 s
[Rank 52] Local SpMV time: 0.011054 s
[Rank 50] Local SpMV time: 0.001219 s
[Rank 44] Local SpMV time: 0.000102 s
[Rank 46] Local SpMV time: 0.000063 s
[Rank 59] Local SpMV time: 0.000114 s
[Rank 28] Local SpMV time: 0.000055 s
[Rank 14] Local SpMV time: 0.000103 s
[Rank 42] Local SpMV time: 0.001294 s
[Rank 31] Local SpMV time: 0.000060 s
[Rank 53] Local SpMV time: 0.000113 s
[Rank 60] Local SpMV time: 0.011052 s
[Rank 43] Local SpMV time: 0.012419 s
[Rank 47] Local SpMV time: 0.000113 s
[Rank 54] Local SpMV time: 0.000118 s
[Rank 58] Local SpMV time: 0.000103 s
[Rank 62] Local SpMV time: 0.000066 s
[Rank 55] Local SpMV time: 0.000067 s
[Rank 30] Local SpMV time: 0.000075 s
[Rank 61] Local SpMV time: 0.001329 s
[Rank 63] Local SpMV time: 0.000068 s
Global FLOPs per SpMV: 2344

-----------------------------------------------------------------------------------------------
  P |  Time(s) | Comp% | Comm% |  GFLOP/s | Speedup |  Eff% | Mem(MiB) | NNZ min | NNZ avg | NNZ max
-----------------------------------------------------------------------------------------------
 64 |   2.4640 |   5.3 |  57.1 |     0.000 |    0.00 |   0.00 |     0.00 |       1 |     18.3 |      50

----------------------------------------
np=128, OMP_NUM_THREADS=1
----------------------------------------
[Rank 0] Matrix: 153 x 153, nnz=1288 | grid=16x8 | pattern=0 symmetric=1
[Rank 0] Matrix: 153 x 153, nnz=1288 | grid=16x8
[Rank 1] Local SpMV time: 0.000025 s
[Rank 3] Local SpMV time: 0.000015 s
[Rank 17] Local SpMV time: 0.000016 s
[Rank 65] Local SpMV time: 0.000015 s
[Rank 9] Local SpMV time: 0.000015 s
[Rank 81] Local SpMV time: 0.000015 s
[Rank 89] Local SpMV time: 0.000014 s
[Rank 25] Local SpMV time: 0.000015 s
[Rank 33] Local SpMV time: 0.000015 s
[Rank 0] Local SpMV time: 0.000023 s
[Rank 5] Local SpMV time: 0.000015 s
[Rank 41] Local SpMV time: 0.000015 s
[Rank 49] Local SpMV time: 0.000015 s
[Rank 19] Local SpMV time: 0.000015 s
[Rank 97] Local SpMV time: 0.000015 s
[Rank 105] Local SpMV time: 0.000014 s
[Rank 8] Local SpMV time: 0.000016 s
[Rank 27] Local SpMV time: 0.000016 s
[Rank 7] Local SpMV time: 0.000015 s
[Rank 11] Local SpMV time: 0.000015 s
[Rank 57] Local SpMV time: 0.000015 s
[Rank 4] Local SpMV time: 0.000014 s
[Rank 113] Local SpMV time: 0.000014 s
[Rank 32] Local SpMV time: 0.000015 s
[Rank 2] Local SpMV time: 0.000014 s
[Rank 73] Local SpMV time: 0.000014 s
[Rank 16] Local SpMV time: 0.000016 s
[Rank 20] Local SpMV time: 0.000014 s
[Rank 13] Local SpMV time: 0.000016 s
[Rank 36] Local SpMV time: 0.000015 s
[Rank 121] Local SpMV time: 0.000015 s
[Rank 67] Local SpMV time: 0.000015 s
[Rank 75] Local SpMV time: 0.000015 s
[Rank 6] Local SpMV time: 0.000015 s
[Rank 10] Local SpMV time: 0.000014 s
[Rank 99] Local SpMV time: 0.000016 s
[Rank 38] Local SpMV time: 0.000015 s
[Rank 21] Local SpMV time: 0.000016 s
[Rank 14] Local SpMV time: 0.000016 s
[Rank 34] Local SpMV time: 0.000015 s
[Rank 22] Local SpMV time: 0.000015 s
[Rank 23] Local SpMV time: 0.000016 s
[Rank 64] Local SpMV time: 0.000014 s
[Rank 69] Local SpMV time: 0.000015 s
[Rank 72] Local SpMV time: 0.000015 s
[Rank 35] Local SpMV time: 0.000015 s
[Rank 71] Local SpMV time: 0.000016 s
[Rank 37] Local SpMV time: 0.000014 s
[Rank 39] Local SpMV time: 0.000015 s
[Rank 40] Local SpMV time: 0.000015 s
[Rank 83] Local SpMV time: 0.000015 s
[Rank 15] Local SpMV time: 0.000014 s
[Rank 43] Local SpMV time: 0.000014 s
[Rank 18] Local SpMV time: 0.000016 s
[Rank 24] Local SpMV time: 0.000015 s
[Rank 44] Local SpMV time: 0.000013 s
[Rank 46] Local SpMV time: 0.000015 s
[Rank 12] Local SpMV time: 0.000015 s
[Rank 115] Local SpMV time: 0.000014 s
[Rank 96] Local SpMV time: 0.000015 s
[Rank 55] Local SpMV time: 0.000015 s
[Rank 80] Local SpMV time: 0.000015 s
[Rank 68] Local SpMV time: 0.000015 s
[Rank 63] Local SpMV time: 0.000016 s
[Rank 101] Local SpMV time: 0.000015 s
[Rank 48] Local SpMV time: 0.000015 s
[Rank 107] Local SpMV time: 0.000016 s
[Rank 29] Local SpMV time: 0.000015 s
[Rank 103] Local SpMV time: 0.000015 s
[Rank 51] Local SpMV time: 0.000015 s
[Rank 50] Local SpMV time: 0.000015 s
[Rank 91] Local SpMV time: 0.000015 s
[Rank 111] Local SpMV time: 0.000014 s
[Rank 87] Local SpMV time: 0.000016 s
[Rank 42] Local SpMV time: 0.000016 s
[Rank 31] Local SpMV time: 0.000015 s
[Rank 70] Local SpMV time: 0.000015 s
[Rank 45] Local SpMV time: 0.000016 s
[Rank 26] Local SpMV time: 0.000015 s
[Rank 123] Local SpMV time: 0.000015 s
[Rank 76] Local SpMV time: 0.000015 s
[Rank 117] Local SpMV time: 0.000015 s
[Rank 28] Local SpMV time: 0.000015 s
[Rank 78] Local SpMV time: 0.000015 s
[Rank 77] Local SpMV time: 0.000016 s
[Rank 85] Local SpMV time: 0.000015 s
[Rank 66] Local SpMV time: 0.000015 s
[Rank 79] Local SpMV time: 0.000016 s
[Rank 56] Local SpMV time: 0.000014 s
[Rank 53] Local SpMV time: 0.000015 s
[Rank 61] Local SpMV time: 0.000013 s
[Rank 84] Local SpMV time: 0.000015 s
[Rank 74] Local SpMV time: 0.000015 s
[Rank 47] Local SpMV time: 0.000016 s
[Rank 52] Local SpMV time: 0.000016 s
[Rank 119] Local SpMV time: 0.000015 s
[Rank 88] Local SpMV time: 0.000014 s
[Rank 100] Local SpMV time: 0.000014 s
[Rank 104] Local SpMV time: 0.000015 s
[Rank 59] Local SpMV time: 0.000015 s
[Rank 86] Local SpMV time: 0.000015 s
[Rank 93] Local SpMV time: 0.000015 s
[Rank 102] Local SpMV time: 0.000014 s
[Rank 112] Local SpMV time: 0.000014 s
[Rank 109] Local SpMV time: 0.000031 s
[Rank 92] Local SpMV time: 0.000013 s
[Rank 94] Local SpMV time: 0.000015 s
[Rank 95] Local SpMV time: 0.000016 s
[Rank 58] Local SpMV time: 0.000015 s
[Rank 120] Local SpMV time: 0.000014 s
[Rank 60] Local SpMV time: 0.000014 s
[Rank 125] Local SpMV time: 0.000015 s
[Rank 30] Local SpMV time: 0.000015 s
[Rank 54] Local SpMV time: 0.000015 s
[Rank 116] Local SpMV time: 0.000014 s
[Rank 98] Local SpMV time: 0.000014 s
[Rank 124] Local SpMV time: 0.000016 s
[Rank 127] Local SpMV time: 0.000017 s
[Rank 82] Local SpMV time: 0.000015 s
[Rank 114] Local SpMV time: 0.000015 s
[Rank 62] Local SpMV time: 0.000015 s
[Rank 108] Local SpMV time: 0.000015 s
[Rank 106] Local SpMV time: 0.000014 s
[Rank 110] Local SpMV time: 0.000015 s
[Rank 90] Local SpMV time: 0.000016 s
[Rank 118] Local SpMV time: 0.000016 s
[Rank 122] Local SpMV time: 0.000016 s
[Rank 126] Local SpMV time: 0.000016 s
Global FLOPs per SpMV: 2418

-----------------------------------------------------------------------------------------------
  P |  Time(s) | Comp% | Comm% |  GFLOP/s | Speedup |  Eff% | Mem(MiB) | NNZ min | NNZ avg | NNZ max
-----------------------------------------------------------------------------------------------
128 |   4.9400 |   0.0 |  71.4 |     0.000 |    0.00 |   0.00 |     0.00 |       0 |      9.4 |      26

