Strong scaling results for dataset20mfeatpixel_10NN.mtx
Date: Fri Jan  2 17:42:00 CET 2026
----------------------------------------

[Rank 0] Matrix: 2000 x 2000, nnz=13966 | grid=1x1 | pattern=0 symmetric=1
[Rank 0] Matrix: 2000 x 2000, nnz=13966 | grid=1x1
[Rank 0] Local SpMV time: 0.002354 s
Global FLOPs per SpMV: 55864

-----------------------------------------------------------------------------------------------
  P |  Time(s) | Comp% | Comm% |  GFLOP/s | Speedup |  Eff% | Mem(MiB) | NNZ min | NNZ avg | NNZ max
-----------------------------------------------------------------------------------------------
  1 |   0.0024 |  98.2 |   0.7 |     0.023 |    N/A   |   N/A  |     0.80 |   27932 |  27932.0 |   27932
BASELINE_T1=0.0024

----------------------------------------
np=2, OMP_NUM_THREADS=64
----------------------------------------
[Rank 0] Matrix: 2000 x 2000, nnz=13966 | grid=2x1 | pattern=0 symmetric=1
[Rank 0] Matrix: 2000 x 2000, nnz=13966 | grid=2x1
[Rank 0] Local SpMV time: 0.001745 s
Global FLOPs per SpMV: 32512

-----------------------------------------------------------------------------------------------
  P |  Time(s) | Comp% | Comm% |  GFLOP/s | Speedup |  Eff% | Mem(MiB) | NNZ min | NNZ avg | NNZ max
-----------------------------------------------------------------------------------------------
  2 |   0.0021 |  82.5 |  14.5 |     0.015 |    1.14 |  56.78 |     0.29 |    6810 |   8128.0 |    9446
[Rank 1] Local SpMV time: 0.001583 s

----------------------------------------
np=4, OMP_NUM_THREADS=32
----------------------------------------
[Rank 0] Matrix: 2000 x 2000, nnz=13966 | grid=2x2 | pattern=0 symmetric=1
[Rank 0] Matrix: 2000 x 2000, nnz=13966 | grid=2x2
[Rank 0] Local SpMV time: 0.000824 s
[Rank 3] Local SpMV time: 0.000787 s
[Rank 1] Local SpMV time: 0.016052 s
[Rank 2] Local SpMV time: 0.013198 s
Global FLOPs per SpMV: 20848

-----------------------------------------------------------------------------------------------
  P |  Time(s) | Comp% | Comm% |  GFLOP/s | Speedup |  Eff% | Mem(MiB) | NNZ min | NNZ avg | NNZ max
-----------------------------------------------------------------------------------------------
  4 |   0.0394 |  40.8 |  64.4 |     0.001 |    0.06 |   1.52 |     0.11 |    1748 |   2606.0 |    3032

----------------------------------------
np=8, OMP_NUM_THREADS=16
----------------------------------------
[Rank 0] Matrix: 2000 x 2000, nnz=13966 | grid=4x2 | pattern=0 symmetric=1
[Rank 0] Matrix: 2000 x 2000, nnz=13966 | grid=4x2
[Rank 1] Local SpMV time: 0.000471 s
[Rank 0] Local SpMV time: 0.000455 s
[Rank 4] Local SpMV time: 0.004034 s
[Rank 3] Local SpMV time: 0.010321 s
[Rank 5] Local SpMV time: 0.043984 s
[Rank 6] Local SpMV time: 0.007519 s
[Rank 7] Local SpMV time: 0.044003 s
[Rank 2] Local SpMV time: 0.011064 s
Global FLOPs per SpMV: 14874

-----------------------------------------------------------------------------------------------
  P |  Time(s) | Comp% | Comm% |  GFLOP/s | Speedup |  Eff% | Mem(MiB) | NNZ min | NNZ avg | NNZ max
-----------------------------------------------------------------------------------------------
  8 |   0.1650 |  26.7 |  26.7 |     0.000 |    0.01 |   0.18 |     0.05 |     443 |    929.6 |    1082

----------------------------------------
np=16, OMP_NUM_THREADS=8
----------------------------------------
[Rank 0] Matrix: 2000 x 2000, nnz=13966 | grid=4x4 | pattern=0 symmetric=1
[Rank 0] Matrix: 2000 x 2000, nnz=13966 | grid=4x4
[Rank 1] Local SpMV time: 0.000475 s
[Rank 9] Local SpMV time: 0.013411 s
[Rank 0] Local SpMV time: 0.000290 s
[Rank 3] Local SpMV time: 0.011201 s
[Rank 8] Local SpMV time: 0.002299 s
[Rank 12] Local SpMV time: 0.004269 s
[Rank 11] Local SpMV time: 0.000406 s
[Rank 13] Local SpMV time: 0.013243 s
[Rank 5] Local SpMV time: 0.002757 s
[Rank 4] Local SpMV time: 0.000323 s
[Rank 2] Local SpMV time: 0.013112 s
[Rank 6] Local SpMV time: 0.004555 s
[Rank 15] Local SpMV time: 0.011178 s
[Rank 7] Local SpMV time: 0.002160 s
[Rank 10] Local SpMV time: 0.000273 s
[Rank 14] Local SpMV time: 0.011233 s
Global FLOPs per SpMV: 11762

-----------------------------------------------------------------------------------------------
  P |  Time(s) | Comp% | Comm% |  GFLOP/s | Speedup |  Eff% | Mem(MiB) | NNZ min | NNZ avg | NNZ max
-----------------------------------------------------------------------------------------------
 16 |   0.6160 |   2.2 |  85.3 |     0.000 |    0.00 |   0.02 |     0.03 |     106 |    367.6 |     450

----------------------------------------
np=32, OMP_NUM_THREADS=4
----------------------------------------
[Rank 0] Matrix: 2000 x 2000, nnz=13966 | grid=8x4 | pattern=0 symmetric=1
[Rank 0] Matrix: 2000 x 2000, nnz=13966 | grid=8x4
[Rank 0] Local SpMV time: 0.000172 s
[Rank 1] Local SpMV time: 0.000206 s
[Rank 2] Local SpMV time: 0.000181 s
[Rank 9] Local SpMV time: 0.000178 s
[Rank 16] Local SpMV time: 0.000181 s
[Rank 13] Local SpMV time: 0.011446 s
[Rank 3] Local SpMV time: 0.011081 s
[Rank 20] Local SpMV time: 0.000179 s
[Rank 8] Local SpMV time: 0.002141 s
[Rank 4] Local SpMV time: 0.015024 s
[Rank 5] Local SpMV time: 0.011094 s
[Rank 10] Local SpMV time: 0.000177 s
[Rank 11] Local SpMV time: 0.000184 s
[Rank 6] Local SpMV time: 0.000181 s
[Rank 17] Local SpMV time: 0.011089 s
[Rank 18] Local SpMV time: 0.002139 s
[Rank 12] Local SpMV time: 0.004100 s
[Rank 15] Local SpMV time: 0.000177 s
[Rank 24] Local SpMV time: 0.006058 s
[Rank 7] Local SpMV time: 0.000154 s
[Rank 14] Local SpMV time: 0.011107 s
[Rank 25] Local SpMV time: 0.000157 s
[Rank 22] Local SpMV time: 0.000170 s
[Rank 26] Local SpMV time: 0.001904 s
[Rank 29] Local SpMV time: 0.011101 s
[Rank 19] Local SpMV time: 0.001872 s
[Rank 28] Local SpMV time: 0.000169 s
[Rank 21] Local SpMV time: 0.011093 s
[Rank 27] Local SpMV time: 0.001915 s
[Rank 31] Local SpMV time: 0.000189 s
[Rank 30] Local SpMV time: 0.011106 s
[Rank 23] Local SpMV time: 0.000159 s
Global FLOPs per SpMV: 9882

-----------------------------------------------------------------------------------------------
  P |  Time(s) | Comp% | Comm% |  GFLOP/s | Speedup |  Eff% | Mem(MiB) | NNZ min | NNZ avg | NNZ max
-----------------------------------------------------------------------------------------------
 32 |   0.8899 |   1.7 |  79.0 |     0.000 |    0.00 |   0.01 |     0.01 |      30 |    154.4 |     194

----------------------------------------
np=64, OMP_NUM_THREADS=2
----------------------------------------
[Rank 0] Matrix: 2000 x 2000, nnz=13966 | grid=8x8 | pattern=0 symmetric=1
[Rank 0] Matrix: 2000 x 2000, nnz=13966 | grid=8x8
[Rank 1] Local SpMV time: 0.000130 s
[Rank 5] Local SpMV time: 0.011047 s
[Rank 0] Local SpMV time: 0.000123 s
[Rank 33] Local SpMV time: 0.011039 s
[Rank 3] Local SpMV time: 0.001395 s
[Rank 7] Local SpMV time: 0.000093 s
[Rank 4] Local SpMV time: 0.000077 s
[Rank 17] Local SpMV time: 0.000092 s
[Rank 2] Local SpMV time: 0.000133 s
[Rank 9] Local SpMV time: 0.010999 s
[Rank 32] Local SpMV time: 0.000102 s
[Rank 25] Local SpMV time: 0.000114 s
[Rank 48] Local SpMV time: 0.001217 s
[Rank 35] Local SpMV time: 0.000140 s
[Rank 8] Local SpMV time: 0.000122 s
[Rank 10] Local SpMV time: 0.001292 s
[Rank 11] Local SpMV time: 0.000150 s
[Rank 34] Local SpMV time: 0.001550 s
[Rank 49] Local SpMV time: 0.001359 s
[Rank 50] Local SpMV time: 0.000073 s
[Rank 41] Local SpMV time: 0.000086 s
[Rank 37] Local SpMV time: 0.001426 s
[Rank 16] Local SpMV time: 0.000128 s
[Rank 18] Local SpMV time: 0.000073 s
[Rank 24] Local SpMV time: 0.011049 s
[Rank 19] Local SpMV time: 0.000070 s
[Rank 56] Local SpMV time: 0.000121 s
[Rank 57] Local SpMV time: 0.000139 s
[Rank 12] Local SpMV time: 0.000136 s
[Rank 43] Local SpMV time: 0.001513 s
[Rank 40] Local SpMV time: 0.012296 s
[Rank 6] Local SpMV time: 0.000082 s
[Rank 39] Local SpMV time: 0.000176 s
[Rank 36] Local SpMV time: 0.001405 s
[Rank 21] Local SpMV time: 0.012516 s
[Rank 45] Local SpMV time: 0.001907 s
[Rank 58] Local SpMV time: 0.000077 s
[Rank 13] Local SpMV time: 0.002258 s
[Rank 52] Local SpMV time: 0.000120 s
[Rank 23] Local SpMV time: 0.010992 s
[Rank 51] Local SpMV time: 0.001274 s
[Rank 44] Local SpMV time: 0.000124 s
[Rank 59] Local SpMV time: 0.000149 s
[Rank 14] Local SpMV time: 0.001410 s
[Rank 53] Local SpMV time: 0.000156 s
[Rank 27] Local SpMV time: 0.000096 s
[Rank 20] Local SpMV time: 0.000105 s
[Rank 61] Local SpMV time: 0.011047 s
[Rank 60] Local SpMV time: 0.000123 s
[Rank 22] Local SpMV time: 0.000073 s
[Rank 31] Local SpMV time: 0.000147 s
[Rank 29] Local SpMV time: 0.001416 s
[Rank 26] Local SpMV time: 0.000136 s
[Rank 47] Local SpMV time: 0.013805 s
[Rank 42] Local SpMV time: 0.001379 s
[Rank 15] Local SpMV time: 0.002187 s
[Rank 55] Local SpMV time: 0.001537 s
[Rank 38] Local SpMV time: 0.000104 s
[Rank 46] Local SpMV time: 0.000125 s
[Rank 28] Local SpMV time: 0.000123 s
[Rank 30] Local SpMV time: 0.011059 s
[Rank 54] Local SpMV time: 0.000128 s
[Rank 62] Local SpMV time: 0.000119 s
[Rank 63] Local SpMV time: 0.000124 s
Global FLOPs per SpMV: 9188

-----------------------------------------------------------------------------------------------
  P |  Time(s) | Comp% | Comm% |  GFLOP/s | Speedup |  Eff% | Mem(MiB) | NNZ min | NNZ avg | NNZ max
-----------------------------------------------------------------------------------------------
 64 |   2.2840 |   0.6 |  61.5 |     0.000 |    0.00 |   0.00 |     0.01 |      10 |     71.8 |     113

----------------------------------------
np=128, OMP_NUM_THREADS=1
----------------------------------------
[Rank 0] Matrix: 2000 x 2000, nnz=13966 | grid=16x8 | pattern=0 symmetric=1
[Rank 0] Matrix: 2000 x 2000, nnz=13966 | grid=16x8
[Rank 1] Local SpMV time: 0.000035 s
[Rank 3] Local SpMV time: 0.000032 s
[Rank 0] Local SpMV time: 0.000023 s
[Rank 33] Local SpMV time: 0.000025 s
[Rank 65] Local SpMV time: 0.000029 s
[Rank 32] Local SpMV time: 0.000018 s
[Rank 64] Local SpMV time: 0.000028 s
[Rank 4] Local SpMV time: 0.000016 s
[Rank 2] Local SpMV time: 0.000028 s
[Rank 5] Local SpMV time: 0.000024 s
[Rank 41] Local SpMV time: 0.000016 s
[Rank 16] Local SpMV time: 0.000017 s
[Rank 49] Local SpMV time: 0.000028 s
[Rank 81] Local SpMV time: 0.000024 s
[Rank 9] Local SpMV time: 0.000015 s
[Rank 48] Local SpMV time: 0.000026 s
[Rank 68] Local SpMV time: 0.000028 s
[Rank 7] Local SpMV time: 0.000031 s
[Rank 8] Local SpMV time: 0.000025 s
[Rank 17] Local SpMV time: 0.000025 s
[Rank 57] Local SpMV time: 0.000025 s
[Rank 56] Local SpMV time: 0.000028 s
[Rank 11] Local SpMV time: 0.000031 s
[Rank 72] Local SpMV time: 0.000026 s
[Rank 67] Local SpMV time: 0.000029 s
[Rank 96] Local SpMV time: 0.000028 s
[Rank 97] Local SpMV time: 0.000027 s
[Rank 104] Local SpMV time: 0.000025 s
[Rank 35] Local SpMV time: 0.000018 s
[Rank 36] Local SpMV time: 0.000028 s
[Rank 105] Local SpMV time: 0.000024 s
[Rank 6] Local SpMV time: 0.000016 s
[Rank 20] Local SpMV time: 0.000026 s
[Rank 37] Local SpMV time: 0.000026 s
[Rank 40] Local SpMV time: 0.000027 s
[Rank 10] Local SpMV time: 0.000026 s
[Rank 21] Local SpMV time: 0.000017 s
[Rank 89] Local SpMV time: 0.000016 s
[Rank 34] Local SpMV time: 0.000028 s
[Rank 25] Local SpMV time: 0.000026 s
[Rank 24] Local SpMV time: 0.000016 s
[Rank 44] Local SpMV time: 0.000026 s
[Rank 19] Local SpMV time: 0.000032 s
[Rank 66] Local SpMV time: 0.000025 s
[Rank 50] Local SpMV time: 0.000026 s
[Rank 69] Local SpMV time: 0.000026 s
[Rank 73] Local SpMV time: 0.000015 s
[Rank 23] Local SpMV time: 0.000030 s
[Rank 80] Local SpMV time: 0.000017 s
[Rank 98] Local SpMV time: 0.000026 s
[Rank 13] Local SpMV time: 0.000028 s
[Rank 52] Local SpMV time: 0.000026 s
[Rank 83] Local SpMV time: 0.000030 s
[Rank 70] Local SpMV time: 0.000025 s
[Rank 18] Local SpMV time: 0.000026 s
[Rank 71] Local SpMV time: 0.000031 s
[Rank 22] Local SpMV time: 0.000025 s
[Rank 42] Local SpMV time: 0.000026 s
[Rank 87] Local SpMV time: 0.000041 s
[Rank 88] Local SpMV time: 0.000026 s
[Rank 99] Local SpMV time: 0.000030 s
[Rank 51] Local SpMV time: 0.000034 s
[Rank 45] Local SpMV time: 0.000026 s
[Rank 12] Local SpMV time: 0.000025 s
[Rank 95] Local SpMV time: 0.000031 s
[Rank 28] Local SpMV time: 0.000025 s
[Rank 77] Local SpMV time: 0.000015 s
[Rank 84] Local SpMV time: 0.000016 s
[Rank 43] Local SpMV time: 0.000032 s
[Rank 100] Local SpMV time: 0.000028 s
[Rank 113] Local SpMV time: 0.000024 s
[Rank 53] Local SpMV time: 0.000017 s
[Rank 112] Local SpMV time: 0.000017 s
[Rank 101] Local SpMV time: 0.000028 s
[Rank 38] Local SpMV time: 0.000026 s
[Rank 120] Local SpMV time: 0.000027 s
[Rank 76] Local SpMV time: 0.000028 s
[Rank 61] Local SpMV time: 0.000026 s
[Rank 39] Local SpMV time: 0.000032 s
[Rank 82] Local SpMV time: 0.000025 s
[Rank 121] Local SpMV time: 0.000024 s
[Rank 54] Local SpMV time: 0.000017 s
[Rank 74] Local SpMV time: 0.000026 s
[Rank 60] Local SpMV time: 0.000026 s
[Rank 85] Local SpMV time: 0.000027 s
[Rank 78] Local SpMV time: 0.000024 s
[Rank 117] Local SpMV time: 0.000015 s
[Rank 62] Local SpMV time: 0.000027 s
[Rank 86] Local SpMV time: 0.000016 s
[Rank 29] Local SpMV time: 0.000025 s
[Rank 108] Local SpMV time: 0.000026 s
[Rank 115] Local SpMV time: 0.000031 s
[Rank 75] Local SpMV time: 0.000017 s
[Rank 15] Local SpMV time: 0.000017 s
[Rank 30] Local SpMV time: 0.000028 s
[Rank 107] Local SpMV time: 0.000033 s
[Rank 27] Local SpMV time: 0.000031 s
[Rank 106] Local SpMV time: 0.000041 s
[Rank 58] Local SpMV time: 0.000027 s
[Rank 26] Local SpMV time: 0.000029 s
[Rank 55] Local SpMV time: 0.000032 s
[Rank 114] Local SpMV time: 0.000028 s
[Rank 125] Local SpMV time: 0.000024 s
[Rank 79] Local SpMV time: 0.000030 s
[Rank 91] Local SpMV time: 0.000032 s
[Rank 93] Local SpMV time: 0.000026 s
[Rank 102] Local SpMV time: 0.000026 s
[Rank 47] Local SpMV time: 0.000019 s
[Rank 59] Local SpMV time: 0.000032 s
[Rank 116] Local SpMV time: 0.000026 s
[Rank 14] Local SpMV time: 0.000016 s
[Rank 92] Local SpMV time: 0.000028 s
[Rank 31] Local SpMV time: 0.000032 s
[Rank 46] Local SpMV time: 0.000026 s
[Rank 122] Local SpMV time: 0.000027 s
[Rank 103] Local SpMV time: 0.000018 s
[Rank 90] Local SpMV time: 0.000019 s
[Rank 109] Local SpMV time: 0.000032 s
[Rank 124] Local SpMV time: 0.000033 s
[Rank 119] Local SpMV time: 0.000035 s
[Rank 118] Local SpMV time: 0.000028 s
[Rank 123] Local SpMV time: 0.000019 s
[Rank 110] Local SpMV time: 0.000032 s
[Rank 63] Local SpMV time: 0.000031 s
[Rank 94] Local SpMV time: 0.000025 s
[Rank 111] Local SpMV time: 0.000020 s
[Rank 126] Local SpMV time: 0.000020 s
[Rank 127] Local SpMV time: 0.000034 s
Global FLOPs per SpMV: 8708

-----------------------------------------------------------------------------------------------
  P |  Time(s) | Comp% | Comm% |  GFLOP/s | Speedup |  Eff% | Mem(MiB) | NNZ min | NNZ avg | NNZ max
-----------------------------------------------------------------------------------------------
128 |   5.6380 |   0.0 |  75.0 |     0.000 |    0.00 |   0.00 |     0.01 |       2 |     34.0 |      55

