Strong scaling results for Journals.mtx
Date: Fri Jan  2 17:52:10 CET 2026
----------------------------------------

[Rank 0] Matrix: 124 x 124, nnz=6096 | grid=1x1 | pattern=0 symmetric=1
[Rank 0] Matrix: 124 x 124, nnz=6096 | grid=1x1
[Rank 0] Local SpMV time: 0.002061 s
Global FLOPs per SpMV: 24136

-----------------------------------------------------------------------------------------------
  P |  Time(s) | Comp% | Comm% |  GFLOP/s | Speedup |  Eff% | Mem(MiB) | NNZ min | NNZ avg | NNZ max
-----------------------------------------------------------------------------------------------
  1 |   0.0021 |  97.4 |   0.4 |     0.011 |    N/A   |   N/A  |     0.33 |   12068 |  12068.0 |   12068
BASELINE_T1=0.0021

----------------------------------------
np=2, OMP_NUM_THREADS=64
----------------------------------------
[Rank 0] Matrix: 124 x 124, nnz=6096 | grid=2x1 | pattern=0 symmetric=1
[Rank 0] Matrix: 124 x 124, nnz=6096 | grid=2x1
[Rank 1] Local SpMV time: 0.001672 s
[Rank 0] Local SpMV time: 0.002105 s
Global FLOPs per SpMV: 17714

-----------------------------------------------------------------------------------------------
  P |  Time(s) | Comp% | Comm% |  GFLOP/s | Speedup |  Eff% | Mem(MiB) | NNZ min | NNZ avg | NNZ max
-----------------------------------------------------------------------------------------------
  2 |   0.0022 |  96.6 |   2.7 |     0.008 |    0.96 |  48.19 |     0.16 |    2958 |   4428.5 |    5899

----------------------------------------
np=4, OMP_NUM_THREADS=32
----------------------------------------
[Rank 0] Matrix: 124 x 124, nnz=6096 | grid=2x2 | pattern=0 symmetric=1
[Rank 0] Matrix: 124 x 124, nnz=6096 | grid=2x2
[Rank 0] Local SpMV time: 0.000867 s
[Rank 3] Local SpMV time: 0.001265 s
[Rank 2] Local SpMV time: 0.001898 s
Global FLOPs per SpMV: 14456
[Rank 1] Local SpMV time: 0.028728 s

-----------------------------------------------------------------------------------------------
  P |  Time(s) | Comp% | Comm% |  GFLOP/s | Speedup |  Eff% | Mem(MiB) | NNZ min | NNZ avg | NNZ max
-----------------------------------------------------------------------------------------------
  4 |   0.0289 |  99.4 |   0.1 |     0.001 |    0.07 |   1.82 |     0.08 |     689 |   1807.0 |    2876

----------------------------------------
np=8, OMP_NUM_THREADS=16
----------------------------------------
[Rank 0] Matrix: 124 x 124, nnz=6096 | grid=4x2 | pattern=0 symmetric=1
[Rank 0] Matrix: 124 x 124, nnz=6096 | grid=4x2
[Rank 0] Local SpMV time: 0.000502 s
[Rank 4] Local SpMV time: 0.004101 s
[Rank 1] Local SpMV time: 0.000571 s
[Rank 6] Local SpMV time: 0.007549 s
[Rank 5] Local SpMV time: 0.015175 s
[Rank 2] Local SpMV time: 0.011186 s
[Rank 7] Local SpMV time: 0.021734 s
[Rank 3] Local SpMV time: 0.043992 s
Global FLOPs per SpMV: 13186

-----------------------------------------------------------------------------------------------
  P |  Time(s) | Comp% | Comm% |  GFLOP/s | Speedup |  Eff% | Mem(MiB) | NNZ min | NNZ avg | NNZ max
-----------------------------------------------------------------------------------------------
  8 |   0.1650 |  26.7 |  53.2 |     0.000 |    0.01 |   0.16 |     0.04 |     166 |    824.1 |    1439

----------------------------------------
np=16, OMP_NUM_THREADS=8
----------------------------------------
[Rank 0] Matrix: 124 x 124, nnz=6096 | grid=4x4 | pattern=0 symmetric=1
[Rank 0] Matrix: 124 x 124, nnz=6096 | grid=4x4
[Rank 1] Local SpMV time: 0.000339 s
[Rank 5] Local SpMV time: 0.000272 s
[Rank 0] Local SpMV time: 0.000311 s
[Rank 3] Local SpMV time: 0.002258 s
[Rank 2] Local SpMV time: 0.000253 s
[Rank 9] Local SpMV time: 0.011107 s
[Rank 4] Local SpMV time: 0.000274 s
[Rank 11] Local SpMV time: 0.002528 s
[Rank 6] Local SpMV time: 0.002247 s
[Rank 8] Local SpMV time: 0.004215 s
[Rank 7] Local SpMV time: 0.004519 s
[Rank 10] Local SpMV time: 0.000279 s
[Rank 13] Local SpMV time: 0.000296 s
[Rank 12] Local SpMV time: 0.000278 s
[Rank 15] Local SpMV time: 0.002298 s
[Rank 14] Local SpMV time: 0.002257 s
Global FLOPs per SpMV: 12430

-----------------------------------------------------------------------------------------------
  P |  Time(s) | Comp% | Comm% |  GFLOP/s | Speedup |  Eff% | Mem(MiB) | NNZ min | NNZ avg | NNZ max
-----------------------------------------------------------------------------------------------
 16 |   0.2800 |   4.0 |  31.4 |     0.000 |    0.01 |   0.05 |     0.02 |      45 |    388.4 |     735

----------------------------------------
np=32, OMP_NUM_THREADS=4
----------------------------------------
[Rank 0] Matrix: 124 x 124, nnz=6096 | grid=8x4 | pattern=0 symmetric=1
[Rank 0] Matrix: 124 x 124, nnz=6096 | grid=8x4
[Rank 1] Local SpMV time: 0.000238 s
[Rank 5] Local SpMV time: 0.000144 s
[Rank 3] Local SpMV time: 0.000169 s
[Rank 0] Local SpMV time: 0.000205 s
[Rank 9] Local SpMV time: 0.000175 s
[Rank 7] Local SpMV time: 0.001965 s
[Rank 4] Local SpMV time: 0.000193 s
[Rank 17] Local SpMV time: 0.001881 s
[Rank 19] Local SpMV time: 0.002680 s
[Rank 11] Local SpMV time: 0.000160 s
[Rank 8] Local SpMV time: 0.000179 s
[Rank 2] Local SpMV time: 0.011079 s
[Rank 21] Local SpMV time: 0.000158 s
[Rank 16] Local SpMV time: 0.002044 s
[Rank 10] Local SpMV time: 0.002010 s
[Rank 6] Local SpMV time: 0.011066 s
[Rank 13] Local SpMV time: 0.000164 s
[Rank 25] Local SpMV time: 0.001972 s
[Rank 20] Local SpMV time: 0.000183 s
[Rank 23] Local SpMV time: 0.001683 s
[Rank 12] Local SpMV time: 0.000166 s
[Rank 27] Local SpMV time: 0.002567 s
[Rank 14] Local SpMV time: 0.001852 s
[Rank 18] Local SpMV time: 0.000154 s
[Rank 24] Local SpMV time: 0.011003 s
[Rank 29] Local SpMV time: 0.000182 s
[Rank 15] Local SpMV time: 0.002498 s
[Rank 22] Local SpMV time: 0.000176 s
[Rank 26] Local SpMV time: 0.000187 s
[Rank 28] Local SpMV time: 0.000169 s
[Rank 30] Local SpMV time: 0.002060 s
[Rank 31] Local SpMV time: 0.000194 s
Global FLOPs per SpMV: 11916

-----------------------------------------------------------------------------------------------
  P |  Time(s) | Comp% | Comm% |  GFLOP/s | Speedup |  Eff% | Mem(MiB) | NNZ min | NNZ avg | NNZ max
-----------------------------------------------------------------------------------------------
 32 |   0.8870 |   1.2 |  78.4 |     0.000 |    0.00 |   0.01 |     0.01 |      10 |    186.2 |     383

----------------------------------------
np=64, OMP_NUM_THREADS=2
----------------------------------------
[Rank 0] Matrix: 124 x 124, nnz=6096 | grid=8x8 | pattern=0 symmetric=1
[Rank 0] Matrix: 124 x 124, nnz=6096 | grid=8x8
[Rank 1] Local SpMV time: 0.010984 s
[Rank 3] Local SpMV time: 0.001234 s
[Rank 5] Local SpMV time: 0.011050 s
[Rank 0] Local SpMV time: 0.000082 s
[Rank 9] Local SpMV time: 0.011000 s
[Rank 16] Local SpMV time: 0.000126 s
[Rank 24] Local SpMV time: 0.022006 s
[Rank 17] Local SpMV time: 0.000180 s
[Rank 19] Local SpMV time: 0.012261 s
[Rank 33] Local SpMV time: 0.001566 s
[Rank 4] Local SpMV time: 0.011005 s
[Rank 25] Local SpMV time: 0.001852 s
[Rank 20] Local SpMV time: 0.023644 s
[Rank 21] Local SpMV time: 0.000114 s
[Rank 7] Local SpMV time: 0.000139 s
[Rank 2] Local SpMV time: 0.000124 s
[Rank 11] Local SpMV time: 0.001425 s
[Rank 23] Local SpMV time: 0.001604 s
[Rank 32] Local SpMV time: 0.000143 s
[Rank 41] Local SpMV time: 0.000154 s
[Rank 34] Local SpMV time: 0.011057 s
[Rank 37] Local SpMV time: 0.001444 s
[Rank 13] Local SpMV time: 0.013537 s
[Rank 28] Local SpMV time: 0.011058 s
[Rank 6] Local SpMV time: 0.001700 s
[Rank 8] Local SpMV time: 0.002346 s
[Rank 39] Local SpMV time: 0.000144 s
[Rank 10] Local SpMV time: 0.000137 s
[Rank 49] Local SpMV time: 0.000114 s
[Rank 27] Local SpMV time: 0.000139 s
[Rank 40] Local SpMV time: 0.000105 s
[Rank 42] Local SpMV time: 0.011055 s
[Rank 15] Local SpMV time: 0.000149 s
[Rank 29] Local SpMV time: 0.001290 s
[Rank 35] Local SpMV time: 0.000178 s
[Rank 31] Local SpMV time: 0.012280 s
[Rank 45] Local SpMV time: 0.001551 s
[Rank 36] Local SpMV time: 0.000078 s
[Rank 18] Local SpMV time: 0.001486 s
[Rank 12] Local SpMV time: 0.001518 s
[Rank 44] Local SpMV time: 0.000135 s
[Rank 48] Local SpMV time: 0.000130 s
[Rank 56] Local SpMV time: 0.000120 s
[Rank 51] Local SpMV time: 0.011052 s
[Rank 50] Local SpMV time: 0.001389 s
[Rank 22] Local SpMV time: 0.000124 s
[Rank 53] Local SpMV time: 0.000137 s
[Rank 57] Local SpMV time: 0.000122 s
[Rank 14] Local SpMV time: 0.000157 s
[Rank 38] Local SpMV time: 0.012339 s
[Rank 43] Local SpMV time: 0.000107 s
[Rank 58] Local SpMV time: 0.000065 s
[Rank 47] Local SpMV time: 0.000149 s
[Rank 55] Local SpMV time: 0.000141 s
[Rank 26] Local SpMV time: 0.011058 s
[Rank 52] Local SpMV time: 0.011005 s
[Rank 54] Local SpMV time: 0.001074 s
[Rank 46] Local SpMV time: 0.000105 s
[Rank 30] Local SpMV time: 0.000120 s
[Rank 59] Local SpMV time: 0.000149 s
[Rank 61] Local SpMV time: 0.000160 s
[Rank 60] Local SpMV time: 0.000108 s
[Rank 63] Local SpMV time: 0.000147 s
[Rank 62] Local SpMV time: 0.000141 s
Global FLOPs per SpMV: 11820

-----------------------------------------------------------------------------------------------
  P |  Time(s) | Comp% | Comm% |  GFLOP/s | Speedup |  Eff% | Mem(MiB) | NNZ min | NNZ avg | NNZ max
-----------------------------------------------------------------------------------------------
 64 |   2.1300 |   1.1 |  66.1 |     0.000 |    0.00 |   0.00 |     0.01 |       1 |     92.3 |     204

----------------------------------------
np=128, OMP_NUM_THREADS=1
----------------------------------------
[Rank 0] Matrix: 124 x 124, nnz=6096 | grid=16x8 | pattern=0 symmetric=1
[Rank 0] Matrix: 124 x 124, nnz=6096 | grid=16x8
[Rank 0] Local SpMV time: 0.000022 s
[Rank 64] Local SpMV time: 0.000028 s
[Rank 96] Local SpMV time: 0.000027 s
[Rank 104] Local SpMV time: 0.000027 s
[Rank 16] Local SpMV time: 0.000026 s
[Rank 32] Local SpMV time: 0.000026 s
[Rank 80] Local SpMV time: 0.000027 s
[Rank 24] Local SpMV time: 0.000026 s
[Rank 48] Local SpMV time: 0.000026 s
[Rank 8] Local SpMV time: 0.000017 s
[Rank 1] Local SpMV time: 0.000033 s
[Rank 17] Local SpMV time: 0.000027 s
[Rank 5] Local SpMV time: 0.000024 s
[Rank 4] Local SpMV time: 0.000026 s
[Rank 21] Local SpMV time: 0.000024 s
[Rank 7] Local SpMV time: 0.000030 s
[Rank 72] Local SpMV time: 0.000026 s
[Rank 112] Local SpMV time: 0.000042 s
[Rank 56] Local SpMV time: 0.000024 s
[Rank 40] Local SpMV time: 0.000033 s
[Rank 25] Local SpMV time: 0.000028 s
[Rank 2] Local SpMV time: 0.000025 s
[Rank 68] Local SpMV time: 0.000017 s
[Rank 36] Local SpMV time: 0.000042 s
[Rank 6] Local SpMV time: 0.000039 s
[Rank 100] Local SpMV time: 0.000033 s
[Rank 29] Local SpMV time: 0.000029 s
[Rank 65] Local SpMV time: 0.000026 s
[Rank 76] Local SpMV time: 0.000018 s
[Rank 69] Local SpMV time: 0.000017 s
[Rank 22] Local SpMV time: 0.000025 s
[Rank 14] Local SpMV time: 0.000029 s
[Rank 3] Local SpMV time: 0.000031 s
[Rank 70] Local SpMV time: 0.000027 s
[Rank 108] Local SpMV time: 0.000029 s
[Rank 30] Local SpMV time: 0.000042 s
[Rank 88] Local SpMV time: 0.000018 s
[Rank 44] Local SpMV time: 0.000030 s
[Rank 10] Local SpMV time: 0.000026 s
[Rank 102] Local SpMV time: 0.000027 s
[Rank 71] Local SpMV time: 0.000034 s
[Rank 38] Local SpMV time: 0.000016 s
[Rank 9] Local SpMV time: 0.000025 s
[Rank 84] Local SpMV time: 0.000027 s
[Rank 19] Local SpMV time: 0.000030 s
[Rank 13] Local SpMV time: 0.000017 s
[Rank 52] Local SpMV time: 0.000028 s
[Rank 33] Local SpMV time: 0.000026 s
[Rank 81] Local SpMV time: 0.000017 s
[Rank 34] Local SpMV time: 0.000025 s
[Rank 110] Local SpMV time: 0.000027 s
[Rank 12] Local SpMV time: 0.000040 s
[Rank 23] Local SpMV time: 0.000030 s
[Rank 46] Local SpMV time: 0.000029 s
[Rank 116] Local SpMV time: 0.000025 s
[Rank 37] Local SpMV time: 0.000028 s
[Rank 20] Local SpMV time: 0.000027 s
[Rank 97] Local SpMV time: 0.000026 s
[Rank 120] Local SpMV time: 0.000024 s
[Rank 18] Local SpMV time: 0.000017 s
[Rank 35] Local SpMV time: 0.000029 s
[Rank 11] Local SpMV time: 0.000029 s
[Rank 66] Local SpMV time: 0.000019 s
[Rank 67] Local SpMV time: 0.000035 s
[Rank 26] Local SpMV time: 0.000027 s
[Rank 113] Local SpMV time: 0.000025 s
[Rank 86] Local SpMV time: 0.000030 s
[Rank 118] Local SpMV time: 0.000024 s
[Rank 78] Local SpMV time: 0.000028 s
[Rank 41] Local SpMV time: 0.000025 s
[Rank 39] Local SpMV time: 0.000033 s
[Rank 45] Local SpMV time: 0.000028 s
[Rank 54] Local SpMV time: 0.000018 s
[Rank 60] Local SpMV time: 0.000027 s
[Rank 31] Local SpMV time: 0.000032 s
[Rank 92] Local SpMV time: 0.000027 s
[Rank 73] Local SpMV time: 0.000036 s
[Rank 50] Local SpMV time: 0.000025 s
[Rank 74] Local SpMV time: 0.000031 s
[Rank 27] Local SpMV time: 0.000031 s
[Rank 121] Local SpMV time: 0.000025 s
[Rank 89] Local SpMV time: 0.000016 s
[Rank 82] Local SpMV time: 0.000026 s
[Rank 101] Local SpMV time: 0.000023 s
[Rank 49] Local SpMV time: 0.000028 s
[Rank 28] Local SpMV time: 0.000016 s
[Rank 77] Local SpMV time: 0.000026 s
[Rank 43] Local SpMV time: 0.000017 s
[Rank 51] Local SpMV time: 0.000031 s
[Rank 79] Local SpMV time: 0.000030 s
[Rank 105] Local SpMV time: 0.000026 s
[Rank 85] Local SpMV time: 0.000027 s
[Rank 58] Local SpMV time: 0.000032 s
[Rank 57] Local SpMV time: 0.000027 s
[Rank 75] Local SpMV time: 0.000031 s
[Rank 15] Local SpMV time: 0.000030 s
[Rank 124] Local SpMV time: 0.000026 s
[Rank 87] Local SpMV time: 0.000019 s
[Rank 94] Local SpMV time: 0.000026 s
[Rank 99] Local SpMV time: 0.000032 s
[Rank 126] Local SpMV time: 0.000025 s
[Rank 98] Local SpMV time: 0.000025 s
[Rank 42] Local SpMV time: 0.000032 s
[Rank 107] Local SpMV time: 0.000031 s
[Rank 62] Local SpMV time: 0.000027 s
[Rank 83] Local SpMV time: 0.000038 s
[Rank 114] Local SpMV time: 0.000019 s
[Rank 93] Local SpMV time: 0.000027 s
[Rank 53] Local SpMV time: 0.000026 s
[Rank 47] Local SpMV time: 0.000031 s
[Rank 90] Local SpMV time: 0.000019 s
[Rank 117] Local SpMV time: 0.000018 s
[Rank 59] Local SpMV time: 0.000028 s
[Rank 125] Local SpMV time: 0.000026 s
[Rank 103] Local SpMV time: 0.000019 s
[Rank 95] Local SpMV time: 0.000031 s
[Rank 122] Local SpMV time: 0.000020 s
[Rank 109] Local SpMV time: 0.000028 s
[Rank 115] Local SpMV time: 0.000029 s
[Rank 111] Local SpMV time: 0.000019 s
[Rank 55] Local SpMV time: 0.000030 s
[Rank 63] Local SpMV time: 0.000029 s
[Rank 106] Local SpMV time: 0.000020 s
[Rank 61] Local SpMV time: 0.000026 s
[Rank 91] Local SpMV time: 0.000034 s
[Rank 123] Local SpMV time: 0.000038 s
[Rank 119] Local SpMV time: 0.000047 s
[Rank 127] Local SpMV time: 0.000018 s
Global FLOPs per SpMV: 11932

-----------------------------------------------------------------------------------------------
  P |  Time(s) | Comp% | Comm% |  GFLOP/s | Speedup |  Eff% | Mem(MiB) | NNZ min | NNZ avg | NNZ max
-----------------------------------------------------------------------------------------------
128 |   6.3420 |   0.0 |  77.8 |     0.000 |    0.00 |   0.00 |     0.00 |       0 |     46.6 |      96

