Strong scaling results for Journals.mtx
Date: Fri Jan  2 09:48:53 CET 2026
----------------------------------------

[Rank 0] Matrix: 124 x 124, nnz=6096 | grid=1x1 | pattern=0 symmetric=1
[Rank 0] Matrix: 124 x 124, nnz=6096 | grid=1x1
[Rank 0] Local SpMV time: 0.013695 s
Global FLOPs per SpMV: 24136

-----------------------------------------------------------------------------------------------
  P |  Time(s) | Comp% | Comm% |  GFLOP/s | Speedup |  Eff% | Mem(MiB) | NNZ min | NNZ avg | NNZ max
-----------------------------------------------------------------------------------------------
  1 |   0.0138 |  99.4 |   0.1 |     0.002 |    N/A   |   N/A  |     0.33 |   12068 |  12068.0 |   12068
BASELINE_T1=0.0138

----------------------------------------
np=2, OMP_NUM_THREADS=64
----------------------------------------
[Rank 0] Matrix: 124 x 124, nnz=6096 | grid=2x1 | pattern=0 symmetric=1
[Rank 0] Matrix: 124 x 124, nnz=6096 | grid=2x1
[Rank 1] Local SpMV time: 0.001675 s
[Rank 0] Local SpMV time: 0.013275 s
Global FLOPs per SpMV: 17714

-----------------------------------------------------------------------------------------------
  P |  Time(s) | Comp% | Comm% |  GFLOP/s | Speedup |  Eff% | Mem(MiB) | NNZ min | NNZ avg | NNZ max
-----------------------------------------------------------------------------------------------
  2 |   0.0134 |  99.2 |   0.9 |     0.001 |    1.03 |  51.57 |     0.16 |    2958 |   4428.5 |    5899

----------------------------------------
np=4, OMP_NUM_THREADS=32
----------------------------------------
[Rank 0] Matrix: 124 x 124, nnz=6096 | grid=2x2 | pattern=0 symmetric=1
[Rank 0] Matrix: 124 x 124, nnz=6096 | grid=2x2
[Rank 1] Local SpMV time: 0.000838 s
[Rank 0] Local SpMV time: 0.009557 s
[Rank 3] Local SpMV time: 0.014900 s
[Rank 2] Local SpMV time: 0.030474 s
Global FLOPs per SpMV: 14456

-----------------------------------------------------------------------------------------------
  P |  Time(s) | Comp% | Comm% |  GFLOP/s | Speedup |  Eff% | Mem(MiB) | NNZ min | NNZ avg | NNZ max
-----------------------------------------------------------------------------------------------
  4 |   0.0490 |  62.2 |   0.1 |     0.000 |    0.28 |   7.04 |     0.08 |     689 |   1807.0 |    2876

----------------------------------------
np=8, OMP_NUM_THREADS=16
----------------------------------------
[Rank 0] Matrix: 124 x 124, nnz=6096 | grid=4x2 | pattern=0 symmetric=1
[Rank 0] Matrix: 124 x 124, nnz=6096 | grid=4x2
[Rank 1] Local SpMV time: 0.000492 s
[Rank 0] Local SpMV time: 0.000494 s
[Rank 3] Local SpMV time: 0.000428 s
[Rank 2] Local SpMV time: 0.007702 s
[Rank 4] Local SpMV time: 0.007012 s
[Rank 5] Local SpMV time: 0.004004 s
[Rank 7] Local SpMV time: 0.000455 s
[Rank 6] Local SpMV time: 0.000422 s
Global FLOPs per SpMV: 13186

-----------------------------------------------------------------------------------------------
  P |  Time(s) | Comp% | Comm% |  GFLOP/s | Speedup |  Eff% | Mem(MiB) | NNZ min | NNZ avg | NNZ max
-----------------------------------------------------------------------------------------------
  8 |   0.0840 |   9.2 |  33.3 |     0.000 |    0.16 |   2.05 |     0.04 |     166 |    824.1 |    1439

----------------------------------------
np=16, OMP_NUM_THREADS=8
----------------------------------------
[Rank 0] Matrix: 124 x 124, nnz=6096 | grid=4x4 | pattern=0 symmetric=1
[Rank 0] Matrix: 124 x 124, nnz=6096 | grid=4x4
[Rank 1] Local SpMV time: 0.000304 s
[Rank 8] Local SpMV time: 0.000370 s
[Rank 4] Local SpMV time: 0.004724 s
[Rank 2] Local SpMV time: 0.001006 s
[Rank 0] Local SpMV time: 0.020985 s
[Rank 3] Local SpMV time: 0.000240 s
[Rank 10] Local SpMV time: 0.006772 s
[Rank 6] Local SpMV time: 0.003139 s
[Rank 12] Local SpMV time: 0.003389 s
[Rank 5] Local SpMV time: 0.002203 s
[Rank 14] Local SpMV time: 0.003678 s
[Rank 9] Local SpMV time: 0.000237 s
[Rank 13] Local SpMV time: 0.002200 s
[Rank 7] Local SpMV time: 0.000264 s
[Rank 11] Local SpMV time: 0.000262 s
[Rank 15] Local SpMV time: 0.000277 s
Global FLOPs per SpMV: 12430

-----------------------------------------------------------------------------------------------
  P |  Time(s) | Comp% | Comm% |  GFLOP/s | Speedup |  Eff% | Mem(MiB) | NNZ min | NNZ avg | NNZ max
-----------------------------------------------------------------------------------------------
 16 |   0.3717 |   5.6 |  68.9 |     0.000 |    0.04 |   0.23 |     0.02 |      45 |    388.4 |     735

----------------------------------------
np=32, OMP_NUM_THREADS=4
----------------------------------------
[Rank 0] Matrix: 124 x 124, nnz=6096 | grid=8x4 | pattern=0 symmetric=1
[Rank 0] Matrix: 124 x 124, nnz=6096 | grid=8x4
[Rank 1] Local SpMV time: 0.000180 s
[Rank 9] Local SpMV time: 0.002182 s
[Rank 5] Local SpMV time: 0.000145 s
[Rank 0] Local SpMV time: 0.004075 s
[Rank 8] Local SpMV time: 0.004115 s
[Rank 2] Local SpMV time: 0.000384 s
[Rank 4] Local SpMV time: 0.000659 s
[Rank 16] Local SpMV time: 0.000925 s
[Rank 24] Local SpMV time: 0.001205 s
[Rank 20] Local SpMV time: 0.007924 s
[Rank 18] Local SpMV time: 0.000308 s
[Rank 12] Local SpMV time: 0.004446 s
[Rank 17] Local SpMV time: 0.000144 s
[Rank 10] Local SpMV time: 0.001892 s
[Rank 14] Local SpMV time: 0.006092 s
[Rank 6] Local SpMV time: 0.011919 s
[Rank 3] Local SpMV time: 0.000157 s
[Rank 7] Local SpMV time: 0.002118 s
[Rank 26] Local SpMV time: 0.004106 s
[Rank 21] Local SpMV time: 0.004069 s
[Rank 22] Local SpMV time: 0.067899 s
[Rank 28] Local SpMV time: 0.071971 s
[Rank 13] Local SpMV time: 0.000149 s
[Rank 30] Local SpMV time: 0.000187 s
[Rank 25] Local SpMV time: 0.001473 s
[Rank 29] Local SpMV time: 0.000143 s
[Rank 11] Local SpMV time: 0.011067 s
[Rank 19] Local SpMV time: 0.002025 s
[Rank 27] Local SpMV time: 0.000182 s
[Rank 23] Local SpMV time: 0.000187 s
[Rank 15] Local SpMV time: 0.002044 s
[Rank 31] Local SpMV time: 0.000157 s
Global FLOPs per SpMV: 11916

-----------------------------------------------------------------------------------------------
  P |  Time(s) | Comp% | Comm% |  GFLOP/s | Speedup |  Eff% | Mem(MiB) | NNZ min | NNZ avg | NNZ max
-----------------------------------------------------------------------------------------------
 32 |   0.9070 |   7.9 |  92.1 |     0.000 |    0.02 |   0.05 |     0.01 |      10 |    186.2 |     383

----------------------------------------
np=64, OMP_NUM_THREADS=2
----------------------------------------
[Rank 0] Matrix: 124 x 124, nnz=6096 | grid=8x8 | pattern=0 symmetric=1
[Rank 0] Matrix: 124 x 124, nnz=6096 | grid=8x8
[Rank 1] Local SpMV time: 0.000091 s
[Rank 5] Local SpMV time: 0.001737 s
[Rank 0] Local SpMV time: 0.000116 s
[Rank 2] Local SpMV time: 0.004044 s
[Rank 4] Local SpMV time: 0.000124 s
[Rank 8] Local SpMV time: 0.000178 s
[Rank 16] Local SpMV time: 0.004244 s
[Rank 20] Local SpMV time: 0.003987 s
[Rank 12] Local SpMV time: 0.000145 s
[Rank 10] Local SpMV time: 0.004209 s
[Rank 32] Local SpMV time: 0.004037 s
[Rank 40] Local SpMV time: 0.000075 s
[Rank 9] Local SpMV time: 0.000052 s
[Rank 6] Local SpMV time: 0.004021 s
[Rank 13] Local SpMV time: 0.001763 s
[Rank 34] Local SpMV time: 0.004124 s
[Rank 33] Local SpMV time: 0.003456 s
[Rank 36] Local SpMV time: 0.004299 s
[Rank 18] Local SpMV time: 0.004048 s
[Rank 24] Local SpMV time: 0.004025 s
[Rank 7] Local SpMV time: 0.000076 s
[Rank 38] Local SpMV time: 0.008186 s
[Rank 28] Local SpMV time: 0.004433 s
[Rank 14] Local SpMV time: 0.000141 s
[Rank 17] Local SpMV time: 0.000101 s
[Rank 48] Local SpMV time: 0.000110 s
[Rank 46] Local SpMV time: 0.000289 s
[Rank 3] Local SpMV time: 0.001747 s
[Rank 42] Local SpMV time: 0.004027 s
[Rank 22] Local SpMV time: 0.004052 s
[Rank 37] Local SpMV time: 0.011010 s
[Rank 44] Local SpMV time: 0.008029 s
[Rank 30] Local SpMV time: 0.012136 s
[Rank 26] Local SpMV time: 0.012352 s
[Rank 21] Local SpMV time: 0.000105 s
[Rank 35] Local SpMV time: 0.001748 s
[Rank 41] Local SpMV time: 0.000100 s
[Rank 56] Local SpMV time: 0.000121 s
[Rank 23] Local SpMV time: 0.000101 s
[Rank 50] Local SpMV time: 0.004030 s
[Rank 52] Local SpMV time: 0.000223 s
[Rank 39] Local SpMV time: 0.011007 s
[Rank 54] Local SpMV time: 0.000111 s
[Rank 25] Local SpMV time: 0.000134 s
[Rank 58] Local SpMV time: 0.004031 s
[Rank 45] Local SpMV time: 0.012722 s
[Rank 19] Local SpMV time: 0.003430 s
[Rank 43] Local SpMV time: 0.000126 s
[Rank 60] Local SpMV time: 0.000082 s
[Rank 47] Local SpMV time: 0.021987 s
[Rank 49] Local SpMV time: 0.001439 s
[Rank 62] Local SpMV time: 0.000073 s
[Rank 15] Local SpMV time: 0.000052 s
[Rank 53] Local SpMV time: 0.000097 s
[Rank 11] Local SpMV time: 0.001495 s
[Rank 29] Local SpMV time: 0.002945 s
[Rank 51] Local SpMV time: 0.000098 s
[Rank 27] Local SpMV time: 0.000056 s
[Rank 57] Local SpMV time: 0.011052 s
[Rank 59] Local SpMV time: 0.000100 s
[Rank 31] Local SpMV time: 0.011057 s
[Rank 55] Local SpMV time: 0.011052 s
[Rank 61] Local SpMV time: 0.000105 s
[Rank 63] Local SpMV time: 0.000052 s
Global FLOPs per SpMV: 11820

-----------------------------------------------------------------------------------------------
  P |  Time(s) | Comp% | Comm% |  GFLOP/s | Speedup |  Eff% | Mem(MiB) | NNZ min | NNZ avg | NNZ max
-----------------------------------------------------------------------------------------------
 64 |   1.7960 |   1.2 |  78.4 |     0.000 |    0.01 |   0.01 |     0.01 |       1 |     92.3 |     204

----------------------------------------
np=128, OMP_NUM_THREADS=1
----------------------------------------
[Rank 0] Matrix: 124 x 124, nnz=6096 | grid=16x8 | pattern=0 symmetric=1
[Rank 0] Matrix: 124 x 124, nnz=6096 | grid=16x8
[Rank 1] Local SpMV time: 0.000039 s
[Rank 0] Local SpMV time: 0.000029 s
[Rank 2] Local SpMV time: 0.000028 s
[Rank 4] Local SpMV time: 0.000020 s
[Rank 33] Local SpMV time: 0.000015 s
[Rank 32] Local SpMV time: 0.000017 s
[Rank 64] Local SpMV time: 0.000020 s
[Rank 3] Local SpMV time: 0.000014 s
[Rank 36] Local SpMV time: 0.000018 s
[Rank 8] Local SpMV time: 0.000016 s
[Rank 16] Local SpMV time: 0.000020 s
[Rank 40] Local SpMV time: 0.000018 s
[Rank 72] Local SpMV time: 0.000020 s
[Rank 35] Local SpMV time: 0.000015 s
[Rank 18] Local SpMV time: 0.000016 s
[Rank 17] Local SpMV time: 0.000013 s
[Rank 6] Local SpMV time: 0.000016 s
[Rank 34] Local SpMV time: 0.000021 s
[Rank 20] Local SpMV time: 0.000019 s
[Rank 65] Local SpMV time: 0.000015 s
[Rank 44] Local SpMV time: 0.000023 s
[Rank 48] Local SpMV time: 0.000033 s
[Rank 50] Local SpMV time: 0.000016 s
[Rank 5] Local SpMV time: 0.000014 s
[Rank 24] Local SpMV time: 0.000015 s
[Rank 38] Local SpMV time: 0.000029 s
[Rank 9] Local SpMV time: 0.000015 s
[Rank 28] Local SpMV time: 0.000021 s
[Rank 81] Local SpMV time: 0.000015 s
[Rank 68] Local SpMV time: 0.000022 s
[Rank 12] Local SpMV time: 0.000019 s
[Rank 66] Local SpMV time: 0.000022 s
[Rank 96] Local SpMV time: 0.000016 s
[Rank 80] Local SpMV time: 0.000019 s
[Rank 37] Local SpMV time: 0.000014 s
[Rank 74] Local SpMV time: 0.000022 s
[Rank 46] Local SpMV time: 0.000032 s
[Rank 10] Local SpMV time: 0.000019 s
[Rank 22] Local SpMV time: 0.000020 s
[Rank 13] Local SpMV time: 0.000015 s
[Rank 56] Local SpMV time: 0.000020 s
[Rank 100] Local SpMV time: 0.000026 s
[Rank 84] Local SpMV time: 0.000021 s
[Rank 11] Local SpMV time: 0.000014 s
[Rank 42] Local SpMV time: 0.000024 s
[Rank 26] Local SpMV time: 0.000020 s
[Rank 14] Local SpMV time: 0.000016 s
[Rank 52] Local SpMV time: 0.000021 s
[Rank 76] Local SpMV time: 0.000026 s
[Rank 54] Local SpMV time: 0.000020 s
[Rank 82] Local SpMV time: 0.000022 s
[Rank 69] Local SpMV time: 0.000031 s
[Rank 104] Local SpMV time: 0.000019 s
[Rank 30] Local SpMV time: 0.000014 s
[Rank 60] Local SpMV time: 0.000021 s
[Rank 62] Local SpMV time: 0.000020 s
[Rank 7] Local SpMV time: 0.000014 s
[Rank 112] Local SpMV time: 0.000020 s
[Rank 70] Local SpMV time: 0.000021 s
[Rank 98] Local SpMV time: 0.000017 s
[Rank 88] Local SpMV time: 0.000020 s
[Rank 58] Local SpMV time: 0.000021 s
[Rank 49] Local SpMV time: 0.000015 s
[Rank 73] Local SpMV time: 0.000015 s
[Rank 102] Local SpMV time: 0.000022 s
[Rank 41] Local SpMV time: 0.000015 s
[Rank 25] Local SpMV time: 0.000014 s
[Rank 86] Local SpMV time: 0.000022 s
[Rank 106] Local SpMV time: 0.000022 s
[Rank 108] Local SpMV time: 0.000021 s
[Rank 97] Local SpMV time: 0.000015 s
[Rank 43] Local SpMV time: 0.000014 s
[Rank 120] Local SpMV time: 0.000021 s
[Rank 113] Local SpMV time: 0.000015 s
[Rank 39] Local SpMV time: 0.000015 s
[Rank 110] Local SpMV time: 0.000022 s
[Rank 92] Local SpMV time: 0.000017 s
[Rank 77] Local SpMV time: 0.000016 s
[Rank 114] Local SpMV time: 0.000020 s
[Rank 90] Local SpMV time: 0.000021 s
[Rank 78] Local SpMV time: 0.000024 s
[Rank 116] Local SpMV time: 0.000022 s
[Rank 51] Local SpMV time: 0.000015 s
[Rank 67] Local SpMV time: 0.000017 s
[Rank 19] Local SpMV time: 0.000014 s
[Rank 99] Local SpMV time: 0.000015 s
[Rank 71] Local SpMV time: 0.000015 s
[Rank 15] Local SpMV time: 0.000014 s
[Rank 122] Local SpMV time: 0.000027 s
[Rank 21] Local SpMV time: 0.000031 s
[Rank 94] Local SpMV time: 0.000022 s
[Rank 85] Local SpMV time: 0.000016 s
[Rank 124] Local SpMV time: 0.000021 s
[Rank 89] Local SpMV time: 0.000015 s
[Rank 118] Local SpMV time: 0.000021 s
[Rank 101] Local SpMV time: 0.000015 s
[Rank 45] Local SpMV time: 0.000015 s
[Rank 83] Local SpMV time: 0.000014 s
[Rank 57] Local SpMV time: 0.000015 s
[Rank 126] Local SpMV time: 0.000025 s
[Rank 93] Local SpMV time: 0.000015 s
[Rank 115] Local SpMV time: 0.000015 s
[Rank 59] Local SpMV time: 0.000015 s
[Rank 47] Local SpMV time: 0.000016 s
[Rank 75] Local SpMV time: 0.000016 s
[Rank 103] Local SpMV time: 0.000016 s
[Rank 23] Local SpMV time: 0.000016 s
[Rank 91] Local SpMV time: 0.000015 s
[Rank 87] Local SpMV time: 0.000015 s
[Rank 53] Local SpMV time: 0.000015 s
[Rank 105] Local SpMV time: 0.000015 s
[Rank 95] Local SpMV time: 0.000015 s
[Rank 27] Local SpMV time: 0.000031 s
[Rank 121] Local SpMV time: 0.000015 s
[Rank 117] Local SpMV time: 0.000013 s
[Rank 29] Local SpMV time: 0.000015 s
[Rank 107] Local SpMV time: 0.000015 s
[Rank 109] Local SpMV time: 0.000015 s
[Rank 111] Local SpMV time: 0.000015 s
[Rank 31] Local SpMV time: 0.000014 s
[Rank 79] Local SpMV time: 0.000016 s
[Rank 61] Local SpMV time: 0.000015 s
[Rank 125] Local SpMV time: 0.000017 s
[Rank 55] Local SpMV time: 0.000015 s
[Rank 63] Local SpMV time: 0.000015 s
[Rank 123] Local SpMV time: 0.000014 s
[Rank 119] Local SpMV time: 0.000016 s
[Rank 127] Local SpMV time: 0.000015 s
Global FLOPs per SpMV: 11932

-----------------------------------------------------------------------------------------------
  P |  Time(s) | Comp% | Comm% |  GFLOP/s | Speedup |  Eff% | Mem(MiB) | NNZ min | NNZ avg | NNZ max
-----------------------------------------------------------------------------------------------
128 |   4.3521 |   0.0 |  88.3 |     0.000 |    0.00 |   0.00 |     0.00 |       0 |     46.6 |      96

