Strong scaling results for nemeth05.mtx
Date: Fri Jan  2 09:52:24 CET 2026
----------------------------------------

[Rank 0] Matrix: 9506 x 9506, nnz=202157 | grid=1x1 | pattern=0 symmetric=1
[Rank 0] Matrix: 9506 x 9506, nnz=202157 | grid=1x1
[Rank 0] Local SpMV time: 0.014576 s
Global FLOPs per SpMV: 789616

-----------------------------------------------------------------------------------------------
  P |  Time(s) | Comp% | Comm% |  GFLOP/s | Speedup |  Eff% | Mem(MiB) | NNZ min | NNZ avg | NNZ max
-----------------------------------------------------------------------------------------------
  1 |   0.0148 |  98.6 |   0.4 |     0.053 |    N/A   |   N/A  |    10.80 |  394808 | 394808.0 |  394808
BASELINE_T1=0.0148

----------------------------------------
np=2, OMP_NUM_THREADS=64
----------------------------------------
[Rank 0] Matrix: 9506 x 9506, nnz=202157 | grid=2x1 | pattern=0 symmetric=1
[Rank 0] Matrix: 9506 x 9506, nnz=202157 | grid=2x1
[Rank 1] Local SpMV time: 0.002256 s
[Rank 0] Local SpMV time: 0.013007 s
Global FLOPs per SpMV: 399104

-----------------------------------------------------------------------------------------------
  P |  Time(s) | Comp% | Comm% |  GFLOP/s | Speedup |  Eff% | Mem(MiB) | NNZ min | NNZ avg | NNZ max
-----------------------------------------------------------------------------------------------
  2 |   0.0132 |  98.4 |   8.6 |     0.030 |    1.12 |  56.00 |     2.88 |   97922 |  99776.0 |  101630

----------------------------------------
np=4, OMP_NUM_THREADS=32
----------------------------------------
[Rank 0] Matrix: 9506 x 9506, nnz=202157 | grid=2x2 | pattern=0 symmetric=1
[Rank 0] Matrix: 9506 x 9506, nnz=202157 | grid=2x2
[Rank 0] Local SpMV time: 0.010909 s
[Rank 3] Local SpMV time: 0.000853 s
[Rank 1] Local SpMV time: 0.016074 s
[Rank 2] Local SpMV time: 0.022559 s
Global FLOPs per SpMV: 203734

-----------------------------------------------------------------------------------------------
  P |  Time(s) | Comp% | Comm% |  GFLOP/s | Speedup |  Eff% | Mem(MiB) | NNZ min | NNZ avg | NNZ max
-----------------------------------------------------------------------------------------------
  4 |   0.0421 |  53.5 |  65.5 |     0.005 |    0.35 |   8.78 |     0.83 |   23604 |  25466.8 |   26407

----------------------------------------
np=8, OMP_NUM_THREADS=16
----------------------------------------
[Rank 0] Matrix: 9506 x 9506, nnz=202157 | grid=4x2 | pattern=0 symmetric=1
[Rank 0] Matrix: 9506 x 9506, nnz=202157 | grid=4x2
[Rank 1] Local SpMV time: 0.000463 s
[Rank 0] Local SpMV time: 0.000386 s
[Rank 5] Local SpMV time: 0.000477 s
[Rank 2] Local SpMV time: 0.011560 s
[Rank 3] Local SpMV time: 0.014638 s
[Rank 4] Local SpMV time: 0.015884 s
[Rank 7] Local SpMV time: 0.000421 s
[Rank 6] Local SpMV time: 0.014378 s
Global FLOPs per SpMV: 105876

-----------------------------------------------------------------------------------------------
  P |  Time(s) | Comp% | Comm% |  GFLOP/s | Speedup |  Eff% | Mem(MiB) | NNZ min | NNZ avg | NNZ max
-----------------------------------------------------------------------------------------------
  8 |   0.0980 |  16.2 |  21.7 |     0.001 |    0.15 |   1.89 |     0.27 |    5904 |   6617.2 |    6870

----------------------------------------
np=16, OMP_NUM_THREADS=8
----------------------------------------
[Rank 0] Matrix: 9506 x 9506, nnz=202157 | grid=4x4 | pattern=0 symmetric=1
[Rank 0] Matrix: 9506 x 9506, nnz=202157 | grid=4x4
[Rank 1] Local SpMV time: 0.000242 s
[Rank 0] Local SpMV time: 0.000360 s
[Rank 2] Local SpMV time: 0.004506 s
[Rank 5] Local SpMV time: 0.000281 s
[Rank 8] Local SpMV time: 0.000231 s
[Rank 12] Local SpMV time: 0.000522 s
[Rank 4] Local SpMV time: 0.000239 s
[Rank 3] Local SpMV time: 0.011068 s
[Rank 10] Local SpMV time: 0.000269 s
[Rank 7] Local SpMV time: 0.023943 s
[Rank 14] Local SpMV time: 0.000578 s
[Rank 6] Local SpMV time: 0.000242 s
[Rank 9] Local SpMV time: 0.002011 s
[Rank 13] Local SpMV time: 0.000253 s
[Rank 11] Local SpMV time: 0.011191 s
[Rank 15] Local SpMV time: 0.033168 s
Global FLOPs per SpMV: 57014

-----------------------------------------------------------------------------------------------
  P |  Time(s) | Comp% | Comm% |  GFLOP/s | Speedup |  Eff% | Mem(MiB) | NNZ min | NNZ avg | NNZ max
-----------------------------------------------------------------------------------------------
 16 |   0.4800 |   6.9 |  93.2 |     0.000 |    0.03 |   0.19 |     0.11 |    1507 |   1781.7 |    1926

----------------------------------------
np=32, OMP_NUM_THREADS=4
----------------------------------------
[Rank 0] Matrix: 9506 x 9506, nnz=202157 | grid=8x4 | pattern=0 symmetric=1
[Rank 0] Matrix: 9506 x 9506, nnz=202157 | grid=8x4
[Rank 1] Local SpMV time: 0.000193 s
[Rank 0] Local SpMV time: 0.000113 s
[Rank 4] Local SpMV time: 0.000137 s
[Rank 5] Local SpMV time: 0.000183 s
[Rank 2] Local SpMV time: 0.000175 s
[Rank 17] Local SpMV time: 0.012963 s
[Rank 8] Local SpMV time: 0.004339 s
[Rank 16] Local SpMV time: 0.004059 s
[Rank 18] Local SpMV time: 0.000136 s
[Rank 21] Local SpMV time: 0.000141 s
[Rank 20] Local SpMV time: 0.000149 s
[Rank 24] Local SpMV time: 0.000412 s
[Rank 28] Local SpMV time: 0.000153 s
[Rank 22] Local SpMV time: 0.000454 s
[Rank 12] Local SpMV time: 0.000724 s
[Rank 10] Local SpMV time: 0.000983 s
[Rank 6] Local SpMV time: 0.001292 s
[Rank 14] Local SpMV time: 0.000150 s
[Rank 9] Local SpMV time: 0.000143 s
[Rank 26] Local SpMV time: 0.000155 s
[Rank 25] Local SpMV time: 0.002020 s
[Rank 3] Local SpMV time: 0.003827 s
[Rank 29] Local SpMV time: 0.005627 s
[Rank 30] Local SpMV time: 0.000155 s
[Rank 11] Local SpMV time: 0.000142 s
[Rank 7] Local SpMV time: 0.011097 s
[Rank 13] Local SpMV time: 0.000146 s
[Rank 15] Local SpMV time: 0.001914 s
[Rank 19] Local SpMV time: 0.000142 s
[Rank 27] Local SpMV time: 0.000151 s
[Rank 23] Local SpMV time: 0.000144 s
[Rank 31] Local SpMV time: 0.000159 s
Global FLOPs per SpMV: 32558

-----------------------------------------------------------------------------------------------
  P |  Time(s) | Comp% | Comm% |  GFLOP/s | Speedup |  Eff% | Mem(MiB) | NNZ min | NNZ avg | NNZ max
-----------------------------------------------------------------------------------------------
 32 |   1.3480 |   1.0 |  94.9 |     0.000 |    0.01 |   0.03 |     0.06 |     378 |    508.7 |     571

----------------------------------------
np=64, OMP_NUM_THREADS=2
----------------------------------------
[Rank 0] Matrix: 9506 x 9506, nnz=202157 | grid=8x8 | pattern=0 symmetric=1
[Rank 0] Matrix: 9506 x 9506, nnz=202157 | grid=8x8
[Rank 1] Local SpMV time: 0.000081 s
[Rank 17] Local SpMV time: 0.000054 s
[Rank 0] Local SpMV time: 0.003992 s
[Rank 16] Local SpMV time: 0.000230 s
[Rank 5] Local SpMV time: 0.000054 s
[Rank 9] Local SpMV time: 0.001424 s
[Rank 2] Local SpMV time: 0.003991 s
[Rank 8] Local SpMV time: 0.000244 s
[Rank 13] Local SpMV time: 0.000053 s
[Rank 4] Local SpMV time: 0.000121 s
[Rank 24] Local SpMV time: 0.000172 s
[Rank 18] Local SpMV time: 0.004271 s
[Rank 21] Local SpMV time: 0.000054 s
[Rank 20] Local SpMV time: 0.000234 s
[Rank 28] Local SpMV time: 0.004385 s
[Rank 32] Local SpMV time: 0.008494 s
[Rank 3] Local SpMV time: 0.000051 s
[Rank 10] Local SpMV time: 0.000065 s
[Rank 48] Local SpMV time: 0.000262 s
[Rank 25] Local SpMV time: 0.011035 s
[Rank 6] Local SpMV time: 0.004076 s
[Rank 12] Local SpMV time: 0.004327 s
[Rank 40] Local SpMV time: 0.000155 s
[Rank 36] Local SpMV time: 0.004262 s
[Rank 33] Local SpMV time: 0.010979 s
[Rank 26] Local SpMV time: 0.000109 s
[Rank 34] Local SpMV time: 0.003969 s
[Rank 38] Local SpMV time: 0.000164 s
[Rank 56] Local SpMV time: 0.004270 s
[Rank 14] Local SpMV time: 0.000156 s
[Rank 42] Local SpMV time: 0.004261 s
[Rank 44] Local SpMV time: 0.000118 s
[Rank 41] Local SpMV time: 0.000099 s
[Rank 7] Local SpMV time: 0.001495 s
[Rank 22] Local SpMV time: 0.004050 s
[Rank 37] Local SpMV time: 0.000051 s
[Rank 52] Local SpMV time: 0.000108 s
[Rank 50] Local SpMV time: 0.004058 s
[Rank 11] Local SpMV time: 0.010996 s
[Rank 54] Local SpMV time: 0.008051 s
[Rank 19] Local SpMV time: 0.001591 s
[Rank 58] Local SpMV time: 0.000122 s
[Rank 15] Local SpMV time: 0.003124 s
[Rank 30] Local SpMV time: 0.000058 s
[Rank 46] Local SpMV time: 0.000118 s
[Rank 60] Local SpMV time: 0.000067 s
[Rank 62] Local SpMV time: 0.004052 s
[Rank 29] Local SpMV time: 0.000129 s
[Rank 35] Local SpMV time: 0.012396 s
[Rank 45] Local SpMV time: 0.011045 s
[Rank 49] Local SpMV time: 0.000053 s
[Rank 53] Local SpMV time: 0.011037 s
[Rank 43] Local SpMV time: 0.023428 s
[Rank 51] Local SpMV time: 0.000170 s
[Rank 23] Local SpMV time: 0.021916 s
[Rank 57] Local SpMV time: 0.033915 s
[Rank 59] Local SpMV time: 0.010995 s
[Rank 39] Local SpMV time: 0.000053 s
[Rank 27] Local SpMV time: 0.000103 s
[Rank 31] Local SpMV time: 0.000062 s
[Rank 61] Local SpMV time: 0.000107 s
[Rank 55] Local SpMV time: 0.022058 s
[Rank 47] Local SpMV time: 0.022055 s
[Rank 63] Local SpMV time: 0.011058 s
Global FLOPs per SpMV: 20374

-----------------------------------------------------------------------------------------------
  P |  Time(s) | Comp% | Comm% |  GFLOP/s | Speedup |  Eff% | Mem(MiB) | NNZ min | NNZ avg | NNZ max
-----------------------------------------------------------------------------------------------
 64 |   3.2050 |   1.1 |  96.0 |     0.000 |    0.00 |   0.01 |     0.04 |      88 |    159.2 |     189

----------------------------------------
np=128, OMP_NUM_THREADS=1
----------------------------------------
[Rank 0] Matrix: 9506 x 9506, nnz=202157 | grid=16x8 | pattern=0 symmetric=1
[Rank 0] Matrix: 9506 x 9506, nnz=202157 | grid=16x8
[Rank 1] Local SpMV time: 0.000027 s
[Rank 33] Local SpMV time: 0.000016 s
[Rank 0] Local SpMV time: 0.000027 s
[Rank 64] Local SpMV time: 0.000019 s
[Rank 17] Local SpMV time: 0.000027 s
[Rank 4] Local SpMV time: 0.000019 s
[Rank 49] Local SpMV time: 0.000015 s
[Rank 96] Local SpMV time: 0.000018 s
[Rank 25] Local SpMV time: 0.000016 s
[Rank 68] Local SpMV time: 0.000020 s
[Rank 16] Local SpMV time: 0.000017 s
[Rank 72] Local SpMV time: 0.000019 s
[Rank 100] Local SpMV time: 0.000019 s
[Rank 9] Local SpMV time: 0.000031 s
[Rank 80] Local SpMV time: 0.000019 s
[Rank 2] Local SpMV time: 0.000019 s
[Rank 104] Local SpMV time: 0.000016 s
[Rank 76] Local SpMV time: 0.000016 s
[Rank 65] Local SpMV time: 0.000016 s
[Rank 8] Local SpMV time: 0.000015 s
[Rank 66] Local SpMV time: 0.000019 s
[Rank 84] Local SpMV time: 0.000018 s
[Rank 32] Local SpMV time: 0.000018 s
[Rank 73] Local SpMV time: 0.000015 s
[Rank 88] Local SpMV time: 0.000019 s
[Rank 57] Local SpMV time: 0.000016 s
[Rank 6] Local SpMV time: 0.000018 s
[Rank 97] Local SpMV time: 0.000014 s
[Rank 108] Local SpMV time: 0.000016 s
[Rank 112] Local SpMV time: 0.000018 s
[Rank 92] Local SpMV time: 0.000020 s
[Rank 12] Local SpMV time: 0.000019 s
[Rank 81] Local SpMV time: 0.000015 s
[Rank 70] Local SpMV time: 0.000019 s
[Rank 10] Local SpMV time: 0.000019 s
[Rank 18] Local SpMV time: 0.000019 s
[Rank 20] Local SpMV time: 0.000018 s
[Rank 89] Local SpMV time: 0.000015 s
[Rank 34] Local SpMV time: 0.000018 s
[Rank 102] Local SpMV time: 0.000019 s
[Rank 24] Local SpMV time: 0.000020 s
[Rank 98] Local SpMV time: 0.000024 s
[Rank 110] Local SpMV time: 0.000015 s
[Rank 41] Local SpMV time: 0.000016 s
[Rank 114] Local SpMV time: 0.000019 s
[Rank 120] Local SpMV time: 0.000019 s
[Rank 48] Local SpMV time: 0.000019 s
[Rank 40] Local SpMV time: 0.000021 s
[Rank 86] Local SpMV time: 0.000019 s
[Rank 3] Local SpMV time: 0.000015 s
[Rank 74] Local SpMV time: 0.000023 s
[Rank 106] Local SpMV time: 0.000019 s
[Rank 28] Local SpMV time: 0.000020 s
[Rank 50] Local SpMV time: 0.000015 s
[Rank 5] Local SpMV time: 0.000016 s
[Rank 36] Local SpMV time: 0.000016 s
[Rank 14] Local SpMV time: 0.000018 s
[Rank 42] Local SpMV time: 0.000015 s
[Rank 78] Local SpMV time: 0.000025 s
[Rank 82] Local SpMV time: 0.000025 s
[Rank 37] Local SpMV time: 0.000015 s
[Rank 22] Local SpMV time: 0.000018 s
[Rank 105] Local SpMV time: 0.000015 s
[Rank 94] Local SpMV time: 0.000019 s
[Rank 26] Local SpMV time: 0.000020 s
[Rank 116] Local SpMV time: 0.000017 s
[Rank 124] Local SpMV time: 0.000018 s
[Rank 90] Local SpMV time: 0.000033 s
[Rank 44] Local SpMV time: 0.000018 s
[Rank 45] Local SpMV time: 0.000015 s
[Rank 113] Local SpMV time: 0.000015 s
[Rank 52] Local SpMV time: 0.000019 s
[Rank 35] Local SpMV time: 0.000017 s
[Rank 118] Local SpMV time: 0.000018 s
[Rank 13] Local SpMV time: 0.000017 s
[Rank 38] Local SpMV time: 0.000019 s
[Rank 122] Local SpMV time: 0.000015 s
[Rank 7] Local SpMV time: 0.000016 s
[Rank 56] Local SpMV time: 0.000019 s
[Rank 11] Local SpMV time: 0.000015 s
[Rank 126] Local SpMV time: 0.000019 s
[Rank 30] Local SpMV time: 0.000024 s
[Rank 60] Local SpMV time: 0.000019 s
[Rank 54] Local SpMV time: 0.000016 s
[Rank 53] Local SpMV time: 0.000018 s
[Rank 69] Local SpMV time: 0.000016 s
[Rank 46] Local SpMV time: 0.000021 s
[Rank 58] Local SpMV time: 0.000016 s
[Rank 61] Local SpMV time: 0.000016 s
[Rank 67] Local SpMV time: 0.000016 s
[Rank 71] Local SpMV time: 0.000016 s
[Rank 15] Local SpMV time: 0.000016 s
[Rank 21] Local SpMV time: 0.000017 s
[Rank 79] Local SpMV time: 0.000017 s
[Rank 43] Local SpMV time: 0.000015 s
[Rank 62] Local SpMV time: 0.000020 s
[Rank 85] Local SpMV time: 0.000015 s
[Rank 99] Local SpMV time: 0.000018 s
[Rank 51] Local SpMV time: 0.000018 s
[Rank 101] Local SpMV time: 0.000016 s
[Rank 77] Local SpMV time: 0.000016 s
[Rank 19] Local SpMV time: 0.000017 s
[Rank 29] Local SpMV time: 0.000017 s
[Rank 115] Local SpMV time: 0.000015 s
[Rank 93] Local SpMV time: 0.000015 s
[Rank 27] Local SpMV time: 0.000017 s
[Rank 109] Local SpMV time: 0.000015 s
[Rank 121] Local SpMV time: 0.000014 s
[Rank 39] Local SpMV time: 0.000018 s
[Rank 117] Local SpMV time: 0.000015 s
[Rank 23] Local SpMV time: 0.000016 s
[Rank 75] Local SpMV time: 0.000016 s
[Rank 123] Local SpMV time: 0.000015 s
[Rank 87] Local SpMV time: 0.000015 s
[Rank 125] Local SpMV time: 0.000016 s
[Rank 107] Local SpMV time: 0.000017 s
[Rank 103] Local SpMV time: 0.000015 s
[Rank 55] Local SpMV time: 0.000018 s
[Rank 47] Local SpMV time: 0.000017 s
[Rank 63] Local SpMV time: 0.000016 s
[Rank 59] Local SpMV time: 0.000017 s
[Rank 83] Local SpMV time: 0.000015 s
[Rank 91] Local SpMV time: 0.000018 s
[Rank 31] Local SpMV time: 0.000017 s
[Rank 111] Local SpMV time: 0.000017 s
[Rank 95] Local SpMV time: 0.000017 s
[Rank 119] Local SpMV time: 0.000017 s
[Rank 127] Local SpMV time: 0.000017 s
Global FLOPs per SpMV: 14132

-----------------------------------------------------------------------------------------------
  P |  Time(s) | Comp% | Comm% |  GFLOP/s | Speedup |  Eff% | Mem(MiB) | NNZ min | NNZ avg | NNZ max
-----------------------------------------------------------------------------------------------
128 |   6.2640 |   0.0 |  93.1 |     0.000 |    0.00 |   0.00 |     0.02 |      26 |     55.2 |      69

