Strong scaling results for bcsstk05.mtx
Date: Fri Jan  2 11:36:24 CET 2026
----------------------------------------

[Rank 0] Matrix: 153 x 153, nnz=1288 | 1D cyclic rows over P=1
[Rank 0] Local SpMV time: 0.014166 s

-----------------------------------------------------------------------------------------------
  P |  Time(s) | Comp% | Comm% |  GFLOP/s | Speedup |  Eff% | Mem(MiB) | NNZ min | NNZ avg | NNZ max
-----------------------------------------------------------------------------------------------
  1 |   0.0142 |  99.6 |   0.1 |     0.000 |    N/A   |   N/A  |     0.07 |    2423 |   2423.0 |    2423
Global FLOPs per SpMV: 4846
BASELINE_T1=0.0142

----------------------------------------
np=2, OMP_NUM_THREADS=64
----------------------------------------
[Rank 0] Matrix: 153 x 153, nnz=1288 | 1D cyclic rows over P=2
[Rank 1] Local SpMV time: 0.002138 s
[Rank 0] Local SpMV time: 0.014260 s

-----------------------------------------------------------------------------------------------
  P |  Time(s) | Comp% | Comm% |  GFLOP/s | Speedup |  Eff% | Mem(MiB) | NNZ min | NNZ avg | NNZ max
-----------------------------------------------------------------------------------------------
  2 |   0.0143 |  99.6 |   0.2 |     0.000 |    0.99 |  49.58 |     0.03 |     581 |    899.5 |    1218
Global FLOPs per SpMV: 3598

----------------------------------------
np=4, OMP_NUM_THREADS=32
----------------------------------------
[Rank 0] Matrix: 153 x 153, nnz=1288 | 1D cyclic rows over P=4
[Rank 1] Local SpMV time: 0.000779 s
[Rank 3] Local SpMV time: 0.000921 s
[Rank 2] Local SpMV time: 0.017942 s
[Rank 0] Local SpMV time: 0.030832 s

-----------------------------------------------------------------------------------------------
  P |  Time(s) | Comp% | Comm% |  GFLOP/s | Speedup |  Eff% | Mem(MiB) | NNZ min | NNZ avg | NNZ max
-----------------------------------------------------------------------------------------------
  4 |   0.0309 |  99.9 |   0.7 |     0.000 |    0.46 |  11.51 |     0.02 |     143 |    370.8 |     614
Global FLOPs per SpMV: 2966

----------------------------------------
np=8, OMP_NUM_THREADS=16
----------------------------------------
[Rank 0] Matrix: 153 x 153, nnz=1288 | 1D cyclic rows over P=8
[Rank 0] Local SpMV time: 0.000392 s
[Rank 2] Local SpMV time: 0.000332 s
[Rank 1] Local SpMV time: 0.002007 s
[Rank 5] Local SpMV time: 0.001104 s
[Rank 4] Local SpMV time: 0.007163 s
[Rank 6] Local SpMV time: 0.000410 s
[Rank 7] Local SpMV time: 0.018007 s
[Rank 3] Local SpMV time: 0.020225 s

-----------------------------------------------------------------------------------------------
  P |  Time(s) | Comp% | Comm% |  GFLOP/s | Speedup |  Eff% | Mem(MiB) | NNZ min | NNZ avg | NNZ max
-----------------------------------------------------------------------------------------------
  8 |   0.0470 |  43.0 | 162.8 |     0.000 |    0.30 |   3.77 |     0.01 |      36 |    166.6 |     306
Global FLOPs per SpMV: 2666

----------------------------------------
np=16, OMP_NUM_THREADS=8
----------------------------------------
[Rank 0] Matrix: 153 x 153, nnz=1288 | 1D cyclic rows over P=16
[Rank 0] Local SpMV time: 0.000249 s
[Rank 2] Local SpMV time: 0.000549 s
[Rank 4] Local SpMV time: 0.000215 s
[Rank 1] Local SpMV time: 0.000211 s
[Rank 3] Local SpMV time: 0.000229 s
[Rank 8] Local SpMV time: 0.000249 s
[Rank 5] Local SpMV time: 0.001812 s
[Rank 6] Local SpMV time: 0.000238 s
[Rank 9] Local SpMV time: 0.001328 s
[Rank 12] Local SpMV time: 0.000200 s
[Rank 10] Local SpMV time: 0.000487 s
[Rank 14] Local SpMV time: 0.000752 s
[Rank 11] Local SpMV time: 0.032003 s
[Rank 7] Local SpMV time: 0.031998 s
[Rank 13] Local SpMV time: 0.031988 s
[Rank 15] Local SpMV time: 0.035826 s

-----------------------------------------------------------------------------------------------
  P |  Time(s) | Comp% | Comm% |  GFLOP/s | Speedup |  Eff% | Mem(MiB) | NNZ min | NNZ avg | NNZ max
-----------------------------------------------------------------------------------------------
 16 |   0.0359 |  99.9 | 445.5 |     0.000 |    0.40 |   2.48 |     0.01 |       7 |     80.1 |     153
Global FLOPs per SpMV: 2562

----------------------------------------
np=32, OMP_NUM_THREADS=4
----------------------------------------
[Rank 0] Matrix: 153 x 153, nnz=1288 | 1D cyclic rows over P=32
[Rank 0] Local SpMV time: 0.000181 s
[Rank 2] Local SpMV time: 0.000143 s
[Rank 4] Local SpMV time: 0.000134 s
[Rank 16] Local SpMV time: 0.000137 s
[Rank 1] Local SpMV time: 0.001088 s
[Rank 8] Local SpMV time: 0.000153 s
[Rank 24] Local SpMV time: 0.004088 s
[Rank 6] Local SpMV time: 0.004069 s
[Rank 10] Local SpMV time: 0.000368 s
[Rank 26] Local SpMV time: 0.000631 s
[Rank 18] Local SpMV time: 0.000143 s
[Rank 20] Local SpMV time: 0.000445 s
[Rank 12] Local SpMV time: 0.000666 s
[Rank 22] Local SpMV time: 0.000961 s
[Rank 14] Local SpMV time: 0.004091 s
[Rank 17] Local SpMV time: 0.067795 s
[Rank 28] Local SpMV time: 0.004091 s
[Rank 21] Local SpMV time: 0.067885 s
[Rank 9] Local SpMV time: 0.071963 s
[Rank 23] Local SpMV time: 0.059880 s
[Rank 3] Local SpMV time: 0.075980 s
[Rank 11] Local SpMV time: 0.075970 s
[Rank 5] Local SpMV time: 0.075927 s
[Rank 19] Local SpMV time: 0.063971 s
[Rank 13] Local SpMV time: 0.063963 s
[Rank 30] Local SpMV time: 0.000128 s
[Rank 25] Local SpMV time: 0.063961 s
[Rank 27] Local SpMV time: 0.063983 s
[Rank 7] Local SpMV time: 0.059972 s
[Rank 15] Local SpMV time: 0.067838 s
[Rank 29] Local SpMV time: 0.071931 s
[Rank 31] Local SpMV time: 0.067971 s

-----------------------------------------------------------------------------------------------
  P |  Time(s) | Comp% | Comm% |  GFLOP/s | Speedup |  Eff% | Mem(MiB) | NNZ min | NNZ avg | NNZ max
-----------------------------------------------------------------------------------------------
 32 |   0.0760 |  99.9 | 504.9 |     0.000 |    0.19 |   0.58 |     0.00 |       0 |     37.8 |      77
Global FLOPs per SpMV: 2418

----------------------------------------
np=64, OMP_NUM_THREADS=2
----------------------------------------
[Rank 0] Matrix: 153 x 153, nnz=1288 | 1D cyclic rows over P=64
[Rank 0] Local SpMV time: 0.007967 s
[Rank 32] Local SpMV time: 0.000049 s
[Rank 40] Local SpMV time: 0.000046 s
[Rank 16] Local SpMV time: 0.000044 s
[Rank 2] Local SpMV time: 0.000042 s
[Rank 1] Local SpMV time: 0.004243 s
[Rank 48] Local SpMV time: 0.000209 s
[Rank 18] Local SpMV time: 0.004043 s
[Rank 8] Local SpMV time: 0.000048 s
[Rank 17] Local SpMV time: 0.004971 s
[Rank 25] Local SpMV time: 0.012855 s
[Rank 34] Local SpMV time: 0.000088 s
[Rank 56] Local SpMV time: 0.000193 s
[Rank 29] Local SpMV time: 0.001612 s
[Rank 4] Local SpMV time: 0.000374 s
[Rank 5] Local SpMV time: 0.003983 s
[Rank 12] Local SpMV time: 0.000600 s
[Rank 31] Local SpMV time: 0.000259 s
[Rank 7] Local SpMV time: 0.000474 s
[Rank 36] Local SpMV time: 0.000050 s
[Rank 33] Local SpMV time: 0.004820 s
[Rank 6] Local SpMV time: 0.000232 s
[Rank 44] Local SpMV time: 0.004192 s
[Rank 58] Local SpMV time: 0.004053 s
[Rank 27] Local SpMV time: 0.000193 s
[Rank 24] Local SpMV time: 0.004227 s
[Rank 37] Local SpMV time: 0.004400 s
[Rank 42] Local SpMV time: 0.000419 s
[Rank 9] Local SpMV time: 0.000804 s
[Rank 28] Local SpMV time: 0.000573 s
[Rank 35] Local SpMV time: 0.001120 s
[Rank 3] Local SpMV time: 0.005296 s
[Rank 20] Local SpMV time: 0.004003 s
[Rank 19] Local SpMV time: 0.009487 s
[Rank 52] Local SpMV time: 0.000213 s
[Rank 26] Local SpMV time: 0.000291 s
[Rank 11] Local SpMV time: 0.003983 s
[Rank 13] Local SpMV time: 0.000270 s
[Rank 22] Local SpMV time: 0.000043 s
[Rank 60] Local SpMV time: 0.000201 s
[Rank 41] Local SpMV time: 0.003987 s
[Rank 39] Local SpMV time: 0.000290 s
[Rank 50] Local SpMV time: 0.004004 s
[Rank 30] Local SpMV time: 0.000092 s
[Rank 21] Local SpMV time: 0.000081 s
[Rank 49] Local SpMV time: 0.003953 s
[Rank 14] Local SpMV time: 0.000109 s
[Rank 15] Local SpMV time: 0.000807 s
[Rank 10] Local SpMV time: 0.004233 s
[Rank 43] Local SpMV time: 0.001088 s
[Rank 38] Local SpMV time: 0.000490 s
[Rank 62] Local SpMV time: 0.000105 s
[Rank 45] Local SpMV time: 0.003994 s
[Rank 54] Local SpMV time: 0.007946 s
[Rank 46] Local SpMV time: 0.000055 s
[Rank 47] Local SpMV time: 0.000084 s
[Rank 53] Local SpMV time: 0.004004 s
[Rank 23] Local SpMV time: 0.000068 s
[Rank 57] Local SpMV time: 0.008020 s
[Rank 51] Local SpMV time: 0.000122 s
[Rank 61] Local SpMV time: 0.000063 s
[Rank 63] Local SpMV time: 0.004038 s
[Rank 59] Local SpMV time: 0.000327 s
[Rank 55] Local SpMV time: 0.004007 s

-----------------------------------------------------------------------------------------------
  P |  Time(s) | Comp% | Comm% |  GFLOP/s | Speedup |  Eff% | Mem(MiB) | NNZ min | NNZ avg | NNZ max
-----------------------------------------------------------------------------------------------
 64 |   0.0129 |  99.7 | 7008.4 |     0.000 |    1.10 |   1.72 |     0.00 |       0 |     17.8 |      46
Global FLOPs per SpMV: 2284

----------------------------------------
np=128, OMP_NUM_THREADS=1
----------------------------------------
[Rank 0] Matrix: 153 x 153, nnz=1288 | 1D cyclic rows over P=128
[Rank 0] Local SpMV time: 0.000019 s
[Rank 4] Local SpMV time: 0.000013 s
[Rank 2] Local SpMV time: 0.000011 s
[Rank 1] Local SpMV time: 0.000026 s
[Rank 6] Local SpMV time: 0.000013 s
[Rank 16] Local SpMV time: 0.000011 s
[Rank 33] Local SpMV time: 0.000018 s
[Rank 49] Local SpMV time: 0.000017 s
[Rank 64] Local SpMV time: 0.000010 s
[Rank 8] Local SpMV time: 0.000013 s
[Rank 32] Local SpMV time: 0.000012 s
[Rank 35] Local SpMV time: 0.000014 s
[Rank 3] Local SpMV time: 0.000023 s
[Rank 51] Local SpMV time: 0.000016 s
[Rank 65] Local SpMV time: 0.000015 s
[Rank 41] Local SpMV time: 0.000016 s
[Rank 67] Local SpMV time: 0.000016 s
[Rank 97] Local SpMV time: 0.000012 s
[Rank 72] Local SpMV time: 0.000011 s
[Rank 24] Local SpMV time: 0.000012 s
[Rank 40] Local SpMV time: 0.000011 s
[Rank 28] Local SpMV time: 0.000011 s
[Rank 12] Local SpMV time: 0.000020 s
[Rank 80] Local SpMV time: 0.000012 s
[Rank 69] Local SpMV time: 0.000016 s
[Rank 68] Local SpMV time: 0.000012 s
[Rank 36] Local SpMV time: 0.000010 s
[Rank 14] Local SpMV time: 0.000010 s
[Rank 20] Local SpMV time: 0.000011 s
[Rank 9] Local SpMV time: 0.000016 s
[Rank 11] Local SpMV time: 0.000017 s
[Rank 5] Local SpMV time: 0.000017 s
[Rank 113] Local SpMV time: 0.000017 s
[Rank 30] Local SpMV time: 0.000010 s
[Rank 99] Local SpMV time: 0.000016 s
[Rank 42] Local SpMV time: 0.000012 s
[Rank 17] Local SpMV time: 0.000031 s
[Rank 82] Local SpMV time: 0.000011 s
[Rank 57] Local SpMV time: 0.000016 s
[Rank 21] Local SpMV time: 0.000017 s
[Rank 96] Local SpMV time: 0.000011 s
[Rank 73] Local SpMV time: 0.000013 s
[Rank 10] Local SpMV time: 0.000012 s
[Rank 13] Local SpMV time: 0.000023 s
[Rank 75] Local SpMV time: 0.000016 s
[Rank 53] Local SpMV time: 0.000018 s
[Rank 18] Local SpMV time: 0.000013 s
[Rank 43] Local SpMV time: 0.000018 s
[Rank 37] Local SpMV time: 0.000013 s
[Rank 66] Local SpMV time: 0.000010 s
[Rank 34] Local SpMV time: 0.000012 s
[Rank 38] Local SpMV time: 0.000012 s
[Rank 48] Local SpMV time: 0.000013 s
[Rank 77] Local SpMV time: 0.000016 s
[Rank 19] Local SpMV time: 0.000017 s
[Rank 71] Local SpMV time: 0.000016 s
[Rank 26] Local SpMV time: 0.000011 s
[Rank 7] Local SpMV time: 0.000018 s
[Rank 105] Local SpMV time: 0.000016 s
[Rank 121] Local SpMV time: 0.000016 s
[Rank 70] Local SpMV time: 0.000012 s
[Rank 61] Local SpMV time: 0.000013 s
[Rank 55] Local SpMV time: 0.000012 s
[Rank 44] Local SpMV time: 0.000012 s
[Rank 63] Local SpMV time: 0.000017 s
[Rank 88] Local SpMV time: 0.000012 s
[Rank 104] Local SpMV time: 0.000012 s
[Rank 101] Local SpMV time: 0.000016 s
[Rank 76] Local SpMV time: 0.000012 s
[Rank 81] Local SpMV time: 0.000015 s
[Rank 112] Local SpMV time: 0.000011 s
[Rank 22] Local SpMV time: 0.000012 s
[Rank 45] Local SpMV time: 0.000017 s
[Rank 84] Local SpMV time: 0.000013 s
[Rank 74] Local SpMV time: 0.000012 s
[Rank 106] Local SpMV time: 0.000012 s
[Rank 85] Local SpMV time: 0.000017 s
[Rank 98] Local SpMV time: 0.000011 s
[Rank 109] Local SpMV time: 0.000014 s
[Rank 87] Local SpMV time: 0.000016 s
[Rank 100] Local SpMV time: 0.000010 s
[Rank 89] Local SpMV time: 0.000012 s
[Rank 114] Local SpMV time: 0.000010 s
[Rank 39] Local SpMV time: 0.000016 s
[Rank 15] Local SpMV time: 0.000017 s
[Rank 83] Local SpMV time: 0.000017 s
[Rank 25] Local SpMV time: 0.000016 s
[Rank 23] Local SpMV time: 0.000015 s
[Rank 90] Local SpMV time: 0.000010 s
[Rank 47] Local SpMV time: 0.000017 s
[Rank 115] Local SpMV time: 0.000017 s
[Rank 117] Local SpMV time: 0.000015 s
[Rank 120] Local SpMV time: 0.000012 s
[Rank 78] Local SpMV time: 0.000012 s
[Rank 111] Local SpMV time: 0.000017 s
[Rank 52] Local SpMV time: 0.000012 s
[Rank 79] Local SpMV time: 0.000016 s
[Rank 59] Local SpMV time: 0.000016 s
[Rank 46] Local SpMV time: 0.000012 s
[Rank 125] Local SpMV time: 0.000019 s
[Rank 119] Local SpMV time: 0.000013 s
[Rank 50] Local SpMV time: 0.000012 s
[Rank 116] Local SpMV time: 0.000010 s
[Rank 124] Local SpMV time: 0.000010 s
[Rank 92] Local SpMV time: 0.000010 s
[Rank 93] Local SpMV time: 0.000016 s
[Rank 108] Local SpMV time: 0.000010 s
[Rank 91] Local SpMV time: 0.000017 s
[Rank 56] Local SpMV time: 0.000011 s
[Rank 107] Local SpMV time: 0.000017 s
[Rank 123] Local SpMV time: 0.000016 s
[Rank 58] Local SpMV time: 0.000011 s
[Rank 103] Local SpMV time: 0.000013 s
[Rank 86] Local SpMV time: 0.000012 s
[Rank 27] Local SpMV time: 0.000016 s
[Rank 102] Local SpMV time: 0.000011 s
[Rank 60] Local SpMV time: 0.000011 s
[Rank 110] Local SpMV time: 0.000011 s
[Rank 29] Local SpMV time: 0.000015 s
[Rank 127] Local SpMV time: 0.000017 s
[Rank 54] Local SpMV time: 0.000013 s
[Rank 31] Local SpMV time: 0.000013 s
[Rank 118] Local SpMV time: 0.000012 s
[Rank 122] Local SpMV time: 0.000010 s
[Rank 95] Local SpMV time: 0.000014 s
[Rank 94] Local SpMV time: 0.000012 s
[Rank 126] Local SpMV time: 0.000011 s
[Rank 62] Local SpMV time: 0.000012 s

-----------------------------------------------------------------------------------------------
  P |  Time(s) | Comp% | Comm% |  GFLOP/s | Speedup |  Eff% | Mem(MiB) | NNZ min | NNZ avg | NNZ max
-----------------------------------------------------------------------------------------------
128 |   0.0001 |  30.5 | 1520141.1 |     0.010 |  139.81 | 109.23 |     0.00 |       0 |      4.0 |      39
Global FLOPs per SpMV: 1018

