Strong scaling results for bcsstm05.mtx
Date: Fri Jan  2 11:37:42 CET 2026
----------------------------------------

[Rank 0] Matrix: 153 x 153, nnz=153 | 1D cyclic rows over P=1
[Rank 0] Local SpMV time: 0.014246 s

-----------------------------------------------------------------------------------------------
  P |  Time(s) | Comp% | Comm% |  GFLOP/s | Speedup |  Eff% | Mem(MiB) | NNZ min | NNZ avg | NNZ max
-----------------------------------------------------------------------------------------------
  1 |   0.0143 |  99.5 |   0.1 |     0.000 |    N/A   |   N/A  |     0.01 |     153 |    153.0 |     153
Global FLOPs per SpMV: 306
BASELINE_T1=0.0143

----------------------------------------
np=2, OMP_NUM_THREADS=64
----------------------------------------
[Rank 0] Matrix: 153 x 153, nnz=153 | 1D cyclic rows over P=2
[Rank 1] Local SpMV time: 0.001611 s
[Rank 0] Local SpMV time: 0.013528 s

-----------------------------------------------------------------------------------------------
  P |  Time(s) | Comp% | Comm% |  GFLOP/s | Speedup |  Eff% | Mem(MiB) | NNZ min | NNZ avg | NNZ max
-----------------------------------------------------------------------------------------------
  2 |   0.0135 |  99.8 |   0.9 |     0.000 |    1.06 |  52.77 |     0.00 |      36 |     56.5 |      77
Global FLOPs per SpMV: 226

----------------------------------------
np=4, OMP_NUM_THREADS=32
----------------------------------------
[Rank 0] Matrix: 153 x 153, nnz=153 | 1D cyclic rows over P=4
[Rank 1] Local SpMV time: 0.000978 s
[Rank 0] Local SpMV time: 0.009033 s
[Rank 3] Local SpMV time: 0.001029 s
[Rank 2] Local SpMV time: 0.020580 s

-----------------------------------------------------------------------------------------------
  P |  Time(s) | Comp% | Comm% |  GFLOP/s | Speedup |  Eff% | Mem(MiB) | NNZ min | NNZ avg | NNZ max
-----------------------------------------------------------------------------------------------
  4 |   0.0206 |  99.7 | 144.9 |     0.000 |    0.69 |  17.33 |     0.00 |       9 |     23.5 |      39
Global FLOPs per SpMV: 188

----------------------------------------
np=8, OMP_NUM_THREADS=16
----------------------------------------
[Rank 0] Matrix: 153 x 153, nnz=153 | 1D cyclic rows over P=8
[Rank 0] Local SpMV time: 0.004988 s
[Rank 4] Local SpMV time: 0.007742 s
[Rank 1] Local SpMV time: 0.000455 s
[Rank 2] Local SpMV time: 0.014247 s
[Rank 6] Local SpMV time: 0.000407 s
[Rank 5] Local SpMV time: 0.000398 s
[Rank 3] Local SpMV time: 0.000818 s
[Rank 7] Local SpMV time: 0.007114 s

-----------------------------------------------------------------------------------------------
  P |  Time(s) | Comp% | Comm% |  GFLOP/s | Speedup |  Eff% | Mem(MiB) | NNZ min | NNZ avg | NNZ max
-----------------------------------------------------------------------------------------------
  8 |   0.0143 |  99.8 | 588.3 |     0.000 |    1.00 |  12.52 |     0.00 |       3 |     10.6 |      20
Global FLOPs per SpMV: 170

----------------------------------------
np=16, OMP_NUM_THREADS=8
----------------------------------------
[Rank 0] Matrix: 153 x 153, nnz=153 | 1D cyclic rows over P=16
[Rank 0] Local SpMV time: 0.000302 s
[Rank 2] Local SpMV time: 0.000252 s
[Rank 1] Local SpMV time: 0.004083 s
[Rank 5] Local SpMV time: 0.000642 s
[Rank 4] Local SpMV time: 0.004186 s
[Rank 3] Local SpMV time: 0.000146 s
[Rank 8] Local SpMV time: 0.004091 s
[Rank 10] Local SpMV time: 0.008290 s
[Rank 6] Local SpMV time: 0.000646 s
[Rank 12] Local SpMV time: 0.000238 s
[Rank 9] Local SpMV time: 0.031973 s
[Rank 7] Local SpMV time: 0.031988 s
[Rank 11] Local SpMV time: 0.039878 s
[Rank 14] Local SpMV time: 0.004203 s
[Rank 15] Local SpMV time: 0.000273 s
[Rank 13] Local SpMV time: 0.031969 s

-----------------------------------------------------------------------------------------------
  P |  Time(s) | Comp% | Comm% |  GFLOP/s | Speedup |  Eff% | Mem(MiB) | NNZ min | NNZ avg | NNZ max
-----------------------------------------------------------------------------------------------
 16 |   0.0399 |  99.9 | 380.0 |     0.000 |    0.36 |   2.24 |     0.00 |       0 |      4.9 |      10
Global FLOPs per SpMV: 156

----------------------------------------
np=32, OMP_NUM_THREADS=4
----------------------------------------
[Rank 0] Matrix: 153 x 153, nnz=153 | 1D cyclic rows over P=32
[Rank 0] Local SpMV time: 0.000209 s
[Rank 16] Local SpMV time: 0.000155 s
[Rank 2] Local SpMV time: 0.000447 s
[Rank 1] Local SpMV time: 0.000944 s
[Rank 3] Local SpMV time: 0.004429 s
[Rank 8] Local SpMV time: 0.008114 s
[Rank 4] Local SpMV time: 0.004129 s
[Rank 17] Local SpMV time: 0.004981 s
[Rank 25] Local SpMV time: 0.001520 s
[Rank 18] Local SpMV time: 0.004141 s
[Rank 24] Local SpMV time: 0.004414 s
[Rank 21] Local SpMV time: 0.000211 s
[Rank 10] Local SpMV time: 0.000685 s
[Rank 12] Local SpMV time: 0.004855 s
[Rank 20] Local SpMV time: 0.000161 s
[Rank 6] Local SpMV time: 0.004054 s
[Rank 28] Local SpMV time: 0.008214 s
[Rank 14] Local SpMV time: 0.000598 s
[Rank 26] Local SpMV time: 0.004078 s
[Rank 30] Local SpMV time: 0.004127 s
[Rank 22] Local SpMV time: 0.008328 s
[Rank 5] Local SpMV time: 0.063963 s
[Rank 7] Local SpMV time: 0.062983 s
[Rank 9] Local SpMV time: 0.062964 s
[Rank 27] Local SpMV time: 0.066846 s
[Rank 29] Local SpMV time: 0.062982 s
[Rank 31] Local SpMV time: 0.062974 s
[Rank 19] Local SpMV time: 0.062981 s
[Rank 11] Local SpMV time: 0.062962 s
[Rank 13] Local SpMV time: 0.070974 s
[Rank 23] Local SpMV time: 0.070972 s
[Rank 15] Local SpMV time: 0.063966 s

-----------------------------------------------------------------------------------------------
  P |  Time(s) | Comp% | Comm% |  GFLOP/s | Speedup |  Eff% | Mem(MiB) | NNZ min | NNZ avg | NNZ max
-----------------------------------------------------------------------------------------------
 32 |   0.0710 |  99.9 | 455.6 |     0.000 |    0.20 |   0.63 |     0.00 |       0 |      2.4 |       5
Global FLOPs per SpMV: 152

----------------------------------------
np=64, OMP_NUM_THREADS=2
----------------------------------------
[Rank 0] Matrix: 153 x 153, nnz=153 | 1D cyclic rows over P=64
[Rank 8] Local SpMV time: 0.000065 s
[Rank 0] Local SpMV time: 0.003910 s
[Rank 1] Local SpMV time: 0.004941 s
[Rank 32] Local SpMV time: 0.000100 s
[Rank 10] Local SpMV time: 0.000145 s
[Rank 48] Local SpMV time: 0.004269 s
[Rank 17] Local SpMV time: 0.004974 s
[Rank 4] Local SpMV time: 0.000160 s
[Rank 33] Local SpMV time: 0.001484 s
[Rank 16] Local SpMV time: 0.004331 s
[Rank 20] Local SpMV time: 0.000622 s
[Rank 21] Local SpMV time: 0.000953 s
[Rank 9] Local SpMV time: 0.002202 s
[Rank 24] Local SpMV time: 0.004068 s
[Rank 6] Local SpMV time: 0.004255 s
[Rank 35] Local SpMV time: 0.005264 s
[Rank 26] Local SpMV time: 0.004519 s
[Rank 34] Local SpMV time: 0.008642 s
[Rank 23] Local SpMV time: 0.007800 s
[Rank 40] Local SpMV time: 0.004932 s
[Rank 49] Local SpMV time: 0.009871 s
[Rank 52] Local SpMV time: 0.004976 s
[Rank 36] Local SpMV time: 0.009092 s
[Rank 2] Local SpMV time: 0.013211 s
[Rank 13] Local SpMV time: 0.000169 s
[Rank 28] Local SpMV time: 0.013841 s
[Rank 18] Local SpMV time: 0.019940 s
[Rank 5] Local SpMV time: 0.000065 s
[Rank 22] Local SpMV time: 0.000310 s
[Rank 12] Local SpMV time: 0.004420 s
[Rank 3] Local SpMV time: 0.000175 s
[Rank 25] Local SpMV time: 0.004400 s
[Rank 54] Local SpMV time: 0.011816 s
[Rank 11] Local SpMV time: 0.004793 s
[Rank 50] Local SpMV time: 0.016018 s
[Rank 19] Local SpMV time: 0.005089 s
[Rank 14] Local SpMV time: 0.000165 s
[Rank 44] Local SpMV time: 0.004262 s
[Rank 7] Local SpMV time: 0.008023 s
[Rank 37] Local SpMV time: 0.000063 s
[Rank 56] Local SpMV time: 0.000062 s
[Rank 15] Local SpMV time: 0.000338 s
[Rank 60] Local SpMV time: 0.000324 s
[Rank 27] Local SpMV time: 0.004038 s
[Rank 57] Local SpMV time: 0.000376 s
[Rank 38] Local SpMV time: 0.003983 s
[Rank 42] Local SpMV time: 0.000184 s
[Rank 41] Local SpMV time: 0.003977 s
[Rank 59] Local SpMV time: 0.000286 s
[Rank 51] Local SpMV time: 0.007908 s
[Rank 53] Local SpMV time: 0.000062 s
[Rank 30] Local SpMV time: 0.012028 s
[Rank 46] Local SpMV time: 0.012257 s
[Rank 29] Local SpMV time: 0.000060 s
[Rank 45] Local SpMV time: 0.000100 s
[Rank 47] Local SpMV time: 0.003984 s
[Rank 31] Local SpMV time: 0.008183 s
[Rank 39] Local SpMV time: 0.004022 s
[Rank 43] Local SpMV time: 0.000341 s
[Rank 58] Local SpMV time: 0.007970 s
[Rank 55] Local SpMV time: 0.000073 s
[Rank 61] Local SpMV time: 0.003995 s
[Rank 62] Local SpMV time: 0.000064 s
[Rank 63] Local SpMV time: 0.000067 s

-----------------------------------------------------------------------------------------------
  P |  Time(s) | Comp% | Comm% |  GFLOP/s | Speedup |  Eff% | Mem(MiB) | NNZ min | NNZ avg | NNZ max
-----------------------------------------------------------------------------------------------
 64 |   0.0200 |  99.8 | 4444.7 |     0.000 |    0.72 |   1.12 |     0.00 |       0 |      1.1 |       3
Global FLOPs per SpMV: 142

----------------------------------------
np=128, OMP_NUM_THREADS=1
----------------------------------------
[Rank 0] Matrix: 153 x 153, nnz=153 | 1D cyclic rows over P=128
[Rank 0] Local SpMV time: 0.000018 s
[Rank 16] Local SpMV time: 0.000011 s
[Rank 64] Local SpMV time: 0.000012 s
[Rank 8] Local SpMV time: 0.000010 s
[Rank 4] Local SpMV time: 0.000010 s
[Rank 6] Local SpMV time: 0.000013 s
[Rank 20] Local SpMV time: 0.000011 s
[Rank 2] Local SpMV time: 0.000010 s
[Rank 66] Local SpMV time: 0.000012 s
[Rank 68] Local SpMV time: 0.000012 s
[Rank 72] Local SpMV time: 0.000012 s
[Rank 12] Local SpMV time: 0.000010 s
[Rank 32] Local SpMV time: 0.000011 s
[Rank 80] Local SpMV time: 0.000012 s
[Rank 18] Local SpMV time: 0.000011 s
[Rank 88] Local SpMV time: 0.000011 s
[Rank 24] Local SpMV time: 0.000011 s
[Rank 96] Local SpMV time: 0.000012 s
[Rank 28] Local SpMV time: 0.000011 s
[Rank 1] Local SpMV time: 0.000026 s
[Rank 48] Local SpMV time: 0.000012 s
[Rank 33] Local SpMV time: 0.000017 s
[Rank 40] Local SpMV time: 0.000011 s
[Rank 76] Local SpMV time: 0.000011 s
[Rank 41] Local SpMV time: 0.000017 s
[Rank 52] Local SpMV time: 0.000011 s
[Rank 112] Local SpMV time: 0.000012 s
[Rank 26] Local SpMV time: 0.000011 s
[Rank 50] Local SpMV time: 0.000012 s
[Rank 78] Local SpMV time: 0.000012 s
[Rank 3] Local SpMV time: 0.000016 s
[Rank 36] Local SpMV time: 0.000012 s
[Rank 70] Local SpMV time: 0.000012 s
[Rank 98] Local SpMV time: 0.000012 s
[Rank 74] Local SpMV time: 0.000012 s
[Rank 84] Local SpMV time: 0.000012 s
[Rank 10] Local SpMV time: 0.000013 s
[Rank 100] Local SpMV time: 0.000011 s
[Rank 44] Local SpMV time: 0.000012 s
[Rank 92] Local SpMV time: 0.000011 s
[Rank 34] Local SpMV time: 0.000012 s
[Rank 86] Local SpMV time: 0.000011 s
[Rank 114] Local SpMV time: 0.000011 s
[Rank 65] Local SpMV time: 0.000021 s
[Rank 17] Local SpMV time: 0.000017 s
[Rank 94] Local SpMV time: 0.000010 s
[Rank 37] Local SpMV time: 0.000017 s
[Rank 102] Local SpMV time: 0.000012 s
[Rank 35] Local SpMV time: 0.000015 s
[Rank 82] Local SpMV time: 0.000012 s
[Rank 22] Local SpMV time: 0.000011 s
[Rank 81] Local SpMV time: 0.000015 s
[Rank 104] Local SpMV time: 0.000011 s
[Rank 39] Local SpMV time: 0.000016 s
[Rank 14] Local SpMV time: 0.000011 s
[Rank 56] Local SpMV time: 0.000011 s
[Rank 69] Local SpMV time: 0.000015 s
[Rank 46] Local SpMV time: 0.000011 s
[Rank 71] Local SpMV time: 0.000017 s
[Rank 67] Local SpMV time: 0.000017 s
[Rank 30] Local SpMV time: 0.000010 s
[Rank 90] Local SpMV time: 0.000011 s
[Rank 43] Local SpMV time: 0.000017 s
[Rank 85] Local SpMV time: 0.000016 s
[Rank 58] Local SpMV time: 0.000012 s
[Rank 5] Local SpMV time: 0.000016 s
[Rank 25] Local SpMV time: 0.000014 s
[Rank 106] Local SpMV time: 0.000011 s
[Rank 45] Local SpMV time: 0.000013 s
[Rank 38] Local SpMV time: 0.000011 s
[Rank 89] Local SpMV time: 0.000016 s
[Rank 120] Local SpMV time: 0.000010 s
[Rank 49] Local SpMV time: 0.000016 s
[Rank 54] Local SpMV time: 0.000012 s
[Rank 116] Local SpMV time: 0.000011 s
[Rank 9] Local SpMV time: 0.000016 s
[Rank 42] Local SpMV time: 0.000012 s
[Rank 122] Local SpMV time: 0.000011 s
[Rank 11] Local SpMV time: 0.000016 s
[Rank 83] Local SpMV time: 0.000017 s
[Rank 124] Local SpMV time: 0.000011 s
[Rank 60] Local SpMV time: 0.000011 s
[Rank 21] Local SpMV time: 0.000018 s
[Rank 57] Local SpMV time: 0.000016 s
[Rank 73] Local SpMV time: 0.000016 s
[Rank 77] Local SpMV time: 0.000017 s
[Rank 75] Local SpMV time: 0.000016 s
[Rank 47] Local SpMV time: 0.000017 s
[Rank 51] Local SpMV time: 0.000017 s
[Rank 87] Local SpMV time: 0.000016 s
[Rank 108] Local SpMV time: 0.000027 s
[Rank 19] Local SpMV time: 0.000015 s
[Rank 27] Local SpMV time: 0.000016 s
[Rank 7] Local SpMV time: 0.000016 s
[Rank 59] Local SpMV time: 0.000015 s
[Rank 79] Local SpMV time: 0.000014 s
[Rank 93] Local SpMV time: 0.000016 s
[Rank 97] Local SpMV time: 0.000016 s
[Rank 118] Local SpMV time: 0.000013 s
[Rank 105] Local SpMV time: 0.000018 s
[Rank 13] Local SpMV time: 0.000014 s
[Rank 15] Local SpMV time: 0.000017 s
[Rank 110] Local SpMV time: 0.000010 s
[Rank 113] Local SpMV time: 0.000015 s
[Rank 29] Local SpMV time: 0.000017 s
[Rank 53] Local SpMV time: 0.000017 s
[Rank 99] Local SpMV time: 0.000015 s
[Rank 95] Local SpMV time: 0.000022 s
[Rank 91] Local SpMV time: 0.000016 s
[Rank 61] Local SpMV time: 0.000017 s
[Rank 126] Local SpMV time: 0.000011 s
[Rank 31] Local SpMV time: 0.000017 s
[Rank 109] Local SpMV time: 0.000018 s
[Rank 101] Local SpMV time: 0.000015 s
[Rank 62] Local SpMV time: 0.000012 s
[Rank 23] Local SpMV time: 0.000031 s
[Rank 107] Local SpMV time: 0.000016 s
[Rank 111] Local SpMV time: 0.000016 s
[Rank 55] Local SpMV time: 0.000020 s
[Rank 117] Local SpMV time: 0.000014 s
[Rank 121] Local SpMV time: 0.000030 s
[Rank 115] Local SpMV time: 0.000017 s
[Rank 63] Local SpMV time: 0.000018 s
[Rank 123] Local SpMV time: 0.000017 s
[Rank 103] Local SpMV time: 0.000017 s
[Rank 125] Local SpMV time: 0.000017 s
[Rank 119] Local SpMV time: 0.000022 s
[Rank 127] Local SpMV time: 0.000017 s

-----------------------------------------------------------------------------------------------
  P |  Time(s) | Comp% | Comm% |  GFLOP/s | Speedup |  Eff% | Mem(MiB) | NNZ min | NNZ avg | NNZ max
-----------------------------------------------------------------------------------------------
128 |   0.0001 |  32.4 | 2166664.1 |     0.001 |  150.70 | 117.73 |     0.00 |       0 |      0.2 |       2
Global FLOPs per SpMV: 52

