Strong scaling results for breasttissue_10NN.mtx
Date: Fri Jan  2 11:39:00 CET 2026
----------------------------------------

[Rank 0] Matrix: 106 x 106, nnz=706 | 1D cyclic rows over P=1
[Rank 0] Local SpMV time: 0.013455 s

-----------------------------------------------------------------------------------------------
  P |  Time(s) | Comp% | Comm% |  GFLOP/s | Speedup |  Eff% | Mem(MiB) | NNZ min | NNZ avg | NNZ max
-----------------------------------------------------------------------------------------------
  1 |   0.0135 |  99.6 |   0.1 |     0.000 |    N/A   |   N/A  |     0.04 |    1412 |   1412.0 |    1412
Global FLOPs per SpMV: 2824
BASELINE_T1=0.0135

----------------------------------------
np=2, OMP_NUM_THREADS=64
----------------------------------------
[Rank 0] Matrix: 106 x 106, nnz=706 | 1D cyclic rows over P=2
[Rank 1] Local SpMV time: 0.001649 s
[Rank 0] Local SpMV time: 0.013425 s

-----------------------------------------------------------------------------------------------
  P |  Time(s) | Comp% | Comm% |  GFLOP/s | Speedup |  Eff% | Mem(MiB) | NNZ min | NNZ avg | NNZ max
-----------------------------------------------------------------------------------------------
  2 |   0.0135 |  99.5 |   0.9 |     0.000 |    1.00 |  50.04 |     0.02 |     379 |    531.5 |     684
Global FLOPs per SpMV: 2126

----------------------------------------
np=4, OMP_NUM_THREADS=32
----------------------------------------
[Rank 0] Matrix: 106 x 106, nnz=706 | 1D cyclic rows over P=4
[Rank 1] Local SpMV time: 0.000997 s
[Rank 0] Local SpMV time: 0.010698 s
[Rank 3] Local SpMV time: 0.001009 s
[Rank 2] Local SpMV time: 0.022753 s

-----------------------------------------------------------------------------------------------
  P |  Time(s) | Comp% | Comm% |  GFLOP/s | Speedup |  Eff% | Mem(MiB) | NNZ min | NNZ avg | NNZ max
-----------------------------------------------------------------------------------------------
  4 |   0.0228 |  99.8 | 132.5 |     0.000 |    0.59 |  14.80 |     0.01 |      93 |    216.2 |     359
Global FLOPs per SpMV: 1730

----------------------------------------
np=8, OMP_NUM_THREADS=16
----------------------------------------
[Rank 0] Matrix: 106 x 106, nnz=706 | 1D cyclic rows over P=8
[Rank 0] Local SpMV time: 0.000442 s
[Rank 1] Local SpMV time: 0.001034 s
[Rank 4] Local SpMV time: 0.000664 s
[Rank 5] Local SpMV time: 0.000607 s
[Rank 2] Local SpMV time: 0.006992 s
[Rank 3] Local SpMV time: 0.001108 s
[Rank 6] Local SpMV time: 0.000386 s
[Rank 7] Local SpMV time: 0.009019 s

-----------------------------------------------------------------------------------------------
  P |  Time(s) | Comp% | Comm% |  GFLOP/s | Speedup |  Eff% | Mem(MiB) | NNZ min | NNZ avg | NNZ max
-----------------------------------------------------------------------------------------------
  8 |   0.0091 |  99.6 | 922.9 |     0.000 |    1.49 |  18.64 |     0.01 |      26 |     99.0 |     170
Global FLOPs per SpMV: 1584

----------------------------------------
np=16, OMP_NUM_THREADS=8
----------------------------------------
[Rank 0] Matrix: 106 x 106, nnz=706 | 1D cyclic rows over P=16
[Rank 0] Local SpMV time: 0.000253 s
[Rank 8] Local SpMV time: 0.000234 s
[Rank 2] Local SpMV time: 0.000524 s
[Rank 4] Local SpMV time: 0.000786 s
[Rank 6] Local SpMV time: 0.000409 s
[Rank 10] Local SpMV time: 0.004626 s
[Rank 1] Local SpMV time: 0.001014 s
[Rank 12] Local SpMV time: 0.000226 s
[Rank 5] Local SpMV time: 0.004402 s
[Rank 14] Local SpMV time: 0.000247 s
[Rank 9] Local SpMV time: 0.000410 s
[Rank 3] Local SpMV time: 0.032002 s
[Rank 7] Local SpMV time: 0.032021 s
[Rank 11] Local SpMV time: 0.035991 s
[Rank 13] Local SpMV time: 0.039934 s
[Rank 15] Local SpMV time: 0.032994 s

-----------------------------------------------------------------------------------------------
  P |  Time(s) | Comp% | Comm% |  GFLOP/s | Speedup |  Eff% | Mem(MiB) | NNZ min | NNZ avg | NNZ max
-----------------------------------------------------------------------------------------------
 16 |   0.0680 |  58.7 | 234.8 |     0.000 |    0.20 |   1.24 |     0.00 |      10 |     44.6 |      81
Global FLOPs per SpMV: 1426

----------------------------------------
np=32, OMP_NUM_THREADS=4
----------------------------------------
[Rank 0] Matrix: 106 x 106, nnz=706 | 1D cyclic rows over P=32
[Rank 1] Local SpMV time: 0.000210 s
[Rank 17] Local SpMV time: 0.000645 s
[Rank 29] Local SpMV time: 0.001997 s
[Rank 21] Local SpMV time: 0.002297 s
[Rank 16] Local SpMV time: 0.059887 s
[Rank 0] Local SpMV time: 0.067929 s
[Rank 4] Local SpMV time: 0.064073 s
[Rank 6] Local SpMV time: 0.056104 s
[Rank 25] Local SpMV time: 0.063989 s
[Rank 8] Local SpMV time: 0.063984 s
[Rank 24] Local SpMV time: 0.063990 s
[Rank 18] Local SpMV time: 0.067925 s
[Rank 26] Local SpMV time: 0.063982 s
[Rank 2] Local SpMV time: 0.063982 s
[Rank 27] Local SpMV time: 0.067864 s
[Rank 3] Local SpMV time: 0.067953 s
[Rank 5] Local SpMV time: 0.067973 s
[Rank 20] Local SpMV time: 0.067985 s
[Rank 19] Local SpMV time: 0.060071 s
[Rank 9] Local SpMV time: 0.063985 s
[Rank 22] Local SpMV time: 0.067980 s
[Rank 7] Local SpMV time: 0.063980 s
[Rank 28] Local SpMV time: 0.063978 s
[Rank 12] Local SpMV time: 0.067869 s
[Rank 23] Local SpMV time: 0.063984 s
[Rank 10] Local SpMV time: 0.067986 s
[Rank 14] Local SpMV time: 0.071926 s
[Rank 13] Local SpMV time: 0.067973 s
[Rank 31] Local SpMV time: 0.071835 s
[Rank 30] Local SpMV time: 0.063987 s
[Rank 11] Local SpMV time: 0.067981 s
[Rank 15] Local SpMV time: 0.063979 s

-----------------------------------------------------------------------------------------------
  P |  Time(s) | Comp% | Comm% |  GFLOP/s | Speedup |  Eff% | Mem(MiB) | NNZ min | NNZ avg | NNZ max
-----------------------------------------------------------------------------------------------
 32 |   0.0719 | 100.0 | 444.6 |     0.000 |    0.19 |   0.59 |     0.00 |       3 |     21.0 |      55
Global FLOPs per SpMV: 1344

----------------------------------------
np=64, OMP_NUM_THREADS=2
----------------------------------------
[Rank 0] Matrix: 106 x 106, nnz=706 | 1D cyclic rows over P=64
[Rank 4] Local SpMV time: 0.000079 s
[Rank 0] Local SpMV time: 0.003905 s
[Rank 1] Local SpMV time: 0.000079 s
[Rank 9] Local SpMV time: 0.000061 s
[Rank 33] Local SpMV time: 0.000342 s
[Rank 3] Local SpMV time: 0.000626 s
[Rank 41] Local SpMV time: 0.000910 s
[Rank 11] Local SpMV time: 0.001196 s
[Rank 49] Local SpMV time: 0.000053 s
[Rank 45] Local SpMV time: 0.000331 s
[Rank 6] Local SpMV time: 0.004181 s
[Rank 5] Local SpMV time: 0.000055 s
[Rank 2] Local SpMV time: 0.004376 s
[Rank 8] Local SpMV time: 0.008454 s
[Rank 57] Local SpMV time: 0.000055 s
[Rank 12] Local SpMV time: 0.000737 s
[Rank 17] Local SpMV time: 0.000064 s
[Rank 16] Local SpMV time: 0.000176 s
[Rank 35] Local SpMV time: 0.000355 s
[Rank 32] Local SpMV time: 0.004287 s
[Rank 21] Local SpMV time: 0.004568 s
[Rank 13] Local SpMV time: 0.004066 s
[Rank 19] Local SpMV time: 0.004338 s
[Rank 40] Local SpMV time: 0.003964 s
[Rank 47] Local SpMV time: 0.004611 s
[Rank 61] Local SpMV time: 0.000889 s
[Rank 24] Local SpMV time: 0.000069 s
[Rank 53] Local SpMV time: 0.005095 s
[Rank 34] Local SpMV time: 0.000288 s
[Rank 37] Local SpMV time: 0.001465 s
[Rank 51] Local SpMV time: 0.001741 s
[Rank 42] Local SpMV time: 0.007950 s
[Rank 15] Local SpMV time: 0.003995 s
[Rank 48] Local SpMV time: 0.000182 s
[Rank 52] Local SpMV time: 0.004290 s
[Rank 7] Local SpMV time: 0.000065 s
[Rank 14] Local SpMV time: 0.004622 s
[Rank 10] Local SpMV time: 0.004802 s
[Rank 43] Local SpMV time: 0.003997 s
[Rank 20] Local SpMV time: 0.001079 s
[Rank 28] Local SpMV time: 0.007978 s
[Rank 44] Local SpMV time: 0.008104 s
[Rank 30] Local SpMV time: 0.005634 s
[Rank 56] Local SpMV time: 0.009758 s
[Rank 39] Local SpMV time: 0.000058 s
[Rank 46] Local SpMV time: 0.008138 s
[Rank 36] Local SpMV time: 0.008268 s
[Rank 23] Local SpMV time: 0.000057 s
[Rank 26] Local SpMV time: 0.008437 s
[Rank 59] Local SpMV time: 0.000047 s
[Rank 38] Local SpMV time: 0.000133 s
[Rank 63] Local SpMV time: 0.000130 s
[Rank 18] Local SpMV time: 0.000408 s
[Rank 25] Local SpMV time: 0.004337 s
[Rank 22] Local SpMV time: 0.004603 s
[Rank 27] Local SpMV time: 0.000684 s
[Rank 54] Local SpMV time: 0.004919 s
[Rank 50] Local SpMV time: 0.000113 s
[Rank 55] Local SpMV time: 0.003990 s
[Rank 58] Local SpMV time: 0.000304 s
[Rank 60] Local SpMV time: 0.004022 s
[Rank 29] Local SpMV time: 0.003994 s
[Rank 62] Local SpMV time: 0.000073 s
[Rank 31] Local SpMV time: 0.007991 s

-----------------------------------------------------------------------------------------------
  P |  Time(s) | Comp% | Comm% |  GFLOP/s | Speedup |  Eff% | Mem(MiB) | NNZ min | NNZ avg | NNZ max
-----------------------------------------------------------------------------------------------
 64 |   0.0098 |  99.7 | 9112.2 |     0.000 |    1.38 |   2.16 |     0.00 |       0 |      9.5 |      31
Global FLOPs per SpMV: 1216

----------------------------------------
np=128, OMP_NUM_THREADS=1
----------------------------------------
[Rank 0] Matrix: 106 x 106, nnz=706 | 1D cyclic rows over P=128
[Rank 0] Local SpMV time: 0.000026 s
[Rank 32] Local SpMV time: 0.000016 s
[Rank 8] Local SpMV time: 0.000018 s
[Rank 48] Local SpMV time: 0.000018 s
[Rank 64] Local SpMV time: 0.000018 s
[Rank 4] Local SpMV time: 0.000018 s
[Rank 66] Local SpMV time: 0.000018 s
[Rank 1] Local SpMV time: 0.000030 s
[Rank 10] Local SpMV time: 0.000018 s
[Rank 40] Local SpMV time: 0.000018 s
[Rank 65] Local SpMV time: 0.000015 s
[Rank 12] Local SpMV time: 0.000019 s
[Rank 33] Local SpMV time: 0.000023 s
[Rank 14] Local SpMV time: 0.000019 s
[Rank 17] Local SpMV time: 0.000020 s
[Rank 2] Local SpMV time: 0.000016 s
[Rank 41] Local SpMV time: 0.000019 s
[Rank 56] Local SpMV time: 0.000019 s
[Rank 72] Local SpMV time: 0.000019 s
[Rank 21] Local SpMV time: 0.000020 s
[Rank 9] Local SpMV time: 0.000020 s
[Rank 36] Local SpMV time: 0.000018 s
[Rank 16] Local SpMV time: 0.000017 s
[Rank 69] Local SpMV time: 0.000018 s
[Rank 68] Local SpMV time: 0.000019 s
[Rank 67] Local SpMV time: 0.000018 s
[Rank 34] Local SpMV time: 0.000020 s
[Rank 24] Local SpMV time: 0.000018 s
[Rank 35] Local SpMV time: 0.000020 s
[Rank 44] Local SpMV time: 0.000018 s
[Rank 43] Local SpMV time: 0.000014 s
[Rank 80] Local SpMV time: 0.000019 s
[Rank 74] Local SpMV time: 0.000018 s
[Rank 73] Local SpMV time: 0.000023 s
[Rank 13] Local SpMV time: 0.000019 s
[Rank 81] Local SpMV time: 0.000019 s
[Rank 50] Local SpMV time: 0.000018 s
[Rank 37] Local SpMV time: 0.000018 s
[Rank 20] Local SpMV time: 0.000018 s
[Rank 18] Local SpMV time: 0.000018 s
[Rank 49] Local SpMV time: 0.000015 s
[Rank 52] Local SpMV time: 0.000016 s
[Rank 89] Local SpMV time: 0.000020 s
[Rank 42] Local SpMV time: 0.000017 s
[Rank 91] Local SpMV time: 0.000020 s
[Rank 84] Local SpMV time: 0.000017 s
[Rank 3] Local SpMV time: 0.000021 s
[Rank 97] Local SpMV time: 0.000022 s
[Rank 96] Local SpMV time: 0.000018 s
[Rank 23] Local SpMV time: 0.000019 s
[Rank 26] Local SpMV time: 0.000019 s
[Rank 99] Local SpMV time: 0.000018 s
[Rank 76] Local SpMV time: 0.000018 s
[Rank 113] Local SpMV time: 0.000019 s
[Rank 58] Local SpMV time: 0.000018 s
[Rank 51] Local SpMV time: 0.000019 s
[Rank 57] Local SpMV time: 0.000019 s
[Rank 19] Local SpMV time: 0.000020 s
[Rank 6] Local SpMV time: 0.000018 s
[Rank 61] Local SpMV time: 0.000017 s
[Rank 28] Local SpMV time: 0.000020 s
[Rank 5] Local SpMV time: 0.000018 s
[Rank 60] Local SpMV time: 0.000017 s
[Rank 71] Local SpMV time: 0.000020 s
[Rank 77] Local SpMV time: 0.000015 s
[Rank 62] Local SpMV time: 0.000018 s
[Rank 53] Local SpMV time: 0.000019 s
[Rank 82] Local SpMV time: 0.000019 s
[Rank 98] Local SpMV time: 0.000016 s
[Rank 75] Local SpMV time: 0.000021 s
[Rank 70] Local SpMV time: 0.000018 s
[Rank 86] Local SpMV time: 0.000021 s
[Rank 25] Local SpMV time: 0.000020 s
[Rank 59] Local SpMV time: 0.000020 s
[Rank 45] Local SpMV time: 0.000015 s
[Rank 115] Local SpMV time: 0.000020 s
[Rank 11] Local SpMV time: 0.000018 s
[Rank 38] Local SpMV time: 0.000018 s
[Rank 104] Local SpMV time: 0.000019 s
[Rank 47] Local SpMV time: 0.000017 s
[Rank 105] Local SpMV time: 0.000019 s
[Rank 22] Local SpMV time: 0.000018 s
[Rank 15] Local SpMV time: 0.000018 s
[Rank 78] Local SpMV time: 0.000020 s
[Rank 54] Local SpMV time: 0.000017 s
[Rank 55] Local SpMV time: 0.000020 s
[Rank 85] Local SpMV time: 0.000020 s
[Rank 93] Local SpMV time: 0.000020 s
[Rank 30] Local SpMV time: 0.000018 s
[Rank 117] Local SpMV time: 0.000019 s
[Rank 46] Local SpMV time: 0.000019 s
[Rank 63] Local SpMV time: 0.000019 s
[Rank 88] Local SpMV time: 0.000020 s
[Rank 83] Local SpMV time: 0.000019 s
[Rank 29] Local SpMV time: 0.000020 s
[Rank 39] Local SpMV time: 0.000018 s
[Rank 7] Local SpMV time: 0.000022 s
[Rank 101] Local SpMV time: 0.000021 s
[Rank 31] Local SpMV time: 0.000018 s
[Rank 87] Local SpMV time: 0.000019 s
[Rank 112] Local SpMV time: 0.000020 s
[Rank 79] Local SpMV time: 0.000020 s
[Rank 100] Local SpMV time: 0.000018 s
[Rank 121] Local SpMV time: 0.000023 s
[Rank 119] Local SpMV time: 0.000017 s
[Rank 106] Local SpMV time: 0.000018 s
[Rank 125] Local SpMV time: 0.000019 s
[Rank 90] Local SpMV time: 0.000018 s
[Rank 109] Local SpMV time: 0.000018 s
[Rank 95] Local SpMV time: 0.000021 s
[Rank 27] Local SpMV time: 0.000019 s
[Rank 116] Local SpMV time: 0.000019 s
[Rank 127] Local SpMV time: 0.000018 s
[Rank 108] Local SpMV time: 0.000020 s
[Rank 107] Local SpMV time: 0.000019 s
[Rank 103] Local SpMV time: 0.000021 s
[Rank 92] Local SpMV time: 0.000020 s
[Rank 114] Local SpMV time: 0.000017 s
[Rank 120] Local SpMV time: 0.000018 s
[Rank 123] Local SpMV time: 0.000025 s
[Rank 102] Local SpMV time: 0.000017 s
[Rank 94] Local SpMV time: 0.000018 s
[Rank 118] Local SpMV time: 0.000019 s
[Rank 124] Local SpMV time: 0.000018 s
[Rank 111] Local SpMV time: 0.000025 s
[Rank 110] Local SpMV time: 0.000018 s
[Rank 122] Local SpMV time: 0.000017 s
[Rank 126] Local SpMV time: 0.000017 s

-----------------------------------------------------------------------------------------------
  P |  Time(s) | Comp% | Comm% |  GFLOP/s | Speedup |  Eff% | Mem(MiB) | NNZ min | NNZ avg | NNZ max
-----------------------------------------------------------------------------------------------
128 |   0.0001 |  34.0 | 1745481.7 |     0.024 |  152.62 | 119.24 |     0.00 |       0 |      8.3 |      26
Global FLOPs per SpMV: 2124

