Strong scaling results for Journals.mtx
Date: Fri Jan  2 11:42:26 CET 2026
----------------------------------------

[Rank 0] Matrix: 124 x 124, nnz=6096 | 1D cyclic rows over P=1
[Rank 0] Local SpMV time: 0.014591 s

-----------------------------------------------------------------------------------------------
  P |  Time(s) | Comp% | Comm% |  GFLOP/s | Speedup |  Eff% | Mem(MiB) | NNZ min | NNZ avg | NNZ max
-----------------------------------------------------------------------------------------------
  1 |   0.0146 |  99.6 |   0.1 |     0.002 |    N/A   |   N/A  |     0.32 |   12068 |  12068.0 |   12068
Global FLOPs per SpMV: 24136
BASELINE_T1=0.0146

----------------------------------------
np=2, OMP_NUM_THREADS=64
----------------------------------------
[Rank 0] Matrix: 124 x 124, nnz=6096 | 1D cyclic rows over P=2
[Rank 1] Local SpMV time: 0.002930 s
[Rank 0] Local SpMV time: 0.014169 s

-----------------------------------------------------------------------------------------------
  P |  Time(s) | Comp% | Comm% |  GFLOP/s | Speedup |  Eff% | Mem(MiB) | NNZ min | NNZ avg | NNZ max
-----------------------------------------------------------------------------------------------
  2 |   0.0142 |  99.5 |   0.8 |     0.001 |    1.03 |  51.28 |     0.16 |    2958 |   4428.5 |    5899
Global FLOPs per SpMV: 17714

----------------------------------------
np=4, OMP_NUM_THREADS=32
----------------------------------------
[Rank 0] Matrix: 124 x 124, nnz=6096 | 1D cyclic rows over P=4
[Rank 1] Local SpMV time: 0.001053 s
[Rank 0] Local SpMV time: 0.009032 s
[Rank 3] Local SpMV time: 0.001014 s
[Rank 2] Local SpMV time: 0.030475 s

-----------------------------------------------------------------------------------------------
  P |  Time(s) | Comp% | Comm% |  GFLOP/s | Speedup |  Eff% | Mem(MiB) | NNZ min | NNZ avg | NNZ max
-----------------------------------------------------------------------------------------------
  4 |   0.0306 |  99.5 | 130.4 |     0.000 |    0.48 |  11.92 |     0.08 |     696 |   1842.2 |    2949
Global FLOPs per SpMV: 14738

----------------------------------------
np=8, OMP_NUM_THREADS=16
----------------------------------------
[Rank 0] Matrix: 124 x 124, nnz=6096 | 1D cyclic rows over P=8
[Rank 1] Local SpMV time: 0.001048 s
[Rank 3] Local SpMV time: 0.002000 s
[Rank 0] Local SpMV time: 0.011487 s
[Rank 2] Local SpMV time: 0.015764 s
[Rank 5] Local SpMV time: 0.002007 s
[Rank 4] Local SpMV time: 0.000412 s
[Rank 7] Local SpMV time: 0.010966 s
[Rank 6] Local SpMV time: 0.007369 s

-----------------------------------------------------------------------------------------------
  P |  Time(s) | Comp% | Comm% |  GFLOP/s | Speedup |  Eff% | Mem(MiB) | NNZ min | NNZ avg | NNZ max
-----------------------------------------------------------------------------------------------
  8 |   0.0158 |  99.8 | 516.1 |     0.001 |    0.92 |  11.56 |     0.04 |     167 |    826.9 |    1523
Global FLOPs per SpMV: 13230

----------------------------------------
np=16, OMP_NUM_THREADS=8
----------------------------------------
[Rank 0] Matrix: 124 x 124, nnz=6096 | 1D cyclic rows over P=16
[Rank 0] Local SpMV time: 0.000344 s
[Rank 9] Local SpMV time: 0.000240 s
[Rank 3] Local SpMV time: 0.000237 s
[Rank 4] Local SpMV time: 0.000295 s
[Rank 13] Local SpMV time: 0.000644 s
[Rank 11] Local SpMV time: 0.003394 s
[Rank 2] Local SpMV time: 0.000260 s
[Rank 8] Local SpMV time: 0.000280 s
[Rank 12] Local SpMV time: 0.000298 s
[Rank 6] Local SpMV time: 0.000589 s
[Rank 10] Local SpMV time: 0.000273 s
[Rank 5] Local SpMV time: 0.031974 s
[Rank 1] Local SpMV time: 0.055999 s
[Rank 14] Local SpMV time: 0.000299 s
[Rank 7] Local SpMV time: 0.031979 s
[Rank 15] Local SpMV time: 0.035981 s

-----------------------------------------------------------------------------------------------
  P |  Time(s) | Comp% | Comm% |  GFLOP/s | Speedup |  Eff% | Mem(MiB) | NNZ min | NNZ avg | NNZ max
-----------------------------------------------------------------------------------------------
 16 |   0.0561 |  99.8 | 227.4 |     0.000 |    0.26 |   1.63 |     0.02 |      25 |    399.2 |     746
Global FLOPs per SpMV: 12776

----------------------------------------
np=32, OMP_NUM_THREADS=4
----------------------------------------
[Rank 0] Matrix: 124 x 124, nnz=6096 | 1D cyclic rows over P=32
[Rank 0] Local SpMV time: 0.000215 s
[Rank 8] Local SpMV time: 0.007977 s
[Rank 16] Local SpMV time: 0.000158 s
[Rank 10] Local SpMV time: 0.000200 s
[Rank 2] Local SpMV time: 0.000157 s
[Rank 1] Local SpMV time: 0.000181 s
[Rank 12] Local SpMV time: 0.000156 s
[Rank 4] Local SpMV time: 0.004159 s
[Rank 14] Local SpMV time: 0.004454 s
[Rank 17] Local SpMV time: 0.000134 s
[Rank 18] Local SpMV time: 0.004120 s
[Rank 3] Local SpMV time: 0.000207 s
[Rank 24] Local SpMV time: 0.004143 s
[Rank 21] Local SpMV time: 0.001548 s
[Rank 20] Local SpMV time: 0.008332 s
[Rank 6] Local SpMV time: 0.000695 s
[Rank 9] Local SpMV time: 0.000247 s
[Rank 28] Local SpMV time: 0.004116 s
[Rank 22] Local SpMV time: 0.003982 s
[Rank 26] Local SpMV time: 0.000255 s
[Rank 23] Local SpMV time: 0.000229 s
[Rank 30] Local SpMV time: 0.000179 s
[Rank 19] Local SpMV time: 0.064889 s
[Rank 5] Local SpMV time: 0.060984 s
[Rank 15] Local SpMV time: 0.023047 s
[Rank 25] Local SpMV time: 0.068900 s
[Rank 27] Local SpMV time: 0.064978 s
[Rank 13] Local SpMV time: 0.064978 s
[Rank 11] Local SpMV time: 0.064976 s
[Rank 7] Local SpMV time: 0.064874 s
[Rank 31] Local SpMV time: 0.000175 s
[Rank 29] Local SpMV time: 0.063961 s

-----------------------------------------------------------------------------------------------
  P |  Time(s) | Comp% | Comm% |  GFLOP/s | Speedup |  Eff% | Mem(MiB) | NNZ min | NNZ avg | NNZ max
-----------------------------------------------------------------------------------------------
 32 |   0.0690 |  99.9 | 647.9 |     0.000 |    0.21 |   0.66 |     0.01 |       0 |    181.8 |     372
Global FLOPs per SpMV: 11638

----------------------------------------
np=64, OMP_NUM_THREADS=2
----------------------------------------
[Rank 0] Matrix: 124 x 124, nnz=6096 | 1D cyclic rows over P=64
[Rank 8] Local SpMV time: 0.000060 s
[Rank 0] Local SpMV time: 0.003912 s
[Rank 2] Local SpMV time: 0.000059 s
[Rank 10] Local SpMV time: 0.000105 s
[Rank 4] Local SpMV time: 0.004151 s
[Rank 12] Local SpMV time: 0.004354 s
[Rank 32] Local SpMV time: 0.008464 s
[Rank 6] Local SpMV time: 0.011986 s
[Rank 14] Local SpMV time: 0.004028 s
[Rank 16] Local SpMV time: 0.000059 s
[Rank 40] Local SpMV time: 0.000255 s
[Rank 24] Local SpMV time: 0.000135 s
[Rank 34] Local SpMV time: 0.004263 s
[Rank 36] Local SpMV time: 0.008044 s
[Rank 1] Local SpMV time: 0.000088 s
[Rank 44] Local SpMV time: 0.011979 s
[Rank 20] Local SpMV time: 0.003986 s
[Rank 42] Local SpMV time: 0.000186 s
[Rank 18] Local SpMV time: 0.000400 s
[Rank 17] Local SpMV time: 0.004003 s
[Rank 46] Local SpMV time: 0.004034 s
[Rank 5] Local SpMV time: 0.000054 s
[Rank 48] Local SpMV time: 0.000098 s
[Rank 25] Local SpMV time: 0.000065 s
[Rank 3] Local SpMV time: 0.000472 s
[Rank 56] Local SpMV time: 0.003982 s
[Rank 9] Local SpMV time: 0.000055 s
[Rank 22] Local SpMV time: 0.011887 s
[Rank 21] Local SpMV time: 0.000531 s
[Rank 38] Local SpMV time: 0.003980 s
[Rank 29] Local SpMV time: 0.000052 s
[Rank 26] Local SpMV time: 0.000104 s
[Rank 28] Local SpMV time: 0.000337 s
[Rank 30] Local SpMV time: 0.000525 s
[Rank 19] Local SpMV time: 0.000055 s
[Rank 58] Local SpMV time: 0.004680 s
[Rank 27] Local SpMV time: 0.000116 s
[Rank 23] Local SpMV time: 0.004327 s
[Rank 52] Local SpMV time: 0.000062 s
[Rank 33] Local SpMV time: 0.000795 s
[Rank 31] Local SpMV time: 0.000054 s
[Rank 50] Local SpMV time: 0.004033 s
[Rank 7] Local SpMV time: 0.000052 s
[Rank 13] Local SpMV time: 0.000053 s
[Rank 41] Local SpMV time: 0.003994 s
[Rank 60] Local SpMV time: 0.003984 s
[Rank 11] Local SpMV time: 0.000051 s
[Rank 49] Local SpMV time: 0.000052 s
[Rank 37] Local SpMV time: 0.000325 s
[Rank 39] Local SpMV time: 0.004536 s
[Rank 15] Local SpMV time: 0.000858 s
[Rank 54] Local SpMV time: 0.004031 s
[Rank 35] Local SpMV time: 0.000053 s
[Rank 53] Local SpMV time: 0.003994 s
[Rank 62] Local SpMV time: 0.000062 s
[Rank 57] Local SpMV time: 0.004000 s
[Rank 59] Local SpMV time: 0.000273 s
[Rank 45] Local SpMV time: 0.004481 s
[Rank 43] Local SpMV time: 0.000051 s
[Rank 61] Local SpMV time: 0.000118 s
[Rank 51] Local SpMV time: 0.004380 s
[Rank 55] Local SpMV time: 0.003999 s
[Rank 63] Local SpMV time: 0.003998 s
[Rank 47] Local SpMV time: 0.000052 s

-----------------------------------------------------------------------------------------------
  P |  Time(s) | Comp% | Comm% |  GFLOP/s | Speedup |  Eff% | Mem(MiB) | NNZ min | NNZ avg | NNZ max
-----------------------------------------------------------------------------------------------
 64 |   0.0120 |  99.8 | 8358.2 |     0.001 |    1.22 |   1.90 |     0.01 |       0 |     96.4 |     240
Global FLOPs per SpMV: 12338

----------------------------------------
np=128, OMP_NUM_THREADS=1
----------------------------------------
[Rank 0] Matrix: 124 x 124, nnz=6096 | 1D cyclic rows over P=128
[Rank 0] Local SpMV time: 0.000026 s
[Rank 1] Local SpMV time: 0.000030 s
[Rank 64] Local SpMV time: 0.000022 s
[Rank 2] Local SpMV time: 0.000018 s
[Rank 96] Local SpMV time: 0.000019 s
[Rank 100] Local SpMV time: 0.000013 s
[Rank 9] Local SpMV time: 0.000024 s
[Rank 5] Local SpMV time: 0.000018 s
[Rank 68] Local SpMV time: 0.000019 s
[Rank 3] Local SpMV time: 0.000018 s
[Rank 4] Local SpMV time: 0.000018 s
[Rank 32] Local SpMV time: 0.000018 s
[Rank 66] Local SpMV time: 0.000019 s
[Rank 72] Local SpMV time: 0.000017 s
[Rank 33] Local SpMV time: 0.000018 s
[Rank 6] Local SpMV time: 0.000013 s
[Rank 40] Local SpMV time: 0.000016 s
[Rank 17] Local SpMV time: 0.000020 s
[Rank 16] Local SpMV time: 0.000018 s
[Rank 80] Local SpMV time: 0.000017 s
[Rank 35] Local SpMV time: 0.000020 s
[Rank 8] Local SpMV time: 0.000013 s
[Rank 12] Local SpMV time: 0.000015 s
[Rank 65] Local SpMV time: 0.000018 s
[Rank 112] Local SpMV time: 0.000018 s
[Rank 44] Local SpMV time: 0.000018 s
[Rank 98] Local SpMV time: 0.000017 s
[Rank 24] Local SpMV time: 0.000016 s
[Rank 46] Local SpMV time: 0.000017 s
[Rank 26] Local SpMV time: 0.000018 s
[Rank 70] Local SpMV time: 0.000018 s
[Rank 19] Local SpMV time: 0.000018 s
[Rank 13] Local SpMV time: 0.000018 s
[Rank 34] Local SpMV time: 0.000016 s
[Rank 102] Local SpMV time: 0.000018 s
[Rank 120] Local SpMV time: 0.000016 s
[Rank 74] Local SpMV time: 0.000019 s
[Rank 104] Local SpMV time: 0.000017 s
[Rank 28] Local SpMV time: 0.000017 s
[Rank 82] Local SpMV time: 0.000019 s
[Rank 11] Local SpMV time: 0.000018 s
[Rank 76] Local SpMV time: 0.000018 s
[Rank 84] Local SpMV time: 0.000016 s
[Rank 37] Local SpMV time: 0.000018 s
[Rank 41] Local SpMV time: 0.000018 s
[Rank 48] Local SpMV time: 0.000015 s
[Rank 20] Local SpMV time: 0.000018 s
[Rank 25] Local SpMV time: 0.000018 s
[Rank 108] Local SpMV time: 0.000018 s
[Rank 39] Local SpMV time: 0.000018 s
[Rank 42] Local SpMV time: 0.000018 s
[Rank 52] Local SpMV time: 0.000018 s
[Rank 7] Local SpMV time: 0.000018 s
[Rank 10] Local SpMV time: 0.000014 s
[Rank 73] Local SpMV time: 0.000017 s
[Rank 88] Local SpMV time: 0.000018 s
[Rank 122] Local SpMV time: 0.000018 s
[Rank 15] Local SpMV time: 0.000018 s
[Rank 18] Local SpMV time: 0.000015 s
[Rank 49] Local SpMV time: 0.000019 s
[Rank 36] Local SpMV time: 0.000013 s
[Rank 21] Local SpMV time: 0.000014 s
[Rank 57] Local SpMV time: 0.000019 s
[Rank 53] Local SpMV time: 0.000018 s
[Rank 75] Local SpMV time: 0.000018 s
[Rank 86] Local SpMV time: 0.000018 s
[Rank 90] Local SpMV time: 0.000018 s
[Rank 14] Local SpMV time: 0.000013 s
[Rank 78] Local SpMV time: 0.000018 s
[Rank 97] Local SpMV time: 0.000019 s
[Rank 69] Local SpMV time: 0.000019 s
[Rank 116] Local SpMV time: 0.000019 s
[Rank 56] Local SpMV time: 0.000014 s
[Rank 45] Local SpMV time: 0.000019 s
[Rank 118] Local SpMV time: 0.000018 s
[Rank 67] Local SpMV time: 0.000017 s
[Rank 81] Local SpMV time: 0.000018 s
[Rank 114] Local SpMV time: 0.000018 s
[Rank 113] Local SpMV time: 0.000020 s
[Rank 60] Local SpMV time: 0.000016 s
[Rank 55] Local SpMV time: 0.000017 s
[Rank 106] Local SpMV time: 0.000018 s
[Rank 99] Local SpMV time: 0.000031 s
[Rank 121] Local SpMV time: 0.000019 s
[Rank 101] Local SpMV time: 0.000015 s
[Rank 125] Local SpMV time: 0.000017 s
[Rank 110] Local SpMV time: 0.000018 s
[Rank 127] Local SpMV time: 0.000019 s
[Rank 43] Local SpMV time: 0.000018 s
[Rank 83] Local SpMV time: 0.000019 s
[Rank 38] Local SpMV time: 0.000017 s
[Rank 59] Local SpMV time: 0.000019 s
[Rank 124] Local SpMV time: 0.000016 s
[Rank 54] Local SpMV time: 0.000014 s
[Rank 30] Local SpMV time: 0.000016 s
[Rank 115] Local SpMV time: 0.000020 s
[Rank 103] Local SpMV time: 0.000019 s
[Rank 50] Local SpMV time: 0.000019 s
[Rank 23] Local SpMV time: 0.000014 s
[Rank 92] Local SpMV time: 0.000018 s
[Rank 29] Local SpMV time: 0.000019 s
[Rank 47] Local SpMV time: 0.000018 s
[Rank 27] Local SpMV time: 0.000017 s
[Rank 51] Local SpMV time: 0.000018 s
[Rank 77] Local SpMV time: 0.000014 s
[Rank 61] Local SpMV time: 0.000017 s
[Rank 22] Local SpMV time: 0.000017 s
[Rank 79] Local SpMV time: 0.000014 s
[Rank 117] Local SpMV time: 0.000019 s
[Rank 89] Local SpMV time: 0.000018 s
[Rank 62] Local SpMV time: 0.000018 s
[Rank 105] Local SpMV time: 0.000016 s
[Rank 91] Local SpMV time: 0.000021 s
[Rank 109] Local SpMV time: 0.000015 s
[Rank 31] Local SpMV time: 0.000019 s
[Rank 123] Local SpMV time: 0.000021 s
[Rank 58] Local SpMV time: 0.000021 s
[Rank 71] Local SpMV time: 0.000018 s
[Rank 126] Local SpMV time: 0.000017 s
[Rank 85] Local SpMV time: 0.000019 s
[Rank 111] Local SpMV time: 0.000020 s
[Rank 63] Local SpMV time: 0.000018 s
[Rank 93] Local SpMV time: 0.000015 s
[Rank 95] Local SpMV time: 0.000017 s
[Rank 94] Local SpMV time: 0.000023 s
[Rank 87] Local SpMV time: 0.000017 s
[Rank 107] Local SpMV time: 0.000015 s
[Rank 119] Local SpMV time: 0.000021 s

-----------------------------------------------------------------------------------------------
  P |  Time(s) | Comp% | Comm% |  GFLOP/s | Speedup |  Eff% | Mem(MiB) | NNZ min | NNZ avg | NNZ max
-----------------------------------------------------------------------------------------------
128 |   0.0001 |  30.5 | 1755878.1 |     0.159 |  142.74 | 111.52 |     0.00 |       0 |     63.5 |     124
Global FLOPs per SpMV: 16246

