Strong scaling results for nemeth05.mtx
Date: Fri Jan  2 11:44:03 CET 2026
----------------------------------------

[Rank 0] Matrix: 9506 x 9506, nnz=202157 | 1D cyclic rows over P=1
[Rank 0] Local SpMV time: 0.014048 s

-----------------------------------------------------------------------------------------------
  P |  Time(s) | Comp% | Comm% |  GFLOP/s | Speedup |  Eff% | Mem(MiB) | NNZ min | NNZ avg | NNZ max
-----------------------------------------------------------------------------------------------
  1 |   0.0141 |  99.4 |   0.2 |     0.056 |    N/A   |   N/A  |    10.72 |  394808 | 394808.0 |  394808
Global FLOPs per SpMV: 789616
BASELINE_T1=0.0141

----------------------------------------
np=2, OMP_NUM_THREADS=64
----------------------------------------
[Rank 0] Matrix: 9506 x 9506, nnz=202157 | 1D cyclic rows over P=2
[Rank 1] Local SpMV time: 0.001870 s
[Rank 0] Local SpMV time: 0.013730 s

-----------------------------------------------------------------------------------------------
  P |  Time(s) | Comp% | Comm% |  GFLOP/s | Speedup |  Eff% | Mem(MiB) | NNZ min | NNZ avg | NNZ max
-----------------------------------------------------------------------------------------------
  2 |   0.0139 |  98.8 |  14.1 |     0.029 |    1.01 |  50.73 |     2.84 |   97922 |  99776.0 |  101630
Global FLOPs per SpMV: 399104

----------------------------------------
np=4, OMP_NUM_THREADS=32
----------------------------------------
[Rank 0] Matrix: 9506 x 9506, nnz=202157 | 1D cyclic rows over P=4
[Rank 0] Local SpMV time: 0.010815 s
[Rank 1] Local SpMV time: 0.001052 s
[Rank 2] Local SpMV time: 0.017459 s
[Rank 3] Local SpMV time: 0.001020 s

-----------------------------------------------------------------------------------------------
  P |  Time(s) | Comp% | Comm% |  GFLOP/s | Speedup |  Eff% | Mem(MiB) | NNZ min | NNZ avg | NNZ max
-----------------------------------------------------------------------------------------------
  4 |   0.0360 |  48.5 | 110.7 |     0.006 |    0.39 |   9.78 |     0.80 |   24485 |  25446.8 |   26315
Global FLOPs per SpMV: 203574

----------------------------------------
np=8, OMP_NUM_THREADS=16
----------------------------------------
[Rank 0] Matrix: 9506 x 9506, nnz=202157 | 1D cyclic rows over P=8
[Rank 1] Local SpMV time: 0.001015 s
[Rank 3] Local SpMV time: 0.003079 s
[Rank 5] Local SpMV time: 0.010014 s
[Rank 0] Local SpMV time: 0.012021 s
[Rank 4] Local SpMV time: 0.003594 s
[Rank 6] Local SpMV time: 0.001070 s
[Rank 7] Local SpMV time: 0.027860 s
[Rank 2] Local SpMV time: 0.032709 s

-----------------------------------------------------------------------------------------------
  P |  Time(s) | Comp% | Comm% |  GFLOP/s | Speedup |  Eff% | Mem(MiB) | NNZ min | NNZ avg | NNZ max
-----------------------------------------------------------------------------------------------
  8 |   0.1100 |  29.7 | 127.2 |     0.001 |    0.13 |   1.60 |     0.27 |    6133 |   6612.6 |    7043
Global FLOPs per SpMV: 105802

----------------------------------------
np=16, OMP_NUM_THREADS=8
----------------------------------------
[Rank 0] Matrix: 9506 x 9506, nnz=202157 | 1D cyclic rows over P=16
[Rank 0] Local SpMV time: 0.000332 s
[Rank 1] Local SpMV time: 0.004036 s
[Rank 2] Local SpMV time: 0.000585 s
[Rank 8] Local SpMV time: 0.000816 s
[Rank 5] Local SpMV time: 0.000365 s
[Rank 3] Local SpMV time: 0.004750 s
[Rank 4] Local SpMV time: 0.004160 s
[Rank 9] Local SpMV time: 0.000230 s
[Rank 10] Local SpMV time: 0.008238 s
[Rank 13] Local SpMV time: 0.001244 s
[Rank 6] Local SpMV time: 0.012350 s
[Rank 12] Local SpMV time: 0.013008 s
[Rank 14] Local SpMV time: 0.008206 s
[Rank 11] Local SpMV time: 0.007324 s
[Rank 7] Local SpMV time: 0.031942 s
[Rank 15] Local SpMV time: 0.031926 s

-----------------------------------------------------------------------------------------------
  P |  Time(s) | Comp% | Comm% |  GFLOP/s | Speedup |  Eff% | Mem(MiB) | NNZ min | NNZ avg | NNZ max
-----------------------------------------------------------------------------------------------
 16 |   0.1280 |  25.0 | 159.0 |     0.000 |    0.11 |   0.69 |     0.13 |    1546 |   1780.8 |    1929
Global FLOPs per SpMV: 56984

----------------------------------------
np=32, OMP_NUM_THREADS=4
----------------------------------------
[Rank 0] Matrix: 9506 x 9506, nnz=202157 | 1D cyclic rows over P=32
[Rank 1] Local SpMV time: 0.000215 s
[Rank 3] Local SpMV time: 0.004596 s
[Rank 0] Local SpMV time: 0.008043 s
[Rank 9] Local SpMV time: 0.000915 s
[Rank 8] Local SpMV time: 0.000285 s
[Rank 5] Local SpMV time: 0.004543 s
[Rank 10] Local SpMV time: 0.004450 s
[Rank 2] Local SpMV time: 0.000901 s
[Rank 4] Local SpMV time: 0.005061 s
[Rank 17] Local SpMV time: 0.002882 s
[Rank 16] Local SpMV time: 0.000271 s
[Rank 25] Local SpMV time: 0.007267 s
[Rank 20] Local SpMV time: 0.004348 s
[Rank 7] Local SpMV time: 0.000516 s
[Rank 22] Local SpMV time: 0.007961 s
[Rank 27] Local SpMV time: 0.004726 s
[Rank 11] Local SpMV time: 0.000926 s
[Rank 24] Local SpMV time: 0.004631 s
[Rank 12] Local SpMV time: 0.008745 s
[Rank 13] Local SpMV time: 0.000323 s
[Rank 6] Local SpMV time: 0.013887 s
[Rank 18] Local SpMV time: 0.004004 s
[Rank 21] Local SpMV time: 0.000452 s
[Rank 29] Local SpMV time: 0.001060 s
[Rank 14] Local SpMV time: 0.000310 s
[Rank 19] Local SpMV time: 0.000668 s
[Rank 26] Local SpMV time: 0.004448 s
[Rank 28] Local SpMV time: 0.004008 s
[Rank 30] Local SpMV time: 0.000322 s
[Rank 23] Local SpMV time: 0.004417 s
[Rank 15] Local SpMV time: 0.004034 s
[Rank 31] Local SpMV time: 0.000403 s

-----------------------------------------------------------------------------------------------
  P |  Time(s) | Comp% | Comm% |  GFLOP/s | Speedup |  Eff% | Mem(MiB) | NNZ min | NNZ avg | NNZ max
-----------------------------------------------------------------------------------------------
 32 |   0.3290 |   4.2 | 203.4 |     0.000 |    0.04 |   0.13 |     0.09 |     383 |    508.5 |     574
Global FLOPs per SpMV: 32542

----------------------------------------
np=64, OMP_NUM_THREADS=2
----------------------------------------
[Rank 0] Matrix: 9506 x 9506, nnz=202157 | 1D cyclic rows over P=64
[Rank 1] Local SpMV time: 0.000293 s
[Rank 9] Local SpMV time: 0.007944 s
[Rank 5] Local SpMV time: 0.000129 s
[Rank 7] Local SpMV time: 0.003993 s
[Rank 0] Local SpMV time: 0.004187 s
[Rank 3] Local SpMV time: 0.003990 s
[Rank 32] Local SpMV time: 0.004455 s
[Rank 34] Local SpMV time: 0.007981 s
[Rank 2] Local SpMV time: 0.007786 s
[Rank 4] Local SpMV time: 0.012067 s
[Rank 17] Local SpMV time: 0.004249 s
[Rank 16] Local SpMV time: 0.004434 s
[Rank 33] Local SpMV time: 0.004540 s
[Rank 11] Local SpMV time: 0.007906 s
[Rank 36] Local SpMV time: 0.000064 s
[Rank 37] Local SpMV time: 0.003970 s
[Rank 13] Local SpMV time: 0.008255 s
[Rank 8] Local SpMV time: 0.000346 s
[Rank 19] Local SpMV time: 0.000861 s
[Rank 24] Local SpMV time: 0.004486 s
[Rank 26] Local SpMV time: 0.008554 s
[Rank 25] Local SpMV time: 0.000174 s
[Rank 27] Local SpMV time: 0.003989 s
[Rank 48] Local SpMV time: 0.000107 s
[Rank 29] Local SpMV time: 0.003960 s
[Rank 18] Local SpMV time: 0.000428 s
[Rank 21] Local SpMV time: 0.000288 s
[Rank 40] Local SpMV time: 0.004613 s
[Rank 49] Local SpMV time: 0.007806 s
[Rank 6] Local SpMV time: 0.007963 s
[Rank 12] Local SpMV time: 0.004069 s
[Rank 31] Local SpMV time: 0.004133 s
[Rank 44] Local SpMV time: 0.004471 s
[Rank 39] Local SpMV time: 0.004834 s
[Rank 51] Local SpMV time: 0.007747 s
[Rank 38] Local SpMV time: 0.007993 s
[Rank 23] Local SpMV time: 0.011778 s
[Rank 42] Local SpMV time: 0.000316 s
[Rank 52] Local SpMV time: 0.004339 s
[Rank 41] Local SpMV time: 0.023905 s
[Rank 10] Local SpMV time: 0.003981 s
[Rank 15] Local SpMV time: 0.016566 s
[Rank 57] Local SpMV time: 0.005191 s
[Rank 53] Local SpMV time: 0.009634 s
[Rank 20] Local SpMV time: 0.003926 s
[Rank 35] Local SpMV time: 0.013784 s
[Rank 61] Local SpMV time: 0.018299 s
[Rank 14] Local SpMV time: 0.003936 s
[Rank 28] Local SpMV time: 0.000103 s
[Rank 50] Local SpMV time: 0.000213 s
[Rank 63] Local SpMV time: 0.000067 s
[Rank 46] Local SpMV time: 0.004375 s
[Rank 45] Local SpMV time: 0.003908 s
[Rank 22] Local SpMV time: 0.000838 s
[Rank 30] Local SpMV time: 0.004907 s
[Rank 56] Local SpMV time: 0.007976 s
[Rank 43] Local SpMV time: 0.007992 s
[Rank 54] Local SpMV time: 0.003982 s
[Rank 59] Local SpMV time: 0.011951 s
[Rank 55] Local SpMV time: 0.012472 s
[Rank 60] Local SpMV time: 0.003940 s
[Rank 58] Local SpMV time: 0.003987 s
[Rank 47] Local SpMV time: 0.000073 s
[Rank 62] Local SpMV time: 0.003975 s

-----------------------------------------------------------------------------------------------
  P |  Time(s) | Comp% | Comm% |  GFLOP/s | Speedup |  Eff% | Mem(MiB) | NNZ min | NNZ avg | NNZ max
-----------------------------------------------------------------------------------------------
 64 |   0.7802 |   3.1 | 180.5 |     0.000 |    0.02 |   0.03 |     0.08 |      90 |    159.5 |     212
Global FLOPs per SpMV: 20414

----------------------------------------
np=128, OMP_NUM_THREADS=1
----------------------------------------
[Rank 0] Matrix: 9506 x 9506, nnz=202157 | 1D cyclic rows over P=128
[Rank 1] Local SpMV time: 0.000029 s
[Rank 5] Local SpMV time: 0.000019 s
[Rank 7] Local SpMV time: 0.000022 s
[Rank 0] Local SpMV time: 0.000031 s
[Rank 65] Local SpMV time: 0.000024 s
[Rank 9] Local SpMV time: 0.000020 s
[Rank 69] Local SpMV time: 0.000017 s
[Rank 16] Local SpMV time: 0.000022 s
[Rank 3] Local SpMV time: 0.000015 s
[Rank 17] Local SpMV time: 0.000018 s
[Rank 2] Local SpMV time: 0.000023 s
[Rank 97] Local SpMV time: 0.000021 s
[Rank 81] Local SpMV time: 0.000026 s
[Rank 4] Local SpMV time: 0.000015 s
[Rank 67] Local SpMV time: 0.000021 s
[Rank 89] Local SpMV time: 0.000019 s
[Rank 8] Local SpMV time: 0.000021 s
[Rank 105] Local SpMV time: 0.000019 s
[Rank 85] Local SpMV time: 0.000018 s
[Rank 64] Local SpMV time: 0.000021 s
[Rank 107] Local SpMV time: 0.000023 s
[Rank 20] Local SpMV time: 0.000018 s
[Rank 10] Local SpMV time: 0.000015 s
[Rank 73] Local SpMV time: 0.000015 s
[Rank 99] Local SpMV time: 0.000020 s
[Rank 91] Local SpMV time: 0.000020 s
[Rank 24] Local SpMV time: 0.000022 s
[Rank 33] Local SpMV time: 0.000020 s
[Rank 26] Local SpMV time: 0.000015 s
[Rank 25] Local SpMV time: 0.000020 s
[Rank 48] Local SpMV time: 0.000021 s
[Rank 113] Local SpMV time: 0.000017 s
[Rank 80] Local SpMV time: 0.000022 s
[Rank 109] Local SpMV time: 0.000013 s
[Rank 12] Local SpMV time: 0.000017 s
[Rank 101] Local SpMV time: 0.000017 s
[Rank 121] Local SpMV time: 0.000015 s
[Rank 18] Local SpMV time: 0.000020 s
[Rank 50] Local SpMV time: 0.000021 s
[Rank 111] Local SpMV time: 0.000016 s
[Rank 14] Local SpMV time: 0.000020 s
[Rank 13] Local SpMV time: 0.000016 s
[Rank 21] Local SpMV time: 0.000015 s
[Rank 29] Local SpMV time: 0.000013 s
[Rank 31] Local SpMV time: 0.000023 s
[Rank 11] Local SpMV time: 0.000021 s
[Rank 28] Local SpMV time: 0.000017 s
[Rank 115] Local SpMV time: 0.000020 s
[Rank 19] Local SpMV time: 0.000018 s
[Rank 96] Local SpMV time: 0.000023 s
[Rank 71] Local SpMV time: 0.000019 s
[Rank 84] Local SpMV time: 0.000017 s
[Rank 123] Local SpMV time: 0.000016 s
[Rank 32] Local SpMV time: 0.000020 s
[Rank 88] Local SpMV time: 0.000020 s
[Rank 15] Local SpMV time: 0.000020 s
[Rank 66] Local SpMV time: 0.000019 s
[Rank 82] Local SpMV time: 0.000015 s
[Rank 75] Local SpMV time: 0.000021 s
[Rank 49] Local SpMV time: 0.000019 s
[Rank 93] Local SpMV time: 0.000017 s
[Rank 83] Local SpMV time: 0.000020 s
[Rank 41] Local SpMV time: 0.000017 s
[Rank 77] Local SpMV time: 0.000015 s
[Rank 36] Local SpMV time: 0.000015 s
[Rank 125] Local SpMV time: 0.000015 s
[Rank 22] Local SpMV time: 0.000015 s
[Rank 87] Local SpMV time: 0.000020 s
[Rank 40] Local SpMV time: 0.000019 s
[Rank 6] Local SpMV time: 0.000015 s
[Rank 72] Local SpMV time: 0.000020 s
[Rank 27] Local SpMV time: 0.000019 s
[Rank 95] Local SpMV time: 0.000037 s
[Rank 68] Local SpMV time: 0.000016 s
[Rank 45] Local SpMV time: 0.000016 s
[Rank 74] Local SpMV time: 0.000021 s
[Rank 51] Local SpMV time: 0.000020 s
[Rank 104] Local SpMV time: 0.000014 s
[Rank 86] Local SpMV time: 0.000020 s
[Rank 79] Local SpMV time: 0.000020 s
[Rank 35] Local SpMV time: 0.000015 s
[Rank 106] Local SpMV time: 0.000021 s
[Rank 37] Local SpMV time: 0.000012 s
[Rank 44] Local SpMV time: 0.000017 s
[Rank 103] Local SpMV time: 0.000015 s
[Rank 53] Local SpMV time: 0.000015 s
[Rank 56] Local SpMV time: 0.000020 s
[Rank 23] Local SpMV time: 0.000018 s
[Rank 34] Local SpMV time: 0.000016 s
[Rank 52] Local SpMV time: 0.000017 s
[Rank 117] Local SpMV time: 0.000014 s
[Rank 108] Local SpMV time: 0.000017 s
[Rank 120] Local SpMV time: 0.000015 s
[Rank 57] Local SpMV time: 0.000018 s
[Rank 76] Local SpMV time: 0.000017 s
[Rank 100] Local SpMV time: 0.000016 s
[Rank 92] Local SpMV time: 0.000016 s
[Rank 98] Local SpMV time: 0.000020 s
[Rank 30] Local SpMV time: 0.000015 s
[Rank 90] Local SpMV time: 0.000021 s
[Rank 47] Local SpMV time: 0.000021 s
[Rank 78] Local SpMV time: 0.000022 s
[Rank 127] Local SpMV time: 0.000019 s
[Rank 42] Local SpMV time: 0.000014 s
[Rank 43] Local SpMV time: 0.000019 s
[Rank 70] Local SpMV time: 0.000020 s
[Rank 112] Local SpMV time: 0.000014 s
[Rank 94] Local SpMV time: 0.000018 s
[Rank 38] Local SpMV time: 0.000019 s
[Rank 46] Local SpMV time: 0.000019 s
[Rank 114] Local SpMV time: 0.000019 s
[Rank 119] Local SpMV time: 0.000020 s
[Rank 39] Local SpMV time: 0.000019 s
[Rank 59] Local SpMV time: 0.000017 s
[Rank 60] Local SpMV time: 0.000015 s
[Rank 61] Local SpMV time: 0.000017 s
[Rank 124] Local SpMV time: 0.000013 s
[Rank 110] Local SpMV time: 0.000021 s
[Rank 102] Local SpMV time: 0.000019 s
[Rank 55] Local SpMV time: 0.000020 s
[Rank 54] Local SpMV time: 0.000020 s
[Rank 58] Local SpMV time: 0.000019 s
[Rank 116] Local SpMV time: 0.000017 s
[Rank 122] Local SpMV time: 0.000021 s
[Rank 63] Local SpMV time: 0.000019 s
[Rank 62] Local SpMV time: 0.000023 s
[Rank 118] Local SpMV time: 0.000022 s
[Rank 126] Local SpMV time: 0.000015 s

-----------------------------------------------------------------------------------------------
  P |  Time(s) | Comp% | Comm% |  GFLOP/s | Speedup |  Eff% | Mem(MiB) | NNZ min | NNZ avg | NNZ max
-----------------------------------------------------------------------------------------------
128 |   2.0501 |   0.0 | 162.9 |     0.000 |    0.01 |   0.01 |     0.08 |      29 |     55.7 |     101
Global FLOPs per SpMV: 14270

