Strong scaling results for nemeth19.mtx
Date: Fri Jan  2 11:46:14 CET 2026
----------------------------------------

[Rank 0] Matrix: 9506 x 9506, nnz=413904 | 1D cyclic rows over P=1
[Rank 0] Local SpMV time: 0.014343 s

-----------------------------------------------------------------------------------------------
  P |  Time(s) | Comp% | Comm% |  GFLOP/s | Speedup |  Eff% | Mem(MiB) | NNZ min | NNZ avg | NNZ max
-----------------------------------------------------------------------------------------------
  1 |   0.0144 |  99.5 |   0.2 |     0.114 |    N/A   |   N/A  |    22.03 |  818302 | 818302.0 |  818302
Global FLOPs per SpMV: 1636604
BASELINE_T1=0.0144

----------------------------------------
np=2, OMP_NUM_THREADS=64
----------------------------------------
[Rank 0] Matrix: 9506 x 9506, nnz=413904 | 1D cyclic rows over P=2
[Rank 1] Local SpMV time: 0.001488 s
[Rank 0] Local SpMV time: 0.014594 s

-----------------------------------------------------------------------------------------------
  P |  Time(s) | Comp% | Comm% |  GFLOP/s | Speedup |  Eff% | Mem(MiB) | NNZ min | NNZ avg | NNZ max
-----------------------------------------------------------------------------------------------
  2 |   0.0148 |  98.6 |  12.9 |     0.056 |    0.97 |  48.66 |     5.69 |  202860 | 205534.5 |  208209
Global FLOPs per SpMV: 822138

----------------------------------------
np=4, OMP_NUM_THREADS=32
----------------------------------------
[Rank 0] Matrix: 9506 x 9506, nnz=413904 | 1D cyclic rows over P=4
[Rank 1] Local SpMV time: 0.001113 s
[Rank 0] Local SpMV time: 0.011077 s
[Rank 3] Local SpMV time: 0.001039 s
[Rank 2] Local SpMV time: 0.022444 s

-----------------------------------------------------------------------------------------------
  P |  Time(s) | Comp% | Comm% |  GFLOP/s | Speedup |  Eff% | Mem(MiB) | NNZ min | NNZ avg | NNZ max
-----------------------------------------------------------------------------------------------
  4 |   0.0412 |  54.5 | 118.1 |     0.010 |    0.35 |   8.74 |     1.52 |   50689 |  51907.2 |   53332
Global FLOPs per SpMV: 415258

----------------------------------------
np=8, OMP_NUM_THREADS=16
----------------------------------------
[Rank 0] Matrix: 9506 x 9506, nnz=413904 | 1D cyclic rows over P=8
[Rank 1] Local SpMV time: 0.001035 s
[Rank 4] Local SpMV time: 0.004604 s
[Rank 5] Local SpMV time: 0.008853 s
[Rank 0] Local SpMV time: 0.015145 s
[Rank 3] Local SpMV time: 0.003179 s
[Rank 6] Local SpMV time: 0.007345 s
[Rank 2] Local SpMV time: 0.000428 s
[Rank 7] Local SpMV time: 0.034946 s

-----------------------------------------------------------------------------------------------
  P |  Time(s) | Comp% | Comm% |  GFLOP/s | Speedup |  Eff% | Mem(MiB) | NNZ min | NNZ avg | NNZ max
-----------------------------------------------------------------------------------------------
  8 |   0.0941 |  37.2 | 167.5 |     0.002 |    0.15 |   1.91 |     0.46 |   12681 |  13246.5 |   14002
Global FLOPs per SpMV: 211944

----------------------------------------
np=16, OMP_NUM_THREADS=8
----------------------------------------
[Rank 0] Matrix: 9506 x 9506, nnz=413904 | 1D cyclic rows over P=16
[Rank 9] Local SpMV time: 0.000251 s
[Rank 0] Local SpMV time: 0.000305 s
[Rank 1] Local SpMV time: 0.004123 s
[Rank 3] Local SpMV time: 0.004040 s
[Rank 8] Local SpMV time: 0.000263 s
[Rank 5] Local SpMV time: 0.000762 s
[Rank 2] Local SpMV time: 0.000269 s
[Rank 11] Local SpMV time: 0.000234 s
[Rank 4] Local SpMV time: 0.000537 s
[Rank 10] Local SpMV time: 0.000839 s
[Rank 12] Local SpMV time: 0.004997 s
[Rank 13] Local SpMV time: 0.004105 s
[Rank 7] Local SpMV time: 0.003998 s
[Rank 14] Local SpMV time: 0.004181 s
[Rank 6] Local SpMV time: 0.000463 s
[Rank 15] Local SpMV time: 0.005008 s

-----------------------------------------------------------------------------------------------
  P |  Time(s) | Comp% | Comm% |  GFLOP/s | Speedup |  Eff% | Mem(MiB) | NNZ min | NNZ avg | NNZ max
-----------------------------------------------------------------------------------------------
 16 |   0.1323 |   3.8 | 193.2 |     0.001 |    0.11 |   0.68 |     0.18 |    3188 |   3443.1 |    3753
Global FLOPs per SpMV: 110178

----------------------------------------
np=32, OMP_NUM_THREADS=4
----------------------------------------
[Rank 0] Matrix: 9506 x 9506, nnz=413904 | 1D cyclic rows over P=32
[Rank 1] Local SpMV time: 0.000171 s
[Rank 5] Local SpMV time: 0.002197 s
[Rank 0] Local SpMV time: 0.004000 s
[Rank 4] Local SpMV time: 0.004031 s
[Rank 9] Local SpMV time: 0.063943 s
[Rank 13] Local SpMV time: 0.063938 s
[Rank 17] Local SpMV time: 0.059942 s
[Rank 2] Local SpMV time: 0.000160 s
[Rank 19] Local SpMV time: 0.067851 s
[Rank 3] Local SpMV time: 0.059940 s
[Rank 25] Local SpMV time: 0.071935 s
[Rank 8] Local SpMV time: 0.000837 s
[Rank 15] Local SpMV time: 0.067904 s
[Rank 10] Local SpMV time: 0.001422 s
[Rank 11] Local SpMV time: 0.063937 s
[Rank 12] Local SpMV time: 0.000155 s
[Rank 20] Local SpMV time: 0.000245 s
[Rank 18] Local SpMV time: 0.004345 s
[Rank 14] Local SpMV time: 0.000190 s
[Rank 16] Local SpMV time: 0.059906 s
[Rank 23] Local SpMV time: 0.071792 s
[Rank 24] Local SpMV time: 0.004397 s
[Rank 6] Local SpMV time: 0.067923 s
[Rank 22] Local SpMV time: 0.000150 s
[Rank 31] Local SpMV time: 0.067944 s
[Rank 7] Local SpMV time: 0.127932 s
[Rank 28] Local SpMV time: 0.000310 s
[Rank 27] Local SpMV time: 0.131832 s
[Rank 30] Local SpMV time: 0.004457 s
[Rank 29] Local SpMV time: 0.131925 s
[Rank 26] Local SpMV time: 0.000177 s
[Rank 21] Local SpMV time: 0.123923 s

-----------------------------------------------------------------------------------------------
  P |  Time(s) | Comp% | Comm% |  GFLOP/s | Speedup |  Eff% | Mem(MiB) | NNZ min | NNZ avg | NNZ max
-----------------------------------------------------------------------------------------------
 32 |   0.3880 |  34.0 | 166.0 |     0.000 |    0.04 |   0.12 |     0.10 |     776 |    927.3 |    1038
Global FLOPs per SpMV: 59350

----------------------------------------
np=64, OMP_NUM_THREADS=2
----------------------------------------
[Rank 0] Matrix: 9506 x 9506, nnz=413904 | 1D cyclic rows over P=64
[Rank 33] Local SpMV time: 0.000720 s
[Rank 1] Local SpMV time: 0.005609 s
[Rank 3] Local SpMV time: 0.009721 s
[Rank 41] Local SpMV time: 0.002943 s
[Rank 9] Local SpMV time: 0.000064 s
[Rank 13] Local SpMV time: 0.007943 s
[Rank 0] Local SpMV time: 0.011984 s
[Rank 49] Local SpMV time: 0.003913 s
[Rank 17] Local SpMV time: 0.008188 s
[Rank 51] Local SpMV time: 0.012485 s
[Rank 37] Local SpMV time: 0.016777 s
[Rank 45] Local SpMV time: 0.000086 s
[Rank 2] Local SpMV time: 0.012077 s
[Rank 21] Local SpMV time: 0.003908 s
[Rank 25] Local SpMV time: 0.008162 s
[Rank 8] Local SpMV time: 0.011925 s
[Rank 23] Local SpMV time: 0.000736 s
[Rank 32] Local SpMV time: 0.000064 s
[Rank 5] Local SpMV time: 0.005006 s
[Rank 16] Local SpMV time: 0.000350 s
[Rank 15] Local SpMV time: 0.005560 s
[Rank 39] Local SpMV time: 0.001990 s
[Rank 47] Local SpMV time: 0.006271 s
[Rank 24] Local SpMV time: 0.000229 s
[Rank 35] Local SpMV time: 0.000068 s
[Rank 4] Local SpMV time: 0.004351 s
[Rank 53] Local SpMV time: 0.003902 s
[Rank 12] Local SpMV time: 0.000103 s
[Rank 57] Local SpMV time: 0.001116 s
[Rank 19] Local SpMV time: 0.005425 s
[Rank 18] Local SpMV time: 0.003986 s
[Rank 27] Local SpMV time: 0.008062 s
[Rank 6] Local SpMV time: 0.007959 s
[Rank 43] Local SpMV time: 0.004472 s
[Rank 20] Local SpMV time: 0.004472 s
[Rank 11] Local SpMV time: 0.000881 s
[Rank 34] Local SpMV time: 0.000230 s
[Rank 40] Local SpMV time: 0.004271 s
[Rank 63] Local SpMV time: 0.000160 s
[Rank 10] Local SpMV time: 0.007790 s
[Rank 61] Local SpMV time: 0.007896 s
[Rank 36] Local SpMV time: 0.015906 s
[Rank 7] Local SpMV time: 0.000904 s
[Rank 14] Local SpMV time: 0.016141 s
[Rank 55] Local SpMV time: 0.003936 s
[Rank 44] Local SpMV time: 0.004412 s
[Rank 22] Local SpMV time: 0.004570 s
[Rank 42] Local SpMV time: 0.008964 s
[Rank 28] Local SpMV time: 0.011910 s
[Rank 29] Local SpMV time: 0.004007 s
[Rank 59] Local SpMV time: 0.004406 s
[Rank 38] Local SpMV time: 0.007949 s
[Rank 48] Local SpMV time: 0.003970 s
[Rank 30] Local SpMV time: 0.003937 s
[Rank 50] Local SpMV time: 0.003913 s
[Rank 26] Local SpMV time: 0.000130 s
[Rank 31] Local SpMV time: 0.003985 s
[Rank 46] Local SpMV time: 0.003996 s
[Rank 56] Local SpMV time: 0.007919 s
[Rank 60] Local SpMV time: 0.011931 s
[Rank 58] Local SpMV time: 0.011979 s
[Rank 52] Local SpMV time: 0.003886 s
[Rank 54] Local SpMV time: 0.000129 s
[Rank 62] Local SpMV time: 0.003962 s

-----------------------------------------------------------------------------------------------
  P |  Time(s) | Comp% | Comm% |  GFLOP/s | Speedup |  Eff% | Mem(MiB) | NNZ min | NNZ avg | NNZ max
-----------------------------------------------------------------------------------------------
 64 |   0.7840 |   2.1 | 180.6 |     0.000 |    0.02 |   0.03 |     0.08 |     212 |    264.7 |     324
Global FLOPs per SpMV: 33880

----------------------------------------
np=128, OMP_NUM_THREADS=1
----------------------------------------
[Rank 0] Matrix: 9506 x 9506, nnz=413904 | 1D cyclic rows over P=128
[Rank 1] Local SpMV time: 0.000029 s
[Rank 0] Local SpMV time: 0.000027 s
[Rank 9] Local SpMV time: 0.000021 s
[Rank 3] Local SpMV time: 0.000017 s
[Rank 11] Local SpMV time: 0.000017 s
[Rank 16] Local SpMV time: 0.000016 s
[Rank 13] Local SpMV time: 0.000018 s
[Rank 24] Local SpMV time: 0.000018 s
[Rank 48] Local SpMV time: 0.000021 s
[Rank 32] Local SpMV time: 0.000020 s
[Rank 33] Local SpMV time: 0.000026 s
[Rank 17] Local SpMV time: 0.000019 s
[Rank 8] Local SpMV time: 0.000022 s
[Rank 65] Local SpMV time: 0.000019 s
[Rank 56] Local SpMV time: 0.000020 s
[Rank 2] Local SpMV time: 0.000021 s
[Rank 26] Local SpMV time: 0.000020 s
[Rank 4] Local SpMV time: 0.000018 s
[Rank 40] Local SpMV time: 0.000020 s
[Rank 73] Local SpMV time: 0.000024 s
[Rank 58] Local SpMV time: 0.000020 s
[Rank 20] Local SpMV time: 0.000016 s
[Rank 36] Local SpMV time: 0.000016 s
[Rank 69] Local SpMV time: 0.000018 s
[Rank 6] Local SpMV time: 0.000015 s
[Rank 10] Local SpMV time: 0.000023 s
[Rank 81] Local SpMV time: 0.000021 s
[Rank 71] Local SpMV time: 0.000022 s
[Rank 50] Local SpMV time: 0.000021 s
[Rank 64] Local SpMV time: 0.000020 s
[Rank 37] Local SpMV time: 0.000018 s
[Rank 49] Local SpMV time: 0.000021 s
[Rank 51] Local SpMV time: 0.000017 s
[Rank 80] Local SpMV time: 0.000019 s
[Rank 67] Local SpMV time: 0.000023 s
[Rank 15] Local SpMV time: 0.000022 s
[Rank 5] Local SpMV time: 0.000015 s
[Rank 42] Local SpMV time: 0.000021 s
[Rank 44] Local SpMV time: 0.000014 s
[Rank 41] Local SpMV time: 0.000018 s
[Rank 22] Local SpMV time: 0.000021 s
[Rank 35] Local SpMV time: 0.000015 s
[Rank 38] Local SpMV time: 0.000015 s
[Rank 66] Local SpMV time: 0.000021 s
[Rank 18] Local SpMV time: 0.000022 s
[Rank 89] Local SpMV time: 0.000020 s
[Rank 84] Local SpMV time: 0.000017 s
[Rank 60] Local SpMV time: 0.000017 s
[Rank 52] Local SpMV time: 0.000016 s
[Rank 19] Local SpMV time: 0.000021 s
[Rank 77] Local SpMV time: 0.000013 s
[Rank 86] Local SpMV time: 0.000015 s
[Rank 62] Local SpMV time: 0.000016 s
[Rank 21] Local SpMV time: 0.000020 s
[Rank 34] Local SpMV time: 0.000020 s
[Rank 53] Local SpMV time: 0.000015 s
[Rank 28] Local SpMV time: 0.000017 s
[Rank 96] Local SpMV time: 0.000019 s
[Rank 25] Local SpMV time: 0.000015 s
[Rank 46] Local SpMV time: 0.000018 s
[Rank 39] Local SpMV time: 0.000020 s
[Rank 57] Local SpMV time: 0.000019 s
[Rank 91] Local SpMV time: 0.000021 s
[Rank 88] Local SpMV time: 0.000021 s
[Rank 12] Local SpMV time: 0.000016 s
[Rank 75] Local SpMV time: 0.000026 s
[Rank 72] Local SpMV time: 0.000014 s
[Rank 79] Local SpMV time: 0.000020 s
[Rank 23] Local SpMV time: 0.000020 s
[Rank 7] Local SpMV time: 0.000022 s
[Rank 55] Local SpMV time: 0.000015 s
[Rank 83] Local SpMV time: 0.000020 s
[Rank 85] Local SpMV time: 0.000013 s
[Rank 68] Local SpMV time: 0.000018 s
[Rank 82] Local SpMV time: 0.000019 s
[Rank 54] Local SpMV time: 0.000022 s
[Rank 43] Local SpMV time: 0.000020 s
[Rank 14] Local SpMV time: 0.000019 s
[Rank 97] Local SpMV time: 0.000019 s
[Rank 74] Local SpMV time: 0.000021 s
[Rank 112] Local SpMV time: 0.000021 s
[Rank 113] Local SpMV time: 0.000020 s
[Rank 90] Local SpMV time: 0.000016 s
[Rank 61] Local SpMV time: 0.000018 s
[Rank 45] Local SpMV time: 0.000018 s
[Rank 76] Local SpMV time: 0.000017 s
[Rank 104] Local SpMV time: 0.000019 s
[Rank 116] Local SpMV time: 0.000017 s
[Rank 59] Local SpMV time: 0.000021 s
[Rank 98] Local SpMV time: 0.000021 s
[Rank 30] Local SpMV time: 0.000016 s
[Rank 93] Local SpMV time: 0.000017 s
[Rank 27] Local SpMV time: 0.000015 s
[Rank 117] Local SpMV time: 0.000013 s
[Rank 100] Local SpMV time: 0.000018 s
[Rank 120] Local SpMV time: 0.000019 s
[Rank 29] Local SpMV time: 0.000018 s
[Rank 106] Local SpMV time: 0.000018 s
[Rank 99] Local SpMV time: 0.000019 s
[Rank 95] Local SpMV time: 0.000019 s
[Rank 92] Local SpMV time: 0.000017 s
[Rank 63] Local SpMV time: 0.000021 s
[Rank 87] Local SpMV time: 0.000017 s
[Rank 122] Local SpMV time: 0.000015 s
[Rank 105] Local SpMV time: 0.000020 s
[Rank 119] Local SpMV time: 0.000020 s
[Rank 118] Local SpMV time: 0.000021 s
[Rank 115] Local SpMV time: 0.000021 s
[Rank 114] Local SpMV time: 0.000020 s
[Rank 70] Local SpMV time: 0.000020 s
[Rank 47] Local SpMV time: 0.000021 s
[Rank 121] Local SpMV time: 0.000016 s
[Rank 101] Local SpMV time: 0.000017 s
[Rank 107] Local SpMV time: 0.000014 s
[Rank 124] Local SpMV time: 0.000018 s
[Rank 78] Local SpMV time: 0.000015 s
[Rank 108] Local SpMV time: 0.000017 s
[Rank 109] Local SpMV time: 0.000017 s
[Rank 102] Local SpMV time: 0.000021 s
[Rank 31] Local SpMV time: 0.000026 s
[Rank 94] Local SpMV time: 0.000016 s
[Rank 111] Local SpMV time: 0.000016 s
[Rank 110] Local SpMV time: 0.000022 s
[Rank 123] Local SpMV time: 0.000020 s
[Rank 125] Local SpMV time: 0.000014 s
[Rank 103] Local SpMV time: 0.000020 s
[Rank 126] Local SpMV time: 0.000023 s
[Rank 127] Local SpMV time: 0.000026 s

-----------------------------------------------------------------------------------------------
  P |  Time(s) | Comp% | Comm% |  GFLOP/s | Speedup |  Eff% | Mem(MiB) | NNZ min | NNZ avg | NNZ max
-----------------------------------------------------------------------------------------------
128 |   2.0481 |   0.0 | 175.2 |     0.000 |    0.01 |   0.01 |     0.08 |      34 |     83.4 |     143
Global FLOPs per SpMV: 21350

