Strong scaling results for tols2000.mtx
Date: Fri Jan  2 11:50:52 CET 2026
----------------------------------------

[Rank 0] Matrix: 2000 x 2000, nnz=5184 | 1D cyclic rows over P=1
[Rank 0] Local SpMV time: 0.013545 s

-----------------------------------------------------------------------------------------------
  P |  Time(s) | Comp% | Comm% |  GFLOP/s | Speedup |  Eff% | Mem(MiB) | NNZ min | NNZ avg | NNZ max
-----------------------------------------------------------------------------------------------
  1 |   0.0136 |  99.5 |   0.1 |     0.001 |    N/A   |   N/A  |     0.18 |    5184 |   5184.0 |    5184
Global FLOPs per SpMV: 10368
BASELINE_T1=0.0136

----------------------------------------
np=2, OMP_NUM_THREADS=64
----------------------------------------
[Rank 0] Matrix: 2000 x 2000, nnz=5184 | 1D cyclic rows over P=2
[Rank 1] Local SpMV time: 0.001580 s
[Rank 0] Local SpMV time: 0.014079 s

-----------------------------------------------------------------------------------------------
  P |  Time(s) | Comp% | Comm% |  GFLOP/s | Speedup |  Eff% | Mem(MiB) | NNZ min | NNZ avg | NNZ max
-----------------------------------------------------------------------------------------------
  2 |   0.0141 |  99.6 |   3.8 |     0.001 |    0.96 |  48.11 |     0.10 |    1136 |   1864.0 |    2592
Global FLOPs per SpMV: 7456

----------------------------------------
np=4, OMP_NUM_THREADS=32
----------------------------------------
[Rank 0] Matrix: 2000 x 2000, nnz=5184 | 1D cyclic rows over P=4
[Rank 1] Local SpMV time: 0.000755 s
[Rank 0] Local SpMV time: 0.010820 s
[Rank 3] Local SpMV time: 0.001957 s
[Rank 2] Local SpMV time: 0.022537 s

-----------------------------------------------------------------------------------------------
  P |  Time(s) | Comp% | Comm% |  GFLOP/s | Speedup |  Eff% | Mem(MiB) | NNZ min | NNZ avg | NNZ max
-----------------------------------------------------------------------------------------------
  4 |   0.0226 |  99.8 | 132.9 |     0.000 |    0.60 |  15.06 |     0.06 |     269 |    790.0 |    1340
Global FLOPs per SpMV: 6320

----------------------------------------
np=8, OMP_NUM_THREADS=16
----------------------------------------
[Rank 0] Matrix: 2000 x 2000, nnz=5184 | 1D cyclic rows over P=8
[Rank 1] Local SpMV time: 0.014292 s
[Rank 3] Local SpMV time: 0.022822 s
[Rank 0] Local SpMV time: 0.009988 s
[Rank 5] Local SpMV time: 0.020330 s
[Rank 4] Local SpMV time: 0.000397 s
[Rank 2] Local SpMV time: 0.000395 s
[Rank 7] Local SpMV time: 0.012970 s
[Rank 6] Local SpMV time: 0.007147 s

-----------------------------------------------------------------------------------------------
  P |  Time(s) | Comp% | Comm% |  GFLOP/s | Speedup |  Eff% | Mem(MiB) | NNZ min | NNZ avg | NNZ max
-----------------------------------------------------------------------------------------------
  8 |   0.0380 |  60.1 | 202.5 |     0.000 |    0.36 |   4.47 |     0.04 |      67 |    352.0 |     671
Global FLOPs per SpMV: 5632

----------------------------------------
np=16, OMP_NUM_THREADS=8
----------------------------------------
[Rank 0] Matrix: 2000 x 2000, nnz=5184 | 1D cyclic rows over P=16
[Rank 1] Local SpMV time: 0.004028 s
[Rank 3] Local SpMV time: 0.000207 s
[Rank 5] Local SpMV time: 0.000202 s
[Rank 0] Local SpMV time: 0.000299 s
[Rank 7] Local SpMV time: 0.000495 s
[Rank 8] Local SpMV time: 0.000163 s
[Rank 9] Local SpMV time: 0.004108 s
[Rank 2] Local SpMV time: 0.004145 s
[Rank 13] Local SpMV time: 0.001718 s
[Rank 10] Local SpMV time: 0.000423 s
[Rank 4] Local SpMV time: 0.000680 s
[Rank 11] Local SpMV time: 0.002262 s
[Rank 6] Local SpMV time: 0.000964 s
[Rank 12] Local SpMV time: 0.001221 s
[Rank 14] Local SpMV time: 0.004166 s
[Rank 15] Local SpMV time: 0.035980 s

-----------------------------------------------------------------------------------------------
  P |  Time(s) | Comp% | Comm% |  GFLOP/s | Speedup |  Eff% | Mem(MiB) | NNZ min | NNZ avg | NNZ max
-----------------------------------------------------------------------------------------------
 16 |   0.0679 |  53.0 | 201.3 |     0.000 |    0.20 |   1.25 |     0.03 |      18 |    164.2 |     354
Global FLOPs per SpMV: 5256

----------------------------------------
np=32, OMP_NUM_THREADS=4
----------------------------------------
[Rank 0] Matrix: 2000 x 2000, nnz=5184 | 1D cyclic rows over P=32
[Rank 9] Local SpMV time: 0.016735 s
[Rank 0] Local SpMV time: 0.000267 s
[Rank 13] Local SpMV time: 0.006776 s
[Rank 2] Local SpMV time: 0.000182 s
[Rank 5] Local SpMV time: 0.011018 s
[Rank 3] Local SpMV time: 0.048277 s
[Rank 8] Local SpMV time: 0.004069 s
[Rank 16] Local SpMV time: 0.004055 s
[Rank 4] Local SpMV time: 0.000357 s
[Rank 18] Local SpMV time: 0.000652 s
[Rank 24] Local SpMV time: 0.004066 s
[Rank 1] Local SpMV time: 0.095876 s
[Rank 17] Local SpMV time: 0.063935 s
[Rank 6] Local SpMV time: 0.008075 s
[Rank 25] Local SpMV time: 0.063946 s
[Rank 26] Local SpMV time: 0.000373 s
[Rank 20] Local SpMV time: 0.000630 s
[Rank 15] Local SpMV time: 0.051967 s
[Rank 12] Local SpMV time: 0.000906 s
[Rank 10] Local SpMV time: 0.005102 s
[Rank 21] Local SpMV time: 0.070863 s
[Rank 28] Local SpMV time: 0.000164 s
[Rank 7] Local SpMV time: 0.066898 s
[Rank 27] Local SpMV time: 0.078778 s
[Rank 11] Local SpMV time: 0.078957 s
[Rank 29] Local SpMV time: 0.082798 s
[Rank 22] Local SpMV time: 0.000167 s
[Rank 19] Local SpMV time: 0.062978 s
[Rank 14] Local SpMV time: 0.004079 s
[Rank 23] Local SpMV time: 0.066977 s
[Rank 31] Local SpMV time: 0.078884 s
[Rank 30] Local SpMV time: 0.000175 s

-----------------------------------------------------------------------------------------------
  P |  Time(s) | Comp% | Comm% |  GFLOP/s | Speedup |  Eff% | Mem(MiB) | NNZ min | NNZ avg | NNZ max
-----------------------------------------------------------------------------------------------
 32 |   0.0960 |  99.8 | 333.1 |     0.000 |    0.14 |   0.44 |     0.02 |       4 |     70.4 |     170
Global FLOPs per SpMV: 4508

----------------------------------------
np=64, OMP_NUM_THREADS=2
----------------------------------------
[Rank 0] Matrix: 2000 x 2000, nnz=5184 | 1D cyclic rows over P=64
[Rank 1] Local SpMV time: 0.004387 s
[Rank 5] Local SpMV time: 0.000213 s
[Rank 9] Local SpMV time: 0.004455 s
[Rank 13] Local SpMV time: 0.003949 s
[Rank 8] Local SpMV time: 0.000079 s
[Rank 0] Local SpMV time: 0.007905 s
[Rank 11] Local SpMV time: 0.003986 s
[Rank 32] Local SpMV time: 0.000115 s
[Rank 16] Local SpMV time: 0.000072 s
[Rank 33] Local SpMV time: 0.000084 s
[Rank 4] Local SpMV time: 0.000119 s
[Rank 37] Local SpMV time: 0.007965 s
[Rank 40] Local SpMV time: 0.000256 s
[Rank 12] Local SpMV time: 0.004322 s
[Rank 48] Local SpMV time: 0.008351 s
[Rank 15] Local SpMV time: 0.015991 s
[Rank 34] Local SpMV time: 0.000778 s
[Rank 42] Local SpMV time: 0.000926 s
[Rank 50] Local SpMV time: 0.000101 s
[Rank 49] Local SpMV time: 0.000080 s
[Rank 20] Local SpMV time: 0.000290 s
[Rank 17] Local SpMV time: 0.000346 s
[Rank 18] Local SpMV time: 0.004435 s
[Rank 35] Local SpMV time: 0.003987 s
[Rank 6] Local SpMV time: 0.011901 s
[Rank 3] Local SpMV time: 0.000140 s
[Rank 10] Local SpMV time: 0.008286 s
[Rank 25] Local SpMV time: 0.004556 s
[Rank 7] Local SpMV time: 0.000077 s
[Rank 24] Local SpMV time: 0.000070 s
[Rank 36] Local SpMV time: 0.000255 s
[Rank 14] Local SpMV time: 0.000410 s
[Rank 26] Local SpMV time: 0.000112 s
[Rank 21] Local SpMV time: 0.000073 s
[Rank 44] Local SpMV time: 0.000310 s
[Rank 2] Local SpMV time: 0.004428 s
[Rank 39] Local SpMV time: 0.000153 s
[Rank 19] Local SpMV time: 0.004328 s
[Rank 52] Local SpMV time: 0.004032 s
[Rank 41] Local SpMV time: 0.003940 s
[Rank 46] Local SpMV time: 0.000246 s
[Rank 54] Local SpMV time: 0.000405 s
[Rank 43] Local SpMV time: 0.003972 s
[Rank 56] Local SpMV time: 0.004009 s
[Rank 38] Local SpMV time: 0.004005 s
[Rank 22] Local SpMV time: 0.000144 s
[Rank 57] Local SpMV time: 0.004026 s
[Rank 29] Local SpMV time: 0.008180 s
[Rank 51] Local SpMV time: 0.008631 s
[Rank 27] Local SpMV time: 0.004911 s
[Rank 53] Local SpMV time: 0.003952 s
[Rank 59] Local SpMV time: 0.003968 s
[Rank 60] Local SpMV time: 0.000119 s
[Rank 28] Local SpMV time: 0.004047 s
[Rank 23] Local SpMV time: 0.003976 s
[Rank 45] Local SpMV time: 0.008141 s
[Rank 58] Local SpMV time: 0.004045 s
[Rank 31] Local SpMV time: 0.000086 s
[Rank 55] Local SpMV time: 0.003948 s
[Rank 61] Local SpMV time: 0.007950 s
[Rank 47] Local SpMV time: 0.008260 s
[Rank 62] Local SpMV time: 0.000118 s
[Rank 30] Local SpMV time: 0.007999 s
[Rank 63] Local SpMV time: 0.007962 s

-----------------------------------------------------------------------------------------------
  P |  Time(s) | Comp% | Comm% |  GFLOP/s | Speedup |  Eff% | Mem(MiB) | NNZ min | NNZ avg | NNZ max
-----------------------------------------------------------------------------------------------
 64 |   0.1361 |  11.8 | 749.5 |     0.000 |    0.10 |   0.16 |     0.02 |       1 |     41.3 |      99
Global FLOPs per SpMV: 5292

----------------------------------------
np=128, OMP_NUM_THREADS=1
----------------------------------------
[Rank 0] Matrix: 2000 x 2000, nnz=5184 | 1D cyclic rows over P=128
[Rank 0] Local SpMV time: 0.000024 s
[Rank 1] Local SpMV time: 0.000025 s
[Rank 2] Local SpMV time: 0.000015 s
[Rank 5] Local SpMV time: 0.000015 s
[Rank 65] Local SpMV time: 0.000012 s
[Rank 64] Local SpMV time: 0.000016 s
[Rank 68] Local SpMV time: 0.000013 s
[Rank 67] Local SpMV time: 0.000015 s
[Rank 69] Local SpMV time: 0.000015 s
[Rank 3] Local SpMV time: 0.000015 s
[Rank 9] Local SpMV time: 0.000016 s
[Rank 66] Local SpMV time: 0.000016 s
[Rank 73] Local SpMV time: 0.000012 s
[Rank 32] Local SpMV time: 0.000015 s
[Rank 16] Local SpMV time: 0.000015 s
[Rank 4] Local SpMV time: 0.000015 s
[Rank 8] Local SpMV time: 0.000015 s
[Rank 48] Local SpMV time: 0.000015 s
[Rank 77] Local SpMV time: 0.000015 s
[Rank 20] Local SpMV time: 0.000017 s
[Rank 22] Local SpMV time: 0.000015 s
[Rank 7] Local SpMV time: 0.000015 s
[Rank 80] Local SpMV time: 0.000015 s
[Rank 40] Local SpMV time: 0.000016 s
[Rank 96] Local SpMV time: 0.000015 s
[Rank 6] Local SpMV time: 0.000016 s
[Rank 36] Local SpMV time: 0.000014 s
[Rank 72] Local SpMV time: 0.000015 s
[Rank 97] Local SpMV time: 0.000014 s
[Rank 84] Local SpMV time: 0.000014 s
[Rank 33] Local SpMV time: 0.000015 s
[Rank 104] Local SpMV time: 0.000015 s
[Rank 34] Local SpMV time: 0.000015 s
[Rank 17] Local SpMV time: 0.000012 s
[Rank 12] Local SpMV time: 0.000015 s
[Rank 70] Local SpMV time: 0.000016 s
[Rank 11] Local SpMV time: 0.000015 s
[Rank 88] Local SpMV time: 0.000014 s
[Rank 42] Local SpMV time: 0.000015 s
[Rank 81] Local SpMV time: 0.000012 s
[Rank 89] Local SpMV time: 0.000012 s
[Rank 13] Local SpMV time: 0.000014 s
[Rank 14] Local SpMV time: 0.000015 s
[Rank 113] Local SpMV time: 0.000011 s
[Rank 24] Local SpMV time: 0.000017 s
[Rank 44] Local SpMV time: 0.000013 s
[Rank 115] Local SpMV time: 0.000014 s
[Rank 38] Local SpMV time: 0.000015 s
[Rank 112] Local SpMV time: 0.000013 s
[Rank 71] Local SpMV time: 0.000016 s
[Rank 120] Local SpMV time: 0.000015 s
[Rank 18] Local SpMV time: 0.000017 s
[Rank 93] Local SpMV time: 0.000012 s
[Rank 82] Local SpMV time: 0.000015 s
[Rank 28] Local SpMV time: 0.000015 s
[Rank 35] Local SpMV time: 0.000013 s
[Rank 10] Local SpMV time: 0.000015 s
[Rank 122] Local SpMV time: 0.000014 s
[Rank 108] Local SpMV time: 0.000015 s
[Rank 50] Local SpMV time: 0.000015 s
[Rank 15] Local SpMV time: 0.000016 s
[Rank 98] Local SpMV time: 0.000016 s
[Rank 75] Local SpMV time: 0.000017 s
[Rank 106] Local SpMV time: 0.000016 s
[Rank 116] Local SpMV time: 0.000016 s
[Rank 83] Local SpMV time: 0.000015 s
[Rank 19] Local SpMV time: 0.000013 s
[Rank 52] Local SpMV time: 0.000014 s
[Rank 76] Local SpMV time: 0.000015 s
[Rank 90] Local SpMV time: 0.000015 s
[Rank 114] Local SpMV time: 0.000014 s
[Rank 46] Local SpMV time: 0.000014 s
[Rank 21] Local SpMV time: 0.000012 s
[Rank 25] Local SpMV time: 0.000015 s
[Rank 78] Local SpMV time: 0.000015 s
[Rank 79] Local SpMV time: 0.000015 s
[Rank 92] Local SpMV time: 0.000016 s
[Rank 37] Local SpMV time: 0.000014 s
[Rank 95] Local SpMV time: 0.000011 s
[Rank 56] Local SpMV time: 0.000015 s
[Rank 49] Local SpMV time: 0.000016 s
[Rank 41] Local SpMV time: 0.000011 s
[Rank 85] Local SpMV time: 0.000015 s
[Rank 74] Local SpMV time: 0.000015 s
[Rank 117] Local SpMV time: 0.000015 s
[Rank 91] Local SpMV time: 0.000015 s
[Rank 86] Local SpMV time: 0.000016 s
[Rank 99] Local SpMV time: 0.000015 s
[Rank 45] Local SpMV time: 0.000014 s
[Rank 100] Local SpMV time: 0.000015 s
[Rank 121] Local SpMV time: 0.000015 s
[Rank 101] Local SpMV time: 0.000011 s
[Rank 105] Local SpMV time: 0.000010 s
[Rank 94] Local SpMV time: 0.000016 s
[Rank 23] Local SpMV time: 0.000013 s
[Rank 53] Local SpMV time: 0.000014 s
[Rank 119] Local SpMV time: 0.000015 s
[Rank 55] Local SpMV time: 0.000015 s
[Rank 124] Local SpMV time: 0.000017 s
[Rank 29] Local SpMV time: 0.000014 s
[Rank 118] Local SpMV time: 0.000015 s
[Rank 31] Local SpMV time: 0.000012 s
[Rank 27] Local SpMV time: 0.000015 s
[Rank 58] Local SpMV time: 0.000015 s
[Rank 110] Local SpMV time: 0.000014 s
[Rank 26] Local SpMV time: 0.000016 s
[Rank 109] Local SpMV time: 0.000015 s
[Rank 126] Local SpMV time: 0.000016 s
[Rank 47] Local SpMV time: 0.000016 s
[Rank 87] Local SpMV time: 0.000015 s
[Rank 30] Local SpMV time: 0.000017 s
[Rank 39] Local SpMV time: 0.000014 s
[Rank 107] Local SpMV time: 0.000014 s
[Rank 103] Local SpMV time: 0.000015 s
[Rank 123] Local SpMV time: 0.000014 s
[Rank 51] Local SpMV time: 0.000014 s
[Rank 54] Local SpMV time: 0.000016 s
[Rank 57] Local SpMV time: 0.000015 s
[Rank 43] Local SpMV time: 0.000015 s
[Rank 60] Local SpMV time: 0.000017 s
[Rank 102] Local SpMV time: 0.000015 s
[Rank 59] Local SpMV time: 0.000015 s
[Rank 125] Local SpMV time: 0.000014 s
[Rank 111] Local SpMV time: 0.000015 s
[Rank 127] Local SpMV time: 0.000015 s
[Rank 62] Local SpMV time: 0.000018 s
[Rank 61] Local SpMV time: 0.000013 s
[Rank 63] Local SpMV time: 0.000015 s

-----------------------------------------------------------------------------------------------
  P |  Time(s) | Comp% | Comm% |  GFLOP/s | Speedup |  Eff% | Mem(MiB) | NNZ min | NNZ avg | NNZ max
-----------------------------------------------------------------------------------------------
128 |   0.0003 |   8.1 | 702003.5 |     0.018 |   44.84 |  35.03 |     0.02 |       0 |     21.9 |      95
Global FLOPs per SpMV: 5604

