Strong scaling results for ww_36_pmec_36.mtx
Date: Fri Jan  2 11:53:48 CET 2026
----------------------------------------

[Rank 0] Matrix: 66 x 66, nnz=1194 | 1D cyclic rows over P=1
[Rank 0] Local SpMV time: 0.014544 s

-----------------------------------------------------------------------------------------------
  P |  Time(s) | Comp% | Comm% |  GFLOP/s | Speedup |  Eff% | Mem(MiB) | NNZ min | NNZ avg | NNZ max
-----------------------------------------------------------------------------------------------
  1 |   0.0146 |  99.6 |   0.1 |     0.000 |    N/A   |   N/A  |     0.03 |    1194 |   1194.0 |    1194
Global FLOPs per SpMV: 2388
BASELINE_T1=0.0146

----------------------------------------
np=2, OMP_NUM_THREADS=64
----------------------------------------
[Rank 0] Matrix: 66 x 66, nnz=1194 | 1D cyclic rows over P=2
[Rank 1] Local SpMV time: 0.001926 s
[Rank 0] Local SpMV time: 0.014087 s

-----------------------------------------------------------------------------------------------
  P |  Time(s) | Comp% | Comm% |  GFLOP/s | Speedup |  Eff% | Mem(MiB) | NNZ min | NNZ avg | NNZ max
-----------------------------------------------------------------------------------------------
  2 |   0.0142 |  99.5 |   0.7 |     0.000 |    1.03 |  51.56 |     0.02 |     295 |    445.5 |     596
Global FLOPs per SpMV: 1782

----------------------------------------
np=4, OMP_NUM_THREADS=32
----------------------------------------
[Rank 0] Matrix: 66 x 66, nnz=1194 | 1D cyclic rows over P=4
[Rank 1] Local SpMV time: 0.001034 s
[Rank 0] Local SpMV time: 0.009035 s
[Rank 3] Local SpMV time: 0.001006 s
[Rank 2] Local SpMV time: 0.016595 s

-----------------------------------------------------------------------------------------------
  P |  Time(s) | Comp% | Comm% |  GFLOP/s | Speedup |  Eff% | Mem(MiB) | NNZ min | NNZ avg | NNZ max
-----------------------------------------------------------------------------------------------
  4 |   0.0167 |  99.4 | 155.2 |     0.000 |    0.87 |  21.87 |     0.01 |      76 |    186.0 |     314
Global FLOPs per SpMV: 1488

----------------------------------------
np=8, OMP_NUM_THREADS=16
----------------------------------------
[Rank 0] Matrix: 66 x 66, nnz=1194 | 1D cyclic rows over P=8
[Rank 0] Local SpMV time: 0.000395 s
[Rank 1] Local SpMV time: 0.000999 s
[Rank 4] Local SpMV time: 0.000629 s
[Rank 3] Local SpMV time: 0.000953 s
[Rank 2] Local SpMV time: 0.007057 s
[Rank 5] Local SpMV time: 0.000829 s
[Rank 7] Local SpMV time: 0.003934 s
[Rank 6] Local SpMV time: 0.000490 s

-----------------------------------------------------------------------------------------------
  P |  Time(s) | Comp% | Comm% |  GFLOP/s | Speedup |  Eff% | Mem(MiB) | NNZ min | NNZ avg | NNZ max
-----------------------------------------------------------------------------------------------
  8 |   0.0071 |  99.2 | 781.4 |     0.000 |    2.05 |  25.66 |     0.01 |      18 |     85.6 |     186
Global FLOPs per SpMV: 1370

----------------------------------------
np=16, OMP_NUM_THREADS=8
----------------------------------------
[Rank 0] Matrix: 66 x 66, nnz=1194 | 1D cyclic rows over P=16
[Rank 0] Local SpMV time: 0.000258 s
[Rank 9] Local SpMV time: 0.001003 s
[Rank 2] Local SpMV time: 0.000561 s
[Rank 5] Local SpMV time: 0.001871 s
[Rank 8] Local SpMV time: 0.000238 s
[Rank 12] Local SpMV time: 0.000237 s
[Rank 4] Local SpMV time: 0.000520 s
[Rank 7] Local SpMV time: 0.031996 s
[Rank 10] Local SpMV time: 0.004214 s
[Rank 13] Local SpMV time: 0.028098 s
[Rank 6] Local SpMV time: 0.000500 s
[Rank 3] Local SpMV time: 0.031991 s
[Rank 14] Local SpMV time: 0.004668 s
[Rank 11] Local SpMV time: 0.031980 s
[Rank 1] Local SpMV time: 0.060050 s
[Rank 15] Local SpMV time: 0.037970 s

-----------------------------------------------------------------------------------------------
  P |  Time(s) | Comp% | Comm% |  GFLOP/s | Speedup |  Eff% | Mem(MiB) | NNZ min | NNZ avg | NNZ max
-----------------------------------------------------------------------------------------------
 16 |   0.0601 |  99.9 | 212.5 |     0.000 |    0.24 |   1.52 |     0.00 |       6 |     39.8 |      92
Global FLOPs per SpMV: 1274

----------------------------------------
np=32, OMP_NUM_THREADS=4
----------------------------------------
[Rank 0] Matrix: 66 x 66, nnz=1194 | 1D cyclic rows over P=32
[Rank 0] Local SpMV time: 0.000192 s
[Rank 16] Local SpMV time: 0.000137 s
[Rank 18] Local SpMV time: 0.000131 s
[Rank 2] Local SpMV time: 0.000438 s
[Rank 4] Local SpMV time: 0.004606 s
[Rank 20] Local SpMV time: 0.000883 s
[Rank 22] Local SpMV time: 0.001165 s
[Rank 10] Local SpMV time: 0.000588 s
[Rank 1] Local SpMV time: 0.000337 s
[Rank 3] Local SpMV time: 0.000708 s
[Rank 12] Local SpMV time: 0.004089 s
[Rank 28] Local SpMV time: 0.000400 s
[Rank 6] Local SpMV time: 0.000137 s
[Rank 17] Local SpMV time: 0.004980 s
[Rank 5] Local SpMV time: 0.000395 s
[Rank 9] Local SpMV time: 0.004525 s
[Rank 14] Local SpMV time: 0.000127 s
[Rank 8] Local SpMV time: 0.063945 s
[Rank 21] Local SpMV time: 0.000889 s
[Rank 24] Local SpMV time: 0.067996 s
[Rank 25] Local SpMV time: 0.003011 s
[Rank 26] Local SpMV time: 0.067913 s
[Rank 27] Local SpMV time: 0.006593 s
[Rank 30] Local SpMV time: 0.004094 s
[Rank 7] Local SpMV time: 0.000559 s
[Rank 11] Local SpMV time: 0.002579 s
[Rank 19] Local SpMV time: 0.007557 s
[Rank 23] Local SpMV time: 0.003301 s
[Rank 15] Local SpMV time: 0.000382 s
[Rank 13] Local SpMV time: 0.063979 s
[Rank 31] Local SpMV time: 0.004038 s
[Rank 29] Local SpMV time: 0.067862 s

-----------------------------------------------------------------------------------------------
  P |  Time(s) | Comp% | Comm% |  GFLOP/s | Speedup |  Eff% | Mem(MiB) | NNZ min | NNZ avg | NNZ max
-----------------------------------------------------------------------------------------------
 32 |   0.0680 | 100.0 | 564.3 |     0.000 |    0.21 |   0.67 |     0.00 |       1 |     19.2 |      62
Global FLOPs per SpMV: 1230

----------------------------------------
np=64, OMP_NUM_THREADS=2
----------------------------------------
[Rank 0] Matrix: 66 x 66, nnz=1194 | 1D cyclic rows over P=64
[Rank 0] Local SpMV time: 0.000161 s
[Rank 2] Local SpMV time: 0.004029 s
[Rank 32] Local SpMV time: 0.000101 s
[Rank 34] Local SpMV time: 0.000064 s
[Rank 40] Local SpMV time: 0.000266 s
[Rank 16] Local SpMV time: 0.004388 s
[Rank 20] Local SpMV time: 0.003978 s
[Rank 24] Local SpMV time: 0.000198 s
[Rank 8] Local SpMV time: 0.004318 s
[Rank 48] Local SpMV time: 0.004590 s
[Rank 4] Local SpMV time: 0.000808 s
[Rank 1] Local SpMV time: 0.003985 s
[Rank 36] Local SpMV time: 0.001044 s
[Rank 33] Local SpMV time: 0.000061 s
[Rank 26] Local SpMV time: 0.000264 s
[Rank 42] Local SpMV time: 0.004397 s
[Rank 10] Local SpMV time: 0.008509 s
[Rank 56] Local SpMV time: 0.004029 s
[Rank 52] Local SpMV time: 0.008156 s
[Rank 5] Local SpMV time: 0.003995 s
[Rank 50] Local SpMV time: 0.000460 s
[Rank 44] Local SpMV time: 0.004556 s
[Rank 9] Local SpMV time: 0.000052 s
[Rank 28] Local SpMV time: 0.000887 s
[Rank 18] Local SpMV time: 0.001086 s
[Rank 12] Local SpMV time: 0.005209 s
[Rank 60] Local SpMV time: 0.000149 s
[Rank 6] Local SpMV time: 0.011960 s
[Rank 22] Local SpMV time: 0.000350 s
[Rank 11] Local SpMV time: 0.000056 s
[Rank 54] Local SpMV time: 0.004496 s
[Rank 37] Local SpMV time: 0.000325 s
[Rank 62] Local SpMV time: 0.008638 s
[Rank 17] Local SpMV time: 0.000589 s
[Rank 38] Local SpMV time: 0.012764 s
[Rank 49] Local SpMV time: 0.000849 s
[Rank 3] Local SpMV time: 0.000050 s
[Rank 7] Local SpMV time: 0.000316 s
[Rank 30] Local SpMV time: 0.000175 s
[Rank 41] Local SpMV time: 0.000120 s
[Rank 57] Local SpMV time: 0.004385 s
[Rank 58] Local SpMV time: 0.007950 s
[Rank 19] Local SpMV time: 0.000779 s
[Rank 46] Local SpMV time: 0.003979 s
[Rank 35] Local SpMV time: 0.003998 s
[Rank 25] Local SpMV time: 0.000118 s
[Rank 39] Local SpMV time: 0.004321 s
[Rank 14] Local SpMV time: 0.000069 s
[Rank 45] Local SpMV time: 0.000651 s
[Rank 53] Local SpMV time: 0.004925 s
[Rank 55] Local SpMV time: 0.001248 s
[Rank 13] Local SpMV time: 0.000052 s
[Rank 59] Local SpMV time: 0.000058 s
[Rank 29] Local SpMV time: 0.000380 s
[Rank 27] Local SpMV time: 0.000644 s
[Rank 47] Local SpMV time: 0.000984 s
[Rank 43] Local SpMV time: 0.001323 s
[Rank 51] Local SpMV time: 0.005630 s
[Rank 21] Local SpMV time: 0.000052 s
[Rank 61] Local SpMV time: 0.000055 s
[Rank 15] Local SpMV time: 0.000052 s
[Rank 23] Local SpMV time: 0.000059 s
[Rank 31] Local SpMV time: 0.003996 s
[Rank 63] Local SpMV time: 0.000055 s

-----------------------------------------------------------------------------------------------
  P |  Time(s) | Comp% | Comm% |  GFLOP/s | Speedup |  Eff% | Mem(MiB) | NNZ min | NNZ avg | NNZ max
-----------------------------------------------------------------------------------------------
 64 |   0.0128 |  99.8 | 7033.2 |     0.000 |    1.14 |   1.78 |     0.00 |       0 |      9.4 |      60
Global FLOPs per SpMV: 1200

----------------------------------------
np=128, OMP_NUM_THREADS=1
----------------------------------------
[Rank 0] Matrix: 66 x 66, nnz=1194 | 1D cyclic rows over P=128
[Rank 0] Local SpMV time: 0.000025 s
[Rank 8] Local SpMV time: 0.000020 s
[Rank 64] Local SpMV time: 0.000017 s
[Rank 96] Local SpMV time: 0.000019 s
[Rank 1] Local SpMV time: 0.000029 s
[Rank 32] Local SpMV time: 0.000015 s
[Rank 112] Local SpMV time: 0.000017 s
[Rank 120] Local SpMV time: 0.000018 s
[Rank 100] Local SpMV time: 0.000017 s
[Rank 16] Local SpMV time: 0.000014 s
[Rank 66] Local SpMV time: 0.000014 s
[Rank 24] Local SpMV time: 0.000015 s
[Rank 122] Local SpMV time: 0.000018 s
[Rank 65] Local SpMV time: 0.000022 s
[Rank 2] Local SpMV time: 0.000017 s
[Rank 81] Local SpMV time: 0.000019 s
[Rank 80] Local SpMV time: 0.000017 s
[Rank 36] Local SpMV time: 0.000017 s
[Rank 69] Local SpMV time: 0.000018 s
[Rank 40] Local SpMV time: 0.000017 s
[Rank 104] Local SpMV time: 0.000018 s
[Rank 4] Local SpMV time: 0.000014 s
[Rank 6] Local SpMV time: 0.000019 s
[Rank 42] Local SpMV time: 0.000018 s
[Rank 106] Local SpMV time: 0.000014 s
[Rank 38] Local SpMV time: 0.000017 s
[Rank 97] Local SpMV time: 0.000020 s
[Rank 114] Local SpMV time: 0.000017 s
[Rank 99] Local SpMV time: 0.000019 s
[Rank 26] Local SpMV time: 0.000018 s
[Rank 18] Local SpMV time: 0.000019 s
[Rank 17] Local SpMV time: 0.000020 s
[Rank 12] Local SpMV time: 0.000013 s
[Rank 10] Local SpMV time: 0.000018 s
[Rank 14] Local SpMV time: 0.000017 s
[Rank 71] Local SpMV time: 0.000018 s
[Rank 72] Local SpMV time: 0.000019 s
[Rank 5] Local SpMV time: 0.000018 s
[Rank 9] Local SpMV time: 0.000019 s
[Rank 101] Local SpMV time: 0.000021 s
[Rank 28] Local SpMV time: 0.000017 s
[Rank 89] Local SpMV time: 0.000019 s
[Rank 102] Local SpMV time: 0.000019 s
[Rank 88] Local SpMV time: 0.000018 s
[Rank 103] Local SpMV time: 0.000018 s
[Rank 98] Local SpMV time: 0.000017 s
[Rank 7] Local SpMV time: 0.000021 s
[Rank 124] Local SpMV time: 0.000018 s
[Rank 73] Local SpMV time: 0.000023 s
[Rank 90] Local SpMV time: 0.000017 s
[Rank 67] Local SpMV time: 0.000021 s
[Rank 68] Local SpMV time: 0.000018 s
[Rank 20] Local SpMV time: 0.000019 s
[Rank 11] Local SpMV time: 0.000017 s
[Rank 116] Local SpMV time: 0.000018 s
[Rank 3] Local SpMV time: 0.000019 s
[Rank 48] Local SpMV time: 0.000016 s
[Rank 34] Local SpMV time: 0.000019 s
[Rank 91] Local SpMV time: 0.000021 s
[Rank 33] Local SpMV time: 0.000020 s
[Rank 92] Local SpMV time: 0.000017 s
[Rank 75] Local SpMV time: 0.000019 s
[Rank 84] Local SpMV time: 0.000014 s
[Rank 113] Local SpMV time: 0.000021 s
[Rank 105] Local SpMV time: 0.000019 s
[Rank 74] Local SpMV time: 0.000018 s
[Rank 115] Local SpMV time: 0.000017 s
[Rank 83] Local SpMV time: 0.000020 s
[Rank 109] Local SpMV time: 0.000021 s
[Rank 19] Local SpMV time: 0.000016 s
[Rank 85] Local SpMV time: 0.000020 s
[Rank 82] Local SpMV time: 0.000016 s
[Rank 117] Local SpMV time: 0.000018 s
[Rank 93] Local SpMV time: 0.000020 s
[Rank 44] Local SpMV time: 0.000014 s
[Rank 108] Local SpMV time: 0.000018 s
[Rank 13] Local SpMV time: 0.000019 s
[Rank 49] Local SpMV time: 0.000020 s
[Rank 77] Local SpMV time: 0.000019 s
[Rank 70] Local SpMV time: 0.000020 s
[Rank 21] Local SpMV time: 0.000018 s
[Rank 30] Local SpMV time: 0.000014 s
[Rank 25] Local SpMV time: 0.000016 s
[Rank 51] Local SpMV time: 0.000019 s
[Rank 37] Local SpMV time: 0.000019 s
[Rank 76] Local SpMV time: 0.000018 s
[Rank 41] Local SpMV time: 0.000018 s
[Rank 119] Local SpMV time: 0.000019 s
[Rank 53] Local SpMV time: 0.000020 s
[Rank 118] Local SpMV time: 0.000019 s
[Rank 126] Local SpMV time: 0.000014 s
[Rank 43] Local SpMV time: 0.000019 s
[Rank 52] Local SpMV time: 0.000014 s
[Rank 35] Local SpMV time: 0.000018 s
[Rank 45] Local SpMV time: 0.000021 s
[Rank 22] Local SpMV time: 0.000014 s
[Rank 79] Local SpMV time: 0.000019 s
[Rank 94] Local SpMV time: 0.000017 s
[Rank 87] Local SpMV time: 0.000019 s
[Rank 56] Local SpMV time: 0.000019 s
[Rank 107] Local SpMV time: 0.000018 s
[Rank 111] Local SpMV time: 0.000017 s
[Rank 55] Local SpMV time: 0.000019 s
[Rank 50] Local SpMV time: 0.000018 s
[Rank 95] Local SpMV time: 0.000022 s
[Rank 86] Local SpMV time: 0.000019 s
[Rank 121] Local SpMV time: 0.000018 s
[Rank 110] Local SpMV time: 0.000018 s
[Rank 58] Local SpMV time: 0.000019 s
[Rank 46] Local SpMV time: 0.000018 s
[Rank 123] Local SpMV time: 0.000019 s
[Rank 29] Local SpMV time: 0.000022 s
[Rank 78] Local SpMV time: 0.000019 s
[Rank 57] Local SpMV time: 0.000019 s
[Rank 54] Local SpMV time: 0.000015 s
[Rank 15] Local SpMV time: 0.000019 s
[Rank 23] Local SpMV time: 0.000019 s
[Rank 47] Local SpMV time: 0.000020 s
[Rank 59] Local SpMV time: 0.000020 s
[Rank 27] Local SpMV time: 0.000020 s
[Rank 39] Local SpMV time: 0.000018 s
[Rank 60] Local SpMV time: 0.000021 s
[Rank 62] Local SpMV time: 0.000014 s
[Rank 125] Local SpMV time: 0.000021 s
[Rank 61] Local SpMV time: 0.000020 s
[Rank 31] Local SpMV time: 0.000019 s
[Rank 63] Local SpMV time: 0.000020 s
[Rank 127] Local SpMV time: 0.000023 s

-----------------------------------------------------------------------------------------------
  P |  Time(s) | Comp% | Comm% |  GFLOP/s | Speedup |  Eff% | Mem(MiB) | NNZ min | NNZ avg | NNZ max
-----------------------------------------------------------------------------------------------
128 |   0.0001 |  33.1 | 2378627.9 |     0.021 |  169.16 | 132.16 |     0.00 |       0 |      7.1 |      30
Global FLOPs per SpMV: 1820

