Strong scaling results for Journals.mtx
Date: Fri Jan  2 21:02:53 CET 2026
========================================

[Rank 0] Matrix: 124 x 124, nnz=6096 | grid=1x1 | pattern=0 symmetric=1
[Rank 0] Matrix: 124 x 124, nnz=6096 | grid=1x1
[Rank 0] Local SpMV time: 0.000076 s
Global FLOPs per SpMV: 24136

-----------------------------------------------------------------------------------------------
  P |  Time(s) | Comp% | Comm% |  GFLOP/s | Speedup |  Eff% | Mem(MiB) | NNZ min | NNZ avg | NNZ max
-----------------------------------------------------------------------------------------------
  1 |   0.0001 |  76.4 |   5.0 |     0.243 |    N/A   |   N/A  |     0.33 |   12068 |  12068.0 |   12068
BASELINE_T1=0.0001

----------------------------------------
np = 2
----------------------------------------
[Rank 0] Matrix: 124 x 124, nnz=6096 | grid=2x1 | pattern=0 symmetric=1
[Rank 0] Matrix: 124 x 124, nnz=6096 | grid=2x1
[Rank 0] Local SpMV time: 0.000074 s
Global FLOPs per SpMV: 17714
[Rank 1] Local SpMV time: 0.000043 s

-----------------------------------------------------------------------------------------------
  P |  Time(s) | Comp% | Comm% |  GFLOP/s | Speedup |  Eff% | Mem(MiB) | NNZ min | NNZ avg | NNZ max
-----------------------------------------------------------------------------------------------
  2 |   0.0002 |  36.1 |  36.7 |     0.086 |    0.49 |  24.41 |     0.16 |    2958 |   4428.5 |    5899

----------------------------------------
np = 4
----------------------------------------
[Rank 0] Matrix: 124 x 124, nnz=6096 | grid=2x2 | pattern=0 symmetric=1
[Rank 0] Matrix: 124 x 124, nnz=6096 | grid=2x2
[Rank 0] Local SpMV time: 0.000026 s
Global FLOPs per SpMV: 14456
[Rank 2] Local SpMV time: 0.000022 s
[Rank 1] Local SpMV time: 0.000040 s
[Rank 3] Local SpMV time: 0.000018 s

-----------------------------------------------------------------------------------------------
  P |  Time(s) | Comp% | Comm% |  GFLOP/s | Speedup |  Eff% | Mem(MiB) | NNZ min | NNZ avg | NNZ max
-----------------------------------------------------------------------------------------------
  4 |   0.0002 |  22.9 |  75.4 |     0.084 |    0.58 |  14.56 |     0.08 |     689 |   1807.0 |    2876

----------------------------------------
np = 8
----------------------------------------
[Rank 0] Matrix: 124 x 124, nnz=6096 | grid=4x2 | pattern=0 symmetric=1
[Rank 0] Matrix: 124 x 124, nnz=6096 | grid=4x2
[Rank 1] Local SpMV time: 0.000028 s
[Rank 5] Local SpMV time: 0.000029 s
[Rank 3] Local SpMV time: 0.000036 s
[Rank 0] Local SpMV time: 0.000039 s
Global FLOPs per SpMV: 13186
[Rank 7] Local SpMV time: 0.000031 s
[Rank 2] Local SpMV time: 0.000035 s
[Rank 4] Local SpMV time: 0.000033 s
[Rank 6] Local SpMV time: 0.000033 s

-----------------------------------------------------------------------------------------------
  P |  Time(s) | Comp% | Comm% |  GFLOP/s | Speedup |  Eff% | Mem(MiB) | NNZ min | NNZ avg | NNZ max
-----------------------------------------------------------------------------------------------
  8 |   0.0002 |  18.9 |  70.1 |     0.063 |    0.48 |   5.99 |     0.04 |     166 |    824.1 |    1439

----------------------------------------
np = 16
----------------------------------------
[Rank 0] Matrix: 124 x 124, nnz=6096 | grid=4x4 | pattern=0 symmetric=1
[Rank 0] Matrix: 124 x 124, nnz=6096 | grid=4x4
[Rank 1] Local SpMV time: 0.000016 s
[Rank 0] Local SpMV time: 0.000030 s
Global FLOPs per SpMV: 12430
[Rank 9] Local SpMV time: 0.000015 s
[Rank 2] Local SpMV time: 0.000025 s
[Rank 3] Local SpMV time: 0.000021 s
[Rank 4] Local SpMV time: 0.000029 s
[Rank 5] Local SpMV time: 0.000031 s
[Rank 6] Local SpMV time: 0.000023 s
[Rank 7] Local SpMV time: 0.000028 s
[Rank 8] Local SpMV time: 0.000023 s
[Rank 11] Local SpMV time: 0.000024 s
[Rank 10] Local SpMV time: 0.000026 s
[Rank 13] Local SpMV time: 0.000026 s
[Rank 12] Local SpMV time: 0.000024 s
[Rank 15] Local SpMV time: 0.000022 s
[Rank 14] Local SpMV time: 0.000022 s

-----------------------------------------------------------------------------------------------
  P |  Time(s) | Comp% | Comm% |  GFLOP/s | Speedup |  Eff% | Mem(MiB) | NNZ min | NNZ avg | NNZ max
-----------------------------------------------------------------------------------------------
 16 |   0.0002 |  14.9 |  74.3 |     0.060 |    0.48 |   3.01 |     0.02 |      45 |    388.4 |     735

----------------------------------------
np = 32
----------------------------------------
[Rank 0] Matrix: 124 x 124, nnz=6096 | grid=8x4 | pattern=0 symmetric=1
[Rank 0] Matrix: 124 x 124, nnz=6096 | grid=8x4
[Rank 0] Local SpMV time: 0.000059 s
Global FLOPs per SpMV: 11916
[Rank 1] Local SpMV time: 0.000015 s
[Rank 2] Local SpMV time: 0.000057 s
[Rank 3] Local SpMV time: 0.000017 s
[Rank 4] Local SpMV time: 0.000073 s
[Rank 5] Local SpMV time: 0.000052 s
[Rank 6] Local SpMV time: 0.000046 s
[Rank 7] Local SpMV time: 0.000056 s
[Rank 8] Local SpMV time: 0.000066 s
[Rank 9] Local SpMV time: 0.000033 s
[Rank 10] Local SpMV time: 0.000059 s
[Rank 11] Local SpMV time: 0.000033 s
[Rank 12] Local SpMV time: 0.000053 s
[Rank 13] Local SpMV time: 0.000054 s
[Rank 14] Local SpMV time: 0.000057 s
[Rank 15] Local SpMV time: 0.000060 s
[Rank 16] Local SpMV time: 0.000026 s
[Rank 17] Local SpMV time: 0.000064 s
[Rank 18] Local SpMV time: 0.000026 s
[Rank 19] Local SpMV time: 0.000037 s
[Rank 20] Local SpMV time: 0.000026 s
[Rank 21] Local SpMV time: 0.000063 s
[Rank 22] Local SpMV time: 0.000055 s
[Rank 23] Local SpMV time: 0.000050 s
[Rank 24] Local SpMV time: 0.000046 s
[Rank 25] Local SpMV time: 0.000063 s
[Rank 26] Local SpMV time: 0.000057 s
[Rank 27] Local SpMV time: 0.000032 s
[Rank 28] Local SpMV time: 0.000053 s
[Rank 29] Local SpMV time: 0.000047 s
[Rank 30] Local SpMV time: 0.000063 s
[Rank 31] Local SpMV time: 0.000054 s

-----------------------------------------------------------------------------------------------
  P |  Time(s) | Comp% | Comm% |  GFLOP/s | Speedup |  Eff% | Mem(MiB) | NNZ min | NNZ avg | NNZ max
-----------------------------------------------------------------------------------------------
 32 |   0.0003 |  23.5 |  75.4 |     0.039 |    0.32 |   1.01 |     0.01 |      10 |    186.2 |     383

----------------------------------------
np = 64
----------------------------------------
[Rank 0] Matrix: 124 x 124, nnz=6096 | grid=8x8 | pattern=0 symmetric=1
[Rank 0] Matrix: 124 x 124, nnz=6096 | grid=8x8
[Rank 0] Local SpMV time: 0.000020 s
[Rank 1] Local SpMV time: 0.000025 s
[Rank 4] Local SpMV time: 0.000022 s
[Rank 5] Local SpMV time: 0.000017 s
[Rank 8] Local SpMV time: 0.000015 s
[Rank 33] Local SpMV time: 0.000018 s
[Rank 12] Local SpMV time: 0.000067 s
[Rank 3] Local SpMV time: 0.000056 s
[Rank 16] Local SpMV time: 0.000068 s
[Rank 7] Local SpMV time: 0.000080 s
[Rank 26] Local SpMV time: 0.000071 s
[Rank 9] Local SpMV time: 0.000031 s
[Rank 28] Local SpMV time: 0.000036 s
[Rank 13] Local SpMV time: 0.000035 s
[Rank 36] Local SpMV time: 0.000037 s
[Rank 17] Local SpMV time: 0.000062 s
[Rank 44] Local SpMV time: 0.000057 s
[Rank 19] Local SpMV time: 0.000049 s
[Rank 46] Local SpMV time: 0.000047 s
[Rank 25] Local SpMV time: 0.000071 s
[Rank 48] Local SpMV time: 0.000034 s
[Rank 31] Local SpMV time: 0.000043 s
[Rank 62] Local SpMV time: 0.000046 s
[Rank 35] Local SpMV time: 0.000050 s
Global FLOPs per SpMV: 11820
[Rank 37] Local SpMV time: 0.000069 s
[Rank 2] Local SpMV time: 0.000137 s
[Rank 57] Local SpMV time: 0.000038 s
[Rank 6] Local SpMV time: 0.000115 s
[Rank 59] Local SpMV time: 0.000054 s
[Rank 10] Local SpMV time: 0.000130 s
[Rank 11] Local SpMV time: 0.000108 s
[Rank 14] Local SpMV time: 0.000116 s
[Rank 15] Local SpMV time: 0.000099 s
[Rank 18] Local SpMV time: 0.000100 s
[Rank 21] Local SpMV time: 0.000137 s
[Rank 20] Local SpMV time: 0.000113 s
[Rank 23] Local SpMV time: 0.000100 s
[Rank 22] Local SpMV time: 0.000114 s
[Rank 27] Local SpMV time: 0.000106 s
[Rank 24] Local SpMV time: 0.000117 s
[Rank 29] Local SpMV time: 0.000094 s
[Rank 30] Local SpMV time: 0.000130 s
[Rank 39] Local SpMV time: 0.000122 s
[Rank 32] Local SpMV time: 0.000113 s
[Rank 41] Local SpMV time: 0.000138 s
[Rank 34] Local SpMV time: 0.000095 s
[Rank 45] Local SpMV time: 0.000147 s
[Rank 38] Local SpMV time: 0.000128 s
[Rank 47] Local SpMV time: 0.000113 s
[Rank 40] Local SpMV time: 0.000114 s
[Rank 49] Local SpMV time: 0.000128 s
[Rank 42] Local SpMV time: 0.000113 s
[Rank 51] Local SpMV time: 0.000115 s
[Rank 50] Local SpMV time: 0.000120 s
[Rank 53] Local SpMV time: 0.000116 s
[Rank 52] Local SpMV time: 0.000117 s
[Rank 55] Local SpMV time: 0.000109 s
[Rank 54] Local SpMV time: 0.000094 s
[Rank 61] Local SpMV time: 0.000113 s
[Rank 56] Local SpMV time: 0.000118 s
[Rank 63] Local SpMV time: 0.000094 s
[Rank 58] Local SpMV time: 0.000113 s
[Rank 43] Local SpMV time: 0.000148 s
[Rank 60] Local SpMV time: 0.000118 s

-----------------------------------------------------------------------------------------------
  P |  Time(s) | Comp% | Comm% |  GFLOP/s | Speedup |  Eff% | Mem(MiB) | NNZ min | NNZ avg | NNZ max
-----------------------------------------------------------------------------------------------
 64 |   0.0003 |  49.2 |  51.3 |     0.039 |    0.33 |   0.52 |     0.01 |       1 |     92.3 |     204

----------------------------------------
np = 128
----------------------------------------
[Rank 0] Matrix: 124 x 124, nnz=6096 | grid=16x8 | pattern=0 symmetric=1
[Rank 0] Matrix: 124 x 124, nnz=6096 | grid=16x8
[Rank 0] Local SpMV time: 0.000022 s
[Rank 2] Local SpMV time: 0.000020 s
[Rank 4] Local SpMV time: 0.000021 s
[Rank 8] Local SpMV time: 0.000021 s
[Rank 10] Local SpMV time: 0.000019 s
[Rank 16] Local SpMV time: 0.000027 s
[Rank 18] Local SpMV time: 0.000017 s
[Rank 74] Local SpMV time: 0.000018 s
[Rank 30] Local SpMV time: 0.000121 s
[Rank 1] Local SpMV time: 0.000026 s
[Rank 32] Local SpMV time: 0.000113 s
[Rank 7] Local SpMV time: 0.000032 s
[Rank 40] Local SpMV time: 0.000135 s
[Rank 9] Local SpMV time: 0.000024 s
[Rank 66] Local SpMV time: 0.000100 s
[Rank 15] Local SpMV time: 0.000042 s
[Rank 96] Local SpMV time: 0.000135 s
[Rank 39] Local SpMV time: 0.000037 s
[Rank 102] Local SpMV time: 0.000125 s
[Rank 47] Local SpMV time: 0.000022 s
[Rank 12] Local SpMV time: 0.000165 s
[Rank 49] Local SpMV time: 0.000061 s
[Rank 14] Local SpMV time: 0.000158 s
[Rank 65] Local SpMV time: 0.000021 s
[Rank 26] Local SpMV time: 0.000172 s
[Rank 71] Local SpMV time: 0.000037 s
[Rank 28] Local SpMV time: 0.000144 s
[Rank 73] Local SpMV time: 0.000035 s
[Rank 34] Local SpMV time: 0.000169 s
[Rank 93] Local SpMV time: 0.000087 s
[Rank 36] Local SpMV time: 0.000160 s
[Rank 3] Local SpMV time: 0.000234 s
[Rank 42] Local SpMV time: 0.000159 s
[Rank 17] Local SpMV time: 0.000218 s
[Rank 44] Local SpMV time: 0.000159 s
[Rank 21] Local SpMV time: 0.000242 s
[Rank 48] Local SpMV time: 0.000162 s
[Rank 23] Local SpMV time: 0.000207 s
[Rank 52] Local SpMV time: 0.000165 s
[Rank 25] Local SpMV time: 0.000246 s
[Rank 56] Local SpMV time: 0.000142 s
[Rank 29] Local SpMV time: 0.000230 s
[Rank 68] Local SpMV time: 0.000164 s
[Rank 31] Local SpMV time: 0.000218 s
[Rank 76] Local SpMV time: 0.000163 s
[Rank 33] Local SpMV time: 0.000145 s
[Rank 78] Local SpMV time: 0.000185 s
[Rank 37] Local SpMV time: 0.000243 s
[Rank 84] Local SpMV time: 0.000157 s
[Rank 41] Local SpMV time: 0.000165 s
[Rank 86] Local SpMV time: 0.000144 s
[Rank 81] Local SpMV time: 0.000227 s
[Rank 90] Local SpMV time: 0.000147 s
[Rank 87] Local SpMV time: 0.000170 s
[Rank 94] Local SpMV time: 0.000152 s
[Rank 91] Local SpMV time: 0.000122 s
[Rank 114] Local SpMV time: 0.000188 s
[Rank 95] Local SpMV time: 0.000239 s
[Rank 20] Local SpMV time: 0.000242 s
[Rank 103] Local SpMV time: 0.000179 s
[Rank 22] Local SpMV time: 0.000214 s
[Rank 105] Local SpMV time: 0.000229 s
[Rank 24] Local SpMV time: 0.000201 s
[Rank 107] Local SpMV time: 0.000096 s
[Rank 38] Local SpMV time: 0.000242 s
[Rank 117] Local SpMV time: 0.000226 s
[Rank 60] Local SpMV time: 0.000239 s
[Rank 119] Local SpMV time: 0.000238 s
[Rank 72] Local SpMV time: 0.000193 s
[Rank 123] Local SpMV time: 0.000244 s
[Rank 80] Local SpMV time: 0.000251 s
[Rank 127] Local SpMV time: 0.000232 s
[Rank 88] Local SpMV time: 0.000233 s
[Rank 5] Local SpMV time: 0.000275 s
[Rank 92] Local SpMV time: 0.000224 s
[Rank 11] Local SpMV time: 0.000255 s
[Rank 98] Local SpMV time: 0.000204 s
[Rank 13] Local SpMV time: 0.000288 s
[Rank 104] Local SpMV time: 0.000240 s
[Rank 19] Local SpMV time: 0.000257 s
[Rank 106] Local SpMV time: 0.000247 s
[Rank 27] Local SpMV time: 0.000261 s
[Rank 110] Local SpMV time: 0.000218 s
[Rank 35] Local SpMV time: 0.000288 s
[Rank 112] Local SpMV time: 0.000222 s
[Rank 43] Local SpMV time: 0.000253 s
[Rank 118] Local SpMV time: 0.000248 s
[Rank 45] Local SpMV time: 0.000247 s
[Rank 120] Local SpMV time: 0.000217 s
[Rank 51] Local SpMV time: 0.000293 s
[Rank 122] Local SpMV time: 0.000271 s
[Rank 53] Local SpMV time: 0.000275 s
[Rank 108] Local SpMV time: 0.000283 s
[Rank 55] Local SpMV time: 0.000256 s
[Rank 6] Local SpMV time: 0.000502 s
[Rank 57] Local SpMV time: 0.000272 s
[Rank 62] Local SpMV time: 0.000501 s
[Rank 59] Local SpMV time: 0.000271 s
[Rank 70] Local SpMV time: 0.000497 s
[Rank 61] Local SpMV time: 0.000276 s
[Rank 46] Local SpMV time: 0.000514 s
[Rank 63] Local SpMV time: 0.000272 s
[Rank 50] Local SpMV time: 0.000526 s
[Rank 67] Local SpMV time: 0.000306 s
[Rank 64] Local SpMV time: 0.000516 s
[Rank 69] Local SpMV time: 0.000254 s
[Rank 116] Local SpMV time: 0.000521 s
[Rank 75] Local SpMV time: 0.000263 s
[Rank 126] Local SpMV time: 0.000532 s
[Rank 77] Local SpMV time: 0.000251 s
[Rank 79] Local SpMV time: 0.000272 s
[Rank 83] Local SpMV time: 0.000265 s
[Rank 85] Local SpMV time: 0.000283 s
[Rank 89] Local SpMV time: 0.000246 s
[Rank 97] Local SpMV time: 0.000252 s
[Rank 99] Local SpMV time: 0.000261 s
[Rank 101] Local SpMV time: 0.000254 s
[Rank 109] Local SpMV time: 0.000287 s
[Rank 111] Local SpMV time: 0.000251 s
[Rank 113] Local SpMV time: 0.000272 s
[Rank 115] Local SpMV time: 0.000257 s
[Rank 121] Local SpMV time: 0.000283 s
[Rank 125] Local SpMV time: 0.000262 s
[Rank 100] Local SpMV time: 0.001153 s
[Rank 54] Local SpMV time: 0.001168 s
[Rank 124] Local SpMV time: 0.001157 s
[Rank 58] Local SpMV time: 0.001159 s
Global FLOPs per SpMV: 11932
[Rank 82] Local SpMV time: 0.013487 s

-----------------------------------------------------------------------------------------------
  P |  Time(s) | Comp% | Comm% |  GFLOP/s | Speedup |  Eff% | Mem(MiB) | NNZ min | NNZ avg | NNZ max
-----------------------------------------------------------------------------------------------
128 |   0.0136 |  98.9 |  98.4 |     0.001 |    0.01 |   0.01 |     0.00 |       0 |     46.6 |      96

