Strong scaling results for bcsstk05.mtx
Date: Fri Jan  9 10:47:45 CET 2026
----------------------------------------

[Rank 0] Matrix: 153 x 153, nnz=1288 | 1D cyclic rows over P=1
[Rank 0] Local SpMV time: 0.002303 s

-----------------------------------------------------------------------------------------------
  P |  Time(s) | Comp% | Comm% |  GFLOP/s | Speedup |  Eff% | Mem(MiB) | NNZ min | NNZ avg | NNZ max
-----------------------------------------------------------------------------------------------
  1 |   0.0024 |  97.6 |   1.8 |     0.002 |    N/A   |   N/A  |     0.07 |    2423 |   2423.0 |    2423
Global FLOPs per SpMV: 4846
BASELINE_T1=0.0024

----------------------------------------
np=2, OMP_NUM_THREADS=64
----------------------------------------
[Rank 0] Matrix: 153 x 153, nnz=1288 | 1D cyclic rows over P=2
[Rank 0] Local SpMV time: 0.001707 s

-----------------------------------------------------------------------------------------------
  P |  Time(s) | Comp% | Comm% |  GFLOP/s | Speedup |  Eff% | Mem(MiB) | NNZ min | NNZ avg | NNZ max
-----------------------------------------------------------------------------------------------
  2 |   0.0018 |  93.7 |   6.1 |     0.002 |    1.32 |  65.89 |     0.03 |     581 |    899.5 |    1218
Global FLOPs per SpMV: 3598
[Rank 1] Local SpMV time: 0.001597 s

----------------------------------------
np=4, OMP_NUM_THREADS=32
----------------------------------------
[Rank 0] Matrix: 153 x 153, nnz=1288 | 1D cyclic rows over P=4
[Rank 1] Local SpMV time: 0.001101 s
[Rank 3] Local SpMV time: 0.016139 s
[Rank 2] Local SpMV time: 0.026987 s
[Rank 0] Local SpMV time: 0.036617 s

-----------------------------------------------------------------------------------------------
  P |  Time(s) | Comp% | Comm% |  GFLOP/s | Speedup |  Eff% | Mem(MiB) | NNZ min | NNZ avg | NNZ max
-----------------------------------------------------------------------------------------------
  4 |   0.0760 |  48.2 |  51.8 |     0.000 |    0.03 |   0.79 |     0.02 |     143 |    370.8 |     614
Global FLOPs per SpMV: 2966

----------------------------------------
np=8, OMP_NUM_THREADS=16
----------------------------------------
[Rank 0] Matrix: 153 x 153, nnz=1288 | 1D cyclic rows over P=8
[Rank 4] Local SpMV time: 0.000526 s
[Rank 1] Local SpMV time: 0.001734 s
[Rank 0] Local SpMV time: 0.004234 s
[Rank 5] Local SpMV time: 0.016677 s
[Rank 6] Local SpMV time: 0.018431 s
[Rank 3] Local SpMV time: 0.044004 s
[Rank 2] Local SpMV time: 0.044005 s
[Rank 7] Local SpMV time: 0.044007 s

-----------------------------------------------------------------------------------------------
  P |  Time(s) | Comp% | Comm% |  GFLOP/s | Speedup |  Eff% | Mem(MiB) | NNZ min | NNZ avg | NNZ max
-----------------------------------------------------------------------------------------------
  8 |   0.2650 |  16.6 | 138.0 |     0.000 |    0.01 |   0.11 |     0.01 |      36 |    166.6 |     306
Global FLOPs per SpMV: 2666

----------------------------------------
np=16, OMP_NUM_THREADS=8
----------------------------------------
[Rank 0] Matrix: 153 x 153, nnz=1288 | 1D cyclic rows over P=16
[Rank 15] Local SpMV time: 0.000280 s
[Rank 8] Local SpMV time: 0.000339 s
[Rank 5] Local SpMV time: 0.002608 s
[Rank 6] Local SpMV time: 0.013231 s
[Rank 13] Local SpMV time: 0.002692 s
[Rank 14] Local SpMV time: 0.003380 s
[Rank 11] Local SpMV time: 0.002750 s
[Rank 3] Local SpMV time: 0.002814 s
[Rank 7] Local SpMV time: 0.015740 s
[Rank 10] Local SpMV time: 0.023988 s
[Rank 9] Local SpMV time: 0.003976 s
[Rank 1] Local SpMV time: 0.017069 s
[Rank 12] Local SpMV time: 0.076634 s
[Rank 2] Local SpMV time: 0.087995 s
[Rank 0] Local SpMV time: 0.087985 s
[Rank 4] Local SpMV time: 0.087999 s

-----------------------------------------------------------------------------------------------
  P |  Time(s) | Comp% | Comm% |  GFLOP/s | Speedup |  Eff% | Mem(MiB) | NNZ min | NNZ avg | NNZ max
-----------------------------------------------------------------------------------------------
 16 |   0.7030 |  12.5 | 100.8 |     0.000 |    0.00 |   0.02 |     0.01 |       7 |     80.1 |     153
Global FLOPs per SpMV: 2562

----------------------------------------
np=32, OMP_NUM_THREADS=4
----------------------------------------
[Rank 0] Matrix: 153 x 153, nnz=1288 | 1D cyclic rows over P=32
[Rank 30] Local SpMV time: 0.000402 s
[Rank 28] Local SpMV time: 0.013235 s
[Rank 26] Local SpMV time: 0.000181 s
[Rank 27] Local SpMV time: 0.055094 s
[Rank 31] Local SpMV time: 0.011013 s
[Rank 29] Local SpMV time: 0.000157 s
[Rank 18] Local SpMV time: 0.000246 s
[Rank 20] Local SpMV time: 0.013134 s
[Rank 25] Local SpMV time: 0.000188 s
[Rank 0] Local SpMV time: 0.003925 s
[Rank 3] Local SpMV time: 0.002167 s
[Rank 16] Local SpMV time: 0.006156 s
[Rank 15] Local SpMV time: 0.004214 s
[Rank 8] Local SpMV time: 0.007907 s
[Rank 9] Local SpMV time: 0.000150 s
[Rank 4] Local SpMV time: 0.000221 s
[Rank 24] Local SpMV time: 0.013000 s
[Rank 21] Local SpMV time: 0.000151 s
[Rank 22] Local SpMV time: 0.003899 s
[Rank 23] Local SpMV time: 0.001954 s
[Rank 12] Local SpMV time: 0.005641 s
[Rank 17] Local SpMV time: 0.003942 s
[Rank 10] Local SpMV time: 0.007357 s
[Rank 19] Local SpMV time: 0.005832 s
[Rank 14] Local SpMV time: 0.009125 s
[Rank 5] Local SpMV time: 0.007615 s
[Rank 2] Local SpMV time: 0.000093 s
[Rank 11] Local SpMV time: 0.009421 s
[Rank 6] Local SpMV time: 0.001865 s
[Rank 7] Local SpMV time: 0.175991 s
[Rank 1] Local SpMV time: 0.176003 s
[Rank 13] Local SpMV time: 0.176003 s

-----------------------------------------------------------------------------------------------
  P |  Time(s) | Comp% | Comm% |  GFLOP/s | Speedup |  Eff% | Mem(MiB) | NNZ min | NNZ avg | NNZ max
-----------------------------------------------------------------------------------------------
 32 |   1.5660 |  11.2 | 135.9 |     0.000 |    0.00 |   0.00 |     0.00 |       0 |     37.8 |      77
Global FLOPs per SpMV: 2418

----------------------------------------
np=64, OMP_NUM_THREADS=2
----------------------------------------
[Rank 0] Matrix: 153 x 153, nnz=1288 | 1D cyclic rows over P=64
[Rank 60] Local SpMV time: 0.000198 s
[Rank 58] Local SpMV time: 0.011004 s
[Rank 62] Local SpMV time: 0.001600 s
[Rank 47] Local SpMV time: 0.000113 s
[Rank 54] Local SpMV time: 0.000162 s
[Rank 48] Local SpMV time: 0.000148 s
[Rank 55] Local SpMV time: 0.000092 s
[Rank 49] Local SpMV time: 0.011035 s
[Rank 57] Local SpMV time: 0.000071 s
[Rank 63] Local SpMV time: 0.010943 s
[Rank 53] Local SpMV time: 0.001840 s
[Rank 56] Local SpMV time: 0.000183 s
[Rank 61] Local SpMV time: 0.000136 s
[Rank 59] Local SpMV time: 0.000079 s
[Rank 42] Local SpMV time: 0.000161 s
[Rank 50] Local SpMV time: 0.000087 s
[Rank 46] Local SpMV time: 0.011042 s
[Rank 44] Local SpMV time: 0.000102 s
[Rank 52] Local SpMV time: 0.010972 s
[Rank 43] Local SpMV time: 0.000149 s
[Rank 45] Local SpMV time: 0.000077 s
[Rank 51] Local SpMV time: 0.000086 s
[Rank 41] Local SpMV time: 0.000126 s
[Rank 33] Local SpMV time: 0.000132 s
[Rank 1] Local SpMV time: 0.000141 s
[Rank 4] Local SpMV time: 0.000152 s
[Rank 3] Local SpMV time: 0.022001 s
[Rank 5] Local SpMV time: 0.001682 s
[Rank 0] Local SpMV time: 0.011016 s
[Rank 26] Local SpMV time: 0.001492 s
[Rank 38] Local SpMV time: 0.011051 s
[Rank 6] Local SpMV time: 0.000145 s
[Rank 34] Local SpMV time: 0.001291 s
[Rank 35] Local SpMV time: 0.000082 s
[Rank 25] Local SpMV time: 0.000173 s
[Rank 32] Local SpMV time: 0.000112 s
[Rank 16] Local SpMV time: 0.001349 s
[Rank 21] Local SpMV time: 0.021926 s
[Rank 2] Local SpMV time: 0.002499 s
[Rank 7] Local SpMV time: 0.001536 s
[Rank 36] Local SpMV time: 0.003781 s
[Rank 40] Local SpMV time: 0.004998 s
[Rank 13] Local SpMV time: 0.000059 s
[Rank 12] Local SpMV time: 0.017193 s
[Rank 8] Local SpMV time: 0.007379 s
[Rank 39] Local SpMV time: 0.000102 s
[Rank 10] Local SpMV time: 0.019791 s
[Rank 31] Local SpMV time: 0.001710 s
[Rank 24] Local SpMV time: 0.010998 s
[Rank 37] Local SpMV time: 0.003495 s
[Rank 28] Local SpMV time: 0.023551 s
[Rank 11] Local SpMV time: 0.000069 s
[Rank 20] Local SpMV time: 0.011006 s
[Rank 22] Local SpMV time: 0.001145 s
[Rank 23] Local SpMV time: 0.000064 s
[Rank 27] Local SpMV time: 0.001522 s
[Rank 17] Local SpMV time: 0.000054 s
[Rank 15] Local SpMV time: 0.001531 s
[Rank 30] Local SpMV time: 0.000057 s
[Rank 14] Local SpMV time: 0.000108 s
[Rank 19] Local SpMV time: 0.000104 s
[Rank 9] Local SpMV time: 0.001641 s
[Rank 18] Local SpMV time: 0.000070 s
[Rank 29] Local SpMV time: 0.000106 s

-----------------------------------------------------------------------------------------------
  P |  Time(s) | Comp% | Comm% |  GFLOP/s | Speedup |  Eff% | Mem(MiB) | NNZ min | NNZ avg | NNZ max
-----------------------------------------------------------------------------------------------
 64 |   3.9137 |   0.6 | 136.2 |     0.000 |    0.00 |   0.00 |     0.00 |       0 |     17.8 |      46
Global FLOPs per SpMV: 2284

----------------------------------------
np=128, OMP_NUM_THREADS=1
----------------------------------------
[Rank 0] Matrix: 153 x 153, nnz=1288 | 1D cyclic rows over P=128
[Rank 63] Local SpMV time: 0.000028 s
[Rank 31] Local SpMV time: 0.000021 s
[Rank 79] Local SpMV time: 0.000018 s
[Rank 65] Local SpMV time: 0.000018 s
[Rank 89] Local SpMV time: 0.000017 s
[Rank 71] Local SpMV time: 0.000020 s
[Rank 39] Local SpMV time: 0.000020 s
[Rank 48] Local SpMV time: 0.000026 s
[Rank 81] Local SpMV time: 0.000020 s
[Rank 97] Local SpMV time: 0.000019 s
[Rank 47] Local SpMV time: 0.000019 s
[Rank 67] Local SpMV time: 0.000019 s
[Rank 80] Local SpMV time: 0.000035 s
[Rank 27] Local SpMV time: 0.000019 s
[Rank 40] Local SpMV time: 0.000017 s
[Rank 95] Local SpMV time: 0.000019 s
[Rank 35] Local SpMV time: 0.000033 s
[Rank 77] Local SpMV time: 0.000037 s
[Rank 45] Local SpMV time: 0.000018 s
[Rank 43] Local SpMV time: 0.000034 s
[Rank 68] Local SpMV time: 0.000016 s
[Rank 112] Local SpMV time: 0.000017 s
[Rank 105] Local SpMV time: 0.000017 s
[Rank 72] Local SpMV time: 0.000017 s
[Rank 88] Local SpMV time: 0.000017 s
[Rank 75] Local SpMV time: 0.000018 s
[Rank 76] Local SpMV time: 0.000016 s
[Rank 73] Local SpMV time: 0.000017 s
[Rank 51] Local SpMV time: 0.000017 s
[Rank 25] Local SpMV time: 0.000017 s
[Rank 64] Local SpMV time: 0.000016 s
[Rank 83] Local SpMV time: 0.000017 s
[Rank 28] Local SpMV time: 0.000015 s
[Rank 87] Local SpMV time: 0.000017 s
[Rank 59] Local SpMV time: 0.000017 s
[Rank 91] Local SpMV time: 0.000016 s
[Rank 44] Local SpMV time: 0.000016 s
[Rank 29] Local SpMV time: 0.000016 s
[Rank 37] Local SpMV time: 0.000019 s
[Rank 107] Local SpMV time: 0.000019 s
[Rank 56] Local SpMV time: 0.000019 s
[Rank 104] Local SpMV time: 0.000017 s
[Rank 113] Local SpMV time: 0.000016 s
[Rank 103] Local SpMV time: 0.000033 s
[Rank 36] Local SpMV time: 0.000017 s
[Rank 115] Local SpMV time: 0.000019 s
[Rank 70] Local SpMV time: 0.000016 s
[Rank 99] Local SpMV time: 0.000017 s
[Rank 49] Local SpMV time: 0.000034 s
[Rank 57] Local SpMV time: 0.000017 s
[Rank 60] Local SpMV time: 0.000016 s
[Rank 101] Local SpMV time: 0.000034 s
[Rank 92] Local SpMV time: 0.000017 s
[Rank 41] Local SpMV time: 0.000018 s
[Rank 108] Local SpMV time: 0.000016 s
[Rank 33] Local SpMV time: 0.000018 s
[Rank 111] Local SpMV time: 0.000016 s
[Rank 52] Local SpMV time: 0.000017 s
[Rank 109] Local SpMV time: 0.000017 s
[Rank 50] Local SpMV time: 0.000016 s
[Rank 32] Local SpMV time: 0.000015 s
[Rank 116] Local SpMV time: 0.000016 s
[Rank 55] Local SpMV time: 0.000018 s
[Rank 100] Local SpMV time: 0.000034 s
[Rank 69] Local SpMV time: 0.000033 s
[Rank 84] Local SpMV time: 0.000018 s
[Rank 85] Local SpMV time: 0.000018 s
[Rank 82] Local SpMV time: 0.000019 s
[Rank 38] Local SpMV time: 0.000034 s
[Rank 53] Local SpMV time: 0.000019 s
[Rank 114] Local SpMV time: 0.000018 s
[Rank 93] Local SpMV time: 0.000017 s
[Rank 61] Local SpMV time: 0.000018 s
[Rank 34] Local SpMV time: 0.000017 s
[Rank 74] Local SpMV time: 0.000016 s
[Rank 46] Local SpMV time: 0.000018 s
[Rank 102] Local SpMV time: 0.000033 s
[Rank 42] Local SpMV time: 0.000016 s
[Rank 124] Local SpMV time: 0.000016 s
[Rank 110] Local SpMV time: 0.000017 s
[Rank 78] Local SpMV time: 0.000016 s
[Rank 26] Local SpMV time: 0.000015 s
[Rank 120] Local SpMV time: 0.000050 s
[Rank 86] Local SpMV time: 0.000017 s
[Rank 96] Local SpMV time: 0.000016 s
[Rank 66] Local SpMV time: 0.000016 s
[Rank 54] Local SpMV time: 0.000017 s
[Rank 98] Local SpMV time: 0.000018 s
[Rank 30] Local SpMV time: 0.000018 s
[Rank 119] Local SpMV time: 0.000051 s
[Rank 90] Local SpMV time: 0.000031 s
[Rank 94] Local SpMV time: 0.000018 s
[Rank 106] Local SpMV time: 0.000018 s
[Rank 58] Local SpMV time: 0.000017 s
[Rank 118] Local SpMV time: 0.000016 s
[Rank 127] Local SpMV time: 0.000019 s
[Rank 62] Local SpMV time: 0.000017 s
[Rank 123] Local SpMV time: 0.000050 s
[Rank 117] Local SpMV time: 0.000017 s
[Rank 125] Local SpMV time: 0.000048 s
[Rank 121] Local SpMV time: 0.000018 s
[Rank 122] Local SpMV time: 0.000018 s
[Rank 126] Local SpMV time: 0.000049 s
[Rank 0] Local SpMV time: 0.000022 s
[Rank 5] Local SpMV time: 0.000021 s
[Rank 20] Local SpMV time: 0.000022 s
[Rank 1] Local SpMV time: 0.000036 s
[Rank 13] Local SpMV time: 0.000020 s
[Rank 8] Local SpMV time: 0.000020 s
[Rank 6] Local SpMV time: 0.000019 s
[Rank 21] Local SpMV time: 0.000018 s
[Rank 3] Local SpMV time: 0.000021 s
[Rank 11] Local SpMV time: 0.000019 s
[Rank 23] Local SpMV time: 0.000018 s
[Rank 10] Local SpMV time: 0.000018 s
[Rank 12] Local SpMV time: 0.000019 s
[Rank 17] Local SpMV time: 0.000019 s
[Rank 2] Local SpMV time: 0.000018 s
[Rank 15] Local SpMV time: 0.000034 s
[Rank 18] Local SpMV time: 0.000017 s
[Rank 24] Local SpMV time: 0.000017 s
[Rank 7] Local SpMV time: 0.000020 s
[Rank 9] Local SpMV time: 0.000019 s
[Rank 19] Local SpMV time: 0.000017 s
[Rank 14] Local SpMV time: 0.000019 s
[Rank 16] Local SpMV time: 0.000018 s
[Rank 4] Local SpMV time: 0.000018 s
[Rank 22] Local SpMV time: 0.000017 s

-----------------------------------------------------------------------------------------------
  P |  Time(s) | Comp% | Comm% |  GFLOP/s | Speedup |  Eff% | Mem(MiB) | NNZ min | NNZ avg | NNZ max
-----------------------------------------------------------------------------------------------
128 |   8.4760 |   0.0 | 117.1 |     0.000 |    0.00 |   0.00 |     0.00 |       0 |      4.0 |      39
Global FLOPs per SpMV: 1018

