Strong scaling results for breasttissue_10NN.mtx
Date: Fri Jan  9 10:56:59 CET 2026
----------------------------------------

[Rank 0] Matrix: 106 x 106, nnz=706 | 1D cyclic rows over P=1
[Rank 0] Local SpMV time: 0.002725 s

-----------------------------------------------------------------------------------------------
  P |  Time(s) | Comp% | Comm% |  GFLOP/s | Speedup |  Eff% | Mem(MiB) | NNZ min | NNZ avg | NNZ max
-----------------------------------------------------------------------------------------------
  1 |   0.0028 |  97.8 |   1.5 |     0.001 |    N/A   |   N/A  |     0.04 |    1412 |   1412.0 |    1412
Global FLOPs per SpMV: 2824
BASELINE_T1=0.0028

----------------------------------------
np=2, OMP_NUM_THREADS=64
----------------------------------------
[Rank 0] Matrix: 106 x 106, nnz=706 | 1D cyclic rows over P=2
[Rank 1] Local SpMV time: 0.002116 s
[Rank 0] Local SpMV time: 0.001623 s

-----------------------------------------------------------------------------------------------
  P |  Time(s) | Comp% | Comm% |  GFLOP/s | Speedup |  Eff% | Mem(MiB) | NNZ min | NNZ avg | NNZ max
-----------------------------------------------------------------------------------------------
  2 |   0.0023 |  90.5 |  32.3 |     0.001 |    1.20 |  59.88 |     0.02 |     379 |    531.5 |     684
Global FLOPs per SpMV: 2126

----------------------------------------
np=4, OMP_NUM_THREADS=32
----------------------------------------
[Rank 0] Matrix: 106 x 106, nnz=706 | 1D cyclic rows over P=4
[Rank 3] Local SpMV time: 0.001561 s
[Rank 0] Local SpMV time: 0.000874 s
[Rank 1] Local SpMV time: 0.015942 s
[Rank 2] Local SpMV time: 0.015922 s

-----------------------------------------------------------------------------------------------
  P |  Time(s) | Comp% | Comm% |  GFLOP/s | Speedup |  Eff% | Mem(MiB) | NNZ min | NNZ avg | NNZ max
-----------------------------------------------------------------------------------------------
  4 |   0.0553 |  28.8 | 116.0 |     0.000 |    0.05 |   1.27 |     0.01 |      93 |    216.2 |     359
Global FLOPs per SpMV: 1730

----------------------------------------
np=8, OMP_NUM_THREADS=16
----------------------------------------
[Rank 0] Matrix: 106 x 106, nnz=706 | 1D cyclic rows over P=8
[Rank 7] Local SpMV time: 0.000506 s
[Rank 0] Local SpMV time: 0.000491 s
[Rank 4] Local SpMV time: 0.004100 s
[Rank 3] Local SpMV time: 0.004088 s
[Rank 6] Local SpMV time: 0.029555 s
[Rank 5] Local SpMV time: 0.007763 s
[Rank 2] Local SpMV time: 0.043998 s
[Rank 1] Local SpMV time: 0.044004 s

-----------------------------------------------------------------------------------------------
  P |  Time(s) | Comp% | Comm% |  GFLOP/s | Speedup |  Eff% | Mem(MiB) | NNZ min | NNZ avg | NNZ max
-----------------------------------------------------------------------------------------------
  8 |   0.2049 |  21.5 | 105.2 |     0.000 |    0.01 |   0.17 |     0.01 |      26 |     99.0 |     170
Global FLOPs per SpMV: 1584

----------------------------------------
np=16, OMP_NUM_THREADS=8
----------------------------------------
[Rank 0] Matrix: 106 x 106, nnz=706 | 1D cyclic rows over P=16
[Rank 11] Local SpMV time: 0.000283 s
[Rank 5] Local SpMV time: 0.000316 s
[Rank 12] Local SpMV time: 0.000267 s
[Rank 14] Local SpMV time: 0.002598 s
[Rank 3] Local SpMV time: 0.002683 s
[Rank 10] Local SpMV time: 0.004681 s
[Rank 13] Local SpMV time: 0.002759 s
[Rank 8] Local SpMV time: 0.006757 s
[Rank 1] Local SpMV time: 0.000356 s
[Rank 6] Local SpMV time: 0.019593 s
[Rank 9] Local SpMV time: 0.013233 s
[Rank 0] Local SpMV time: 0.065529 s
[Rank 7] Local SpMV time: 0.002865 s
[Rank 15] Local SpMV time: 0.003052 s
[Rank 4] Local SpMV time: 0.098947 s
[Rank 2] Local SpMV time: 0.087998 s

-----------------------------------------------------------------------------------------------
  P |  Time(s) | Comp% | Comm% |  GFLOP/s | Speedup |  Eff% | Mem(MiB) | NNZ min | NNZ avg | NNZ max
-----------------------------------------------------------------------------------------------
 16 |   0.7670 |  12.9 | 102.0 |     0.000 |    0.00 |   0.02 |     0.00 |      10 |     44.6 |      81
Global FLOPs per SpMV: 1426

----------------------------------------
np=32, OMP_NUM_THREADS=4
----------------------------------------
[Rank 0] Matrix: 106 x 106, nnz=706 | 1D cyclic rows over P=32
[Rank 31] Local SpMV time: 0.000227 s
[Rank 26] Local SpMV time: 0.000206 s
[Rank 1] Local SpMV time: 0.000171 s
[Rank 10] Local SpMV time: 0.002191 s
[Rank 21] Local SpMV time: 0.002156 s
[Rank 16] Local SpMV time: 0.002186 s
[Rank 23] Local SpMV time: 0.002097 s
[Rank 18] Local SpMV time: 0.002148 s
[Rank 13] Local SpMV time: 0.002046 s
[Rank 28] Local SpMV time: 0.002065 s
[Rank 7] Local SpMV time: 0.001886 s
[Rank 6] Local SpMV time: 0.001884 s
[Rank 15] Local SpMV time: 0.002801 s
[Rank 20] Local SpMV time: 0.014545 s
[Rank 29] Local SpMV time: 0.002616 s
[Rank 0] Local SpMV time: 0.003023 s
[Rank 19] Local SpMV time: 0.002514 s
[Rank 4] Local SpMV time: 0.004916 s
[Rank 5] Local SpMV time: 0.002483 s
[Rank 8] Local SpMV time: 0.002716 s
[Rank 27] Local SpMV time: 0.002470 s
[Rank 2] Local SpMV time: 0.002648 s
[Rank 11] Local SpMV time: 0.002304 s
[Rank 14] Local SpMV time: 0.002413 s
[Rank 9] Local SpMV time: 0.002207 s
[Rank 24] Local SpMV time: 0.002295 s
[Rank 30] Local SpMV time: 0.002017 s
[Rank 25] Local SpMV time: 0.000179 s
[Rank 22] Local SpMV time: 0.001720 s
[Rank 3] Local SpMV time: 0.177155 s
[Rank 12] Local SpMV time: 0.002593 s
[Rank 17] Local SpMV time: 0.003228 s

-----------------------------------------------------------------------------------------------
  P |  Time(s) | Comp% | Comm% |  GFLOP/s | Speedup |  Eff% | Mem(MiB) | NNZ min | NNZ avg | NNZ max
-----------------------------------------------------------------------------------------------
 32 |   1.4087 |  12.6 | 126.8 |     0.000 |    0.00 |   0.01 |     0.00 |       3 |     21.0 |      55
Global FLOPs per SpMV: 1344

----------------------------------------
np=64, OMP_NUM_THREADS=2
----------------------------------------
[Rank 0] Matrix: 106 x 106, nnz=706 | 1D cyclic rows over P=64
[Rank 56] Local SpMV time: 0.000194 s
[Rank 50] Local SpMV time: 0.000164 s
[Rank 54] Local SpMV time: 0.010996 s
[Rank 42] Local SpMV time: 0.000115 s
[Rank 47] Local SpMV time: 0.318079 s
[Rank 63] Local SpMV time: 0.011029 s
[Rank 59] Local SpMV time: 0.021999 s
[Rank 62] Local SpMV time: 0.000123 s
[Rank 49] Local SpMV time: 0.000139 s
[Rank 48] Local SpMV time: 0.000171 s
[Rank 43] Local SpMV time: 0.000229 s
[Rank 51] Local SpMV time: 0.012483 s
[Rank 44] Local SpMV time: 0.011060 s
[Rank 52] Local SpMV time: 0.001349 s
[Rank 55] Local SpMV time: 0.011048 s
[Rank 53] Local SpMV time: 0.010998 s
[Rank 61] Local SpMV time: 0.011032 s
[Rank 58] Local SpMV time: 0.000106 s
[Rank 46] Local SpMV time: 0.000170 s
[Rank 57] Local SpMV time: 0.010990 s
[Rank 60] Local SpMV time: 0.000107 s
[Rank 45] Local SpMV time: 0.000085 s
[Rank 4] Local SpMV time: 0.000150 s
[Rank 1] Local SpMV time: 0.000112 s
[Rank 6] Local SpMV time: 0.000152 s
[Rank 14] Local SpMV time: 0.011039 s
[Rank 34] Local SpMV time: 0.000131 s
[Rank 5] Local SpMV time: 0.000179 s
[Rank 2] Local SpMV time: 0.000154 s
[Rank 17] Local SpMV time: 0.000136 s
[Rank 29] Local SpMV time: 0.000083 s
[Rank 20] Local SpMV time: 0.000073 s
[Rank 24] Local SpMV time: 0.001274 s
[Rank 26] Local SpMV time: 0.001476 s
[Rank 27] Local SpMV time: 0.000102 s
[Rank 11] Local SpMV time: 0.001725 s
[Rank 10] Local SpMV time: 0.000143 s
[Rank 41] Local SpMV time: 0.002362 s
[Rank 8] Local SpMV time: 0.001578 s
[Rank 15] Local SpMV time: 0.014519 s
[Rank 12] Local SpMV time: 0.001723 s
[Rank 23] Local SpMV time: 0.002216 s
[Rank 30] Local SpMV time: 0.000146 s
[Rank 31] Local SpMV time: 0.014700 s
[Rank 40] Local SpMV time: 0.012221 s
[Rank 9] Local SpMV time: 0.000134 s
[Rank 32] Local SpMV time: 0.001552 s
[Rank 35] Local SpMV time: 0.001555 s
[Rank 0] Local SpMV time: 0.000110 s
[Rank 33] Local SpMV time: 0.000084 s
[Rank 18] Local SpMV time: 0.000082 s
[Rank 19] Local SpMV time: 0.000113 s
[Rank 7] Local SpMV time: 0.001709 s
[Rank 38] Local SpMV time: 0.000124 s
[Rank 25] Local SpMV time: 0.013913 s
[Rank 28] Local SpMV time: 0.001336 s
[Rank 22] Local SpMV time: 0.000077 s
[Rank 3] Local SpMV time: 0.011056 s
[Rank 37] Local SpMV time: 0.000125 s
[Rank 36] Local SpMV time: 0.011050 s
[Rank 13] Local SpMV time: 0.000166 s
[Rank 39] Local SpMV time: 0.012537 s
[Rank 16] Local SpMV time: 0.000122 s
[Rank 21] Local SpMV time: 0.000139 s

-----------------------------------------------------------------------------------------------
  P |  Time(s) | Comp% | Comm% |  GFLOP/s | Speedup |  Eff% | Mem(MiB) | NNZ min | NNZ avg | NNZ max
-----------------------------------------------------------------------------------------------
 64 |   3.8912 |   8.2 | 119.0 |     0.000 |    0.00 |   0.00 |     0.00 |       0 |      9.5 |      31
Global FLOPs per SpMV: 1216

----------------------------------------
np=128, OMP_NUM_THREADS=1
----------------------------------------
[Rank 0] Matrix: 106 x 106, nnz=706 | 1D cyclic rows over P=128
[Rank 111] Local SpMV time: 0.000041 s
[Rank 107] Local SpMV time: 0.000035 s
[Rank 119] Local SpMV time: 0.000037 s
[Rank 127] Local SpMV time: 0.000022 s
[Rank 115] Local SpMV time: 0.000034 s
[Rank 118] Local SpMV time: 0.000036 s
[Rank 112] Local SpMV time: 0.000028 s
[Rank 123] Local SpMV time: 0.000049 s
[Rank 114] Local SpMV time: 0.000029 s
[Rank 121] Local SpMV time: 0.000022 s
[Rank 124] Local SpMV time: 0.000030 s
[Rank 109] Local SpMV time: 0.000020 s
[Rank 108] Local SpMV time: 0.000029 s
[Rank 110] Local SpMV time: 0.000019 s
[Rank 116] Local SpMV time: 0.000019 s
[Rank 120] Local SpMV time: 0.000018 s
[Rank 113] Local SpMV time: 0.000034 s
[Rank 126] Local SpMV time: 0.000028 s
[Rank 125] Local SpMV time: 0.000046 s
[Rank 117] Local SpMV time: 0.000033 s
[Rank 122] Local SpMV time: 0.000045 s
[Rank 106] Local SpMV time: 0.000026 s
[Rank 31] Local SpMV time: 0.000059 s
[Rank 13] Local SpMV time: 0.000034 s
[Rank 19] Local SpMV time: 0.000035 s
[Rank 76] Local SpMV time: 0.000036 s
[Rank 26] Local SpMV time: 0.000049 s
[Rank 3] Local SpMV time: 0.000045 s
[Rank 32] Local SpMV time: 0.000049 s
[Rank 89] Local SpMV time: 0.000032 s
[Rank 70] Local SpMV time: 0.000032 s
[Rank 104] Local SpMV time: 0.000030 s
[Rank 47] Local SpMV time: 0.000038 s
[Rank 24] Local SpMV time: 0.000058 s
[Rank 12] Local SpMV time: 0.000031 s
[Rank 25] Local SpMV time: 0.000032 s
[Rank 72] Local SpMV time: 0.000032 s
[Rank 30] Local SpMV time: 0.000029 s
[Rank 4] Local SpMV time: 0.000021 s
[Rank 20] Local SpMV time: 0.000033 s
[Rank 27] Local SpMV time: 0.000024 s
[Rank 22] Local SpMV time: 0.000031 s
[Rank 18] Local SpMV time: 0.000020 s
[Rank 84] Local SpMV time: 0.000046 s
[Rank 105] Local SpMV time: 0.000032 s
[Rank 11] Local SpMV time: 0.000036 s
[Rank 38] Local SpMV time: 0.000020 s
[Rank 94] Local SpMV time: 0.000048 s
[Rank 0] Local SpMV time: 0.000019 s
[Rank 16] Local SpMV time: 0.000030 s
[Rank 5] Local SpMV time: 0.000052 s
[Rank 6] Local SpMV time: 0.000031 s
[Rank 14] Local SpMV time: 0.000028 s
[Rank 67] Local SpMV time: 0.000036 s
[Rank 103] Local SpMV time: 0.000033 s
[Rank 92] Local SpMV time: 0.000020 s
[Rank 53] Local SpMV time: 0.000031 s
[Rank 74] Local SpMV time: 0.000019 s
[Rank 54] Local SpMV time: 0.000036 s
[Rank 57] Local SpMV time: 0.000029 s
[Rank 21] Local SpMV time: 0.000031 s
[Rank 34] Local SpMV time: 0.000029 s
[Rank 86] Local SpMV time: 0.000065 s
[Rank 17] Local SpMV time: 0.000031 s
[Rank 75] Local SpMV time: 0.000036 s
[Rank 8] Local SpMV time: 0.000029 s
[Rank 97] Local SpMV time: 0.000020 s
[Rank 42] Local SpMV time: 0.000030 s
[Rank 37] Local SpMV time: 0.000037 s
[Rank 36] Local SpMV time: 0.000021 s
[Rank 2] Local SpMV time: 0.000028 s
[Rank 33] Local SpMV time: 0.000031 s
[Rank 98] Local SpMV time: 0.000029 s
[Rank 41] Local SpMV time: 0.000029 s
[Rank 50] Local SpMV time: 0.000028 s
[Rank 46] Local SpMV time: 0.000030 s
[Rank 77] Local SpMV time: 0.000029 s
[Rank 88] Local SpMV time: 0.000030 s
[Rank 23] Local SpMV time: 0.000034 s
[Rank 73] Local SpMV time: 0.000028 s
[Rank 93] Local SpMV time: 0.000020 s
[Rank 64] Local SpMV time: 0.000020 s
[Rank 95] Local SpMV time: 0.000022 s
[Rank 7] Local SpMV time: 0.000049 s
[Rank 90] Local SpMV time: 0.000029 s
[Rank 61] Local SpMV time: 0.000031 s
[Rank 56] Local SpMV time: 0.000045 s
[Rank 39] Local SpMV time: 0.000035 s
[Rank 91] Local SpMV time: 0.000021 s
[Rank 65] Local SpMV time: 0.000028 s
[Rank 40] Local SpMV time: 0.000029 s
[Rank 55] Local SpMV time: 0.000021 s
[Rank 48] Local SpMV time: 0.000027 s
[Rank 78] Local SpMV time: 0.000027 s
[Rank 81] Local SpMV time: 0.000020 s
[Rank 59] Local SpMV time: 0.000037 s
[Rank 49] Local SpMV time: 0.000020 s
[Rank 62] Local SpMV time: 0.000030 s
[Rank 35] Local SpMV time: 0.000038 s
[Rank 96] Local SpMV time: 0.000031 s
[Rank 100] Local SpMV time: 0.000029 s
[Rank 71] Local SpMV time: 0.000036 s
[Rank 45] Local SpMV time: 0.000033 s
[Rank 69] Local SpMV time: 0.000029 s
[Rank 29] Local SpMV time: 0.000031 s
[Rank 102] Local SpMV time: 0.000028 s
[Rank 43] Local SpMV time: 0.000034 s
[Rank 66] Local SpMV time: 0.000028 s
[Rank 44] Local SpMV time: 0.000021 s
[Rank 51] Local SpMV time: 0.000035 s
[Rank 28] Local SpMV time: 0.000035 s
[Rank 9] Local SpMV time: 0.000031 s
[Rank 68] Local SpMV time: 0.000030 s
[Rank 63] Local SpMV time: 0.000023 s
[Rank 60] Local SpMV time: 0.000032 s
[Rank 87] Local SpMV time: 0.000035 s
[Rank 1] Local SpMV time: 0.000033 s
[Rank 58] Local SpMV time: 0.000029 s
[Rank 52] Local SpMV time: 0.000033 s
[Rank 15] Local SpMV time: 0.000038 s
[Rank 10] Local SpMV time: 0.000027 s
[Rank 79] Local SpMV time: 0.000050 s
[Rank 80] Local SpMV time: 0.000031 s
[Rank 101] Local SpMV time: 0.000034 s
[Rank 82] Local SpMV time: 0.000031 s
[Rank 99] Local SpMV time: 0.000040 s
[Rank 83] Local SpMV time: 0.000037 s
[Rank 85] Local SpMV time: 0.000031 s

-----------------------------------------------------------------------------------------------
  P |  Time(s) | Comp% | Comm% |  GFLOP/s | Speedup |  Eff% | Mem(MiB) | NNZ min | NNZ avg | NNZ max
-----------------------------------------------------------------------------------------------
128 |  11.0071 |   0.0 | 128.0 |     0.000 |    0.00 |   0.00 |     0.00 |       0 |      8.3 |      26
Global FLOPs per SpMV: 2124

