Strong scaling results for dataset20mfeatpixel_10NN.mtx
Date: Fri Jan  9 11:06:21 CET 2026
----------------------------------------

[Rank 0] Matrix: 2000 x 2000, nnz=13966 | 1D cyclic rows over P=1
[Rank 0] Local SpMV time: 0.002332 s

-----------------------------------------------------------------------------------------------
  P |  Time(s) | Comp% | Comm% |  GFLOP/s | Speedup |  Eff% | Mem(MiB) | NNZ min | NNZ avg | NNZ max
-----------------------------------------------------------------------------------------------
  1 |   0.0024 |  97.6 |   1.9 |     0.023 |    N/A   |   N/A  |     0.78 |   27932 |  27932.0 |   27932
Global FLOPs per SpMV: 55864
BASELINE_T1=0.0024

----------------------------------------
np=2, OMP_NUM_THREADS=64
----------------------------------------
[Rank 0] Matrix: 2000 x 2000, nnz=13966 | 1D cyclic rows over P=2
[Rank 0] Local SpMV time: 0.001711 s

-----------------------------------------------------------------------------------------------
  P |  Time(s) | Comp% | Comm% |  GFLOP/s | Speedup |  Eff% | Mem(MiB) | NNZ min | NNZ avg | NNZ max
-----------------------------------------------------------------------------------------------
  2 |   0.0024 |  89.5 |  28.1 |     0.014 |    1.02 |  50.77 |     0.28 |    6810 |   8128.0 |    9446
Global FLOPs per SpMV: 32512
[Rank 1] Local SpMV time: 0.002116 s

----------------------------------------
np=4, OMP_NUM_THREADS=32
----------------------------------------
[Rank 0] Matrix: 2000 x 2000, nnz=13966 | 1D cyclic rows over P=4
[Rank 0] Local SpMV time: 0.000936 s
[Rank 3] Local SpMV time: 0.000901 s
[Rank 2] Local SpMV time: 0.015919 s
[Rank 1] Local SpMV time: 0.003512 s

-----------------------------------------------------------------------------------------------
  P |  Time(s) | Comp% | Comm% |  GFLOP/s | Speedup |  Eff% | Mem(MiB) | NNZ min | NNZ avg | NNZ max
-----------------------------------------------------------------------------------------------
  4 |   0.0555 |  28.7 | 109.4 |     0.000 |    0.04 |   1.08 |     0.10 |    1685 |   2620.2 |    3068
Global FLOPs per SpMV: 20962

----------------------------------------
np=8, OMP_NUM_THREADS=16
----------------------------------------
[Rank 0] Matrix: 2000 x 2000, nnz=13966 | 1D cyclic rows over P=8
[Rank 7] Local SpMV time: 0.000455 s
[Rank 0] Local SpMV time: 0.000477 s
[Rank 4] Local SpMV time: 0.004233 s
[Rank 1] Local SpMV time: 0.004321 s
[Rank 5] Local SpMV time: 0.007976 s
[Rank 6] Local SpMV time: 0.043993 s
[Rank 3] Local SpMV time: 0.043999 s
[Rank 2] Local SpMV time: 0.076937 s

-----------------------------------------------------------------------------------------------
  P |  Time(s) | Comp% | Comm% |  GFLOP/s | Speedup |  Eff% | Mem(MiB) | NNZ min | NNZ avg | NNZ max
-----------------------------------------------------------------------------------------------
  8 |   0.2200 |  35.0 | 134.8 |     0.000 |    0.01 |   0.14 |     0.04 |     435 |    923.0 |    1097
Global FLOPs per SpMV: 14768

----------------------------------------
np=16, OMP_NUM_THREADS=8
----------------------------------------
[Rank 0] Matrix: 2000 x 2000, nnz=13966 | 1D cyclic rows over P=16
[Rank 5] Local SpMV time: 0.000284 s
[Rank 10] Local SpMV time: 0.000272 s
[Rank 7] Local SpMV time: 0.002501 s
[Rank 4] Local SpMV time: 0.002303 s
[Rank 6] Local SpMV time: 0.026440 s
[Rank 1] Local SpMV time: 0.004685 s
[Rank 11] Local SpMV time: 0.017576 s
[Rank 12] Local SpMV time: 0.008527 s
[Rank 3] Local SpMV time: 0.009595 s
[Rank 14] Local SpMV time: 0.010521 s
[Rank 9] Local SpMV time: 0.088002 s
[Rank 8] Local SpMV time: 0.087997 s
[Rank 13] Local SpMV time: 0.088006 s
[Rank 2] Local SpMV time: 0.088000 s
[Rank 15] Local SpMV time: 0.088004 s
[Rank 0] Local SpMV time: 0.087992 s

-----------------------------------------------------------------------------------------------
  P |  Time(s) | Comp% | Comm% |  GFLOP/s | Speedup |  Eff% | Mem(MiB) | NNZ min | NNZ avg | NNZ max
-----------------------------------------------------------------------------------------------
 16 |   0.7880 |  11.2 | 111.2 |     0.000 |    0.00 |   0.02 |     0.02 |     119 |    358.6 |     453
Global FLOPs per SpMV: 11474

----------------------------------------
np=32, OMP_NUM_THREADS=4
----------------------------------------
[Rank 0] Matrix: 2000 x 2000, nnz=13966 | 1D cyclic rows over P=32
[Rank 11] Local SpMV time: 0.000218 s
[Rank 14] Local SpMV time: 0.000187 s
[Rank 24] Local SpMV time: 0.013179 s
[Rank 3] Local SpMV time: 0.002049 s
[Rank 2] Local SpMV time: 0.002034 s
[Rank 21] Local SpMV time: 0.002100 s
[Rank 4] Local SpMV time: 0.001946 s
[Rank 19] Local SpMV time: 0.002070 s
[Rank 6] Local SpMV time: 0.001861 s
[Rank 1] Local SpMV time: 0.002095 s
[Rank 10] Local SpMV time: 0.002730 s
[Rank 5] Local SpMV time: 0.002024 s
[Rank 20] Local SpMV time: 0.002617 s
[Rank 7] Local SpMV time: 0.001918 s
[Rank 22] Local SpMV time: 0.003569 s
[Rank 13] Local SpMV time: 0.002967 s
[Rank 8] Local SpMV time: 0.002512 s
[Rank 12] Local SpMV time: 0.002377 s
[Rank 28] Local SpMV time: 0.002285 s
[Rank 15] Local SpMV time: 0.034992 s
[Rank 16] Local SpMV time: 0.002263 s
[Rank 26] Local SpMV time: 0.002028 s
[Rank 0] Local SpMV time: 0.001735 s
[Rank 30] Local SpMV time: 0.003592 s
[Rank 18] Local SpMV time: 0.002289 s
[Rank 29] Local SpMV time: 0.164964 s
[Rank 9] Local SpMV time: 0.164994 s
[Rank 17] Local SpMV time: 0.164993 s
[Rank 23] Local SpMV time: 0.175992 s
[Rank 31] Local SpMV time: 0.175994 s
[Rank 25] Local SpMV time: 0.175994 s
[Rank 27] Local SpMV time: 0.175994 s

-----------------------------------------------------------------------------------------------
  P |  Time(s) | Comp% | Comm% |  GFLOP/s | Speedup |  Eff% | Mem(MiB) | NNZ min | NNZ avg | NNZ max
-----------------------------------------------------------------------------------------------
 32 |   1.6110 |  10.9 | 142.2 |     0.000 |    0.00 |   0.00 |     0.01 |      22 |    156.3 |     198
Global FLOPs per SpMV: 10004

----------------------------------------
np=64, OMP_NUM_THREADS=2
----------------------------------------
[Rank 0] Matrix: 2000 x 2000, nnz=13966 | 1D cyclic rows over P=64
[Rank 45] Local SpMV time: 0.000105 s
[Rank 50] Local SpMV time: 0.000185 s
[Rank 13] Local SpMV time: 0.000181 s
[Rank 8] Local SpMV time: 0.001490 s
[Rank 15] Local SpMV time: 0.012793 s
[Rank 58] Local SpMV time: 0.013817 s
[Rank 35] Local SpMV time: 0.001831 s
[Rank 62] Local SpMV time: 0.001360 s
[Rank 63] Local SpMV time: 0.013894 s
[Rank 36] Local SpMV time: 0.001512 s
[Rank 18] Local SpMV time: 0.001785 s
[Rank 23] Local SpMV time: 0.001771 s
[Rank 5] Local SpMV time: 0.072895 s
[Rank 6] Local SpMV time: 0.002187 s
[Rank 42] Local SpMV time: 0.001333 s
[Rank 59] Local SpMV time: 0.002845 s
[Rank 34] Local SpMV time: 0.001586 s
[Rank 25] Local SpMV time: 0.002259 s
[Rank 40] Local SpMV time: 0.001847 s
[Rank 57] Local SpMV time: 0.014636 s
[Rank 10] Local SpMV time: 0.013918 s
[Rank 21] Local SpMV time: 0.002250 s
[Rank 48] Local SpMV time: 0.001545 s
[Rank 61] Local SpMV time: 0.014508 s
[Rank 4] Local SpMV time: 0.001772 s
[Rank 33] Local SpMV time: 0.002051 s
[Rank 46] Local SpMV time: 0.002081 s
[Rank 41] Local SpMV time: 0.001651 s
[Rank 12] Local SpMV time: 0.001360 s
[Rank 43] Local SpMV time: 0.001967 s
[Rank 60] Local SpMV time: 0.001614 s
[Rank 19] Local SpMV time: 0.014593 s
[Rank 30] Local SpMV time: 0.001910 s
[Rank 29] Local SpMV time: 0.002182 s
[Rank 22] Local SpMV time: 0.002245 s
[Rank 47] Local SpMV time: 0.014858 s
[Rank 24] Local SpMV time: 0.001453 s
[Rank 37] Local SpMV time: 0.001690 s
[Rank 54] Local SpMV time: 0.006776 s
[Rank 11] Local SpMV time: 0.002486 s
[Rank 44] Local SpMV time: 0.002131 s
[Rank 7] Local SpMV time: 0.002217 s
[Rank 38] Local SpMV time: 0.001353 s
[Rank 53] Local SpMV time: 0.001970 s
[Rank 2] Local SpMV time: 0.001585 s
[Rank 39] Local SpMV time: 0.013905 s
[Rank 56] Local SpMV time: 0.001969 s
[Rank 3] Local SpMV time: 0.012000 s
[Rank 14] Local SpMV time: 0.001200 s
[Rank 55] Local SpMV time: 0.004180 s
[Rank 26] Local SpMV time: 0.013618 s
[Rank 51] Local SpMV time: 0.001924 s
[Rank 32] Local SpMV time: 0.002051 s
[Rank 31] Local SpMV time: 0.002595 s
[Rank 0] Local SpMV time: 0.001285 s
[Rank 49] Local SpMV time: 0.002338 s
[Rank 28] Local SpMV time: 0.002631 s
[Rank 1] Local SpMV time: 0.002052 s
[Rank 20] Local SpMV time: 0.014758 s
[Rank 27] Local SpMV time: 0.001847 s
[Rank 16] Local SpMV time: 0.002074 s
[Rank 52] Local SpMV time: 0.001395 s
[Rank 17] Local SpMV time: 0.000108 s
[Rank 9] Local SpMV time: 0.001630 s

-----------------------------------------------------------------------------------------------
  P |  Time(s) | Comp% | Comm% |  GFLOP/s | Speedup |  Eff% | Mem(MiB) | NNZ min | NNZ avg | NNZ max
-----------------------------------------------------------------------------------------------
 64 |   4.9747 |   1.5 | 122.2 |     0.000 |    0.00 |   0.00 |     0.00 |       7 |     70.3 |     111
Global FLOPs per SpMV: 9002

----------------------------------------
np=128, OMP_NUM_THREADS=1
----------------------------------------
[Rank 0] Matrix: 2000 x 2000, nnz=13966 | 1D cyclic rows over P=128
[Rank 127] Local SpMV time: 0.000067 s
[Rank 126] Local SpMV time: 0.000044 s
[Rank 120] Local SpMV time: 0.000052 s
[Rank 116] Local SpMV time: 0.000052 s
[Rank 122] Local SpMV time: 0.000053 s
[Rank 125] Local SpMV time: 0.000026 s
[Rank 123] Local SpMV time: 0.000036 s
[Rank 14] Local SpMV time: 0.000067 s
[Rank 107] Local SpMV time: 0.000071 s
[Rank 113] Local SpMV time: 0.000053 s
[Rank 124] Local SpMV time: 0.000025 s
[Rank 119] Local SpMV time: 0.000068 s
[Rank 43] Local SpMV time: 0.000053 s
[Rank 3] Local SpMV time: 0.000042 s
[Rank 7] Local SpMV time: 0.000072 s
[Rank 108] Local SpMV time: 0.000039 s
[Rank 15] Local SpMV time: 0.000039 s
[Rank 5] Local SpMV time: 0.000044 s
[Rank 27] Local SpMV time: 0.000059 s
[Rank 11] Local SpMV time: 0.000038 s
[Rank 18] Local SpMV time: 0.000035 s
[Rank 33] Local SpMV time: 0.000033 s
[Rank 30] Local SpMV time: 0.000025 s
[Rank 112] Local SpMV time: 0.000024 s
[Rank 25] Local SpMV time: 0.000050 s
[Rank 12] Local SpMV time: 0.000034 s
[Rank 111] Local SpMV time: 0.000038 s
[Rank 114] Local SpMV time: 0.000034 s
[Rank 45] Local SpMV time: 0.000050 s
[Rank 117] Local SpMV time: 0.000030 s
[Rank 84] Local SpMV time: 0.000036 s
[Rank 37] Local SpMV time: 0.000048 s
[Rank 41] Local SpMV time: 0.000032 s
[Rank 118] Local SpMV time: 0.000031 s
[Rank 47] Local SpMV time: 0.000057 s
[Rank 109] Local SpMV time: 0.000033 s
[Rank 10] Local SpMV time: 0.000033 s
[Rank 23] Local SpMV time: 0.000040 s
[Rank 26] Local SpMV time: 0.000034 s
[Rank 57] Local SpMV time: 0.000032 s
[Rank 76] Local SpMV time: 0.000023 s
[Rank 115] Local SpMV time: 0.000039 s
[Rank 96] Local SpMV time: 0.000031 s
[Rank 17] Local SpMV time: 0.000033 s
[Rank 8] Local SpMV time: 0.000033 s
[Rank 103] Local SpMV time: 0.000039 s
[Rank 50] Local SpMV time: 0.000033 s
[Rank 79] Local SpMV time: 0.000041 s
[Rank 34] Local SpMV time: 0.000036 s
[Rank 9] Local SpMV time: 0.000033 s
[Rank 110] Local SpMV time: 0.000021 s
[Rank 1] Local SpMV time: 0.000035 s
[Rank 4] Local SpMV time: 0.000034 s
[Rank 63] Local SpMV time: 0.000038 s
[Rank 72] Local SpMV time: 0.000031 s
[Rank 55] Local SpMV time: 0.000024 s
[Rank 42] Local SpMV time: 0.000035 s
[Rank 53] Local SpMV time: 0.000038 s
[Rank 2] Local SpMV time: 0.000032 s
[Rank 91] Local SpMV time: 0.000036 s
[Rank 35] Local SpMV time: 0.000024 s
[Rank 46] Local SpMV time: 0.000023 s
[Rank 83] Local SpMV time: 0.000037 s
[Rank 90] Local SpMV time: 0.000036 s
[Rank 29] Local SpMV time: 0.000035 s
[Rank 20] Local SpMV time: 0.000031 s
[Rank 69] Local SpMV time: 0.000034 s
[Rank 104] Local SpMV time: 0.000036 s
[Rank 51] Local SpMV time: 0.000039 s
[Rank 24] Local SpMV time: 0.000036 s
[Rank 67] Local SpMV time: 0.000036 s
[Rank 106] Local SpMV time: 0.000034 s
[Rank 99] Local SpMV time: 0.000036 s
[Rank 100] Local SpMV time: 0.000031 s
[Rank 77] Local SpMV time: 0.000022 s
[Rank 80] Local SpMV time: 0.000034 s
[Rank 93] Local SpMV time: 0.000038 s
[Rank 78] Local SpMV time: 0.000032 s
[Rank 59] Local SpMV time: 0.000038 s
[Rank 52] Local SpMV time: 0.000035 s
[Rank 101] Local SpMV time: 0.000036 s
[Rank 62] Local SpMV time: 0.000032 s
[Rank 61] Local SpMV time: 0.000032 s
[Rank 38] Local SpMV time: 0.000036 s
[Rank 105] Local SpMV time: 0.000036 s
[Rank 92] Local SpMV time: 0.000033 s
[Rank 86] Local SpMV time: 0.000022 s
[Rank 0] Local SpMV time: 0.000021 s
[Rank 31] Local SpMV time: 0.000038 s
[Rank 16] Local SpMV time: 0.000035 s
[Rank 13] Local SpMV time: 0.000034 s
[Rank 70] Local SpMV time: 0.000031 s
[Rank 49] Local SpMV time: 0.000032 s
[Rank 48] Local SpMV time: 0.000034 s
[Rank 44] Local SpMV time: 0.000034 s
[Rank 21] Local SpMV time: 0.000038 s
[Rank 19] Local SpMV time: 0.000037 s
[Rank 22] Local SpMV time: 0.000034 s
[Rank 6] Local SpMV time: 0.000023 s
[Rank 28] Local SpMV time: 0.000032 s
[Rank 71] Local SpMV time: 0.000038 s
[Rank 64] Local SpMV time: 0.000034 s
[Rank 121] Local SpMV time: 0.000021 s
[Rank 36] Local SpMV time: 0.000023 s
[Rank 95] Local SpMV time: 0.000039 s
[Rank 74] Local SpMV time: 0.000035 s
[Rank 32] Local SpMV time: 0.000033 s
[Rank 40] Local SpMV time: 0.000030 s
[Rank 81] Local SpMV time: 0.000032 s
[Rank 75] Local SpMV time: 0.000039 s
[Rank 102] Local SpMV time: 0.000033 s
[Rank 39] Local SpMV time: 0.000042 s
[Rank 82] Local SpMV time: 0.000021 s
[Rank 66] Local SpMV time: 0.000033 s
[Rank 94] Local SpMV time: 0.000033 s
[Rank 89] Local SpMV time: 0.000033 s
[Rank 85] Local SpMV time: 0.000032 s
[Rank 98] Local SpMV time: 0.000032 s
[Rank 88] Local SpMV time: 0.000035 s
[Rank 87] Local SpMV time: 0.000024 s
[Rank 58] Local SpMV time: 0.000032 s
[Rank 73] Local SpMV time: 0.000035 s
[Rank 54] Local SpMV time: 0.000021 s
[Rank 97] Local SpMV time: 0.000032 s
[Rank 56] Local SpMV time: 0.000036 s
[Rank 68] Local SpMV time: 0.000030 s
[Rank 65] Local SpMV time: 0.000033 s
[Rank 60] Local SpMV time: 0.000037 s

-----------------------------------------------------------------------------------------------
  P |  Time(s) | Comp% | Comm% |  GFLOP/s | Speedup |  Eff% | Mem(MiB) | NNZ min | NNZ avg | NNZ max
-----------------------------------------------------------------------------------------------
128 |  13.3291 |   0.0 | 116.7 |     0.000 |    0.00 |   0.00 |     0.00 |       0 |     34.4 |      72
Global FLOPs per SpMV: 8800

