Strong scaling results for Journals.mtx
Date: Fri Jan  9 11:15:49 CET 2026
----------------------------------------

[Rank 0] Matrix: 124 x 124, nnz=6096 | 1D cyclic rows over P=1
[Rank 0] Local SpMV time: 0.001816 s

-----------------------------------------------------------------------------------------------
  P |  Time(s) | Comp% | Comm% |  GFLOP/s | Speedup |  Eff% | Mem(MiB) | NNZ min | NNZ avg | NNZ max
-----------------------------------------------------------------------------------------------
  1 |   0.0019 |  97.0 |   2.2 |     0.013 |    N/A   |   N/A  |     0.32 |   12068 |  12068.0 |   12068
Global FLOPs per SpMV: 24136
BASELINE_T1=0.0019

----------------------------------------
np=2, OMP_NUM_THREADS=64
----------------------------------------
[Rank 0] Matrix: 124 x 124, nnz=6096 | 1D cyclic rows over P=2
[Rank 0] Local SpMV time: 0.001612 s

-----------------------------------------------------------------------------------------------
  P |  Time(s) | Comp% | Comm% |  GFLOP/s | Speedup |  Eff% | Mem(MiB) | NNZ min | NNZ avg | NNZ max
-----------------------------------------------------------------------------------------------
  2 |   0.0019 |  87.1 |  15.8 |     0.009 |    1.01 |  50.33 |     0.16 |    2958 |   4428.5 |    5899
Global FLOPs per SpMV: 17714
[Rank 1] Local SpMV time: 0.001643 s

----------------------------------------
np=4, OMP_NUM_THREADS=32
----------------------------------------
[Rank 0] Matrix: 124 x 124, nnz=6096 | 1D cyclic rows over P=4
[Rank 3] Local SpMV time: 0.001253 s
[Rank 0] Local SpMV time: 0.000851 s
[Rank 1] Local SpMV time: 0.015505 s
[Rank 2] Local SpMV time: 0.015974 s

-----------------------------------------------------------------------------------------------
  P |  Time(s) | Comp% | Comm% |  GFLOP/s | Speedup |  Eff% | Mem(MiB) | NNZ min | NNZ avg | NNZ max
-----------------------------------------------------------------------------------------------
  4 |   0.0552 |  28.9 | 116.9 |     0.000 |    0.03 |   0.86 |     0.08 |     696 |   1842.2 |    2949
Global FLOPs per SpMV: 14738

----------------------------------------
np=8, OMP_NUM_THREADS=16
----------------------------------------
[Rank 0] Matrix: 124 x 124, nnz=6096 | 1D cyclic rows over P=8
[Rank 0] Local SpMV time: 0.000473 s
[Rank 3] Local SpMV time: 0.000511 s
[Rank 6] Local SpMV time: 0.003945 s
[Rank 7] Local SpMV time: 0.004310 s
[Rank 4] Local SpMV time: 0.007499 s
[Rank 5] Local SpMV time: 0.030168 s
[Rank 2] Local SpMV time: 0.010965 s
[Rank 1] Local SpMV time: 0.043992 s

-----------------------------------------------------------------------------------------------
  P |  Time(s) | Comp% | Comm% |  GFLOP/s | Speedup |  Eff% | Mem(MiB) | NNZ min | NNZ avg | NNZ max
-----------------------------------------------------------------------------------------------
  8 |   0.2270 |  19.4 | 116.5 |     0.000 |    0.01 |   0.10 |     0.04 |     167 |    826.9 |    1523
Global FLOPs per SpMV: 13230

----------------------------------------
np=16, OMP_NUM_THREADS=8
----------------------------------------
[Rank 0] Matrix: 124 x 124, nnz=6096 | 1D cyclic rows over P=16
[Rank 11] Local SpMV time: 0.000287 s
[Rank 0] Local SpMV time: 0.000271 s
[Rank 13] Local SpMV time: 0.002557 s
[Rank 6] Local SpMV time: 0.013449 s
[Rank 1] Local SpMV time: 0.002614 s
[Rank 10] Local SpMV time: 0.017979 s
[Rank 3] Local SpMV time: 0.002673 s
[Rank 8] Local SpMV time: 0.002084 s
[Rank 9] Local SpMV time: 0.002725 s
[Rank 12] Local SpMV time: 0.002112 s
[Rank 5] Local SpMV time: 0.002915 s
[Rank 4] Local SpMV time: 0.002072 s
[Rank 7] Local SpMV time: 0.002977 s
[Rank 2] Local SpMV time: 0.002056 s
[Rank 15] Local SpMV time: 0.002036 s
[Rank 14] Local SpMV time: 0.002044 s

-----------------------------------------------------------------------------------------------
  P |  Time(s) | Comp% | Comm% |  GFLOP/s | Speedup |  Eff% | Mem(MiB) | NNZ min | NNZ avg | NNZ max
-----------------------------------------------------------------------------------------------
 16 |   0.5471 |   3.3 | 144.2 |     0.000 |    0.00 |   0.02 |     0.02 |      25 |    399.2 |     746
Global FLOPs per SpMV: 12776

----------------------------------------
np=32, OMP_NUM_THREADS=4
----------------------------------------
[Rank 0] Matrix: 124 x 124, nnz=6096 | 1D cyclic rows over P=32
[Rank 31] Local SpMV time: 0.011041 s
[Rank 30] Local SpMV time: 0.011061 s
[Rank 13] Local SpMV time: 0.000191 s
[Rank 2] Local SpMV time: 0.002093 s
[Rank 7] Local SpMV time: 0.002333 s
[Rank 24] Local SpMV time: 0.002059 s
[Rank 23] Local SpMV time: 0.002384 s
[Rank 26] Local SpMV time: 0.002026 s
[Rank 9] Local SpMV time: 0.002434 s
[Rank 12] Local SpMV time: 0.001988 s
[Rank 1] Local SpMV time: 0.002519 s
[Rank 4] Local SpMV time: 0.001969 s
[Rank 19] Local SpMV time: 0.002580 s
[Rank 22] Local SpMV time: 0.001890 s
[Rank 29] Local SpMV time: 0.002632 s
[Rank 18] Local SpMV time: 0.002748 s
[Rank 21] Local SpMV time: 0.015441 s
[Rank 10] Local SpMV time: 0.002629 s
[Rank 5] Local SpMV time: 0.002990 s
[Rank 16] Local SpMV time: 0.002457 s
[Rank 25] Local SpMV time: 0.001774 s
[Rank 6] Local SpMV time: 0.002307 s
[Rank 15] Local SpMV time: 0.002513 s
[Rank 20] Local SpMV time: 0.002102 s
[Rank 28] Local SpMV time: 0.001940 s
[Rank 11] Local SpMV time: 0.000154 s
[Rank 14] Local SpMV time: 0.002834 s
[Rank 3] Local SpMV time: 0.002032 s
[Rank 0] Local SpMV time: 0.002714 s
[Rank 17] Local SpMV time: 0.002096 s
[Rank 8] Local SpMV time: 0.004656 s
[Rank 27] Local SpMV time: 0.002143 s

-----------------------------------------------------------------------------------------------
  P |  Time(s) | Comp% | Comm% |  GFLOP/s | Speedup |  Eff% | Mem(MiB) | NNZ min | NNZ avg | NNZ max
-----------------------------------------------------------------------------------------------
 32 |   1.6168 |   1.0 | 123.8 |     0.000 |    0.00 |   0.00 |     0.01 |       0 |    181.8 |     372
Global FLOPs per SpMV: 11638

----------------------------------------
np=64, OMP_NUM_THREADS=2
----------------------------------------
[Rank 0] Matrix: 124 x 124, nnz=6096 | 1D cyclic rows over P=64
[Rank 63] Local SpMV time: 0.010935 s
[Rank 60] Local SpMV time: 0.000167 s
[Rank 62] Local SpMV time: 0.000142 s
[Rank 61] Local SpMV time: 0.000150 s
[Rank 8] Local SpMV time: 0.000165 s
[Rank 59] Local SpMV time: 0.000098 s
[Rank 10] Local SpMV time: 0.010997 s
[Rank 13] Local SpMV time: 0.000100 s
[Rank 20] Local SpMV time: 0.000091 s
[Rank 51] Local SpMV time: 0.001552 s
[Rank 4] Local SpMV time: 0.002091 s
[Rank 27] Local SpMV time: 0.001824 s
[Rank 24] Local SpMV time: 0.014714 s
[Rank 33] Local SpMV time: 0.025975 s
[Rank 50] Local SpMV time: 0.026773 s
[Rank 57] Local SpMV time: 0.003500 s
[Rank 6] Local SpMV time: 0.001817 s
[Rank 31] Local SpMV time: 0.001923 s
[Rank 32] Local SpMV time: 0.001909 s
[Rank 9] Local SpMV time: 0.002500 s
[Rank 54] Local SpMV time: 0.002141 s
[Rank 17] Local SpMV time: 0.002045 s
[Rank 0] Local SpMV time: 0.001471 s
[Rank 47] Local SpMV time: 0.001761 s
[Rank 26] Local SpMV time: 0.002700 s
[Rank 39] Local SpMV time: 0.002498 s
[Rank 36] Local SpMV time: 0.001976 s
[Rank 21] Local SpMV time: 0.002142 s
[Rank 48] Local SpMV time: 0.001231 s
[Rank 53] Local SpMV time: 0.001873 s
[Rank 12] Local SpMV time: 0.001457 s
[Rank 11] Local SpMV time: 0.002626 s
[Rank 34] Local SpMV time: 0.001614 s
[Rank 35] Local SpMV time: 0.002084 s
[Rank 40] Local SpMV time: 0.001913 s
[Rank 18] Local SpMV time: 0.001982 s
[Rank 15] Local SpMV time: 0.001825 s
[Rank 14] Local SpMV time: 0.001281 s
[Rank 29] Local SpMV time: 0.002565 s
[Rank 42] Local SpMV time: 0.001451 s
[Rank 55] Local SpMV time: 0.002066 s
[Rank 52] Local SpMV time: 0.001649 s
[Rank 1] Local SpMV time: 0.001820 s
[Rank 46] Local SpMV time: 0.013916 s
[Rank 7] Local SpMV time: 0.002501 s
[Rank 2] Local SpMV time: 0.001302 s
[Rank 3] Local SpMV time: 0.014770 s
[Rank 22] Local SpMV time: 0.001409 s
[Rank 5] Local SpMV time: 0.011008 s
[Rank 28] Local SpMV time: 0.001751 s
[Rank 45] Local SpMV time: 0.001411 s
[Rank 16] Local SpMV time: 0.001973 s
[Rank 49] Local SpMV time: 0.002140 s
[Rank 38] Local SpMV time: 0.000127 s
[Rank 43] Local SpMV time: 0.000085 s
[Rank 58] Local SpMV time: 0.001204 s
[Rank 19] Local SpMV time: 0.000103 s
[Rank 44] Local SpMV time: 0.001456 s
[Rank 41] Local SpMV time: 0.001825 s
[Rank 56] Local SpMV time: 0.001692 s
[Rank 23] Local SpMV time: 0.002566 s
[Rank 30] Local SpMV time: 0.001984 s
[Rank 25] Local SpMV time: 0.014953 s
[Rank 37] Local SpMV time: 0.001921 s

-----------------------------------------------------------------------------------------------
  P |  Time(s) | Comp% | Comm% |  GFLOP/s | Speedup |  Eff% | Mem(MiB) | NNZ min | NNZ avg | NNZ max
-----------------------------------------------------------------------------------------------
 64 |   4.2849 |   0.6 | 133.1 |     0.000 |    0.00 |   0.00 |     0.01 |       0 |     96.4 |     240
Global FLOPs per SpMV: 12338

----------------------------------------
np=128, OMP_NUM_THREADS=1
----------------------------------------
[Rank 0] Matrix: 124 x 124, nnz=6096 | 1D cyclic rows over P=128
[Rank 127] Local SpMV time: 0.000044 s
[Rank 125] Local SpMV time: 0.000046 s
[Rank 124] Local SpMV time: 0.000056 s
[Rank 126] Local SpMV time: 0.000048 s
[Rank 119] Local SpMV time: 0.000063 s
[Rank 115] Local SpMV time: 0.000041 s
[Rank 116] Local SpMV time: 0.000056 s
[Rank 122] Local SpMV time: 0.000052 s
[Rank 120] Local SpMV time: 0.000043 s
[Rank 123] Local SpMV time: 0.000056 s
[Rank 114] Local SpMV time: 0.000060 s
[Rank 117] Local SpMV time: 0.000046 s
[Rank 118] Local SpMV time: 0.000054 s
[Rank 121] Local SpMV time: 0.000053 s
[Rank 59] Local SpMV time: 0.000050 s
[Rank 56] Local SpMV time: 0.000054 s
[Rank 113] Local SpMV time: 0.000042 s
[Rank 40] Local SpMV time: 0.000028 s
[Rank 70] Local SpMV time: 0.000043 s
[Rank 72] Local SpMV time: 0.000062 s
[Rank 95] Local SpMV time: 0.000043 s
[Rank 42] Local SpMV time: 0.000053 s
[Rank 63] Local SpMV time: 0.000038 s
[Rank 71] Local SpMV time: 0.000045 s
[Rank 62] Local SpMV time: 0.000050 s
[Rank 111] Local SpMV time: 0.000051 s
[Rank 48] Local SpMV time: 0.000040 s
[Rank 79] Local SpMV time: 0.000024 s
[Rank 81] Local SpMV time: 0.000033 s
[Rank 38] Local SpMV time: 0.000053 s
[Rank 34] Local SpMV time: 0.000051 s
[Rank 110] Local SpMV time: 0.000051 s
[Rank 50] Local SpMV time: 0.000047 s
[Rank 51] Local SpMV time: 0.000046 s
[Rank 60] Local SpMV time: 0.000029 s
[Rank 68] Local SpMV time: 0.000047 s
[Rank 73] Local SpMV time: 0.000039 s
[Rank 32] Local SpMV time: 0.000045 s
[Rank 65] Local SpMV time: 0.000037 s
[Rank 58] Local SpMV time: 0.000027 s
[Rank 47] Local SpMV time: 0.000041 s
[Rank 53] Local SpMV time: 0.000032 s
[Rank 67] Local SpMV time: 0.000046 s
[Rank 1] Local SpMV time: 0.000034 s
[Rank 37] Local SpMV time: 0.000045 s
[Rank 88] Local SpMV time: 0.000050 s
[Rank 52] Local SpMV time: 0.000042 s
[Rank 64] Local SpMV time: 0.000025 s
[Rank 61] Local SpMV time: 0.000042 s
[Rank 66] Local SpMV time: 0.000046 s
[Rank 25] Local SpMV time: 0.000041 s
[Rank 112] Local SpMV time: 0.000044 s
[Rank 36] Local SpMV time: 0.000054 s
[Rank 109] Local SpMV time: 0.000024 s
[Rank 49] Local SpMV time: 0.000032 s
[Rank 43] Local SpMV time: 0.000041 s
[Rank 7] Local SpMV time: 0.000049 s
[Rank 99] Local SpMV time: 0.000025 s
[Rank 0] Local SpMV time: 0.000032 s
[Rank 9] Local SpMV time: 0.000083 s
[Rank 39] Local SpMV time: 0.000041 s
[Rank 33] Local SpMV time: 0.000037 s
[Rank 2] Local SpMV time: 0.000070 s
[Rank 106] Local SpMV time: 0.000048 s
[Rank 31] Local SpMV time: 0.000054 s
[Rank 28] Local SpMV time: 0.000034 s
[Rank 19] Local SpMV time: 0.000042 s
[Rank 54] Local SpMV time: 0.000044 s
[Rank 69] Local SpMV time: 0.000025 s
[Rank 55] Local SpMV time: 0.000042 s
[Rank 44] Local SpMV time: 0.000027 s
[Rank 23] Local SpMV time: 0.000048 s
[Rank 24] Local SpMV time: 0.000058 s
[Rank 45] Local SpMV time: 0.000038 s
[Rank 94] Local SpMV time: 0.000047 s
[Rank 35] Local SpMV time: 0.000044 s
[Rank 46] Local SpMV time: 0.000052 s
[Rank 57] Local SpMV time: 0.000034 s
[Rank 74] Local SpMV time: 0.000067 s
[Rank 41] Local SpMV time: 0.000042 s
[Rank 30] Local SpMV time: 0.000051 s
[Rank 93] Local SpMV time: 0.000023 s
[Rank 104] Local SpMV time: 0.000043 s
[Rank 21] Local SpMV time: 0.000045 s
[Rank 6] Local SpMV time: 0.000051 s
[Rank 29] Local SpMV time: 0.000045 s
[Rank 84] Local SpMV time: 0.000042 s
[Rank 107] Local SpMV time: 0.000038 s
[Rank 20] Local SpMV time: 0.000051 s
[Rank 78] Local SpMV time: 0.000057 s
[Rank 89] Local SpMV time: 0.000036 s
[Rank 90] Local SpMV time: 0.000047 s
[Rank 85] Local SpMV time: 0.000035 s
[Rank 27] Local SpMV time: 0.000046 s
[Rank 98] Local SpMV time: 0.000052 s
[Rank 75] Local SpMV time: 0.000026 s
[Rank 102] Local SpMV time: 0.000048 s
[Rank 77] Local SpMV time: 0.000041 s
[Rank 108] Local SpMV time: 0.000043 s
[Rank 17] Local SpMV time: 0.000035 s
[Rank 12] Local SpMV time: 0.000029 s
[Rank 87] Local SpMV time: 0.000044 s
[Rank 15] Local SpMV time: 0.000040 s
[Rank 22] Local SpMV time: 0.000062 s
[Rank 11] Local SpMV time: 0.000052 s
[Rank 3] Local SpMV time: 0.000046 s
[Rank 100] Local SpMV time: 0.000043 s
[Rank 83] Local SpMV time: 0.000038 s
[Rank 16] Local SpMV time: 0.000050 s
[Rank 105] Local SpMV time: 0.000032 s
[Rank 103] Local SpMV time: 0.000040 s
[Rank 80] Local SpMV time: 0.000045 s
[Rank 14] Local SpMV time: 0.000029 s
[Rank 97] Local SpMV time: 0.000025 s
[Rank 82] Local SpMV time: 0.000049 s
[Rank 101] Local SpMV time: 0.000042 s
[Rank 18] Local SpMV time: 0.000051 s
[Rank 8] Local SpMV time: 0.000048 s
[Rank 5] Local SpMV time: 0.000050 s
[Rank 26] Local SpMV time: 0.000057 s
[Rank 13] Local SpMV time: 0.000032 s
[Rank 10] Local SpMV time: 0.000032 s
[Rank 4] Local SpMV time: 0.000063 s
[Rank 76] Local SpMV time: 0.000045 s
[Rank 91] Local SpMV time: 0.000041 s
[Rank 96] Local SpMV time: 0.000041 s
[Rank 86] Local SpMV time: 0.000056 s
[Rank 92] Local SpMV time: 0.000047 s

-----------------------------------------------------------------------------------------------
  P |  Time(s) | Comp% | Comm% |  GFLOP/s | Speedup |  Eff% | Mem(MiB) | NNZ min | NNZ avg | NNZ max
-----------------------------------------------------------------------------------------------
128 |  14.6590 |   0.0 | 114.5 |     0.000 |    0.00 |   0.00 |     0.00 |       0 |     63.5 |     124
Global FLOPs per SpMV: 16246

