Strong scaling results for nemeth05.mtx
Date: Fri Jan  9 11:23:55 CET 2026
----------------------------------------

[Rank 0] Matrix: 9506 x 9506, nnz=202157 | 1D cyclic rows over P=1
[Rank 0] Local SpMV time: 0.002485 s

-----------------------------------------------------------------------------------------------
  P |  Time(s) | Comp% | Comm% |  GFLOP/s | Speedup |  Eff% | Mem(MiB) | NNZ min | NNZ avg | NNZ max
-----------------------------------------------------------------------------------------------
  1 |   0.0026 |  96.0 |   2.4 |     0.305 |    N/A   |   N/A  |    10.72 |  394808 | 394808.0 |  394808
Global FLOPs per SpMV: 789616
BASELINE_T1=0.0026

----------------------------------------
np=2, OMP_NUM_THREADS=64
----------------------------------------
[Rank 0] Matrix: 9506 x 9506, nnz=202157 | 1D cyclic rows over P=2
[Rank 0] Local SpMV time: 0.001916 s

-----------------------------------------------------------------------------------------------
  P |  Time(s) | Comp% | Comm% |  GFLOP/s | Speedup |  Eff% | Mem(MiB) | NNZ min | NNZ avg | NNZ max
-----------------------------------------------------------------------------------------------
  2 |   0.0032 |  67.7 |  53.5 |     0.126 |    0.82 |  41.08 |     2.83 |   97922 |  99776.0 |  101630
Global FLOPs per SpMV: 399104
[Rank 1] Local SpMV time: 0.002141 s

----------------------------------------
np=4, OMP_NUM_THREADS=32
----------------------------------------
[Rank 0] Matrix: 9506 x 9506, nnz=202157 | 1D cyclic rows over P=4
[Rank 2] Local SpMV time: 0.001358 s
[Rank 1] Local SpMV time: 0.001401 s
[Rank 3] Local SpMV time: 0.016659 s
[Rank 0] Local SpMV time: 0.015376 s

-----------------------------------------------------------------------------------------------
  P |  Time(s) | Comp% | Comm% |  GFLOP/s | Speedup |  Eff% | Mem(MiB) | NNZ min | NNZ avg | NNZ max
-----------------------------------------------------------------------------------------------
  4 |   0.0556 |  30.0 | 114.3 |     0.004 |    0.05 |   1.17 |     0.77 |   24485 |  25446.8 |   26315
Global FLOPs per SpMV: 203574

----------------------------------------
np=8, OMP_NUM_THREADS=16
----------------------------------------
[Rank 0] Matrix: 9506 x 9506, nnz=202157 | 1D cyclic rows over P=8
[Rank 6] Local SpMV time: 0.000611 s
[Rank 3] Local SpMV time: 0.000530 s
[Rank 4] Local SpMV time: 0.014681 s
[Rank 5] Local SpMV time: 0.015265 s
[Rank 0] Local SpMV time: 0.009754 s
[Rank 1] Local SpMV time: 0.043993 s
[Rank 2] Local SpMV time: 0.044012 s
[Rank 7] Local SpMV time: 0.054871 s

-----------------------------------------------------------------------------------------------
  P |  Time(s) | Comp% | Comm% |  GFLOP/s | Speedup |  Eff% | Mem(MiB) | NNZ min | NNZ avg | NNZ max
-----------------------------------------------------------------------------------------------
  8 |   0.2241 |  24.5 | 115.2 |     0.000 |    0.01 |   0.15 |     0.22 |    6133 |   6612.6 |    7043
Global FLOPs per SpMV: 105802

----------------------------------------
np=16, OMP_NUM_THREADS=8
----------------------------------------
[Rank 0] Matrix: 9506 x 9506, nnz=202157 | 1D cyclic rows over P=16
[Rank 2] Local SpMV time: 0.000329 s
[Rank 7] Local SpMV time: 0.000295 s
[Rank 12] Local SpMV time: 0.002478 s
[Rank 13] Local SpMV time: 0.002809 s
[Rank 8] Local SpMV time: 0.004513 s
[Rank 3] Local SpMV time: 0.026720 s
[Rank 10] Local SpMV time: 0.006550 s
[Rank 15] Local SpMV time: 0.009948 s
[Rank 4] Local SpMV time: 0.008584 s
[Rank 11] Local SpMV time: 0.087995 s
[Rank 6] Local SpMV time: 0.087996 s
[Rank 1] Local SpMV time: 0.087997 s
[Rank 0] Local SpMV time: 0.088005 s
[Rank 9] Local SpMV time: 0.088000 s
[Rank 14] Local SpMV time: 0.088006 s
[Rank 5] Local SpMV time: 0.087999 s

-----------------------------------------------------------------------------------------------
  P |  Time(s) | Comp% | Comm% |  GFLOP/s | Speedup |  Eff% | Mem(MiB) | NNZ min | NNZ avg | NNZ max
-----------------------------------------------------------------------------------------------
 16 |   0.7030 |  12.5 | 100.0 |     0.000 |    0.00 |   0.02 |     0.07 |    1546 |   1780.8 |    1929
Global FLOPs per SpMV: 56984

----------------------------------------
np=32, OMP_NUM_THREADS=4
----------------------------------------
[Rank 0] Matrix: 9506 x 9506, nnz=202157 | 1D cyclic rows over P=32
[Rank 1] Local SpMV time: 0.000231 s
[Rank 16] Local SpMV time: 0.000298 s
[Rank 18] Local SpMV time: 0.013298 s
[Rank 25] Local SpMV time: 0.013175 s
[Rank 9] Local SpMV time: 0.004575 s
[Rank 0] Local SpMV time: 0.004965 s
[Rank 3] Local SpMV time: 0.006669 s
[Rank 6] Local SpMV time: 0.006962 s
[Rank 13] Local SpMV time: 0.008563 s
[Rank 22] Local SpMV time: 0.008943 s
[Rank 5] Local SpMV time: 0.010556 s
[Rank 8] Local SpMV time: 0.010928 s
[Rank 27] Local SpMV time: 0.175982 s
[Rank 2] Local SpMV time: 0.175982 s
[Rank 4] Local SpMV time: 0.176009 s
[Rank 11] Local SpMV time: 0.175985 s
[Rank 28] Local SpMV time: 0.175991 s
[Rank 31] Local SpMV time: 0.186922 s
[Rank 17] Local SpMV time: 0.175987 s
[Rank 24] Local SpMV time: 0.175990 s
[Rank 30] Local SpMV time: 0.175992 s
[Rank 23] Local SpMV time: 0.175989 s
[Rank 10] Local SpMV time: 0.175992 s
[Rank 29] Local SpMV time: 0.175991 s
[Rank 19] Local SpMV time: 0.175993 s
[Rank 12] Local SpMV time: 0.175992 s
[Rank 20] Local SpMV time: 0.175997 s
[Rank 21] Local SpMV time: 0.175995 s
[Rank 14] Local SpMV time: 0.176015 s
[Rank 15] Local SpMV time: 0.175994 s
[Rank 7] Local SpMV time: 0.175994 s
[Rank 26] Local SpMV time: 0.176001 s

-----------------------------------------------------------------------------------------------
  P |  Time(s) | Comp% | Comm% |  GFLOP/s | Speedup |  Eff% | Mem(MiB) | NNZ min | NNZ avg | NNZ max
-----------------------------------------------------------------------------------------------
 32 |   1.5950 |  11.7 | 142.7 |     0.000 |    0.00 |   0.01 |     0.03 |     383 |    508.5 |     574
Global FLOPs per SpMV: 32542

----------------------------------------
np=64, OMP_NUM_THREADS=2
----------------------------------------
[Rank 0] Matrix: 9506 x 9506, nnz=202157 | 1D cyclic rows over P=64
[Rank 43] Local SpMV time: 0.022054 s
[Rank 54] Local SpMV time: 0.000112 s
[Rank 59] Local SpMV time: 0.000078 s
[Rank 48] Local SpMV time: 0.002148 s
[Rank 25] Local SpMV time: 0.001595 s
[Rank 56] Local SpMV time: 0.004098 s
[Rank 17] Local SpMV time: 0.002892 s
[Rank 40] Local SpMV time: 0.005820 s
[Rank 13] Local SpMV time: 0.014915 s
[Rank 2] Local SpMV time: 0.007681 s
[Rank 63] Local SpMV time: 0.005900 s
[Rank 34] Local SpMV time: 0.009295 s
[Rank 51] Local SpMV time: 0.007233 s
[Rank 46] Local SpMV time: 0.021448 s
[Rank 37] Local SpMV time: 0.008618 s
[Rank 35] Local SpMV time: 0.020903 s
[Rank 50] Local SpMV time: 0.351971 s
[Rank 26] Local SpMV time: 0.351976 s
[Rank 53] Local SpMV time: 0.349975 s
[Rank 38] Local SpMV time: 0.351978 s
[Rank 23] Local SpMV time: 0.360898 s
[Rank 44] Local SpMV time: 0.351980 s
[Rank 39] Local SpMV time: 0.349979 s
[Rank 52] Local SpMV time: 0.362916 s
[Rank 41] Local SpMV time: 0.349964 s
[Rank 24] Local SpMV time: 0.351976 s
[Rank 15] Local SpMV time: 0.349961 s
[Rank 8] Local SpMV time: 0.351976 s
[Rank 21] Local SpMV time: 0.349977 s
[Rank 16] Local SpMV time: 0.362904 s
[Rank 11] Local SpMV time: 0.360911 s
[Rank 0] Local SpMV time: 0.351967 s
[Rank 31] Local SpMV time: 0.349978 s
[Rank 20] Local SpMV time: 0.351979 s
[Rank 1] Local SpMV time: 0.349983 s
[Rank 30] Local SpMV time: 0.351981 s
[Rank 45] Local SpMV time: 0.316988 s
[Rank 4] Local SpMV time: 0.351973 s
[Rank 49] Local SpMV time: 0.360988 s
[Rank 28] Local SpMV time: 0.351984 s
[Rank 9] Local SpMV time: 0.360968 s
[Rank 6] Local SpMV time: 0.362917 s
[Rank 27] Local SpMV time: 0.360987 s
[Rank 14] Local SpMV time: 0.351983 s
[Rank 33] Local SpMV time: 0.351978 s
[Rank 36] Local SpMV time: 0.362922 s
[Rank 29] Local SpMV time: 0.351988 s
[Rank 62] Local SpMV time: 0.373856 s
[Rank 5] Local SpMV time: 0.351985 s
[Rank 10] Local SpMV time: 0.351981 s
[Rank 3] Local SpMV time: 0.362925 s
[Rank 18] Local SpMV time: 0.351990 s
[Rank 55] Local SpMV time: 0.351973 s
[Rank 42] Local SpMV time: 0.352001 s
[Rank 47] Local SpMV time: 0.351987 s
[Rank 12] Local SpMV time: 0.351985 s
[Rank 57] Local SpMV time: 0.348997 s
[Rank 32] Local SpMV time: 0.351989 s
[Rank 61] Local SpMV time: 0.348987 s
[Rank 60] Local SpMV time: 0.351992 s
[Rank 58] Local SpMV time: 0.351999 s
[Rank 19] Local SpMV time: 0.348997 s
[Rank 22] Local SpMV time: 0.351973 s
[Rank 7] Local SpMV time: 0.349002 s

-----------------------------------------------------------------------------------------------
  P |  Time(s) | Comp% | Comm% |  GFLOP/s | Speedup |  Eff% | Mem(MiB) | NNZ min | NNZ avg | NNZ max
-----------------------------------------------------------------------------------------------
 64 |   4.9400 |   7.6 | 122.8 |     0.000 |    0.00 |   0.00 |     0.01 |      90 |    159.5 |     212
Global FLOPs per SpMV: 20414

----------------------------------------
np=128, OMP_NUM_THREADS=1
----------------------------------------
[Rank 0] Matrix: 9506 x 9506, nnz=202157 | 1D cyclic rows over P=128
[Rank 100] Local SpMV time: 0.000035 s
[Rank 89] Local SpMV time: 0.000038 s
[Rank 7] Local SpMV time: 0.000023 s
[Rank 91] Local SpMV time: 0.000025 s
[Rank 88] Local SpMV time: 0.000026 s
[Rank 95] Local SpMV time: 0.000027 s
[Rank 10] Local SpMV time: 0.000026 s
[Rank 94] Local SpMV time: 0.000027 s
[Rank 93] Local SpMV time: 0.000022 s
[Rank 34] Local SpMV time: 0.000041 s
[Rank 5] Local SpMV time: 0.000024 s
[Rank 6] Local SpMV time: 0.000026 s
[Rank 4] Local SpMV time: 0.000038 s
[Rank 101] Local SpMV time: 0.000045 s
[Rank 38] Local SpMV time: 0.000024 s
[Rank 43] Local SpMV time: 0.000023 s
[Rank 29] Local SpMV time: 0.000026 s
[Rank 12] Local SpMV time: 0.000022 s
[Rank 41] Local SpMV time: 0.000023 s
[Rank 108] Local SpMV time: 0.000023 s
[Rank 127] Local SpMV time: 0.000024 s
[Rank 54] Local SpMV time: 0.000022 s
[Rank 122] Local SpMV time: 0.000023 s
[Rank 46] Local SpMV time: 0.000023 s
[Rank 123] Local SpMV time: 0.000024 s
[Rank 48] Local SpMV time: 0.000022 s
[Rank 33] Local SpMV time: 0.000024 s
[Rank 1] Local SpMV time: 0.000027 s
[Rank 110] Local SpMV time: 0.000024 s
[Rank 102] Local SpMV time: 0.000022 s
[Rank 25] Local SpMV time: 0.000024 s
[Rank 70] Local SpMV time: 0.000023 s
[Rank 71] Local SpMV time: 0.000025 s
[Rank 2] Local SpMV time: 0.000023 s
[Rank 35] Local SpMV time: 0.000023 s
[Rank 8] Local SpMV time: 0.000024 s
[Rank 121] Local SpMV time: 0.000021 s
[Rank 50] Local SpMV time: 0.000026 s
[Rank 49] Local SpMV time: 0.000021 s
[Rank 20] Local SpMV time: 0.000026 s
[Rank 85] Local SpMV time: 0.000026 s
[Rank 99] Local SpMV time: 0.000022 s
[Rank 32] Local SpMV time: 0.000021 s
[Rank 109] Local SpMV time: 0.000023 s
[Rank 112] Local SpMV time: 0.000023 s
[Rank 26] Local SpMV time: 0.000020 s
[Rank 27] Local SpMV time: 0.000025 s
[Rank 36] Local SpMV time: 0.000024 s
[Rank 55] Local SpMV time: 0.000041 s
[Rank 68] Local SpMV time: 0.000022 s
[Rank 83] Local SpMV time: 0.000025 s
[Rank 80] Local SpMV time: 0.000022 s
[Rank 115] Local SpMV time: 0.000023 s
[Rank 18] Local SpMV time: 0.000027 s
[Rank 59] Local SpMV time: 0.000025 s
[Rank 118] Local SpMV time: 0.000024 s
[Rank 73] Local SpMV time: 0.000026 s
[Rank 86] Local SpMV time: 0.000021 s
[Rank 79] Local SpMV time: 0.000024 s
[Rank 30] Local SpMV time: 0.000022 s
[Rank 105] Local SpMV time: 0.000020 s
[Rank 0] Local SpMV time: 0.000025 s
[Rank 111] Local SpMV time: 0.000023 s
[Rank 42] Local SpMV time: 0.000021 s
[Rank 53] Local SpMV time: 0.000023 s
[Rank 97] Local SpMV time: 0.000023 s
[Rank 52] Local SpMV time: 0.000026 s
[Rank 125] Local SpMV time: 0.000022 s
[Rank 82] Local SpMV time: 0.000023 s
[Rank 13] Local SpMV time: 0.000026 s
[Rank 16] Local SpMV time: 0.000022 s
[Rank 3] Local SpMV time: 0.000028 s
[Rank 15] Local SpMV time: 0.000024 s
[Rank 90] Local SpMV time: 0.000024 s
[Rank 9] Local SpMV time: 0.000024 s
[Rank 58] Local SpMV time: 0.000019 s
[Rank 76] Local SpMV time: 0.000023 s
[Rank 31] Local SpMV time: 0.000022 s
[Rank 74] Local SpMV time: 0.000023 s
[Rank 17] Local SpMV time: 0.000024 s
[Rank 126] Local SpMV time: 0.000019 s
[Rank 75] Local SpMV time: 0.000024 s
[Rank 104] Local SpMV time: 0.000022 s
[Rank 51] Local SpMV time: 0.000021 s
[Rank 106] Local SpMV time: 0.000024 s
[Rank 57] Local SpMV time: 0.000026 s
[Rank 60] Local SpMV time: 0.000024 s
[Rank 113] Local SpMV time: 0.000023 s
[Rank 40] Local SpMV time: 0.000020 s
[Rank 45] Local SpMV time: 0.000025 s
[Rank 22] Local SpMV time: 0.000025 s
[Rank 87] Local SpMV time: 0.000026 s
[Rank 24] Local SpMV time: 0.000025 s
[Rank 98] Local SpMV time: 0.000021 s
[Rank 21] Local SpMV time: 0.000023 s
[Rank 84] Local SpMV time: 0.000022 s
[Rank 47] Local SpMV time: 0.000022 s
[Rank 92] Local SpMV time: 0.000027 s
[Rank 72] Local SpMV time: 0.000023 s
[Rank 39] Local SpMV time: 0.000022 s
[Rank 67] Local SpMV time: 0.000025 s
[Rank 44] Local SpMV time: 0.000023 s
[Rank 19] Local SpMV time: 0.000024 s
[Rank 124] Local SpMV time: 0.000024 s
[Rank 63] Local SpMV time: 0.000021 s
[Rank 96] Local SpMV time: 0.000025 s
[Rank 23] Local SpMV time: 0.000023 s
[Rank 66] Local SpMV time: 0.000026 s
[Rank 37] Local SpMV time: 0.000021 s
[Rank 120] Local SpMV time: 0.000023 s
[Rank 117] Local SpMV time: 0.000025 s
[Rank 56] Local SpMV time: 0.000035 s
[Rank 119] Local SpMV time: 0.000024 s
[Rank 28] Local SpMV time: 0.000019 s
[Rank 107] Local SpMV time: 0.000021 s
[Rank 14] Local SpMV time: 0.000020 s
[Rank 11] Local SpMV time: 0.000028 s
[Rank 77] Local SpMV time: 0.000022 s
[Rank 116] Local SpMV time: 0.000024 s
[Rank 114] Local SpMV time: 0.000024 s
[Rank 65] Local SpMV time: 0.000022 s
[Rank 103] Local SpMV time: 0.000026 s
[Rank 78] Local SpMV time: 0.000024 s
[Rank 61] Local SpMV time: 0.000025 s
[Rank 64] Local SpMV time: 0.000027 s
[Rank 69] Local SpMV time: 0.000026 s
[Rank 62] Local SpMV time: 0.000026 s
[Rank 81] Local SpMV time: 0.000025 s

-----------------------------------------------------------------------------------------------
  P |  Time(s) | Comp% | Comm% |  GFLOP/s | Speedup |  Eff% | Mem(MiB) | NNZ min | NNZ avg | NNZ max
-----------------------------------------------------------------------------------------------
128 |  11.2451 |   0.0 | 127.6 |     0.000 |    0.00 |   0.00 |     0.01 |      29 |     55.7 |     101
Global FLOPs per SpMV: 14270

