Strong scaling results for tols2000.mtx
Date: Fri Jan  9 11:37:56 CET 2026
----------------------------------------

[Rank 0] Matrix: 2000 x 2000, nnz=5184 | 1D cyclic rows over P=1
[Rank 0] Local SpMV time: 0.002036 s

-----------------------------------------------------------------------------------------------
  P |  Time(s) | Comp% | Comm% |  GFLOP/s | Speedup |  Eff% | Mem(MiB) | NNZ min | NNZ avg | NNZ max
-----------------------------------------------------------------------------------------------
  1 |   0.0021 |  97.4 |   2.1 |     0.005 |    N/A   |   N/A  |     0.18 |    5184 |   5184.0 |    5184
Global FLOPs per SpMV: 10368
BASELINE_T1=0.0021

----------------------------------------
np=2, OMP_NUM_THREADS=64
----------------------------------------
[Rank 0] Matrix: 2000 x 2000, nnz=5184 | 1D cyclic rows over P=2
[Rank 0] Local SpMV time: 0.001711 s

-----------------------------------------------------------------------------------------------
  P |  Time(s) | Comp% | Comm% |  GFLOP/s | Speedup |  Eff% | Mem(MiB) | NNZ min | NNZ avg | NNZ max
-----------------------------------------------------------------------------------------------
  2 |   0.0018 |  94.1 |   6.1 |     0.004 |    1.15 |  57.73 |     0.09 |    1136 |   1864.0 |    2592
Global FLOPs per SpMV: 7456
[Rank 1] Local SpMV time: 0.001645 s

----------------------------------------
np=4, OMP_NUM_THREADS=32
----------------------------------------
[Rank 0] Matrix: 2000 x 2000, nnz=5184 | 1D cyclic rows over P=4
[Rank 1] Local SpMV time: 0.000936 s
[Rank 2] Local SpMV time: 0.000901 s
[Rank 3] Local SpMV time: 0.002485 s
[Rank 0] Local SpMV time: 0.013135 s

-----------------------------------------------------------------------------------------------
  P |  Time(s) | Comp% | Comm% |  GFLOP/s | Speedup |  Eff% | Mem(MiB) | NNZ min | NNZ avg | NNZ max
-----------------------------------------------------------------------------------------------
  4 |   0.0771 |  17.0 |  83.0 |     0.000 |    0.03 |   0.68 |     0.05 |     269 |    790.0 |    1340
Global FLOPs per SpMV: 6320

----------------------------------------
np=8, OMP_NUM_THREADS=16
----------------------------------------
[Rank 0] Matrix: 2000 x 2000, nnz=5184 | 1D cyclic rows over P=8
[Rank 6] Local SpMV time: 0.000571 s
[Rank 7] Local SpMV time: 0.000475 s
[Rank 2] Local SpMV time: 0.014455 s
[Rank 3] Local SpMV time: 0.014988 s
[Rank 4] Local SpMV time: 0.032988 s
[Rank 1] Local SpMV time: 0.044068 s
[Rank 0] Local SpMV time: 0.043737 s
[Rank 5] Local SpMV time: 0.081404 s

-----------------------------------------------------------------------------------------------
  P |  Time(s) | Comp% | Comm% |  GFLOP/s | Speedup |  Eff% | Mem(MiB) | NNZ min | NNZ avg | NNZ max
-----------------------------------------------------------------------------------------------
  8 |   0.2130 |  38.2 | 100.1 |     0.000 |    0.01 |   0.12 |     0.02 |      67 |    352.0 |     671
Global FLOPs per SpMV: 5632

----------------------------------------
np=16, OMP_NUM_THREADS=8
----------------------------------------
[Rank 0] Matrix: 2000 x 2000, nnz=5184 | 1D cyclic rows over P=16
[Rank 15] Local SpMV time: 0.000299 s
[Rank 14] Local SpMV time: 0.000306 s
[Rank 12] Local SpMV time: 0.012989 s
[Rank 5] Local SpMV time: 0.087974 s
[Rank 6] Local SpMV time: 0.089874 s
[Rank 1] Local SpMV time: 0.098899 s
[Rank 11] Local SpMV time: 0.088000 s
[Rank 4] Local SpMV time: 0.088001 s
[Rank 10] Local SpMV time: 0.088002 s
[Rank 13] Local SpMV time: 0.088005 s
[Rank 8] Local SpMV time: 0.087996 s
[Rank 7] Local SpMV time: 0.098850 s
[Rank 0] Local SpMV time: 0.087995 s
[Rank 9] Local SpMV time: 0.102163 s
[Rank 3] Local SpMV time: 0.175997 s
[Rank 2] Local SpMV time: 0.175992 s

-----------------------------------------------------------------------------------------------
  P |  Time(s) | Comp% | Comm% |  GFLOP/s | Speedup |  Eff% | Mem(MiB) | NNZ min | NNZ avg | NNZ max
-----------------------------------------------------------------------------------------------
 16 |   0.8950 |  19.7 |  99.1 |     0.000 |    0.00 |   0.01 |     0.01 |      18 |    164.2 |     354
Global FLOPs per SpMV: 5256

----------------------------------------
np=32, OMP_NUM_THREADS=4
----------------------------------------
[Rank 0] Matrix: 2000 x 2000, nnz=5184 | 1D cyclic rows over P=32
[Rank 8] Local SpMV time: 0.000213 s
[Rank 4] Local SpMV time: 0.002010 s
[Rank 5] Local SpMV time: 0.000209 s
[Rank 2] Local SpMV time: 0.000184 s
[Rank 6] Local SpMV time: 0.002067 s
[Rank 31] Local SpMV time: 0.000177 s
[Rank 30] Local SpMV time: 0.003979 s
[Rank 3] Local SpMV time: 0.000177 s
[Rank 7] Local SpMV time: 0.002213 s
[Rank 12] Local SpMV time: 0.000189 s
[Rank 13] Local SpMV time: 0.015048 s
[Rank 0] Local SpMV time: 0.002010 s
[Rank 11] Local SpMV time: 0.006451 s
[Rank 24] Local SpMV time: 0.003820 s
[Rank 9] Local SpMV time: 0.008394 s
[Rank 1] Local SpMV time: 0.010306 s
[Rank 22] Local SpMV time: 0.000181 s
[Rank 18] Local SpMV time: 0.001977 s
[Rank 10] Local SpMV time: 0.014645 s
[Rank 28] Local SpMV time: 0.005515 s
[Rank 14] Local SpMV time: 0.007227 s
[Rank 20] Local SpMV time: 0.000145 s
[Rank 16] Local SpMV time: 0.001980 s
[Rank 26] Local SpMV time: 0.003696 s
[Rank 15] Local SpMV time: 0.176003 s
[Rank 17] Local SpMV time: 0.175980 s
[Rank 21] Local SpMV time: 0.175983 s
[Rank 25] Local SpMV time: 0.175991 s
[Rank 27] Local SpMV time: 0.186882 s
[Rank 19] Local SpMV time: 0.175986 s
[Rank 29] Local SpMV time: 0.175996 s
[Rank 23] Local SpMV time: 0.175991 s

-----------------------------------------------------------------------------------------------
  P |  Time(s) | Comp% | Comm% |  GFLOP/s | Speedup |  Eff% | Mem(MiB) | NNZ min | NNZ avg | NNZ max
-----------------------------------------------------------------------------------------------
 32 |   1.4290 |  13.1 | 149.7 |     0.000 |    0.00 |   0.00 |     0.01 |       4 |     70.4 |     170
Global FLOPs per SpMV: 4508

----------------------------------------
np=64, OMP_NUM_THREADS=2
----------------------------------------
[Rank 0] Matrix: 2000 x 2000, nnz=5184 | 1D cyclic rows over P=64
[Rank 63] Local SpMV time: 0.011070 s
[Rank 60] Local SpMV time: 0.011006 s
[Rank 62] Local SpMV time: 0.000154 s
[Rank 52] Local SpMV time: 0.000142 s
[Rank 58] Local SpMV time: 0.011019 s
[Rank 54] Local SpMV time: 0.000155 s
[Rank 48] Local SpMV time: 0.000163 s
[Rank 56] Local SpMV time: 0.001555 s
[Rank 50] Local SpMV time: 0.000081 s
[Rank 57] Local SpMV time: 0.011013 s
[Rank 34] Local SpMV time: 0.000159 s
[Rank 47] Local SpMV time: 0.000132 s
[Rank 38] Local SpMV time: 0.001789 s
[Rank 41] Local SpMV time: 0.011003 s
[Rank 46] Local SpMV time: 0.000132 s
[Rank 37] Local SpMV time: 0.001838 s
[Rank 36] Local SpMV time: 0.001648 s
[Rank 59] Local SpMV time: 0.000087 s
[Rank 40] Local SpMV time: 0.000135 s
[Rank 55] Local SpMV time: 0.001618 s
[Rank 51] Local SpMV time: 0.000126 s
[Rank 8] Local SpMV time: 0.000126 s
[Rank 2] Local SpMV time: 0.000114 s
[Rank 49] Local SpMV time: 0.000186 s
[Rank 44] Local SpMV time: 0.001496 s
[Rank 61] Local SpMV time: 0.012844 s
[Rank 42] Local SpMV time: 0.002779 s
[Rank 10] Local SpMV time: 0.000111 s
[Rank 53] Local SpMV time: 0.010992 s
[Rank 14] Local SpMV time: 0.001600 s
[Rank 7] Local SpMV time: 0.000059 s
[Rank 39] Local SpMV time: 0.011946 s
[Rank 35] Local SpMV time: 0.003570 s
[Rank 4] Local SpMV time: 0.000111 s
[Rank 45] Local SpMV time: 0.005393 s
[Rank 6] Local SpMV time: 0.001621 s
[Rank 43] Local SpMV time: 0.007097 s
[Rank 15] Local SpMV time: 0.019798 s
[Rank 9] Local SpMV time: 0.010472 s
[Rank 16] Local SpMV time: 0.010987 s
[Rank 5] Local SpMV time: 0.000113 s
[Rank 12] Local SpMV time: 0.000077 s
[Rank 3] Local SpMV time: 0.000111 s
[Rank 17] Local SpMV time: 0.000137 s
[Rank 32] Local SpMV time: 0.000169 s
[Rank 13] Local SpMV time: 0.001629 s
[Rank 20] Local SpMV time: 0.001397 s
[Rank 33] Local SpMV time: 0.000108 s
[Rank 26] Local SpMV time: 0.000068 s
[Rank 27] Local SpMV time: 0.000098 s
[Rank 25] Local SpMV time: 0.001428 s
[Rank 22] Local SpMV time: 0.011037 s
[Rank 11] Local SpMV time: 0.002812 s
[Rank 31] Local SpMV time: 0.000058 s
[Rank 0] Local SpMV time: 0.000110 s
[Rank 18] Local SpMV time: 0.000125 s
[Rank 21] Local SpMV time: 0.000062 s
[Rank 24] Local SpMV time: 0.000065 s
[Rank 19] Local SpMV time: 0.000063 s
[Rank 28] Local SpMV time: 0.000102 s
[Rank 29] Local SpMV time: 0.000108 s
[Rank 23] Local SpMV time: 0.000105 s
[Rank 30] Local SpMV time: 0.000108 s
[Rank 1] Local SpMV time: 0.000111 s

-----------------------------------------------------------------------------------------------
  P |  Time(s) | Comp% | Comm% |  GFLOP/s | Speedup |  Eff% | Mem(MiB) | NNZ min | NNZ avg | NNZ max
-----------------------------------------------------------------------------------------------
 64 |   4.2281 |   0.5 | 133.1 |     0.000 |    0.00 |   0.00 |     0.00 |       1 |     41.3 |      99
Global FLOPs per SpMV: 5292

----------------------------------------
np=128, OMP_NUM_THREADS=1
----------------------------------------
[Rank 0] Matrix: 2000 x 2000, nnz=5184 | 1D cyclic rows over P=128
[Rank 89] Local SpMV time: 0.000029 s
[Rank 87] Local SpMV time: 0.000019 s
[Rank 83] Local SpMV time: 0.000019 s
[Rank 127] Local SpMV time: 0.000036 s
[Rank 123] Local SpMV time: 0.000019 s
[Rank 95] Local SpMV time: 0.000020 s
[Rank 93] Local SpMV time: 0.000019 s
[Rank 88] Local SpMV time: 0.000029 s
[Rank 120] Local SpMV time: 0.000022 s
[Rank 103] Local SpMV time: 0.000036 s
[Rank 111] Local SpMV time: 0.000035 s
[Rank 119] Local SpMV time: 0.000018 s
[Rank 104] Local SpMV time: 0.000021 s
[Rank 124] Local SpMV time: 0.000017 s
[Rank 114] Local SpMV time: 0.000019 s
[Rank 105] Local SpMV time: 0.000019 s
[Rank 85] Local SpMV time: 0.000021 s
[Rank 121] Local SpMV time: 0.000034 s
[Rank 100] Local SpMV time: 0.000021 s
[Rank 115] Local SpMV time: 0.000020 s
[Rank 92] Local SpMV time: 0.000022 s
[Rank 84] Local SpMV time: 0.000019 s
[Rank 91] Local SpMV time: 0.000022 s
[Rank 86] Local SpMV time: 0.000036 s
[Rank 122] Local SpMV time: 0.000020 s
[Rank 116] Local SpMV time: 0.000021 s
[Rank 99] Local SpMV time: 0.000036 s
[Rank 107] Local SpMV time: 0.000019 s
[Rank 94] Local SpMV time: 0.000036 s
[Rank 109] Local SpMV time: 0.000021 s
[Rank 108] Local SpMV time: 0.000036 s
[Rank 102] Local SpMV time: 0.000034 s
[Rank 97] Local SpMV time: 0.000036 s
[Rank 82] Local SpMV time: 0.000019 s
[Rank 125] Local SpMV time: 0.000020 s
[Rank 98] Local SpMV time: 0.000019 s
[Rank 113] Local SpMV time: 0.000022 s
[Rank 106] Local SpMV time: 0.000033 s
[Rank 110] Local SpMV time: 0.000017 s
[Rank 90] Local SpMV time: 0.000018 s
[Rank 112] Local SpMV time: 0.000019 s
[Rank 126] Local SpMV time: 0.000018 s
[Rank 101] Local SpMV time: 0.000021 s
[Rank 118] Local SpMV time: 0.000035 s
[Rank 96] Local SpMV time: 0.000021 s
[Rank 117] Local SpMV time: 0.000021 s
[Rank 81] Local SpMV time: 0.000036 s
[Rank 66] Local SpMV time: 0.000035 s
[Rank 80] Local SpMV time: 0.000018 s
[Rank 68] Local SpMV time: 0.000035 s
[Rank 76] Local SpMV time: 0.000035 s
[Rank 74] Local SpMV time: 0.000018 s
[Rank 78] Local SpMV time: 0.000034 s
[Rank 73] Local SpMV time: 0.000020 s
[Rank 65] Local SpMV time: 0.000036 s
[Rank 79] Local SpMV time: 0.000020 s
[Rank 72] Local SpMV time: 0.000037 s
[Rank 75] Local SpMV time: 0.000021 s
[Rank 71] Local SpMV time: 0.000021 s
[Rank 77] Local SpMV time: 0.000020 s
[Rank 67] Local SpMV time: 0.000036 s
[Rank 70] Local SpMV time: 0.000035 s
[Rank 69] Local SpMV time: 0.000052 s
[Rank 4] Local SpMV time: 0.000024 s
[Rank 2] Local SpMV time: 0.000021 s
[Rank 6] Local SpMV time: 0.000023 s
[Rank 1] Local SpMV time: 0.000025 s
[Rank 5] Local SpMV time: 0.000022 s
[Rank 8] Local SpMV time: 0.000022 s
[Rank 12] Local SpMV time: 0.000022 s
[Rank 9] Local SpMV time: 0.000025 s
[Rank 14] Local SpMV time: 0.000022 s
[Rank 10] Local SpMV time: 0.000021 s
[Rank 13] Local SpMV time: 0.000023 s
[Rank 28] Local SpMV time: 0.000024 s
[Rank 7] Local SpMV time: 0.000022 s
[Rank 26] Local SpMV time: 0.000021 s
[Rank 3] Local SpMV time: 0.000021 s
[Rank 22] Local SpMV time: 0.000023 s
[Rank 24] Local SpMV time: 0.000023 s
[Rank 23] Local SpMV time: 0.000025 s
[Rank 21] Local SpMV time: 0.000024 s
[Rank 53] Local SpMV time: 0.000019 s
[Rank 52] Local SpMV time: 0.000019 s
[Rank 11] Local SpMV time: 0.000019 s
[Rank 29] Local SpMV time: 0.000023 s
[Rank 50] Local SpMV time: 0.000019 s
[Rank 15] Local SpMV time: 0.000021 s
[Rank 38] Local SpMV time: 0.000019 s
[Rank 25] Local SpMV time: 0.000023 s
[Rank 34] Local SpMV time: 0.000018 s
[Rank 30] Local SpMV time: 0.000023 s
[Rank 19] Local SpMV time: 0.000024 s
[Rank 0] Local SpMV time: 0.000021 s
[Rank 44] Local SpMV time: 0.000020 s
[Rank 47] Local SpMV time: 0.000020 s
[Rank 49] Local SpMV time: 0.000020 s
[Rank 16] Local SpMV time: 0.000040 s
[Rank 41] Local SpMV time: 0.000020 s
[Rank 46] Local SpMV time: 0.000020 s
[Rank 36] Local SpMV time: 0.000020 s
[Rank 27] Local SpMV time: 0.000024 s
[Rank 58] Local SpMV time: 0.000019 s
[Rank 31] Local SpMV time: 0.000024 s
[Rank 42] Local SpMV time: 0.000017 s
[Rank 51] Local SpMV time: 0.000019 s
[Rank 48] Local SpMV time: 0.000020 s
[Rank 61] Local SpMV time: 0.000019 s
[Rank 20] Local SpMV time: 0.000023 s
[Rank 35] Local SpMV time: 0.000020 s
[Rank 33] Local SpMV time: 0.000024 s
[Rank 63] Local SpMV time: 0.000018 s
[Rank 39] Local SpMV time: 0.000020 s
[Rank 45] Local SpMV time: 0.000020 s
[Rank 57] Local SpMV time: 0.000020 s
[Rank 32] Local SpMV time: 0.000022 s
[Rank 55] Local SpMV time: 0.000019 s
[Rank 54] Local SpMV time: 0.000017 s
[Rank 56] Local SpMV time: 0.000021 s
[Rank 60] Local SpMV time: 0.000019 s
[Rank 17] Local SpMV time: 0.000026 s
[Rank 64] Local SpMV time: 0.000020 s
[Rank 37] Local SpMV time: 0.000020 s
[Rank 40] Local SpMV time: 0.000020 s
[Rank 18] Local SpMV time: 0.000024 s
[Rank 62] Local SpMV time: 0.000018 s
[Rank 59] Local SpMV time: 0.000020 s
[Rank 43] Local SpMV time: 0.000020 s

-----------------------------------------------------------------------------------------------
  P |  Time(s) | Comp% | Comm% |  GFLOP/s | Speedup |  Eff% | Mem(MiB) | NNZ min | NNZ avg | NNZ max
-----------------------------------------------------------------------------------------------
128 |  10.5240 |   0.0 | 127.2 |     0.000 |    0.00 |   0.00 |     0.00 |       0 |     21.9 |      95
Global FLOPs per SpMV: 5604

