Strong scaling results for Trefethen_2000.mtx
Date: Fri Jan  9 11:42:29 CET 2026
----------------------------------------

[Rank 0] Matrix: 2000 x 2000, nnz=21953 | 1D cyclic rows over P=1
[Rank 0] Local SpMV time: 0.001945 s

-----------------------------------------------------------------------------------------------
  P |  Time(s) | Comp% | Comm% |  GFLOP/s | Speedup |  Eff% | Mem(MiB) | NNZ min | NNZ avg | NNZ max
-----------------------------------------------------------------------------------------------
  1 |   0.0020 |  97.3 |   2.1 |     0.042 |    N/A   |   N/A  |     1.16 |   41906 |  41906.0 |   41906
Global FLOPs per SpMV: 83812
BASELINE_T1=0.0020

----------------------------------------
np=2, OMP_NUM_THREADS=64
----------------------------------------
[Rank 0] Matrix: 2000 x 2000, nnz=21953 | 1D cyclic rows over P=2
[Rank 0] Local SpMV time: 0.001768 s

-----------------------------------------------------------------------------------------------
  P |  Time(s) | Comp% | Comm% |  GFLOP/s | Speedup |  Eff% | Mem(MiB) | NNZ min | NNZ avg | NNZ max
-----------------------------------------------------------------------------------------------
  2 |   0.0020 |  90.4 |  10.6 |     0.027 |    1.02 |  51.13 |     0.47 |    9449 |  13022.0 |   16595
Global FLOPs per SpMV: 52088
[Rank 1] Local SpMV time: 0.001700 s

----------------------------------------
np=4, OMP_NUM_THREADS=32
----------------------------------------
[Rank 0] Matrix: 2000 x 2000, nnz=21953 | 1D cyclic rows over P=4
[Rank 0] Local SpMV time: 0.000941 s
[Rank 3] Local SpMV time: 0.000850 s
[Rank 1] Local SpMV time: 0.003064 s
[Rank 2] Local SpMV time: 0.016100 s

-----------------------------------------------------------------------------------------------
  P |  Time(s) | Comp% | Comm% |  GFLOP/s | Speedup |  Eff% | Mem(MiB) | NNZ min | NNZ avg | NNZ max
-----------------------------------------------------------------------------------------------
  4 |   0.0551 |  29.2 | 111.5 |     0.001 |    0.04 |   0.91 |     0.18 |    2343 |   4582.2 |    5925
Global FLOPs per SpMV: 36658

----------------------------------------
np=8, OMP_NUM_THREADS=16
----------------------------------------
[Rank 0] Matrix: 2000 x 2000, nnz=21953 | 1D cyclic rows over P=8
[Rank 6] Local SpMV time: 0.000582 s
[Rank 3] Local SpMV time: 0.000467 s
[Rank 0] Local SpMV time: 0.014582 s
[Rank 5] Local SpMV time: 0.004256 s
[Rank 2] Local SpMV time: 0.009979 s
[Rank 1] Local SpMV time: 0.007967 s
[Rank 4] Local SpMV time: 0.043998 s
[Rank 7] Local SpMV time: 0.044002 s

-----------------------------------------------------------------------------------------------
  P |  Time(s) | Comp% | Comm% |  GFLOP/s | Speedup |  Eff% | Mem(MiB) | NNZ min | NNZ avg | NNZ max
-----------------------------------------------------------------------------------------------
  8 |   0.2210 |  19.9 | 133.2 |     0.000 |    0.01 |   0.11 |     0.07 |     590 |   1737.2 |    2277
Global FLOPs per SpMV: 27796

----------------------------------------
np=16, OMP_NUM_THREADS=8
----------------------------------------
[Rank 0] Matrix: 2000 x 2000, nnz=21953 | 1D cyclic rows over P=16
[Rank 8] Local SpMV time: 0.000294 s
[Rank 15] Local SpMV time: 0.000294 s
[Rank 4] Local SpMV time: 0.002520 s
[Rank 11] Local SpMV time: 0.003124 s
[Rank 14] Local SpMV time: 0.015427 s
[Rank 1] Local SpMV time: 0.002241 s
[Rank 10] Local SpMV time: 0.003353 s
[Rank 5] Local SpMV time: 0.002357 s
[Rank 6] Local SpMV time: 0.002528 s
[Rank 9] Local SpMV time: 0.015360 s
[Rank 0] Local SpMV time: 0.002650 s
[Rank 3] Local SpMV time: 0.088171 s
[Rank 12] Local SpMV time: 0.004637 s
[Rank 7] Local SpMV time: 0.004786 s
[Rank 2] Local SpMV time: 0.011190 s
[Rank 13] Local SpMV time: 0.011055 s

-----------------------------------------------------------------------------------------------
  P |  Time(s) | Comp% | Comm% |  GFLOP/s | Speedup |  Eff% | Mem(MiB) | NNZ min | NNZ avg | NNZ max
-----------------------------------------------------------------------------------------------
 16 |   0.4642 |  19.0 | 151.5 |     0.000 |    0.00 |   0.03 |     0.03 |     152 |    729.5 |     964
Global FLOPs per SpMV: 23344

----------------------------------------
np=32, OMP_NUM_THREADS=4
----------------------------------------
[Rank 0] Matrix: 2000 x 2000, nnz=21953 | 1D cyclic rows over P=32
[Rank 27] Local SpMV time: 0.000267 s
[Rank 2] Local SpMV time: 0.000194 s
[Rank 21] Local SpMV time: 0.002363 s
[Rank 28] Local SpMV time: 0.002363 s
[Rank 15] Local SpMV time: 0.015179 s
[Rank 10] Local SpMV time: 0.002362 s
[Rank 29] Local SpMV time: 0.002591 s
[Rank 16] Local SpMV time: 0.002354 s
[Rank 11] Local SpMV time: 0.002648 s
[Rank 22] Local SpMV time: 0.015275 s
[Rank 23] Local SpMV time: 0.002626 s
[Rank 30] Local SpMV time: 0.002678 s
[Rank 3] Local SpMV time: 0.002738 s
[Rank 12] Local SpMV time: 0.002678 s
[Rank 5] Local SpMV time: 0.002768 s
[Rank 8] Local SpMV time: 0.015602 s
[Rank 31] Local SpMV time: 0.002648 s
[Rank 4] Local SpMV time: 0.003846 s
[Rank 25] Local SpMV time: 0.002605 s
[Rank 6] Local SpMV time: 0.003378 s
[Rank 7] Local SpMV time: 0.003294 s
[Rank 0] Local SpMV time: 0.016397 s
[Rank 9] Local SpMV time: 0.002947 s
[Rank 24] Local SpMV time: 0.029542 s
[Rank 1] Local SpMV time: 0.015914 s
[Rank 13] Local SpMV time: 0.003116 s
[Rank 26] Local SpMV time: 0.033376 s
[Rank 17] Local SpMV time: 0.002169 s
[Rank 14] Local SpMV time: 0.176460 s
[Rank 19] Local SpMV time: 0.015329 s
[Rank 20] Local SpMV time: 0.003921 s
[Rank 18] Local SpMV time: 0.012998 s

-----------------------------------------------------------------------------------------------
  P |  Time(s) | Comp% | Comm% |  GFLOP/s | Speedup |  Eff% | Mem(MiB) | NNZ min | NNZ avg | NNZ max
-----------------------------------------------------------------------------------------------
 32 |   1.0894 |  16.2 | 150.0 |     0.000 |    0.00 |   0.01 |     0.01 |      38 |    328.1 |     437
Global FLOPs per SpMV: 20998

----------------------------------------
np=64, OMP_NUM_THREADS=2
----------------------------------------
[Rank 0] Matrix: 2000 x 2000, nnz=21953 | 1D cyclic rows over P=64
[Rank 61] Local SpMV time: 0.011050 s
[Rank 36] Local SpMV time: 0.000173 s
[Rank 37] Local SpMV time: 0.000095 s
[Rank 38] Local SpMV time: 0.000151 s
[Rank 32] Local SpMV time: 0.000091 s
[Rank 46] Local SpMV time: 0.001378 s
[Rank 47] Local SpMV time: 0.010784 s
[Rank 19] Local SpMV time: 0.022009 s
[Rank 12] Local SpMV time: 0.000166 s
[Rank 44] Local SpMV time: 0.001432 s
[Rank 5] Local SpMV time: 0.001584 s
[Rank 62] Local SpMV time: 0.001894 s
[Rank 54] Local SpMV time: 0.012936 s
[Rank 4] Local SpMV time: 0.012007 s
[Rank 28] Local SpMV time: 0.004211 s
[Rank 23] Local SpMV time: 0.000124 s
[Rank 48] Local SpMV time: 0.001677 s
[Rank 25] Local SpMV time: 0.001754 s
[Rank 56] Local SpMV time: 0.013895 s
[Rank 9] Local SpMV time: 0.002325 s
[Rank 30] Local SpMV time: 0.001628 s
[Rank 53] Local SpMV time: 0.001923 s
[Rank 0] Local SpMV time: 0.002256 s
[Rank 27] Local SpMV time: 0.002532 s
[Rank 20] Local SpMV time: 0.003605 s
[Rank 1] Local SpMV time: 0.002252 s
[Rank 40] Local SpMV time: 0.002076 s
[Rank 59] Local SpMV time: 0.001841 s
[Rank 8] Local SpMV time: 0.014310 s
[Rank 51] Local SpMV time: 0.002597 s
[Rank 60] Local SpMV time: 0.002034 s
[Rank 15] Local SpMV time: 0.014931 s
[Rank 16] Local SpMV time: 0.001497 s
[Rank 45] Local SpMV time: 0.002098 s
[Rank 22] Local SpMV time: 0.001784 s
[Rank 17] Local SpMV time: 0.001840 s
[Rank 50] Local SpMV time: 0.002424 s
[Rank 43] Local SpMV time: 0.002598 s
[Rank 6] Local SpMV time: 0.001724 s
[Rank 14] Local SpMV time: 0.014012 s
[Rank 63] Local SpMV time: 0.000066 s
[Rank 21] Local SpMV time: 0.001695 s
[Rank 52] Local SpMV time: 0.000083 s
[Rank 3] Local SpMV time: 0.002115 s
[Rank 34] Local SpMV time: 0.001397 s
[Rank 58] Local SpMV time: 0.001831 s
[Rank 7] Local SpMV time: 0.000110 s
[Rank 24] Local SpMV time: 0.002281 s
[Rank 35] Local SpMV time: 0.001581 s
[Rank 55] Local SpMV time: 0.002119 s
[Rank 18] Local SpMV time: 0.000164 s
[Rank 11] Local SpMV time: 0.344777 s
[Rank 26] Local SpMV time: 0.012561 s
[Rank 31] Local SpMV time: 0.002409 s
[Rank 29] Local SpMV time: 0.002157 s
[Rank 10] Local SpMV time: 0.000082 s
[Rank 57] Local SpMV time: 0.001889 s
[Rank 42] Local SpMV time: 0.001314 s
[Rank 2] Local SpMV time: 0.022049 s
[Rank 13] Local SpMV time: 0.011054 s
[Rank 39] Local SpMV time: 0.001529 s
[Rank 41] Local SpMV time: 0.002129 s
[Rank 49] Local SpMV time: 0.000135 s
[Rank 33] Local SpMV time: 0.001754 s

-----------------------------------------------------------------------------------------------
  P |  Time(s) | Comp% | Comm% |  GFLOP/s | Speedup |  Eff% | Mem(MiB) | NNZ min | NNZ avg | NNZ max
-----------------------------------------------------------------------------------------------
 64 |   3.7551 |   9.2 | 140.7 |     0.000 |    0.00 |   0.00 |     0.01 |      12 |    156.5 |     212
Global FLOPs per SpMV: 20030

----------------------------------------
np=128, OMP_NUM_THREADS=1
----------------------------------------
[Rank 0] Matrix: 2000 x 2000, nnz=21953 | 1D cyclic rows over P=128
[Rank 125] Local SpMV time: 0.000070 s
[Rank 127] Local SpMV time: 0.000065 s
[Rank 126] Local SpMV time: 0.000059 s
[Rank 18] Local SpMV time: 0.000059 s
[Rank 72] Local SpMV time: 0.000057 s
[Rank 64] Local SpMV time: 0.000043 s
[Rank 14] Local SpMV time: 0.000049 s
[Rank 80] Local SpMV time: 0.000054 s
[Rank 115] Local SpMV time: 0.000066 s
[Rank 26] Local SpMV time: 0.000030 s
[Rank 1] Local SpMV time: 0.000060 s
[Rank 109] Local SpMV time: 0.000045 s
[Rank 15] Local SpMV time: 0.000048 s
[Rank 53] Local SpMV time: 0.000059 s
[Rank 84] Local SpMV time: 0.000053 s
[Rank 8] Local SpMV time: 0.000063 s
[Rank 12] Local SpMV time: 0.000046 s
[Rank 104] Local SpMV time: 0.000049 s
[Rank 16] Local SpMV time: 0.000045 s
[Rank 13] Local SpMV time: 0.000029 s
[Rank 2] Local SpMV time: 0.000051 s
[Rank 9] Local SpMV time: 0.000048 s
[Rank 95] Local SpMV time: 0.000055 s
[Rank 92] Local SpMV time: 0.000049 s
[Rank 28] Local SpMV time: 0.000046 s
[Rank 3] Local SpMV time: 0.000063 s
[Rank 94] Local SpMV time: 0.000045 s
[Rank 67] Local SpMV time: 0.000026 s
[Rank 10] Local SpMV time: 0.000029 s
[Rank 105] Local SpMV time: 0.000042 s
[Rank 110] Local SpMV time: 0.000048 s
[Rank 25] Local SpMV time: 0.000044 s
[Rank 111] Local SpMV time: 0.000041 s
[Rank 70] Local SpMV time: 0.000048 s
[Rank 33] Local SpMV time: 0.000045 s
[Rank 78] Local SpMV time: 0.000049 s
[Rank 19] Local SpMV time: 0.000066 s
[Rank 36] Local SpMV time: 0.000048 s
[Rank 113] Local SpMV time: 0.000047 s
[Rank 30] Local SpMV time: 0.000050 s
[Rank 31] Local SpMV time: 0.000054 s
[Rank 124] Local SpMV time: 0.000052 s
[Rank 75] Local SpMV time: 0.000042 s
[Rank 57] Local SpMV time: 0.000063 s
[Rank 118] Local SpMV time: 0.000044 s
[Rank 116] Local SpMV time: 0.000025 s
[Rank 88] Local SpMV time: 0.000050 s
[Rank 85] Local SpMV time: 0.000063 s
[Rank 48] Local SpMV time: 0.000049 s
[Rank 112] Local SpMV time: 0.000043 s
[Rank 11] Local SpMV time: 0.000049 s
[Rank 42] Local SpMV time: 0.000027 s
[Rank 65] Local SpMV time: 0.000042 s
[Rank 56] Local SpMV time: 0.000054 s
[Rank 123] Local SpMV time: 0.000039 s
[Rank 102] Local SpMV time: 0.000048 s
[Rank 99] Local SpMV time: 0.000041 s
[Rank 52] Local SpMV time: 0.000046 s
[Rank 17] Local SpMV time: 0.000047 s
[Rank 108] Local SpMV time: 0.000028 s
[Rank 6] Local SpMV time: 0.000031 s
[Rank 39] Local SpMV time: 0.000044 s
[Rank 20] Local SpMV time: 0.000050 s
[Rank 5] Local SpMV time: 0.000043 s
[Rank 0] Local SpMV time: 0.000025 s
[Rank 93] Local SpMV time: 0.000042 s
[Rank 114] Local SpMV time: 0.000047 s
[Rank 117] Local SpMV time: 0.000025 s
[Rank 29] Local SpMV time: 0.000027 s
[Rank 32] Local SpMV time: 0.000043 s
[Rank 119] Local SpMV time: 0.000049 s
[Rank 100] Local SpMV time: 0.000046 s
[Rank 79] Local SpMV time: 0.000063 s
[Rank 122] Local SpMV time: 0.000026 s
[Rank 37] Local SpMV time: 0.000044 s
[Rank 24] Local SpMV time: 0.000055 s
[Rank 63] Local SpMV time: 0.000027 s
[Rank 73] Local SpMV time: 0.000051 s
[Rank 40] Local SpMV time: 0.000049 s
[Rank 81] Local SpMV time: 0.000044 s
[Rank 43] Local SpMV time: 0.000045 s
[Rank 103] Local SpMV time: 0.000041 s
[Rank 83] Local SpMV time: 0.000045 s
[Rank 4] Local SpMV time: 0.000049 s
[Rank 49] Local SpMV time: 0.000043 s
[Rank 76] Local SpMV time: 0.000049 s
[Rank 27] Local SpMV time: 0.000047 s
[Rank 66] Local SpMV time: 0.000057 s
[Rank 77] Local SpMV time: 0.000064 s
[Rank 54] Local SpMV time: 0.000047 s
[Rank 69] Local SpMV time: 0.000048 s
[Rank 106] Local SpMV time: 0.000044 s
[Rank 41] Local SpMV time: 0.000026 s
[Rank 98] Local SpMV time: 0.000046 s
[Rank 97] Local SpMV time: 0.000029 s
[Rank 86] Local SpMV time: 0.000048 s
[Rank 21] Local SpMV time: 0.000027 s
[Rank 38] Local SpMV time: 0.000055 s
[Rank 107] Local SpMV time: 0.000025 s
[Rank 62] Local SpMV time: 0.000048 s
[Rank 121] Local SpMV time: 0.000042 s
[Rank 82] Local SpMV time: 0.000050 s
[Rank 90] Local SpMV time: 0.000046 s
[Rank 96] Local SpMV time: 0.000028 s
[Rank 87] Local SpMV time: 0.000028 s
[Rank 35] Local SpMV time: 0.000043 s
[Rank 61] Local SpMV time: 0.000043 s
[Rank 89] Local SpMV time: 0.000044 s
[Rank 46] Local SpMV time: 0.000050 s
[Rank 59] Local SpMV time: 0.000042 s
[Rank 120] Local SpMV time: 0.000024 s
[Rank 91] Local SpMV time: 0.000043 s
[Rank 74] Local SpMV time: 0.000026 s
[Rank 51] Local SpMV time: 0.000049 s
[Rank 34] Local SpMV time: 0.000056 s
[Rank 7] Local SpMV time: 0.000050 s
[Rank 45] Local SpMV time: 0.000044 s
[Rank 60] Local SpMV time: 0.000047 s
[Rank 22] Local SpMV time: 0.000050 s
[Rank 101] Local SpMV time: 0.000026 s
[Rank 47] Local SpMV time: 0.000027 s
[Rank 68] Local SpMV time: 0.000054 s
[Rank 44] Local SpMV time: 0.000055 s
[Rank 23] Local SpMV time: 0.000042 s
[Rank 50] Local SpMV time: 0.000046 s
[Rank 58] Local SpMV time: 0.000048 s
[Rank 55] Local SpMV time: 0.000046 s
[Rank 71] Local SpMV time: 0.000029 s

-----------------------------------------------------------------------------------------------
  P |  Time(s) | Comp% | Comm% |  GFLOP/s | Speedup |  Eff% | Mem(MiB) | NNZ min | NNZ avg | NNZ max
-----------------------------------------------------------------------------------------------
128 |   9.1740 |   0.0 | 132.5 |     0.000 |    0.00 |   0.00 |     0.00 |       0 |     75.0 |     113
Global FLOPs per SpMV: 19192

