Strong scaling results for ww_36_pmec_36.mtx
Date: Fri Jan  9 11:49:46 CET 2026
----------------------------------------

[Rank 0] Matrix: 66 x 66, nnz=1194 | 1D cyclic rows over P=1
[Rank 0] Local SpMV time: 0.001905 s

-----------------------------------------------------------------------------------------------
  P |  Time(s) | Comp% | Comm% |  GFLOP/s | Speedup |  Eff% | Mem(MiB) | NNZ min | NNZ avg | NNZ max
-----------------------------------------------------------------------------------------------
  1 |   0.0020 |  97.2 |   2.0 |     0.001 |    N/A   |   N/A  |     0.03 |    1194 |   1194.0 |    1194
Global FLOPs per SpMV: 2388
BASELINE_T1=0.0020

----------------------------------------
np=2, OMP_NUM_THREADS=64
----------------------------------------
[Rank 0] Matrix: 66 x 66, nnz=1194 | 1D cyclic rows over P=2
[Rank 0] Local SpMV time: 0.001662 s

-----------------------------------------------------------------------------------------------
  P |  Time(s) | Comp% | Comm% |  GFLOP/s | Speedup |  Eff% | Mem(MiB) | NNZ min | NNZ avg | NNZ max
-----------------------------------------------------------------------------------------------
  2 |   0.0019 |  88.0 |  15.0 |     0.001 |    1.04 |  52.17 |     0.02 |     295 |    445.5 |     596
Global FLOPs per SpMV: 1782
[Rank 1] Local SpMV time: 0.001688 s

----------------------------------------
np=4, OMP_NUM_THREADS=32
----------------------------------------
[Rank 0] Matrix: 66 x 66, nnz=1194 | 1D cyclic rows over P=4
[Rank 3] Local SpMV time: 0.001493 s
[Rank 0] Local SpMV time: 0.000892 s
[Rank 1] Local SpMV time: 0.019118 s
[Rank 2] Local SpMV time: 0.016397 s

-----------------------------------------------------------------------------------------------
  P |  Time(s) | Comp% | Comm% |  GFLOP/s | Speedup |  Eff% | Mem(MiB) | NNZ min | NNZ avg | NNZ max
-----------------------------------------------------------------------------------------------
  4 |   0.0585 |  32.7 | 109.7 |     0.000 |    0.03 |   0.85 |     0.01 |      76 |    186.0 |     314
Global FLOPs per SpMV: 1488

----------------------------------------
np=8, OMP_NUM_THREADS=16
----------------------------------------
[Rank 0] Matrix: 66 x 66, nnz=1194 | 1D cyclic rows over P=8
[Rank 6] Local SpMV time: 0.000496 s
[Rank 1] Local SpMV time: 0.000536 s
[Rank 4] Local SpMV time: 0.003637 s
[Rank 7] Local SpMV time: 0.004567 s
[Rank 0] Local SpMV time: 0.006971 s
[Rank 3] Local SpMV time: 0.008235 s
[Rank 2] Local SpMV time: 0.021133 s
[Rank 5] Local SpMV time: 0.044010 s

-----------------------------------------------------------------------------------------------
  P |  Time(s) | Comp% | Comm% |  GFLOP/s | Speedup |  Eff% | Mem(MiB) | NNZ min | NNZ avg | NNZ max
-----------------------------------------------------------------------------------------------
  8 |   0.2240 |  19.6 | 130.8 |     0.000 |    0.01 |   0.11 |     0.01 |      18 |     85.6 |     186
Global FLOPs per SpMV: 1370

----------------------------------------
np=16, OMP_NUM_THREADS=8
----------------------------------------
[Rank 0] Matrix: 66 x 66, nnz=1194 | 1D cyclic rows over P=16
[Rank 15] Local SpMV time: 0.000298 s
[Rank 13] Local SpMV time: 0.000288 s
[Rank 10] Local SpMV time: 0.000321 s
[Rank 2] Local SpMV time: 0.002302 s
[Rank 14] Local SpMV time: 0.004306 s
[Rank 9] Local SpMV time: 0.034800 s
[Rank 12] Local SpMV time: 0.006276 s
[Rank 0] Local SpMV time: 0.008255 s
[Rank 11] Local SpMV time: 0.089915 s
[Rank 5] Local SpMV time: 0.087999 s
[Rank 6] Local SpMV time: 0.065005 s
[Rank 3] Local SpMV time: 0.087998 s
[Rank 7] Local SpMV time: 0.088000 s
[Rank 8] Local SpMV time: 0.087763 s
[Rank 1] Local SpMV time: 0.087998 s
[Rank 4] Local SpMV time: 0.088006 s

-----------------------------------------------------------------------------------------------
  P |  Time(s) | Comp% | Comm% |  GFLOP/s | Speedup |  Eff% | Mem(MiB) | NNZ min | NNZ avg | NNZ max
-----------------------------------------------------------------------------------------------
 16 |   0.7070 |  12.7 | 123.6 |     0.000 |    0.00 |   0.02 |     0.00 |       6 |     39.8 |      92
Global FLOPs per SpMV: 1274

----------------------------------------
np=32, OMP_NUM_THREADS=4
----------------------------------------
[Rank 0] Matrix: 66 x 66, nnz=1194 | 1D cyclic rows over P=32
[Rank 5] Local SpMV time: 0.000247 s
[Rank 26] Local SpMV time: 0.000231 s
[Rank 19] Local SpMV time: 0.000192 s
[Rank 31] Local SpMV time: 0.002256 s
[Rank 30] Local SpMV time: 0.000181 s
[Rank 23] Local SpMV time: 0.000184 s
[Rank 12] Local SpMV time: 0.002212 s
[Rank 10] Local SpMV time: 0.000174 s
[Rank 18] Local SpMV time: 0.013325 s
[Rank 15] Local SpMV time: 0.000174 s
[Rank 14] Local SpMV time: 0.000194 s
[Rank 29] Local SpMV time: 0.002151 s
[Rank 20] Local SpMV time: 0.002060 s
[Rank 25] Local SpMV time: 0.004108 s
[Rank 4] Local SpMV time: 0.004042 s
[Rank 11] Local SpMV time: 0.006049 s
[Rank 24] Local SpMV time: 0.005740 s
[Rank 3] Local SpMV time: 0.008093 s
[Rank 28] Local SpMV time: 0.018511 s
[Rank 27] Local SpMV time: 0.011037 s
[Rank 22] Local SpMV time: 0.010004 s
[Rank 13] Local SpMV time: 0.001907 s
[Rank 17] Local SpMV time: 0.003647 s
[Rank 16] Local SpMV time: 0.002552 s
[Rank 2] Local SpMV time: 0.005809 s
[Rank 7] Local SpMV time: 0.011122 s
[Rank 8] Local SpMV time: 0.000172 s
[Rank 21] Local SpMV time: 0.001913 s
[Rank 9] Local SpMV time: 0.003918 s
[Rank 1] Local SpMV time: 0.005754 s
[Rank 6] Local SpMV time: 0.000174 s
[Rank 0] Local SpMV time: 0.169982 s

-----------------------------------------------------------------------------------------------
  P |  Time(s) | Comp% | Comm% |  GFLOP/s | Speedup |  Eff% | Mem(MiB) | NNZ min | NNZ avg | NNZ max
-----------------------------------------------------------------------------------------------
 32 |   1.5790 |  10.8 | 113.7 |     0.000 |    0.00 |   0.00 |     0.00 |       1 |     19.2 |      62
Global FLOPs per SpMV: 1230

----------------------------------------
np=64, OMP_NUM_THREADS=2
----------------------------------------
[Rank 0] Matrix: 66 x 66, nnz=1194 | 1D cyclic rows over P=64
[Rank 40] Local SpMV time: 0.000159 s
[Rank 33] Local SpMV time: 0.000123 s
[Rank 54] Local SpMV time: 0.033594 s
[Rank 47] Local SpMV time: 0.000141 s
[Rank 39] Local SpMV time: 0.000103 s
[Rank 11] Local SpMV time: 0.011611 s
[Rank 18] Local SpMV time: 0.011038 s
[Rank 12] Local SpMV time: 0.000137 s
[Rank 61] Local SpMV time: 0.000230 s
[Rank 19] Local SpMV time: 0.000165 s
[Rank 26] Local SpMV time: 0.033048 s
[Rank 5] Local SpMV time: 0.000092 s
[Rank 32] Local SpMV time: 0.000157 s
[Rank 9] Local SpMV time: 0.000169 s
[Rank 46] Local SpMV time: 0.000124 s
[Rank 25] Local SpMV time: 0.000118 s
[Rank 53] Local SpMV time: 0.000112 s
[Rank 30] Local SpMV time: 0.000178 s
[Rank 37] Local SpMV time: 0.000104 s
[Rank 60] Local SpMV time: 0.000112 s
[Rank 51] Local SpMV time: 0.000098 s
[Rank 62] Local SpMV time: 0.000089 s
[Rank 58] Local SpMV time: 0.089020 s
[Rank 23] Local SpMV time: 0.011027 s
[Rank 16] Local SpMV time: 0.011030 s
[Rank 44] Local SpMV time: 0.000136 s
[Rank 63] Local SpMV time: 0.000147 s
[Rank 55] Local SpMV time: 0.002014 s
[Rank 38] Local SpMV time: 0.011056 s
[Rank 57] Local SpMV time: 0.000086 s
[Rank 41] Local SpMV time: 0.000202 s
[Rank 42] Local SpMV time: 0.011036 s
[Rank 31] Local SpMV time: 0.012424 s
[Rank 45] Local SpMV time: 0.003301 s
[Rank 52] Local SpMV time: 0.000086 s
[Rank 4] Local SpMV time: 0.001227 s
[Rank 59] Local SpMV time: 0.000134 s
[Rank 34] Local SpMV time: 0.000140 s
[Rank 50] Local SpMV time: 0.011050 s
[Rank 36] Local SpMV time: 0.001208 s
[Rank 28] Local SpMV time: 0.002573 s
[Rank 27] Local SpMV time: 0.011050 s
[Rank 43] Local SpMV time: 0.001577 s
[Rank 49] Local SpMV time: 0.000162 s
[Rank 29] Local SpMV time: 0.000062 s
[Rank 56] Local SpMV time: 0.000170 s
[Rank 22] Local SpMV time: 0.012405 s
[Rank 17] Local SpMV time: 0.001874 s
[Rank 48] Local SpMV time: 0.002835 s
[Rank 35] Local SpMV time: 0.011057 s
[Rank 10] Local SpMV time: 0.004237 s
[Rank 2] Local SpMV time: 0.000081 s
[Rank 15] Local SpMV time: 0.000138 s
[Rank 20] Local SpMV time: 0.000108 s
[Rank 1] Local SpMV time: 0.001593 s
[Rank 13] Local SpMV time: 0.011048 s
[Rank 21] Local SpMV time: 0.000085 s
[Rank 7] Local SpMV time: 0.001372 s
[Rank 3] Local SpMV time: 0.013750 s
[Rank 24] Local SpMV time: 0.011015 s
[Rank 8] Local SpMV time: 0.001224 s
[Rank 14] Local SpMV time: 0.002571 s
[Rank 6] Local SpMV time: 0.000075 s
[Rank 0] Local SpMV time: 0.001339 s

-----------------------------------------------------------------------------------------------
  P |  Time(s) | Comp% | Comm% |  GFLOP/s | Speedup |  Eff% | Mem(MiB) | NNZ min | NNZ avg | NNZ max
-----------------------------------------------------------------------------------------------
 64 |   3.9034 |   2.3 | 115.2 |     0.000 |    0.00 |   0.00 |     0.00 |       0 |      9.4 |      60
Global FLOPs per SpMV: 1200

----------------------------------------
np=128, OMP_NUM_THREADS=1
----------------------------------------
[Rank 0] Matrix: 66 x 66, nnz=1194 | 1D cyclic rows over P=128
[Rank 95] Local SpMV time: 0.000045 s
[Rank 71] Local SpMV time: 0.000036 s
[Rank 127] Local SpMV time: 0.000018 s
[Rank 66] Local SpMV time: 0.000036 s
[Rank 69] Local SpMV time: 0.000020 s
[Rank 83] Local SpMV time: 0.000036 s
[Rank 81] Local SpMV time: 0.000027 s
[Rank 98] Local SpMV time: 0.000030 s
[Rank 115] Local SpMV time: 0.000019 s
[Rank 79] Local SpMV time: 0.000036 s
[Rank 84] Local SpMV time: 0.000019 s
[Rank 111] Local SpMV time: 0.000051 s
[Rank 120] Local SpMV time: 0.000030 s
[Rank 103] Local SpMV time: 0.000031 s
[Rank 105] Local SpMV time: 0.000028 s
[Rank 67] Local SpMV time: 0.000048 s
[Rank 82] Local SpMV time: 0.000019 s
[Rank 97] Local SpMV time: 0.000048 s
[Rank 116] Local SpMV time: 0.000028 s
[Rank 123] Local SpMV time: 0.000034 s
[Rank 80] Local SpMV time: 0.000018 s
[Rank 76] Local SpMV time: 0.000027 s
[Rank 96] Local SpMV time: 0.000026 s
[Rank 106] Local SpMV time: 0.000028 s
[Rank 85] Local SpMV time: 0.000029 s
[Rank 75] Local SpMV time: 0.000035 s
[Rank 108] Local SpMV time: 0.000018 s
[Rank 118] Local SpMV time: 0.000026 s
[Rank 93] Local SpMV time: 0.000030 s
[Rank 92] Local SpMV time: 0.000036 s
[Rank 77] Local SpMV time: 0.000043 s
[Rank 124] Local SpMV time: 0.000017 s
[Rank 86] Local SpMV time: 0.000026 s
[Rank 89] Local SpMV time: 0.000048 s
[Rank 73] Local SpMV time: 0.000035 s
[Rank 68] Local SpMV time: 0.000028 s
[Rank 78] Local SpMV time: 0.000028 s
[Rank 87] Local SpMV time: 0.000035 s
[Rank 101] Local SpMV time: 0.000028 s
[Rank 90] Local SpMV time: 0.000019 s
[Rank 109] Local SpMV time: 0.000031 s
[Rank 102] Local SpMV time: 0.000018 s
[Rank 113] Local SpMV time: 0.000016 s
[Rank 110] Local SpMV time: 0.000027 s
[Rank 119] Local SpMV time: 0.000047 s
[Rank 122] Local SpMV time: 0.000027 s
[Rank 112] Local SpMV time: 0.000028 s
[Rank 70] Local SpMV time: 0.000026 s
[Rank 117] Local SpMV time: 0.000044 s
[Rank 72] Local SpMV time: 0.000018 s
[Rank 107] Local SpMV time: 0.000035 s
[Rank 88] Local SpMV time: 0.000027 s
[Rank 100] Local SpMV time: 0.000017 s
[Rank 125] Local SpMV time: 0.000027 s
[Rank 74] Local SpMV time: 0.000032 s
[Rank 91] Local SpMV time: 0.000032 s
[Rank 121] Local SpMV time: 0.000018 s
[Rank 94] Local SpMV time: 0.000019 s
[Rank 99] Local SpMV time: 0.000034 s
[Rank 104] Local SpMV time: 0.000046 s
[Rank 126] Local SpMV time: 0.000031 s
[Rank 114] Local SpMV time: 0.000031 s
[Rank 54] Local SpMV time: 0.000037 s
[Rank 53] Local SpMV time: 0.000036 s
[Rank 44] Local SpMV time: 0.000022 s
[Rank 60] Local SpMV time: 0.000021 s
[Rank 61] Local SpMV time: 0.000032 s
[Rank 51] Local SpMV time: 0.000024 s
[Rank 47] Local SpMV time: 0.000036 s
[Rank 58] Local SpMV time: 0.000032 s
[Rank 33] Local SpMV time: 0.000032 s
[Rank 62] Local SpMV time: 0.000032 s
[Rank 46] Local SpMV time: 0.000020 s
[Rank 65] Local SpMV time: 0.000028 s
[Rank 39] Local SpMV time: 0.000042 s
[Rank 63] Local SpMV time: 0.000034 s
[Rank 19] Local SpMV time: 0.000033 s
[Rank 57] Local SpMV time: 0.000029 s
[Rank 13] Local SpMV time: 0.000047 s
[Rank 24] Local SpMV time: 0.000032 s
[Rank 28] Local SpMV time: 0.000021 s
[Rank 45] Local SpMV time: 0.000022 s
[Rank 32] Local SpMV time: 0.000030 s
[Rank 3] Local SpMV time: 0.000055 s
[Rank 40] Local SpMV time: 0.000045 s
[Rank 29] Local SpMV time: 0.000021 s
[Rank 59] Local SpMV time: 0.000036 s
[Rank 64] Local SpMV time: 0.000035 s
[Rank 38] Local SpMV time: 0.000031 s
[Rank 9] Local SpMV time: 0.000035 s
[Rank 30] Local SpMV time: 0.000032 s
[Rank 25] Local SpMV time: 0.000028 s
[Rank 1] Local SpMV time: 0.000047 s
[Rank 42] Local SpMV time: 0.000030 s
[Rank 50] Local SpMV time: 0.000021 s
[Rank 23] Local SpMV time: 0.000051 s
[Rank 56] Local SpMV time: 0.000042 s
[Rank 37] Local SpMV time: 0.000028 s
[Rank 41] Local SpMV time: 0.000020 s
[Rank 18] Local SpMV time: 0.000030 s
[Rank 4] Local SpMV time: 0.000029 s
[Rank 15] Local SpMV time: 0.000053 s
[Rank 0] Local SpMV time: 0.000019 s
[Rank 48] Local SpMV time: 0.000028 s
[Rank 31] Local SpMV time: 0.000035 s
[Rank 2] Local SpMV time: 0.000031 s
[Rank 36] Local SpMV time: 0.000021 s
[Rank 6] Local SpMV time: 0.000047 s
[Rank 49] Local SpMV time: 0.000020 s
[Rank 10] Local SpMV time: 0.000028 s
[Rank 11] Local SpMV time: 0.000036 s
[Rank 12] Local SpMV time: 0.000029 s
[Rank 55] Local SpMV time: 0.000036 s
[Rank 14] Local SpMV time: 0.000028 s
[Rank 43] Local SpMV time: 0.000036 s
[Rank 52] Local SpMV time: 0.000021 s
[Rank 27] Local SpMV time: 0.000036 s
[Rank 5] Local SpMV time: 0.000029 s
[Rank 22] Local SpMV time: 0.000031 s
[Rank 21] Local SpMV time: 0.000030 s
[Rank 8] Local SpMV time: 0.000030 s
[Rank 17] Local SpMV time: 0.000031 s
[Rank 20] Local SpMV time: 0.000032 s
[Rank 26] Local SpMV time: 0.000020 s
[Rank 7] Local SpMV time: 0.000034 s
[Rank 34] Local SpMV time: 0.000029 s
[Rank 16] Local SpMV time: 0.000029 s
[Rank 35] Local SpMV time: 0.000036 s

-----------------------------------------------------------------------------------------------
  P |  Time(s) | Comp% | Comm% |  GFLOP/s | Speedup |  Eff% | Mem(MiB) | NNZ min | NNZ avg | NNZ max
-----------------------------------------------------------------------------------------------
128 |   9.9321 |   0.0 | 133.5 |     0.000 |    0.00 |   0.00 |     0.00 |       0 |      7.1 |      30
Global FLOPs per SpMV: 1820

