Strong scaling results for bcsstk05.mtx
Date: Fri Jan  2 09:34:37 CET 2026
----------------------------------------

[Rank 0] Matrix: 153 x 153, nnz=1288 | grid=1x1 | pattern=0 symmetric=1
[Rank 0] Matrix: 153 x 153, nnz=1288 | grid=1x1
[Rank 0] Local SpMV time: 0.014175 s
Global FLOPs per SpMV: 4846

-----------------------------------------------------------------------------------------------
  P |  Time(s) | Comp% | Comm% |  GFLOP/s | Speedup |  Eff% | Mem(MiB) | NNZ min | NNZ avg | NNZ max
-----------------------------------------------------------------------------------------------
  1 |   0.0143 |  99.3 |   0.1 |     0.000 |    N/A   |   N/A  |     0.07 |    2423 |   2423.0 |    2423
BASELINE_T1=0.0143

----------------------------------------
np=2, OMP_NUM_THREADS=64
----------------------------------------
[Rank 0] Matrix: 153 x 153, nnz=1288 | grid=2x1 | pattern=0 symmetric=1
[Rank 0] Matrix: 153 x 153, nnz=1288 | grid=2x1
[Rank 1] Local SpMV time: 0.002237 s
[Rank 0] Local SpMV time: 0.013716 s
Global FLOPs per SpMV: 3598

-----------------------------------------------------------------------------------------------
  P |  Time(s) | Comp% | Comm% |  GFLOP/s | Speedup |  Eff% | Mem(MiB) | NNZ min | NNZ avg | NNZ max
-----------------------------------------------------------------------------------------------
  2 |   0.0138 |  99.2 |   0.5 |     0.000 |    1.03 |  51.70 |     0.04 |     581 |    899.5 |    1218

----------------------------------------
np=4, OMP_NUM_THREADS=32
----------------------------------------
[Rank 0] Matrix: 153 x 153, nnz=1288 | grid=2x2 | pattern=0 symmetric=1
[Rank 0] Matrix: 153 x 153, nnz=1288 | grid=2x2
[Rank 0] Local SpMV time: 0.010746 s
[Rank 1] Local SpMV time: 0.000831 s
[Rank 3] Local SpMV time: 0.002007 s
[Rank 2] Local SpMV time: 0.022756 s
Global FLOPs per SpMV: 2964

-----------------------------------------------------------------------------------------------
  P |  Time(s) | Comp% | Comm% |  GFLOP/s | Speedup |  Eff% | Mem(MiB) | NNZ min | NNZ avg | NNZ max
-----------------------------------------------------------------------------------------------
  4 |   0.0410 |  55.5 |   0.1 |     0.000 |    0.35 |   8.72 |     0.02 |     142 |    370.5 |     585

----------------------------------------
np=8, OMP_NUM_THREADS=16
----------------------------------------
[Rank 0] Matrix: 153 x 153, nnz=1288 | grid=4x2 | pattern=0 symmetric=1
[Rank 0] Matrix: 153 x 153, nnz=1288 | grid=4x2
[Rank 1] Local SpMV time: 0.000456 s
[Rank 4] Local SpMV time: 0.000423 s
[Rank 0] Local SpMV time: 0.007627 s
[Rank 6] Local SpMV time: 0.000419 s
[Rank 2] Local SpMV time: 0.000387 s
[Rank 5] Local SpMV time: 0.000445 s
[Rank 3] Local SpMV time: 0.004091 s
[Rank 7] Local SpMV time: 0.000453 s
Global FLOPs per SpMV: 2664

-----------------------------------------------------------------------------------------------
  P |  Time(s) | Comp% | Comm% |  GFLOP/s | Speedup |  Eff% | Mem(MiB) | NNZ min | NNZ avg | NNZ max
-----------------------------------------------------------------------------------------------
  8 |   0.0913 |   8.4 |  61.4 |     0.000 |    0.16 |   1.96 |     0.01 |      36 |    166.5 |     296

----------------------------------------
np=16, OMP_NUM_THREADS=8
----------------------------------------
[Rank 0] Matrix: 153 x 153, nnz=1288 | grid=4x4 | pattern=0 symmetric=1
[Rank 0] Matrix: 153 x 153, nnz=1288 | grid=4x4
[Rank 0] Local SpMV time: 0.004186 s
[Rank 1] Local SpMV time: 0.011209 s
[Rank 2] Local SpMV time: 0.000515 s
[Rank 9] Local SpMV time: 0.002193 s
[Rank 4] Local SpMV time: 0.000240 s
[Rank 8] Local SpMV time: 0.000235 s
[Rank 12] Local SpMV time: 0.004157 s
[Rank 13] Local SpMV time: 0.000271 s
[Rank 6] Local SpMV time: 0.000250 s
[Rank 3] Local SpMV time: 0.002239 s
[Rank 10] Local SpMV time: 0.004055 s
[Rank 5] Local SpMV time: 0.004201 s
[Rank 14] Local SpMV time: 0.000250 s
[Rank 7] Local SpMV time: 0.011110 s
[Rank 11] Local SpMV time: 0.000456 s
[Rank 15] Local SpMV time: 0.011232 s
Global FLOPs per SpMV: 2496

-----------------------------------------------------------------------------------------------
  P |  Time(s) | Comp% | Comm% |  GFLOP/s | Speedup |  Eff% | Mem(MiB) | NNZ min | NNZ avg | NNZ max
-----------------------------------------------------------------------------------------------
 16 |   0.3520 |   3.2 |  45.7 |     0.000 |    0.04 |   0.25 |     0.01 |      10 |     78.0 |     167

----------------------------------------
np=32, OMP_NUM_THREADS=4
----------------------------------------
[Rank 0] Matrix: 153 x 153, nnz=1288 | grid=8x4 | pattern=0 symmetric=1
[Rank 0] Matrix: 153 x 153, nnz=1288 | grid=8x4
[Rank 0] Local SpMV time: 0.000170 s
[Rank 16] Local SpMV time: 0.000481 s
[Rank 20] Local SpMV time: 0.004602 s
[Rank 1] Local SpMV time: 0.011046 s
[Rank 24] Local SpMV time: 0.004050 s
[Rank 4] Local SpMV time: 0.000267 s
[Rank 9] Local SpMV time: 0.001838 s
[Rank 8] Local SpMV time: 0.000538 s
[Rank 28] Local SpMV time: 0.004692 s
[Rank 5] Local SpMV time: 0.003798 s
[Rank 2] Local SpMV time: 0.000153 s
[Rank 12] Local SpMV time: 0.000374 s
[Rank 10] Local SpMV time: 0.000144 s
[Rank 6] Local SpMV time: 0.004106 s
[Rank 13] Local SpMV time: 0.022073 s
[Rank 18] Local SpMV time: 0.000136 s
[Rank 14] Local SpMV time: 0.000151 s
[Rank 17] Local SpMV time: 0.000144 s
[Rank 22] Local SpMV time: 0.004396 s
[Rank 26] Local SpMV time: 0.000147 s
[Rank 25] Local SpMV time: 0.000210 s
[Rank 3] Local SpMV time: 0.012863 s
[Rank 30] Local SpMV time: 0.000153 s
[Rank 19] Local SpMV time: 0.003880 s
[Rank 29] Local SpMV time: 0.000147 s
[Rank 21] Local SpMV time: 0.011111 s
[Rank 27] Local SpMV time: 0.011110 s
[Rank 7] Local SpMV time: 0.001917 s
[Rank 11] Local SpMV time: 0.000149 s
[Rank 31] Local SpMV time: 0.001968 s
[Rank 23] Local SpMV time: 0.011111 s
[Rank 15] Local SpMV time: 0.000176 s
Global FLOPs per SpMV: 2386

-----------------------------------------------------------------------------------------------
  P |  Time(s) | Comp% | Comm% |  GFLOP/s | Speedup |  Eff% | Mem(MiB) | NNZ min | NNZ avg | NNZ max
-----------------------------------------------------------------------------------------------
 32 |   0.9039 |   2.4 |  92.0 |     0.000 |    0.02 |   0.05 |     0.00 |       2 |     37.3 |      82

----------------------------------------
np=64, OMP_NUM_THREADS=2
----------------------------------------
[Rank 0] Matrix: 153 x 153, nnz=1288 | grid=8x8 | pattern=0 symmetric=1
[Rank 0] Matrix: 153 x 153, nnz=1288 | grid=8x8
[Rank 17] Local SpMV time: 0.000060 s
[Rank 1] Local SpMV time: 0.012923 s
[Rank 5] Local SpMV time: 0.003577 s
[Rank 21] Local SpMV time: 0.005420 s
[Rank 0] Local SpMV time: 0.000157 s
[Rank 32] Local SpMV time: 0.000112 s
[Rank 4] Local SpMV time: 0.000290 s
[Rank 7] Local SpMV time: 0.000113 s
[Rank 2] Local SpMV time: 0.004342 s
[Rank 24] Local SpMV time: 0.008469 s
[Rank 16] Local SpMV time: 0.011977 s
[Rank 40] Local SpMV time: 0.015989 s
[Rank 33] Local SpMV time: 0.000050 s
[Rank 48] Local SpMV time: 0.023992 s
[Rank 25] Local SpMV time: 0.000068 s
[Rank 36] Local SpMV time: 0.004038 s
[Rank 34] Local SpMV time: 0.000102 s
[Rank 8] Local SpMV time: 0.000302 s
[Rank 37] Local SpMV time: 0.011008 s
[Rank 6] Local SpMV time: 0.000066 s
[Rank 56] Local SpMV time: 0.000107 s
[Rank 18] Local SpMV time: 0.000067 s
[Rank 42] Local SpMV time: 0.008042 s
[Rank 41] Local SpMV time: 0.000102 s
[Rank 20] Local SpMV time: 0.012188 s
[Rank 3] Local SpMV time: 0.001745 s
[Rank 45] Local SpMV time: 0.003428 s
[Rank 10] Local SpMV time: 0.008073 s
[Rank 49] Local SpMV time: 0.005063 s
[Rank 52] Local SpMV time: 0.016068 s
[Rank 26] Local SpMV time: 0.016349 s
[Rank 44] Local SpMV time: 0.020133 s
[Rank 12] Local SpMV time: 0.020337 s
[Rank 38] Local SpMV time: 0.020516 s
[Rank 54] Local SpMV time: 0.012788 s
[Rank 50] Local SpMV time: 0.000996 s
[Rank 28] Local SpMV time: 0.007998 s
[Rank 57] Local SpMV time: 0.000107 s
[Rank 62] Local SpMV time: 0.000066 s
[Rank 23] Local SpMV time: 0.001760 s
[Rank 9] Local SpMV time: 0.003405 s
[Rank 22] Local SpMV time: 0.003992 s
[Rank 58] Local SpMV time: 0.016104 s
[Rank 14] Local SpMV time: 0.016344 s
[Rank 60] Local SpMV time: 0.012009 s
[Rank 29] Local SpMV time: 0.000099 s
[Rank 46] Local SpMV time: 0.012010 s
[Rank 31] Local SpMV time: 0.000062 s
[Rank 30] Local SpMV time: 0.016049 s
[Rank 11] Local SpMV time: 0.001339 s
[Rank 35] Local SpMV time: 0.000052 s
[Rank 43] Local SpMV time: 0.001473 s
[Rank 39] Local SpMV time: 0.000098 s
[Rank 19] Local SpMV time: 0.000108 s
[Rank 51] Local SpMV time: 0.001611 s
[Rank 59] Local SpMV time: 0.000097 s
[Rank 53] Local SpMV time: 0.001601 s
[Rank 13] Local SpMV time: 0.000097 s
[Rank 61] Local SpMV time: 0.011008 s
[Rank 15] Local SpMV time: 0.000060 s
[Rank 55] Local SpMV time: 0.001659 s
[Rank 27] Local SpMV time: 0.000051 s
[Rank 47] Local SpMV time: 0.011013 s
[Rank 63] Local SpMV time: 0.000058 s
Global FLOPs per SpMV: 2344

-----------------------------------------------------------------------------------------------
  P |  Time(s) | Comp% | Comm% |  GFLOP/s | Speedup |  Eff% | Mem(MiB) | NNZ min | NNZ avg | NNZ max
-----------------------------------------------------------------------------------------------
 64 |   2.1210 |   1.1 |  84.5 |     0.000 |    0.01 |   0.01 |     0.00 |       1 |     18.3 |      50

----------------------------------------
np=128, OMP_NUM_THREADS=1
----------------------------------------
[Rank 0] Matrix: 153 x 153, nnz=1288 | grid=16x8 | pattern=0 symmetric=1
[Rank 0] Matrix: 153 x 153, nnz=1288 | grid=16x8
[Rank 1] Local SpMV time: 0.000040 s
[Rank 33] Local SpMV time: 0.000015 s
[Rank 0] Local SpMV time: 0.000029 s
[Rank 17] Local SpMV time: 0.000015 s
[Rank 9] Local SpMV time: 0.000015 s
[Rank 16] Local SpMV time: 0.000020 s
[Rank 64] Local SpMV time: 0.000020 s
[Rank 25] Local SpMV time: 0.000015 s
[Rank 32] Local SpMV time: 0.000019 s
[Rank 40] Local SpMV time: 0.000019 s
[Rank 48] Local SpMV time: 0.000015 s
[Rank 8] Local SpMV time: 0.000019 s
[Rank 4] Local SpMV time: 0.000018 s
[Rank 72] Local SpMV time: 0.000018 s
[Rank 6] Local SpMV time: 0.000019 s
[Rank 68] Local SpMV time: 0.000017 s
[Rank 24] Local SpMV time: 0.000015 s
[Rank 96] Local SpMV time: 0.000016 s
[Rank 100] Local SpMV time: 0.000019 s
[Rank 49] Local SpMV time: 0.000016 s
[Rank 2] Local SpMV time: 0.000019 s
[Rank 12] Local SpMV time: 0.000020 s
[Rank 76] Local SpMV time: 0.000020 s
[Rank 56] Local SpMV time: 0.000016 s
[Rank 36] Local SpMV time: 0.000019 s
[Rank 18] Local SpMV time: 0.000020 s
[Rank 26] Local SpMV time: 0.000015 s
[Rank 80] Local SpMV time: 0.000018 s
[Rank 52] Local SpMV time: 0.000021 s
[Rank 22] Local SpMV time: 0.000019 s
[Rank 70] Local SpMV time: 0.000031 s
[Rank 41] Local SpMV time: 0.000030 s
[Rank 34] Local SpMV time: 0.000020 s
[Rank 3] Local SpMV time: 0.000014 s
[Rank 14] Local SpMV time: 0.000021 s
[Rank 11] Local SpMV time: 0.000015 s
[Rank 84] Local SpMV time: 0.000017 s
[Rank 104] Local SpMV time: 0.000015 s
[Rank 88] Local SpMV time: 0.000019 s
[Rank 102] Local SpMV time: 0.000020 s
[Rank 112] Local SpMV time: 0.000018 s
[Rank 38] Local SpMV time: 0.000016 s
[Rank 20] Local SpMV time: 0.000024 s
[Rank 50] Local SpMV time: 0.000018 s
[Rank 86] Local SpMV time: 0.000018 s
[Rank 10] Local SpMV time: 0.000023 s
[Rank 5] Local SpMV time: 0.000016 s
[Rank 30] Local SpMV time: 0.000032 s
[Rank 60] Local SpMV time: 0.000019 s
[Rank 66] Local SpMV time: 0.000018 s
[Rank 7] Local SpMV time: 0.000015 s
[Rank 46] Local SpMV time: 0.000020 s
[Rank 23] Local SpMV time: 0.000015 s
[Rank 42] Local SpMV time: 0.000024 s
[Rank 54] Local SpMV time: 0.000020 s
[Rank 44] Local SpMV time: 0.000017 s
[Rank 31] Local SpMV time: 0.000014 s
[Rank 78] Local SpMV time: 0.000022 s
[Rank 65] Local SpMV time: 0.000015 s
[Rank 74] Local SpMV time: 0.000025 s
[Rank 92] Local SpMV time: 0.000017 s
[Rank 97] Local SpMV time: 0.000014 s
[Rank 98] Local SpMV time: 0.000026 s
[Rank 13] Local SpMV time: 0.000015 s
[Rank 116] Local SpMV time: 0.000021 s
[Rank 94] Local SpMV time: 0.000020 s
[Rank 108] Local SpMV time: 0.000019 s
[Rank 28] Local SpMV time: 0.000041 s
[Rank 81] Local SpMV time: 0.000014 s
[Rank 106] Local SpMV time: 0.000026 s
[Rank 69] Local SpMV time: 0.000015 s
[Rank 120] Local SpMV time: 0.000019 s
[Rank 124] Local SpMV time: 0.000019 s
[Rank 58] Local SpMV time: 0.000017 s
[Rank 35] Local SpMV time: 0.000016 s
[Rank 82] Local SpMV time: 0.000023 s
[Rank 62] Local SpMV time: 0.000020 s
[Rank 113] Local SpMV time: 0.000013 s
[Rank 90] Local SpMV time: 0.000020 s
[Rank 114] Local SpMV time: 0.000024 s
[Rank 39] Local SpMV time: 0.000016 s
[Rank 121] Local SpMV time: 0.000015 s
[Rank 110] Local SpMV time: 0.000021 s
[Rank 21] Local SpMV time: 0.000015 s
[Rank 118] Local SpMV time: 0.000020 s
[Rank 57] Local SpMV time: 0.000014 s
[Rank 122] Local SpMV time: 0.000016 s
[Rank 85] Local SpMV time: 0.000016 s
[Rank 19] Local SpMV time: 0.000015 s
[Rank 43] Local SpMV time: 0.000016 s
[Rank 126] Local SpMV time: 0.000026 s
[Rank 47] Local SpMV time: 0.000015 s
[Rank 29] Local SpMV time: 0.000013 s
[Rank 67] Local SpMV time: 0.000015 s
[Rank 105] Local SpMV time: 0.000013 s
[Rank 71] Local SpMV time: 0.000016 s
[Rank 89] Local SpMV time: 0.000014 s
[Rank 93] Local SpMV time: 0.000015 s
[Rank 37] Local SpMV time: 0.000016 s
[Rank 55] Local SpMV time: 0.000016 s
[Rank 15] Local SpMV time: 0.000015 s
[Rank 73] Local SpMV time: 0.000015 s
[Rank 101] Local SpMV time: 0.000015 s
[Rank 103] Local SpMV time: 0.000015 s
[Rank 51] Local SpMV time: 0.000015 s
[Rank 53] Local SpMV time: 0.000016 s
[Rank 117] Local SpMV time: 0.000014 s
[Rank 87] Local SpMV time: 0.000016 s
[Rank 59] Local SpMV time: 0.000015 s
[Rank 99] Local SpMV time: 0.000015 s
[Rank 125] Local SpMV time: 0.000015 s
[Rank 61] Local SpMV time: 0.000015 s
[Rank 109] Local SpMV time: 0.000015 s
[Rank 45] Local SpMV time: 0.000014 s
[Rank 27] Local SpMV time: 0.000015 s
[Rank 63] Local SpMV time: 0.000014 s
[Rank 95] Local SpMV time: 0.000015 s
[Rank 115] Local SpMV time: 0.000016 s
[Rank 83] Local SpMV time: 0.000014 s
[Rank 119] Local SpMV time: 0.000015 s
[Rank 127] Local SpMV time: 0.000014 s
[Rank 111] Local SpMV time: 0.000015 s
[Rank 107] Local SpMV time: 0.000015 s
[Rank 77] Local SpMV time: 0.000014 s
[Rank 91] Local SpMV time: 0.000015 s
[Rank 75] Local SpMV time: 0.000016 s
[Rank 79] Local SpMV time: 0.000016 s
[Rank 123] Local SpMV time: 0.000019 s
Global FLOPs per SpMV: 2418

-----------------------------------------------------------------------------------------------
  P |  Time(s) | Comp% | Comm% |  GFLOP/s | Speedup |  Eff% | Mem(MiB) | NNZ min | NNZ avg | NNZ max
-----------------------------------------------------------------------------------------------
128 |   4.9360 |   0.0 |  88.2 |     0.000 |    0.00 |   0.00 |     0.00 |       0 |      9.4 |      26

