Strong scaling results for breasttissue_10NN.mtx
Date: Fri Jan  2 09:41:14 CET 2026
----------------------------------------

[Rank 0] Matrix: 106 x 106, nnz=706 | grid=1x1 | pattern=0 symmetric=1
[Rank 0] Matrix: 106 x 106, nnz=706 | grid=1x1
[Rank 0] Local SpMV time: 0.013057 s
Global FLOPs per SpMV: 2824

-----------------------------------------------------------------------------------------------
  P |  Time(s) | Comp% | Comm% |  GFLOP/s | Speedup |  Eff% | Mem(MiB) | NNZ min | NNZ avg | NNZ max
-----------------------------------------------------------------------------------------------
  1 |   0.0131 |  99.4 |   0.1 |     0.000 |    N/A   |   N/A  |     0.04 |    1412 |   1412.0 |    1412
BASELINE_T1=0.0131

----------------------------------------
np=2, OMP_NUM_THREADS=64
----------------------------------------
[Rank 0] Matrix: 106 x 106, nnz=706 | grid=2x1 | pattern=0 symmetric=1
[Rank 0] Matrix: 106 x 106, nnz=706 | grid=2x1
[Rank 1] Local SpMV time: 0.001694 s
[Rank 0] Local SpMV time: 0.014535 s
Global FLOPs per SpMV: 2126

-----------------------------------------------------------------------------------------------
  P |  Time(s) | Comp% | Comm% |  GFLOP/s | Speedup |  Eff% | Mem(MiB) | NNZ min | NNZ avg | NNZ max
-----------------------------------------------------------------------------------------------
  2 |   0.0146 |  99.5 |   0.4 |     0.000 |    0.90 |  44.85 |     0.02 |     379 |    531.5 |     684

----------------------------------------
np=4, OMP_NUM_THREADS=32
----------------------------------------
[Rank 0] Matrix: 106 x 106, nnz=706 | grid=2x2 | pattern=0 symmetric=1
[Rank 0] Matrix: 106 x 106, nnz=706 | grid=2x2
[Rank 1] Local SpMV time: 0.000836 s
[Rank 0] Local SpMV time: 0.009043 s
[Rank 3] Local SpMV time: 0.002311 s
[Rank 2] Local SpMV time: 0.030531 s
Global FLOPs per SpMV: 1696

-----------------------------------------------------------------------------------------------
  P |  Time(s) | Comp% | Comm% |  GFLOP/s | Speedup |  Eff% | Mem(MiB) | NNZ min | NNZ avg | NNZ max
-----------------------------------------------------------------------------------------------
  4 |   0.0490 |  62.3 |   0.1 |     0.000 |    0.27 |   6.68 |     0.01 |      96 |    212.0 |     324

----------------------------------------
np=8, OMP_NUM_THREADS=16
----------------------------------------
[Rank 0] Matrix: 106 x 106, nnz=706 | grid=4x2 | pattern=0 symmetric=1
[Rank 0] Matrix: 106 x 106, nnz=706 | grid=4x2
[Rank 1] Local SpMV time: 0.000475 s
[Rank 3] Local SpMV time: 0.003901 s
[Rank 0] Local SpMV time: 0.000815 s
[Rank 4] Local SpMV time: 0.006949 s
[Rank 5] Local SpMV time: 0.007197 s
[Rank 2] Local SpMV time: 0.000760 s
[Rank 7] Local SpMV time: 0.011193 s
[Rank 6] Local SpMV time: 0.007025 s
Global FLOPs per SpMV: 1546

-----------------------------------------------------------------------------------------------
  P |  Time(s) | Comp% | Comm% |  GFLOP/s | Speedup |  Eff% | Mem(MiB) | NNZ min | NNZ avg | NNZ max
-----------------------------------------------------------------------------------------------
  8 |   0.0770 |  14.5 |  36.4 |     0.000 |    0.17 |   2.13 |     0.01 |      25 |     96.6 |     181

----------------------------------------
np=16, OMP_NUM_THREADS=8
----------------------------------------
[Rank 0] Matrix: 106 x 106, nnz=706 | grid=4x4 | pattern=0 symmetric=1
[Rank 0] Matrix: 106 x 106, nnz=706 | grid=4x4
[Rank 1] Local SpMV time: 0.000307 s
[Rank 0] Local SpMV time: 0.000308 s
[Rank 3] Local SpMV time: 0.000245 s
[Rank 2] Local SpMV time: 0.000603 s
[Rank 8] Local SpMV time: 0.000865 s
[Rank 12] Local SpMV time: 0.001134 s
[Rank 9] Local SpMV time: 0.000244 s
[Rank 4] Local SpMV time: 0.000275 s
[Rank 10] Local SpMV time: 0.000561 s
[Rank 5] Local SpMV time: 0.002210 s
[Rank 6] Local SpMV time: 0.000236 s
[Rank 14] Local SpMV time: 0.000530 s
[Rank 13] Local SpMV time: 0.011161 s
[Rank 11] Local SpMV time: 0.000263 s
[Rank 7] Local SpMV time: 0.000259 s
[Rank 15] Local SpMV time: 0.011153 s
Global FLOPs per SpMV: 1496

-----------------------------------------------------------------------------------------------
  P |  Time(s) | Comp% | Comm% |  GFLOP/s | Speedup |  Eff% | Mem(MiB) | NNZ min | NNZ avg | NNZ max
-----------------------------------------------------------------------------------------------
 16 |   0.3540 |   3.2 |  54.8 |     0.000 |    0.04 |   0.23 |     0.00 |       2 |     46.8 |     106

----------------------------------------
np=32, OMP_NUM_THREADS=4
----------------------------------------
[Rank 0] Matrix: 106 x 106, nnz=706 | grid=8x4 | pattern=0 symmetric=1
[Rank 0] Matrix: 106 x 106, nnz=706 | grid=8x4
[Rank 1] Local SpMV time: 0.000188 s
[Rank 0] Local SpMV time: 0.000322 s
[Rank 8] Local SpMV time: 0.004546 s
[Rank 3] Local SpMV time: 0.000140 s
[Rank 6] Local SpMV time: 0.006354 s
[Rank 28] Local SpMV time: 0.002626 s
[Rank 18] Local SpMV time: 0.000236 s
[Rank 14] Local SpMV time: 0.004433 s
[Rank 4] Local SpMV time: 0.003959 s
[Rank 16] Local SpMV time: 0.063996 s
[Rank 12] Local SpMV time: 0.063997 s
[Rank 2] Local SpMV time: 0.067931 s
[Rank 10] Local SpMV time: 0.063995 s
[Rank 20] Local SpMV time: 0.063997 s
[Rank 24] Local SpMV time: 0.063987 s
[Rank 26] Local SpMV time: 0.004079 s
[Rank 22] Local SpMV time: 0.000180 s
[Rank 30] Local SpMV time: 0.000191 s
[Rank 19] Local SpMV time: 0.005937 s
[Rank 11] Local SpMV time: 0.007812 s
[Rank 21] Local SpMV time: 0.011048 s
[Rank 25] Local SpMV time: 0.001836 s
[Rank 27] Local SpMV time: 0.003545 s
[Rank 7] Local SpMV time: 0.000151 s
[Rank 5] Local SpMV time: 0.153943 s
[Rank 13] Local SpMV time: 0.000150 s
[Rank 9] Local SpMV time: 0.186991 s
[Rank 17] Local SpMV time: 0.176098 s
[Rank 29] Local SpMV time: 0.000169 s
[Rank 31] Local SpMV time: 0.000154 s
[Rank 15] Local SpMV time: 0.011107 s
[Rank 23] Local SpMV time: 0.186995 s
Global FLOPs per SpMV: 1458

-----------------------------------------------------------------------------------------------
  P |  Time(s) | Comp% | Comm% |  GFLOP/s | Speedup |  Eff% | Mem(MiB) | NNZ min | NNZ avg | NNZ max
-----------------------------------------------------------------------------------------------
 32 |   0.7689 |  24.3 |  91.6 |     0.000 |    0.02 |   0.05 |     0.00 |       0 |     22.8 |      45

----------------------------------------
np=64, OMP_NUM_THREADS=2
----------------------------------------
[Rank 0] Matrix: 106 x 106, nnz=706 | grid=8x8 | pattern=0 symmetric=1
[Rank 0] Matrix: 106 x 106, nnz=706 | grid=8x8
[Rank 1] Local SpMV time: 0.000093 s
[Rank 0] Local SpMV time: 0.004013 s
[Rank 8] Local SpMV time: 0.008047 s
[Rank 4] Local SpMV time: 0.004035 s
[Rank 16] Local SpMV time: 0.000142 s
[Rank 6] Local SpMV time: 0.000193 s
[Rank 12] Local SpMV time: 0.004236 s
[Rank 20] Local SpMV time: 0.004031 s
[Rank 32] Local SpMV time: 0.000182 s
[Rank 24] Local SpMV time: 0.003931 s
[Rank 2] Local SpMV time: 0.007983 s
[Rank 28] Local SpMV time: 0.004014 s
[Rank 22] Local SpMV time: 0.000190 s
[Rank 30] Local SpMV time: 0.000088 s
[Rank 40] Local SpMV time: 0.004030 s
[Rank 34] Local SpMV time: 0.000191 s
[Rank 18] Local SpMV time: 0.000135 s
[Rank 33] Local SpMV time: 0.000104 s
[Rank 36] Local SpMV time: 0.000144 s
[Rank 10] Local SpMV time: 0.004213 s
[Rank 14] Local SpMV time: 0.000426 s
[Rank 48] Local SpMV time: 0.000559 s
[Rank 9] Local SpMV time: 0.000099 s
[Rank 56] Local SpMV time: 0.000119 s
[Rank 42] Local SpMV time: 0.000076 s
[Rank 50] Local SpMV time: 0.000143 s
[Rank 3] Local SpMV time: 0.000064 s
[Rank 44] Local SpMV time: 0.004030 s
[Rank 17] Local SpMV time: 0.000098 s
[Rank 5] Local SpMV time: 0.001637 s
[Rank 26] Local SpMV time: 0.004063 s
[Rank 52] Local SpMV time: 0.000209 s
[Rank 38] Local SpMV time: 0.007981 s
[Rank 25] Local SpMV time: 0.011049 s
[Rank 21] Local SpMV time: 0.001509 s
[Rank 58] Local SpMV time: 0.000122 s
[Rank 54] Local SpMV time: 0.000080 s
[Rank 11] Local SpMV time: 0.000067 s
[Rank 60] Local SpMV time: 0.000135 s
[Rank 49] Local SpMV time: 0.001499 s
[Rank 46] Local SpMV time: 0.004005 s
[Rank 35] Local SpMV time: 0.000101 s
[Rank 37] Local SpMV time: 0.000064 s
[Rank 62] Local SpMV time: 0.004056 s
[Rank 41] Local SpMV time: 0.001191 s
[Rank 57] Local SpMV time: 0.002267 s
[Rank 7] Local SpMV time: 0.000097 s
[Rank 13] Local SpMV time: 0.001590 s
[Rank 43] Local SpMV time: 0.000097 s
[Rank 29] Local SpMV time: 0.001456 s
[Rank 19] Local SpMV time: 0.002591 s
[Rank 23] Local SpMV time: 0.000104 s
[Rank 39] Local SpMV time: 0.000066 s
[Rank 51] Local SpMV time: 0.001338 s
[Rank 53] Local SpMV time: 0.000098 s
[Rank 45] Local SpMV time: 0.011055 s
[Rank 15] Local SpMV time: 0.000064 s
[Rank 27] Local SpMV time: 0.001450 s
[Rank 55] Local SpMV time: 0.000052 s
[Rank 31] Local SpMV time: 0.001445 s
[Rank 63] Local SpMV time: 0.000104 s
[Rank 59] Local SpMV time: 0.000057 s
[Rank 61] Local SpMV time: 0.001355 s
[Rank 47] Local SpMV time: 0.000099 s
Global FLOPs per SpMV: 1410

-----------------------------------------------------------------------------------------------
  P |  Time(s) | Comp% | Comm% |  GFLOP/s | Speedup |  Eff% | Mem(MiB) | NNZ min | NNZ avg | NNZ max
-----------------------------------------------------------------------------------------------
 64 |   1.7961 |   0.6 |  85.5 |     0.000 |    0.01 |   0.01 |     0.00 |       0 |     11.0 |      28

----------------------------------------
np=128, OMP_NUM_THREADS=1
----------------------------------------
[Rank 0] Matrix: 106 x 106, nnz=706 | grid=16x8 | pattern=0 symmetric=1
[Rank 0] Matrix: 106 x 106, nnz=706 | grid=16x8
[Rank 1] Local SpMV time: 0.000041 s
[Rank 3] Local SpMV time: 0.000016 s
[Rank 0] Local SpMV time: 0.000032 s
[Rank 32] Local SpMV time: 0.000021 s
[Rank 40] Local SpMV time: 0.000021 s
[Rank 64] Local SpMV time: 0.000020 s
[Rank 72] Local SpMV time: 0.000021 s
[Rank 2] Local SpMV time: 0.000020 s
[Rank 4] Local SpMV time: 0.000015 s
[Rank 48] Local SpMV time: 0.000018 s
[Rank 66] Local SpMV time: 0.000015 s
[Rank 17] Local SpMV time: 0.000017 s
[Rank 16] Local SpMV time: 0.000020 s
[Rank 8] Local SpMV time: 0.000019 s
[Rank 36] Local SpMV time: 0.000016 s
[Rank 20] Local SpMV time: 0.000022 s
[Rank 44] Local SpMV time: 0.000020 s
[Rank 96] Local SpMV time: 0.000018 s
[Rank 104] Local SpMV time: 0.000019 s
[Rank 34] Local SpMV time: 0.000025 s
[Rank 18] Local SpMV time: 0.000023 s
[Rank 5] Local SpMV time: 0.000017 s
[Rank 80] Local SpMV time: 0.000021 s
[Rank 50] Local SpMV time: 0.000021 s
[Rank 12] Local SpMV time: 0.000020 s
[Rank 56] Local SpMV time: 0.000018 s
[Rank 21] Local SpMV time: 0.000014 s
[Rank 33] Local SpMV time: 0.000015 s
[Rank 74] Local SpMV time: 0.000018 s
[Rank 82] Local SpMV time: 0.000020 s
[Rank 9] Local SpMV time: 0.000031 s
[Rank 24] Local SpMV time: 0.000019 s
[Rank 68] Local SpMV time: 0.000018 s
[Rank 6] Local SpMV time: 0.000019 s
[Rank 52] Local SpMV time: 0.000016 s
[Rank 10] Local SpMV time: 0.000021 s
[Rank 25] Local SpMV time: 0.000014 s
[Rank 112] Local SpMV time: 0.000018 s
[Rank 19] Local SpMV time: 0.000016 s
[Rank 88] Local SpMV time: 0.000018 s
[Rank 41] Local SpMV time: 0.000015 s
[Rank 58] Local SpMV time: 0.000020 s
[Rank 90] Local SpMV time: 0.000015 s
[Rank 26] Local SpMV time: 0.000016 s
[Rank 98] Local SpMV time: 0.000016 s
[Rank 84] Local SpMV time: 0.000021 s
[Rank 65] Local SpMV time: 0.000014 s
[Rank 22] Local SpMV time: 0.000021 s
[Rank 42] Local SpMV time: 0.000018 s
[Rank 76] Local SpMV time: 0.000024 s
[Rank 14] Local SpMV time: 0.000031 s
[Rank 106] Local SpMV time: 0.000031 s
[Rank 81] Local SpMV time: 0.000015 s
[Rank 114] Local SpMV time: 0.000016 s
[Rank 11] Local SpMV time: 0.000015 s
[Rank 38] Local SpMV time: 0.000026 s
[Rank 60] Local SpMV time: 0.000026 s
[Rank 100] Local SpMV time: 0.000038 s
[Rank 28] Local SpMV time: 0.000021 s
[Rank 97] Local SpMV time: 0.000014 s
[Rank 46] Local SpMV time: 0.000025 s
[Rank 70] Local SpMV time: 0.000026 s
[Rank 105] Local SpMV time: 0.000013 s
[Rank 92] Local SpMV time: 0.000020 s
[Rank 120] Local SpMV time: 0.000018 s
[Rank 108] Local SpMV time: 0.000026 s
[Rank 102] Local SpMV time: 0.000019 s
[Rank 122] Local SpMV time: 0.000022 s
[Rank 54] Local SpMV time: 0.000018 s
[Rank 30] Local SpMV time: 0.000020 s
[Rank 78] Local SpMV time: 0.000027 s
[Rank 67] Local SpMV time: 0.000014 s
[Rank 118] Local SpMV time: 0.000018 s
[Rank 113] Local SpMV time: 0.000013 s
[Rank 116] Local SpMV time: 0.000026 s
[Rank 121] Local SpMV time: 0.000015 s
[Rank 86] Local SpMV time: 0.000025 s
[Rank 35] Local SpMV time: 0.000015 s
[Rank 94] Local SpMV time: 0.000033 s
[Rank 124] Local SpMV time: 0.000019 s
[Rank 110] Local SpMV time: 0.000024 s
[Rank 13] Local SpMV time: 0.000016 s
[Rank 7] Local SpMV time: 0.000015 s
[Rank 83] Local SpMV time: 0.000014 s
[Rank 62] Local SpMV time: 0.000026 s
[Rank 27] Local SpMV time: 0.000015 s
[Rank 29] Local SpMV time: 0.000015 s
[Rank 69] Local SpMV time: 0.000015 s
[Rank 37] Local SpMV time: 0.000014 s
[Rank 49] Local SpMV time: 0.000014 s
[Rank 73] Local SpMV time: 0.000014 s
[Rank 45] Local SpMV time: 0.000031 s
[Rank 126] Local SpMV time: 0.000025 s
[Rank 43] Local SpMV time: 0.000015 s
[Rank 71] Local SpMV time: 0.000015 s
[Rank 51] Local SpMV time: 0.000014 s
[Rank 89] Local SpMV time: 0.000014 s
[Rank 15] Local SpMV time: 0.000016 s
[Rank 99] Local SpMV time: 0.000015 s
[Rank 75] Local SpMV time: 0.000016 s
[Rank 53] Local SpMV time: 0.000016 s
[Rank 85] Local SpMV time: 0.000016 s
[Rank 57] Local SpMV time: 0.000015 s
[Rank 101] Local SpMV time: 0.000015 s
[Rank 109] Local SpMV time: 0.000017 s
[Rank 107] Local SpMV time: 0.000015 s
[Rank 115] Local SpMV time: 0.000014 s
[Rank 103] Local SpMV time: 0.000015 s
[Rank 119] Local SpMV time: 0.000014 s
[Rank 23] Local SpMV time: 0.000017 s
[Rank 91] Local SpMV time: 0.000015 s
[Rank 87] Local SpMV time: 0.000016 s
[Rank 77] Local SpMV time: 0.000030 s
[Rank 39] Local SpMV time: 0.000016 s
[Rank 117] Local SpMV time: 0.000015 s
[Rank 93] Local SpMV time: 0.000015 s
[Rank 47] Local SpMV time: 0.000033 s
[Rank 61] Local SpMV time: 0.000015 s
[Rank 59] Local SpMV time: 0.000014 s
[Rank 123] Local SpMV time: 0.000015 s
[Rank 79] Local SpMV time: 0.000015 s
[Rank 31] Local SpMV time: 0.000015 s
[Rank 111] Local SpMV time: 0.000015 s
[Rank 127] Local SpMV time: 0.000013 s
[Rank 125] Local SpMV time: 0.000015 s
[Rank 95] Local SpMV time: 0.000015 s
[Rank 55] Local SpMV time: 0.000015 s
[Rank 63] Local SpMV time: 0.000015 s
Global FLOPs per SpMV: 1342

-----------------------------------------------------------------------------------------------
  P |  Time(s) | Comp% | Comm% |  GFLOP/s | Speedup |  Eff% | Mem(MiB) | NNZ min | NNZ avg | NNZ max
-----------------------------------------------------------------------------------------------
128 |   5.6320 |   0.0 |  90.9 |     0.000 |    0.00 |   0.00 |     0.00 |       0 |      5.2 |      14

