Strong scaling results for dataset20mfeatpixel_10NN.mtx
Date: Fri Jan  2 09:45:12 CET 2026
----------------------------------------

[Rank 0] Matrix: 2000 x 2000, nnz=13966 | grid=1x1 | pattern=0 symmetric=1
[Rank 0] Matrix: 2000 x 2000, nnz=13966 | grid=1x1
[Rank 0] Local SpMV time: 0.013205 s
Global FLOPs per SpMV: 55864

-----------------------------------------------------------------------------------------------
  P |  Time(s) | Comp% | Comm% |  GFLOP/s | Speedup |  Eff% | Mem(MiB) | NNZ min | NNZ avg | NNZ max
-----------------------------------------------------------------------------------------------
  1 |   0.0133 |  99.2 |   0.2 |     0.004 |    N/A   |   N/A  |     0.80 |   27932 |  27932.0 |   27932
BASELINE_T1=0.0133

----------------------------------------
np=2, OMP_NUM_THREADS=64
----------------------------------------
[Rank 0] Matrix: 2000 x 2000, nnz=13966 | grid=2x1 | pattern=0 symmetric=1
[Rank 0] Matrix: 2000 x 2000, nnz=13966 | grid=2x1
[Rank 1] Local SpMV time: 0.002144 s
[Rank 0] Local SpMV time: 0.013186 s
Global FLOPs per SpMV: 32512

-----------------------------------------------------------------------------------------------
  P |  Time(s) | Comp% | Comm% |  GFLOP/s | Speedup |  Eff% | Mem(MiB) | NNZ min | NNZ avg | NNZ max
-----------------------------------------------------------------------------------------------
  2 |   0.0133 |  99.0 |   2.3 |     0.002 |    1.00 |  49.93 |     0.29 |    6810 |   8128.0 |    9446

----------------------------------------
np=4, OMP_NUM_THREADS=32
----------------------------------------
[Rank 0] Matrix: 2000 x 2000, nnz=13966 | grid=2x2 | pattern=0 symmetric=1
[Rank 0] Matrix: 2000 x 2000, nnz=13966 | grid=2x2
[Rank 1] Local SpMV time: 0.000866 s
[Rank 0] Local SpMV time: 0.009009 s
[Rank 3] Local SpMV time: 0.002012 s
[Rank 2] Local SpMV time: 0.029577 s
Global FLOPs per SpMV: 20848

-----------------------------------------------------------------------------------------------
  P |  Time(s) | Comp% | Comm% |  GFLOP/s | Speedup |  Eff% | Mem(MiB) | NNZ min | NNZ avg | NNZ max
-----------------------------------------------------------------------------------------------
  4 |   0.0592 |  50.0 |  54.8 |     0.000 |    0.22 |   5.62 |     0.11 |    1748 |   2606.0 |    3032

----------------------------------------
np=8, OMP_NUM_THREADS=16
----------------------------------------
[Rank 0] Matrix: 2000 x 2000, nnz=13966 | grid=4x2 | pattern=0 symmetric=1
[Rank 0] Matrix: 2000 x 2000, nnz=13966 | grid=4x2
[Rank 1] Local SpMV time: 0.000467 s
[Rank 0] Local SpMV time: 0.000408 s
[Rank 3] Local SpMV time: 0.003938 s
[Rank 4] Local SpMV time: 0.000396 s
[Rank 6] Local SpMV time: 0.007413 s
[Rank 2] Local SpMV time: 0.007286 s
[Rank 5] Local SpMV time: 0.000423 s
[Rank 7] Local SpMV time: 0.011378 s
Global FLOPs per SpMV: 14874

-----------------------------------------------------------------------------------------------
  P |  Time(s) | Comp% | Comm% |  GFLOP/s | Speedup |  Eff% | Mem(MiB) | NNZ min | NNZ avg | NNZ max
-----------------------------------------------------------------------------------------------
  8 |   0.1650 |   6.9 |  38.1 |     0.000 |    0.08 |   1.01 |     0.05 |     443 |    929.6 |    1082

----------------------------------------
np=16, OMP_NUM_THREADS=8
----------------------------------------
[Rank 0] Matrix: 2000 x 2000, nnz=13966 | grid=4x4 | pattern=0 symmetric=1
[Rank 0] Matrix: 2000 x 2000, nnz=13966 | grid=4x4
[Rank 1] Local SpMV time: 0.011049 s
[Rank 0] Local SpMV time: 0.000243 s
[Rank 3] Local SpMV time: 0.023824 s
[Rank 2] Local SpMV time: 0.000213 s
[Rank 4] Local SpMV time: 0.000502 s
[Rank 8] Local SpMV time: 0.000768 s
[Rank 6] Local SpMV time: 0.000355 s
[Rank 10] Local SpMV time: 0.004585 s
[Rank 12] Local SpMV time: 0.000223 s
[Rank 5] Local SpMV time: 0.000223 s
[Rank 9] Local SpMV time: 0.002197 s
[Rank 14] Local SpMV time: 0.004127 s
[Rank 7] Local SpMV time: 0.004165 s
[Rank 13] Local SpMV time: 0.022632 s
[Rank 11] Local SpMV time: 0.002612 s
[Rank 15] Local SpMV time: 0.015469 s
Global FLOPs per SpMV: 11762

-----------------------------------------------------------------------------------------------
  P |  Time(s) | Comp% | Comm% |  GFLOP/s | Speedup |  Eff% | Mem(MiB) | NNZ min | NNZ avg | NNZ max
-----------------------------------------------------------------------------------------------
 16 |   0.3840 |   6.2 |  91.6 |     0.000 |    0.03 |   0.22 |     0.03 |     106 |    367.6 |     450

----------------------------------------
np=32, OMP_NUM_THREADS=4
----------------------------------------
[Rank 0] Matrix: 2000 x 2000, nnz=13966 | grid=8x4 | pattern=0 symmetric=1
[Rank 0] Matrix: 2000 x 2000, nnz=13966 | grid=8x4
[Rank 1] Local SpMV time: 0.000169 s
[Rank 9] Local SpMV time: 0.000175 s
[Rank 0] Local SpMV time: 0.000251 s
[Rank 16] Local SpMV time: 0.000189 s
[Rank 13] Local SpMV time: 0.000154 s
[Rank 4] Local SpMV time: 0.000165 s
[Rank 24] Local SpMV time: 0.004070 s
[Rank 5] Local SpMV time: 0.000162 s
[Rank 28] Local SpMV time: 0.000148 s
[Rank 8] Local SpMV time: 0.000429 s
[Rank 2] Local SpMV time: 0.004082 s
[Rank 12] Local SpMV time: 0.004036 s
[Rank 20] Local SpMV time: 0.008385 s
[Rank 3] Local SpMV time: 0.011092 s
[Rank 10] Local SpMV time: 0.000658 s
[Rank 6] Local SpMV time: 0.000942 s
[Rank 7] Local SpMV time: 0.001938 s
[Rank 18] Local SpMV time: 0.000160 s
[Rank 26] Local SpMV time: 0.000454 s
[Rank 22] Local SpMV time: 0.000146 s
[Rank 17] Local SpMV time: 0.000140 s
[Rank 14] Local SpMV time: 0.000161 s
[Rank 11] Local SpMV time: 0.000142 s
[Rank 30] Local SpMV time: 0.000182 s
[Rank 25] Local SpMV time: 0.000142 s
[Rank 29] Local SpMV time: 0.000148 s
[Rank 19] Local SpMV time: 0.011068 s
[Rank 21] Local SpMV time: 0.023812 s
[Rank 15] Local SpMV time: 0.011048 s
[Rank 23] Local SpMV time: 0.001800 s
[Rank 27] Local SpMV time: 0.000217 s
[Rank 31] Local SpMV time: 0.022015 s
Global FLOPs per SpMV: 9882

-----------------------------------------------------------------------------------------------
  P |  Time(s) | Comp% | Comm% |  GFLOP/s | Speedup |  Eff% | Mem(MiB) | NNZ min | NNZ avg | NNZ max
-----------------------------------------------------------------------------------------------
 32 |   0.7080 |   3.4 |  91.0 |     0.000 |    0.02 |   0.06 |     0.01 |      30 |    154.4 |     194

----------------------------------------
np=64, OMP_NUM_THREADS=2
----------------------------------------
[Rank 0] Matrix: 2000 x 2000, nnz=13966 | grid=8x8 | pattern=0 symmetric=1
[Rank 0] Matrix: 2000 x 2000, nnz=13966 | grid=8x8
[Rank 1] Local SpMV time: 0.000127 s
[Rank 5] Local SpMV time: 0.000058 s
[Rank 3] Local SpMV time: 0.001350 s
[Rank 9] Local SpMV time: 0.000050 s
[Rank 17] Local SpMV time: 0.001294 s
[Rank 0] Local SpMV time: 0.011938 s
[Rank 7] Local SpMV time: 0.002667 s
[Rank 16] Local SpMV time: 0.004031 s
[Rank 24] Local SpMV time: 0.000245 s
[Rank 25] Local SpMV time: 0.004202 s
[Rank 19] Local SpMV time: 0.005486 s
[Rank 4] Local SpMV time: 0.000060 s
[Rank 11] Local SpMV time: 0.006875 s
[Rank 8] Local SpMV time: 0.004025 s
[Rank 32] Local SpMV time: 0.004037 s
[Rank 21] Local SpMV time: 0.022057 s
[Rank 2] Local SpMV time: 0.004027 s
[Rank 12] Local SpMV time: 0.000165 s
[Rank 10] Local SpMV time: 0.004309 s
[Rank 48] Local SpMV time: 0.000087 s
[Rank 18] Local SpMV time: 0.004014 s
[Rank 20] Local SpMV time: 0.000077 s
[Rank 34] Local SpMV time: 0.008035 s
[Rank 56] Local SpMV time: 0.000252 s
[Rank 6] Local SpMV time: 0.004340 s
[Rank 22] Local SpMV time: 0.000164 s
[Rank 14] Local SpMV time: 0.007942 s
[Rank 36] Local SpMV time: 0.000115 s
[Rank 27] Local SpMV time: 0.011004 s
[Rank 40] Local SpMV time: 0.000103 s
[Rank 33] Local SpMV time: 0.001266 s
[Rank 28] Local SpMV time: 0.004007 s
[Rank 30] Local SpMV time: 0.000115 s
[Rank 41] Local SpMV time: 0.000102 s
[Rank 37] Local SpMV time: 0.001357 s
[Rank 26] Local SpMV time: 0.000106 s
[Rank 42] Local SpMV time: 0.000061 s
[Rank 23] Local SpMV time: 0.000064 s
[Rank 52] Local SpMV time: 0.004054 s
[Rank 50] Local SpMV time: 0.008267 s
[Rank 39] Local SpMV time: 0.001493 s
[Rank 44] Local SpMV time: 0.000113 s
[Rank 13] Local SpMV time: 0.000099 s
[Rank 38] Local SpMV time: 0.003980 s
[Rank 46] Local SpMV time: 0.003982 s
[Rank 29] Local SpMV time: 0.000098 s
[Rank 60] Local SpMV time: 0.000072 s
[Rank 58] Local SpMV time: 0.000135 s
[Rank 54] Local SpMV time: 0.000071 s
[Rank 49] Local SpMV time: 0.000052 s
[Rank 53] Local SpMV time: 0.001382 s
[Rank 31] Local SpMV time: 0.000093 s
[Rank 62] Local SpMV time: 0.000082 s
[Rank 35] Local SpMV time: 0.001357 s
[Rank 55] Local SpMV time: 0.011048 s
[Rank 45] Local SpMV time: 0.000100 s
[Rank 47] Local SpMV time: 0.000103 s
[Rank 15] Local SpMV time: 0.000066 s
[Rank 51] Local SpMV time: 0.000058 s
[Rank 57] Local SpMV time: 0.000099 s
[Rank 43] Local SpMV time: 0.011057 s
[Rank 61] Local SpMV time: 0.000104 s
[Rank 59] Local SpMV time: 0.000050 s
[Rank 63] Local SpMV time: 0.000066 s
Global FLOPs per SpMV: 9188

-----------------------------------------------------------------------------------------------
  P |  Time(s) | Comp% | Comm% |  GFLOP/s | Speedup |  Eff% | Mem(MiB) | NNZ min | NNZ avg | NNZ max
-----------------------------------------------------------------------------------------------
 64 |   1.7991 |   1.2 |  85.3 |     0.000 |    0.01 |   0.01 |     0.01 |      10 |     71.8 |     113

----------------------------------------
np=128, OMP_NUM_THREADS=1
----------------------------------------
[Rank 0] Matrix: 2000 x 2000, nnz=13966 | grid=16x8 | pattern=0 symmetric=1
[Rank 0] Matrix: 2000 x 2000, nnz=13966 | grid=16x8
[Rank 1] Local SpMV time: 0.000023 s
[Rank 5] Local SpMV time: 0.000015 s
[Rank 3] Local SpMV time: 0.000014 s
[Rank 65] Local SpMV time: 0.000015 s
[Rank 0] Local SpMV time: 0.000031 s
[Rank 17] Local SpMV time: 0.000014 s
[Rank 67] Local SpMV time: 0.000014 s
[Rank 19] Local SpMV time: 0.000015 s
[Rank 69] Local SpMV time: 0.000014 s
[Rank 81] Local SpMV time: 0.000015 s
[Rank 32] Local SpMV time: 0.000020 s
[Rank 48] Local SpMV time: 0.000017 s
[Rank 83] Local SpMV time: 0.000015 s
[Rank 4] Local SpMV time: 0.000015 s
[Rank 36] Local SpMV time: 0.000019 s
[Rank 52] Local SpMV time: 0.000019 s
[Rank 64] Local SpMV time: 0.000017 s
[Rank 85] Local SpMV time: 0.000014 s
[Rank 16] Local SpMV time: 0.000016 s
[Rank 8] Local SpMV time: 0.000020 s
[Rank 9] Local SpMV time: 0.000015 s
[Rank 25] Local SpMV time: 0.000014 s
[Rank 2] Local SpMV time: 0.000016 s
[Rank 56] Local SpMV time: 0.000016 s
[Rank 72] Local SpMV time: 0.000017 s
[Rank 7] Local SpMV time: 0.000014 s
[Rank 18] Local SpMV time: 0.000018 s
[Rank 96] Local SpMV time: 0.000017 s
[Rank 104] Local SpMV time: 0.000017 s
[Rank 60] Local SpMV time: 0.000019 s
[Rank 40] Local SpMV time: 0.000020 s
[Rank 80] Local SpMV time: 0.000018 s
[Rank 88] Local SpMV time: 0.000018 s
[Rank 33] Local SpMV time: 0.000014 s
[Rank 6] Local SpMV time: 0.000015 s
[Rank 12] Local SpMV time: 0.000020 s
[Rank 38] Local SpMV time: 0.000019 s
[Rank 20] Local SpMV time: 0.000020 s
[Rank 34] Local SpMV time: 0.000024 s
[Rank 24] Local SpMV time: 0.000017 s
[Rank 41] Local SpMV time: 0.000014 s
[Rank 54] Local SpMV time: 0.000018 s
[Rank 68] Local SpMV time: 0.000018 s
[Rank 97] Local SpMV time: 0.000014 s
[Rank 62] Local SpMV time: 0.000018 s
[Rank 10] Local SpMV time: 0.000021 s
[Rank 44] Local SpMV time: 0.000019 s
[Rank 66] Local SpMV time: 0.000023 s
[Rank 82] Local SpMV time: 0.000019 s
[Rank 49] Local SpMV time: 0.000015 s
[Rank 100] Local SpMV time: 0.000018 s
[Rank 76] Local SpMV time: 0.000018 s
[Rank 14] Local SpMV time: 0.000018 s
[Rank 27] Local SpMV time: 0.000015 s
[Rank 90] Local SpMV time: 0.000017 s
[Rank 50] Local SpMV time: 0.000023 s
[Rank 112] Local SpMV time: 0.000017 s
[Rank 116] Local SpMV time: 0.000018 s
[Rank 22] Local SpMV time: 0.000018 s
[Rank 28] Local SpMV time: 0.000018 s
[Rank 108] Local SpMV time: 0.000022 s
[Rank 73] Local SpMV time: 0.000015 s
[Rank 26] Local SpMV time: 0.000019 s
[Rank 98] Local SpMV time: 0.000023 s
[Rank 42] Local SpMV time: 0.000023 s
[Rank 70] Local SpMV time: 0.000016 s
[Rank 58] Local SpMV time: 0.000023 s
[Rank 84] Local SpMV time: 0.000026 s
[Rank 46] Local SpMV time: 0.000017 s
[Rank 113] Local SpMV time: 0.000015 s
[Rank 78] Local SpMV time: 0.000019 s
[Rank 35] Local SpMV time: 0.000015 s
[Rank 74] Local SpMV time: 0.000039 s
[Rank 106] Local SpMV time: 0.000024 s
[Rank 13] Local SpMV time: 0.000015 s
[Rank 21] Local SpMV time: 0.000015 s
[Rank 89] Local SpMV time: 0.000014 s
[Rank 102] Local SpMV time: 0.000029 s
[Rank 120] Local SpMV time: 0.000018 s
[Rank 11] Local SpMV time: 0.000015 s
[Rank 30] Local SpMV time: 0.000018 s
[Rank 86] Local SpMV time: 0.000023 s
[Rank 37] Local SpMV time: 0.000015 s
[Rank 92] Local SpMV time: 0.000041 s
[Rank 71] Local SpMV time: 0.000015 s
[Rank 114] Local SpMV time: 0.000024 s
[Rank 101] Local SpMV time: 0.000015 s
[Rank 57] Local SpMV time: 0.000015 s
[Rank 93] Local SpMV time: 0.000015 s
[Rank 77] Local SpMV time: 0.000015 s
[Rank 79] Local SpMV time: 0.000015 s
[Rank 87] Local SpMV time: 0.000016 s
[Rank 110] Local SpMV time: 0.000026 s
[Rank 94] Local SpMV time: 0.000039 s
[Rank 103] Local SpMV time: 0.000015 s
[Rank 118] Local SpMV time: 0.000023 s
[Rank 45] Local SpMV time: 0.000015 s
[Rank 29] Local SpMV time: 0.000015 s
[Rank 99] Local SpMV time: 0.000014 s
[Rank 124] Local SpMV time: 0.000018 s
[Rank 105] Local SpMV time: 0.000014 s
[Rank 122] Local SpMV time: 0.000025 s
[Rank 91] Local SpMV time: 0.000015 s
[Rank 126] Local SpMV time: 0.000018 s
[Rank 75] Local SpMV time: 0.000015 s
[Rank 121] Local SpMV time: 0.000013 s
[Rank 53] Local SpMV time: 0.000016 s
[Rank 107] Local SpMV time: 0.000014 s
[Rank 39] Local SpMV time: 0.000015 s
[Rank 51] Local SpMV time: 0.000016 s
[Rank 15] Local SpMV time: 0.000015 s
[Rank 117] Local SpMV time: 0.000015 s
[Rank 119] Local SpMV time: 0.000015 s
[Rank 43] Local SpMV time: 0.000016 s
[Rank 95] Local SpMV time: 0.000014 s
[Rank 23] Local SpMV time: 0.000031 s
[Rank 61] Local SpMV time: 0.000014 s
[Rank 115] Local SpMV time: 0.000015 s
[Rank 109] Local SpMV time: 0.000015 s
[Rank 59] Local SpMV time: 0.000016 s
[Rank 123] Local SpMV time: 0.000015 s
[Rank 125] Local SpMV time: 0.000015 s
[Rank 47] Local SpMV time: 0.000014 s
[Rank 55] Local SpMV time: 0.000015 s
[Rank 127] Local SpMV time: 0.000014 s
[Rank 31] Local SpMV time: 0.000017 s
[Rank 111] Local SpMV time: 0.000016 s
[Rank 63] Local SpMV time: 0.000016 s
Global FLOPs per SpMV: 8708

-----------------------------------------------------------------------------------------------
  P |  Time(s) | Comp% | Comm% |  GFLOP/s | Speedup |  Eff% | Mem(MiB) | NNZ min | NNZ avg | NNZ max
-----------------------------------------------------------------------------------------------
128 |   4.2170 |   0.0 |  85.0 |     0.000 |    0.00 |   0.00 |     0.01 |       2 |     34.0 |      55

