Strong scaling results for nemeth19.mtx
Date: Fri Jan  2 09:56:33 CET 2026
----------------------------------------

[Rank 0] Matrix: 9506 x 9506, nnz=413904 | grid=1x1 | pattern=0 symmetric=1
[Rank 0] Matrix: 9506 x 9506, nnz=413904 | grid=1x1
[Rank 0] Local SpMV time: 0.014269 s
Global FLOPs per SpMV: 1636604

-----------------------------------------------------------------------------------------------
  P |  Time(s) | Comp% | Comm% |  GFLOP/s | Speedup |  Eff% | Mem(MiB) | NNZ min | NNZ avg | NNZ max
-----------------------------------------------------------------------------------------------
  1 |   0.0144 |  99.0 |   0.3 |     0.114 |    N/A   |   N/A  |    22.10 |  818302 | 818302.0 |  818302
BASELINE_T1=0.0144

----------------------------------------
np=2, OMP_NUM_THREADS=64
----------------------------------------
[Rank 0] Matrix: 9506 x 9506, nnz=413904 | grid=2x1 | pattern=0 symmetric=1
[Rank 0] Matrix: 9506 x 9506, nnz=413904 | grid=2x1
[Rank 1] Local SpMV time: 0.002010 s
[Rank 0] Local SpMV time: 0.012947 s
Global FLOPs per SpMV: 822138

-----------------------------------------------------------------------------------------------
  P |  Time(s) | Comp% | Comm% |  GFLOP/s | Speedup |  Eff% | Mem(MiB) | NNZ min | NNZ avg | NNZ max
-----------------------------------------------------------------------------------------------
  2 |   0.0132 |  98.4 |   8.5 |     0.062 |    1.09 |  54.73 |     5.72 |  202860 | 205534.5 |  208209

----------------------------------------
np=4, OMP_NUM_THREADS=32
----------------------------------------
[Rank 0] Matrix: 9506 x 9506, nnz=413904 | grid=2x2 | pattern=0 symmetric=1
[Rank 0] Matrix: 9506 x 9506, nnz=413904 | grid=2x2
[Rank 1] Local SpMV time: 0.000821 s
[Rank 0] Local SpMV time: 0.009521 s
[Rank 3] Local SpMV time: 0.002804 s
[Rank 2] Local SpMV time: 0.021024 s
Global FLOPs per SpMV: 414708

-----------------------------------------------------------------------------------------------
  P |  Time(s) | Comp% | Comm% |  GFLOP/s | Speedup |  Eff% | Mem(MiB) | NNZ min | NNZ avg | NNZ max
-----------------------------------------------------------------------------------------------
  4 |   0.0655 |  32.1 |  39.8 |     0.006 |    0.22 |   5.50 |     1.57 |   50669 |  51838.5 |   54032

----------------------------------------
np=8, OMP_NUM_THREADS=16
----------------------------------------
[Rank 0] Matrix: 9506 x 9506, nnz=413904 | grid=4x2 | pattern=0 symmetric=1
[Rank 0] Matrix: 9506 x 9506, nnz=413904 | grid=4x2
[Rank 1] Local SpMV time: 0.000491 s
[Rank 2] Local SpMV time: 0.000469 s
[Rank 4] Local SpMV time: 0.000422 s
[Rank 5] Local SpMV time: 0.003988 s
[Rank 0] Local SpMV time: 0.021873 s
[Rank 3] Local SpMV time: 0.003593 s
[Rank 6] Local SpMV time: 0.000512 s
[Rank 7] Local SpMV time: 0.018328 s
Global FLOPs per SpMV: 211926

-----------------------------------------------------------------------------------------------
  P |  Time(s) | Comp% | Comm% |  GFLOP/s | Speedup |  Eff% | Mem(MiB) | NNZ min | NNZ avg | NNZ max
-----------------------------------------------------------------------------------------------
  8 |   0.1057 |  20.7 |  29.0 |     0.002 |    0.14 |   1.70 |     0.46 |   12913 |  13245.4 |   14179

----------------------------------------
np=16, OMP_NUM_THREADS=8
----------------------------------------
[Rank 0] Matrix: 9506 x 9506, nnz=413904 | grid=4x4 | pattern=0 symmetric=1
[Rank 0] Matrix: 9506 x 9506, nnz=413904 | grid=4x4
[Rank 1] Local SpMV time: 0.000235 s
[Rank 0] Local SpMV time: 0.000388 s
[Rank 4] Local SpMV time: 0.004514 s
[Rank 9] Local SpMV time: 0.000235 s
[Rank 8] Local SpMV time: 0.000273 s
[Rank 12] Local SpMV time: 0.000575 s
[Rank 3] Local SpMV time: 0.002320 s
[Rank 2] Local SpMV time: 0.004165 s
[Rank 6] Local SpMV time: 0.000273 s
[Rank 13] Local SpMV time: 0.004457 s
[Rank 5] Local SpMV time: 0.006559 s
[Rank 10] Local SpMV time: 0.004099 s
[Rank 7] Local SpMV time: 0.008676 s
[Rank 14] Local SpMV time: 0.000301 s
[Rank 11] Local SpMV time: 0.010772 s
[Rank 15] Local SpMV time: 0.001894 s
Global FLOPs per SpMV: 110080

-----------------------------------------------------------------------------------------------
  P |  Time(s) | Comp% | Comm% |  GFLOP/s | Speedup |  Eff% | Mem(MiB) | NNZ min | NNZ avg | NNZ max
-----------------------------------------------------------------------------------------------
 16 |   0.3760 |   2.9 |  85.0 |     0.000 |    0.04 |   0.24 |     0.16 |    3248 |   3440.0 |    3780

----------------------------------------
np=32, OMP_NUM_THREADS=4
----------------------------------------
[Rank 0] Matrix: 9506 x 9506, nnz=413904 | grid=8x4 | pattern=0 symmetric=1
[Rank 0] Matrix: 9506 x 9506, nnz=413904 | grid=8x4
[Rank 1] Local SpMV time: 0.000175 s
[Rank 0] Local SpMV time: 0.000184 s
[Rank 4] Local SpMV time: 0.008185 s
[Rank 16] Local SpMV time: 0.007975 s
[Rank 24] Local SpMV time: 0.000156 s
[Rank 8] Local SpMV time: 0.000367 s
[Rank 12] Local SpMV time: 0.000595 s
[Rank 2] Local SpMV time: 0.000816 s
[Rank 20] Local SpMV time: 0.005022 s
[Rank 6] Local SpMV time: 0.001376 s
[Rank 18] Local SpMV time: 0.000154 s
[Rank 26] Local SpMV time: 0.004181 s
[Rank 9] Local SpMV time: 0.000147 s
[Rank 10] Local SpMV time: 0.004371 s
[Rank 14] Local SpMV time: 0.008098 s
[Rank 22] Local SpMV time: 0.000248 s
[Rank 28] Local SpMV time: 0.004452 s
[Rank 3] Local SpMV time: 0.000139 s
[Rank 5] Local SpMV time: 0.002139 s
[Rank 17] Local SpMV time: 0.004083 s
[Rank 30] Local SpMV time: 0.000157 s
[Rank 13] Local SpMV time: 0.016892 s
[Rank 21] Local SpMV time: 0.008029 s
[Rank 11] Local SpMV time: 0.000167 s
[Rank 19] Local SpMV time: 0.002115 s
[Rank 7] Local SpMV time: 0.000142 s
[Rank 25] Local SpMV time: 0.000169 s
[Rank 23] Local SpMV time: 0.002139 s
[Rank 15] Local SpMV time: 0.000164 s
[Rank 27] Local SpMV time: 0.002101 s
[Rank 29] Local SpMV time: 0.000156 s
[Rank 31] Local SpMV time: 0.011090 s
Global FLOPs per SpMV: 59274

-----------------------------------------------------------------------------------------------
  P |  Time(s) | Comp% | Comm% |  GFLOP/s | Speedup |  Eff% | Mem(MiB) | NNZ min | NNZ avg | NNZ max
-----------------------------------------------------------------------------------------------
 32 |   0.9640 |   1.8 |  92.9 |     0.000 |    0.01 |   0.05 |     0.07 |     812 |    926.2 |    1033

----------------------------------------
np=64, OMP_NUM_THREADS=2
----------------------------------------
[Rank 0] Matrix: 9506 x 9506, nnz=413904 | grid=8x8 | pattern=0 symmetric=1
[Rank 0] Matrix: 9506 x 9506, nnz=413904 | grid=8x8
[Rank 1] Local SpMV time: 0.010942 s
[Rank 0] Local SpMV time: 0.004041 s
[Rank 32] Local SpMV time: 0.004016 s
[Rank 16] Local SpMV time: 0.000051 s
[Rank 17] Local SpMV time: 0.000150 s
[Rank 33] Local SpMV time: 0.012697 s
[Rank 8] Local SpMV time: 0.004032 s
[Rank 48] Local SpMV time: 0.000103 s
[Rank 3] Local SpMV time: 0.011015 s
[Rank 4] Local SpMV time: 0.003974 s
[Rank 40] Local SpMV time: 0.008053 s
[Rank 24] Local SpMV time: 0.004035 s
[Rank 25] Local SpMV time: 0.000103 s
[Rank 2] Local SpMV time: 0.008006 s
[Rank 41] Local SpMV time: 0.000053 s
[Rank 6] Local SpMV time: 0.000115 s
[Rank 18] Local SpMV time: 0.000112 s
[Rank 36] Local SpMV time: 0.000203 s
[Rank 34] Local SpMV time: 0.000145 s
[Rank 50] Local SpMV time: 0.004196 s
[Rank 20] Local SpMV time: 0.004412 s
[Rank 44] Local SpMV time: 0.004533 s
[Rank 9] Local SpMV time: 0.000104 s
[Rank 12] Local SpMV time: 0.000729 s
[Rank 56] Local SpMV time: 0.000117 s
[Rank 22] Local SpMV time: 0.004228 s
[Rank 26] Local SpMV time: 0.004048 s
[Rank 10] Local SpMV time: 0.000047 s
[Rank 5] Local SpMV time: 0.000101 s
[Rank 52] Local SpMV time: 0.000116 s
[Rank 14] Local SpMV time: 0.004172 s
[Rank 11] Local SpMV time: 0.001775 s
[Rank 60] Local SpMV time: 0.004033 s
[Rank 28] Local SpMV time: 0.000246 s
[Rank 42] Local SpMV time: 0.004068 s
[Rank 38] Local SpMV time: 0.008108 s
[Rank 49] Local SpMV time: 0.011037 s
[Rank 58] Local SpMV time: 0.000050 s
[Rank 46] Local SpMV time: 0.000048 s
[Rank 30] Local SpMV time: 0.000055 s
[Rank 19] Local SpMV time: 0.000133 s
[Rank 35] Local SpMV time: 0.012721 s
[Rank 21] Local SpMV time: 0.003448 s
[Rank 54] Local SpMV time: 0.000114 s
[Rank 62] Local SpMV time: 0.004062 s
[Rank 43] Local SpMV time: 0.010981 s
[Rank 37] Local SpMV time: 0.000058 s
[Rank 51] Local SpMV time: 0.000107 s
[Rank 57] Local SpMV time: 0.000100 s
[Rank 27] Local SpMV time: 0.002024 s
[Rank 7] Local SpMV time: 0.000056 s
[Rank 13] Local SpMV time: 0.002020 s
[Rank 53] Local SpMV time: 0.000071 s
[Rank 29] Local SpMV time: 0.000075 s
[Rank 45] Local SpMV time: 0.001722 s
[Rank 23] Local SpMV time: 0.011038 s
[Rank 61] Local SpMV time: 0.000102 s
[Rank 31] Local SpMV time: 0.001761 s
[Rank 59] Local SpMV time: 0.011050 s
[Rank 39] Local SpMV time: 0.000057 s
[Rank 15] Local SpMV time: 0.000108 s
[Rank 47] Local SpMV time: 0.000056 s
[Rank 55] Local SpMV time: 0.000108 s
[Rank 63] Local SpMV time: 0.000056 s
Global FLOPs per SpMV: 33786

-----------------------------------------------------------------------------------------------
  P |  Time(s) | Comp% | Comm% |  GFLOP/s | Speedup |  Eff% | Mem(MiB) | NNZ min | NNZ avg | NNZ max
-----------------------------------------------------------------------------------------------
 64 |   3.0800 |   0.4 |  95.5 |     0.000 |    0.00 |   0.01 |     0.04 |     201 |    264.0 |     305

----------------------------------------
np=128, OMP_NUM_THREADS=1
----------------------------------------
[Rank 0] Matrix: 9506 x 9506, nnz=413904 | grid=16x8 | pattern=0 symmetric=1
[Rank 0] Matrix: 9506 x 9506, nnz=413904 | grid=16x8
[Rank 1] Local SpMV time: 0.000024 s
[Rank 9] Local SpMV time: 0.000016 s
[Rank 65] Local SpMV time: 0.000015 s
[Rank 0] Local SpMV time: 0.000021 s
[Rank 64] Local SpMV time: 0.000017 s
[Rank 4] Local SpMV time: 0.000013 s
[Rank 96] Local SpMV time: 0.000013 s
[Rank 112] Local SpMV time: 0.000013 s
[Rank 120] Local SpMV time: 0.000015 s
[Rank 80] Local SpMV time: 0.000015 s
[Rank 2] Local SpMV time: 0.000016 s
[Rank 8] Local SpMV time: 0.000015 s
[Rank 72] Local SpMV time: 0.000013 s
[Rank 33] Local SpMV time: 0.000017 s
[Rank 16] Local SpMV time: 0.000015 s
[Rank 5] Local SpMV time: 0.000015 s
[Rank 68] Local SpMV time: 0.000013 s
[Rank 6] Local SpMV time: 0.000015 s
[Rank 32] Local SpMV time: 0.000015 s
[Rank 88] Local SpMV time: 0.000013 s
[Rank 66] Local SpMV time: 0.000016 s
[Rank 100] Local SpMV time: 0.000016 s
[Rank 12] Local SpMV time: 0.000014 s
[Rank 104] Local SpMV time: 0.000012 s
[Rank 10] Local SpMV time: 0.000017 s
[Rank 69] Local SpMV time: 0.000016 s
[Rank 70] Local SpMV time: 0.000016 s
[Rank 48] Local SpMV time: 0.000015 s
[Rank 40] Local SpMV time: 0.000012 s
[Rank 41] Local SpMV time: 0.000015 s
[Rank 18] Local SpMV time: 0.000016 s
[Rank 98] Local SpMV time: 0.000016 s
[Rank 14] Local SpMV time: 0.000014 s
[Rank 36] Local SpMV time: 0.000013 s
[Rank 86] Local SpMV time: 0.000015 s
[Rank 81] Local SpMV time: 0.000017 s
[Rank 34] Local SpMV time: 0.000013 s
[Rank 42] Local SpMV time: 0.000013 s
[Rank 89] Local SpMV time: 0.000015 s
[Rank 44] Local SpMV time: 0.000015 s
[Rank 38] Local SpMV time: 0.000015 s
[Rank 50] Local SpMV time: 0.000013 s
[Rank 24] Local SpMV time: 0.000015 s
[Rank 84] Local SpMV time: 0.000013 s
[Rank 82] Local SpMV time: 0.000017 s
[Rank 114] Local SpMV time: 0.000014 s
[Rank 116] Local SpMV time: 0.000016 s
[Rank 20] Local SpMV time: 0.000012 s
[Rank 52] Local SpMV time: 0.000015 s
[Rank 46] Local SpMV time: 0.000014 s
[Rank 76] Local SpMV time: 0.000015 s
[Rank 74] Local SpMV time: 0.000013 s
[Rank 90] Local SpMV time: 0.000013 s
[Rank 7] Local SpMV time: 0.000016 s
[Rank 56] Local SpMV time: 0.000015 s
[Rank 102] Local SpMV time: 0.000014 s
[Rank 3] Local SpMV time: 0.000017 s
[Rank 78] Local SpMV time: 0.000014 s
[Rank 108] Local SpMV time: 0.000014 s
[Rank 118] Local SpMV time: 0.000015 s
[Rank 94] Local SpMV time: 0.000013 s
[Rank 106] Local SpMV time: 0.000015 s
[Rank 28] Local SpMV time: 0.000012 s
[Rank 124] Local SpMV time: 0.000015 s
[Rank 26] Local SpMV time: 0.000014 s
[Rank 17] Local SpMV time: 0.000016 s
[Rank 126] Local SpMV time: 0.000015 s
[Rank 37] Local SpMV time: 0.000016 s
[Rank 58] Local SpMV time: 0.000015 s
[Rank 92] Local SpMV time: 0.000015 s
[Rank 97] Local SpMV time: 0.000015 s
[Rank 122] Local SpMV time: 0.000014 s
[Rank 73] Local SpMV time: 0.000018 s
[Rank 13] Local SpMV time: 0.000016 s
[Rank 67] Local SpMV time: 0.000015 s
[Rank 110] Local SpMV time: 0.000015 s
[Rank 54] Local SpMV time: 0.000015 s
[Rank 22] Local SpMV time: 0.000016 s
[Rank 45] Local SpMV time: 0.000016 s
[Rank 60] Local SpMV time: 0.000015 s
[Rank 101] Local SpMV time: 0.000016 s
[Rank 15] Local SpMV time: 0.000017 s
[Rank 77] Local SpMV time: 0.000015 s
[Rank 85] Local SpMV time: 0.000016 s
[Rank 49] Local SpMV time: 0.000015 s
[Rank 105] Local SpMV time: 0.000017 s
[Rank 39] Local SpMV time: 0.000016 s
[Rank 30] Local SpMV time: 0.000017 s
[Rank 83] Local SpMV time: 0.000015 s
[Rank 109] Local SpMV time: 0.000015 s
[Rank 21] Local SpMV time: 0.000017 s
[Rank 19] Local SpMV time: 0.000016 s
[Rank 62] Local SpMV time: 0.000017 s
[Rank 11] Local SpMV time: 0.000017 s
[Rank 71] Local SpMV time: 0.000015 s
[Rank 23] Local SpMV time: 0.000017 s
[Rank 35] Local SpMV time: 0.000017 s
[Rank 99] Local SpMV time: 0.000016 s
[Rank 47] Local SpMV time: 0.000017 s
[Rank 25] Local SpMV time: 0.000016 s
[Rank 103] Local SpMV time: 0.000015 s
[Rank 75] Local SpMV time: 0.000016 s
[Rank 43] Local SpMV time: 0.000016 s
[Rank 29] Local SpMV time: 0.000016 s
[Rank 113] Local SpMV time: 0.000018 s
[Rank 117] Local SpMV time: 0.000016 s
[Rank 27] Local SpMV time: 0.000015 s
[Rank 119] Local SpMV time: 0.000016 s
[Rank 53] Local SpMV time: 0.000016 s
[Rank 79] Local SpMV time: 0.000017 s
[Rank 93] Local SpMV time: 0.000016 s
[Rank 57] Local SpMV time: 0.000016 s
[Rank 55] Local SpMV time: 0.000014 s
[Rank 91] Local SpMV time: 0.000017 s
[Rank 111] Local SpMV time: 0.000015 s
[Rank 87] Local SpMV time: 0.000017 s
[Rank 51] Local SpMV time: 0.000016 s
[Rank 107] Local SpMV time: 0.000016 s
[Rank 95] Local SpMV time: 0.000032 s
[Rank 31] Local SpMV time: 0.000017 s
[Rank 115] Local SpMV time: 0.000016 s
[Rank 61] Local SpMV time: 0.000016 s
[Rank 121] Local SpMV time: 0.000017 s
[Rank 123] Local SpMV time: 0.000017 s
[Rank 59] Local SpMV time: 0.000018 s
[Rank 63] Local SpMV time: 0.000018 s
[Rank 125] Local SpMV time: 0.000018 s
[Rank 127] Local SpMV time: 0.000017 s
Global FLOPs per SpMV: 21080

-----------------------------------------------------------------------------------------------
  P |  Time(s) | Comp% | Comm% |  GFLOP/s | Speedup |  Eff% | Mem(MiB) | NNZ min | NNZ avg | NNZ max
-----------------------------------------------------------------------------------------------
128 |   6.4360 |   0.0 |  91.5 |     0.000 |    0.00 |   0.00 |     0.02 |      50 |     82.3 |      95

