Strong scaling results for Trefethen_2000.mtx
Date: Fri Jan  2 10:06:25 CET 2026
----------------------------------------

[Rank 0] Matrix: 2000 x 2000, nnz=21953 | grid=1x1 | pattern=0 symmetric=1
[Rank 0] Matrix: 2000 x 2000, nnz=21953 | grid=1x1
[Rank 0] Local SpMV time: 0.013731 s
Global FLOPs per SpMV: 83812

-----------------------------------------------------------------------------------------------
  P |  Time(s) | Comp% | Comm% |  GFLOP/s | Speedup |  Eff% | Mem(MiB) | NNZ min | NNZ avg | NNZ max
-----------------------------------------------------------------------------------------------
  1 |   0.0139 |  98.8 |   0.3 |     0.006 |    N/A   |   N/A  |     1.17 |   41906 |  41906.0 |   41906
BASELINE_T1=0.0139

----------------------------------------
np=2, OMP_NUM_THREADS=64
----------------------------------------
[Rank 0] Matrix: 2000 x 2000, nnz=21953 | grid=2x1 | pattern=0 symmetric=1
[Rank 0] Matrix: 2000 x 2000, nnz=21953 | grid=2x1
[Rank 1] Local SpMV time: 0.002023 s
[Rank 0] Local SpMV time: 0.013644 s
Global FLOPs per SpMV: 52088

-----------------------------------------------------------------------------------------------
  P |  Time(s) | Comp% | Comm% |  GFLOP/s | Speedup |  Eff% | Mem(MiB) | NNZ min | NNZ avg | NNZ max
-----------------------------------------------------------------------------------------------
  2 |   0.0138 |  98.9 |   2.3 |     0.004 |    1.01 |  50.36 |     0.48 |    9449 |  13022.0 |   16595

----------------------------------------
np=4, OMP_NUM_THREADS=32
----------------------------------------
[Rank 0] Matrix: 2000 x 2000, nnz=21953 | grid=2x2 | pattern=0 symmetric=1
[Rank 0] Matrix: 2000 x 2000, nnz=21953 | grid=2x2
[Rank 1] Local SpMV time: 0.000788 s
[Rank 2] Local SpMV time: 0.010763 s
[Rank 0] Local SpMV time: 0.023754 s
[Rank 3] Local SpMV time: 0.013202 s
Global FLOPs per SpMV: 33816

-----------------------------------------------------------------------------------------------
  P |  Time(s) | Comp% | Comm% |  GFLOP/s | Speedup |  Eff% | Mem(MiB) | NNZ min | NNZ avg | NNZ max
-----------------------------------------------------------------------------------------------
  4 |   0.0500 |  47.5 |  51.7 |     0.001 |    0.28 |   6.95 |     0.32 |     973 |   4227.0 |   10799

----------------------------------------
np=8, OMP_NUM_THREADS=16
----------------------------------------
[Rank 0] Matrix: 2000 x 2000, nnz=21953 | grid=4x2 | pattern=0 symmetric=1
[Rank 0] Matrix: 2000 x 2000, nnz=21953 | grid=4x2
[Rank 1] Local SpMV time: 0.000411 s
[Rank 0] Local SpMV time: 0.000613 s
[Rank 5] Local SpMV time: 0.004034 s
[Rank 2] Local SpMV time: 0.006987 s
[Rank 7] Local SpMV time: 0.007425 s
[Rank 6] Local SpMV time: 0.005514 s
[Rank 4] Local SpMV time: 0.016833 s
[Rank 3] Local SpMV time: 0.021657 s
Global FLOPs per SpMV: 27006

-----------------------------------------------------------------------------------------------
  P |  Time(s) | Comp% | Comm% |  GFLOP/s | Speedup |  Eff% | Mem(MiB) | NNZ min | NNZ avg | NNZ max
-----------------------------------------------------------------------------------------------
  8 |   0.1050 |  20.6 |  54.3 |     0.000 |    0.13 |   1.65 |     0.13 |     271 |   1687.9 |    4158

----------------------------------------
np=16, OMP_NUM_THREADS=8
----------------------------------------
[Rank 0] Matrix: 2000 x 2000, nnz=21953 | grid=4x4 | pattern=0 symmetric=1
[Rank 0] Matrix: 2000 x 2000, nnz=21953 | grid=4x4
[Rank 1] Local SpMV time: 0.000287 s
[Rank 9] Local SpMV time: 0.002290 s
[Rank 0] Local SpMV time: 0.000240 s
[Rank 8] Local SpMV time: 0.000527 s
[Rank 4] Local SpMV time: 0.000801 s
[Rank 12] Local SpMV time: 0.007899 s
[Rank 2] Local SpMV time: 0.000232 s
[Rank 13] Local SpMV time: 0.000253 s
[Rank 3] Local SpMV time: 0.002208 s
[Rank 6] Local SpMV time: 0.000229 s
[Rank 10] Local SpMV time: 0.000510 s
[Rank 5] Local SpMV time: 0.004179 s
[Rank 14] Local SpMV time: 0.004105 s
[Rank 11] Local SpMV time: 0.000248 s
[Rank 7] Local SpMV time: 0.002213 s
[Rank 15] Local SpMV time: 0.000274 s
Global FLOPs per SpMV: 22382

-----------------------------------------------------------------------------------------------
  P |  Time(s) | Comp% | Comm% |  GFLOP/s | Speedup |  Eff% | Mem(MiB) | NNZ min | NNZ avg | NNZ max
-----------------------------------------------------------------------------------------------
 16 |   0.4650 |   1.7 |  89.6 |     0.000 |    0.03 |   0.19 |     0.10 |      74 |    699.4 |    3184

----------------------------------------
np=32, OMP_NUM_THREADS=4
----------------------------------------
[Rank 0] Matrix: 2000 x 2000, nnz=21953 | grid=8x4 | pattern=0 symmetric=1
[Rank 0] Matrix: 2000 x 2000, nnz=21953 | grid=8x4
[Rank 1] Local SpMV time: 0.000215 s
[Rank 9] Local SpMV time: 0.000166 s
[Rank 0] Local SpMV time: 0.004080 s
[Rank 13] Local SpMV time: 0.011124 s
[Rank 2] Local SpMV time: 0.004062 s
[Rank 3] Local SpMV time: 0.002068 s
[Rank 4] Local SpMV time: 0.000201 s
[Rank 11] Local SpMV time: 0.003826 s
[Rank 16] Local SpMV time: 0.004457 s
[Rank 5] Local SpMV time: 0.005557 s
[Rank 6] Local SpMV time: 0.000134 s
[Rank 8] Local SpMV time: 0.000406 s
[Rank 20] Local SpMV time: 0.000671 s
[Rank 15] Local SpMV time: 0.007417 s
[Rank 12] Local SpMV time: 0.000956 s
[Rank 18] Local SpMV time: 0.000128 s
[Rank 17] Local SpMV time: 0.000152 s
[Rank 22] Local SpMV time: 0.000138 s
[Rank 24] Local SpMV time: 0.000406 s
[Rank 10] Local SpMV time: 0.000683 s
[Rank 28] Local SpMV time: 0.000957 s
[Rank 14] Local SpMV time: 0.001190 s
[Rank 26] Local SpMV time: 0.000204 s
[Rank 7] Local SpMV time: 0.011104 s
[Rank 30] Local SpMV time: 0.007960 s
[Rank 19] Local SpMV time: 0.001973 s
[Rank 25] Local SpMV time: 0.011047 s
[Rank 21] Local SpMV time: 0.000157 s
[Rank 23] Local SpMV time: 0.011075 s
[Rank 29] Local SpMV time: 0.023795 s
[Rank 27] Local SpMV time: 0.000152 s
[Rank 31] Local SpMV time: 0.000160 s
Global FLOPs per SpMV: 20794

-----------------------------------------------------------------------------------------------
  P |  Time(s) | Comp% | Comm% |  GFLOP/s | Speedup |  Eff% | Mem(MiB) | NNZ min | NNZ avg | NNZ max
-----------------------------------------------------------------------------------------------
 32 |   0.7080 |   3.4 |  90.4 |     0.000 |    0.02 |   0.06 |     0.05 |      21 |    324.9 |    1444

----------------------------------------
np=64, OMP_NUM_THREADS=2
----------------------------------------
[Rank 0] Matrix: 2000 x 2000, nnz=21953 | grid=8x8 | pattern=0 symmetric=1
[Rank 0] Matrix: 2000 x 2000, nnz=21953 | grid=8x8
[Rank 1] Local SpMV time: 0.000078 s
[Rank 0] Local SpMV time: 0.003993 s
[Rank 8] Local SpMV time: 0.000098 s
[Rank 3] Local SpMV time: 0.000056 s
[Rank 5] Local SpMV time: 0.001565 s
[Rank 2] Local SpMV time: 0.000123 s
[Rank 17] Local SpMV time: 0.000058 s
[Rank 32] Local SpMV time: 0.000115 s
[Rank 34] Local SpMV time: 0.004256 s
[Rank 48] Local SpMV time: 0.000098 s
[Rank 4] Local SpMV time: 0.000239 s
[Rank 56] Local SpMV time: 0.000331 s
[Rank 21] Local SpMV time: 0.000050 s
[Rank 16] Local SpMV time: 0.004003 s
[Rank 10] Local SpMV time: 0.008053 s
[Rank 50] Local SpMV time: 0.004042 s
[Rank 12] Local SpMV time: 0.000090 s
[Rank 25] Local SpMV time: 0.000098 s
[Rank 36] Local SpMV time: 0.000109 s
[Rank 18] Local SpMV time: 0.000109 s
[Rank 9] Local SpMV time: 0.000052 s
[Rank 6] Local SpMV time: 0.000115 s
[Rank 58] Local SpMV time: 0.004157 s
[Rank 38] Local SpMV time: 0.004252 s
[Rank 40] Local SpMV time: 0.000091 s
[Rank 33] Local SpMV time: 0.000099 s
[Rank 14] Local SpMV time: 0.000090 s
[Rank 19] Local SpMV time: 0.001607 s
[Rank 20] Local SpMV time: 0.000256 s
[Rank 24] Local SpMV time: 0.000087 s
[Rank 42] Local SpMV time: 0.000206 s
[Rank 54] Local SpMV time: 0.008019 s
[Rank 26] Local SpMV time: 0.000081 s
[Rank 27] Local SpMV time: 0.000100 s
[Rank 44] Local SpMV time: 0.004011 s
[Rank 41] Local SpMV time: 0.001542 s
[Rank 52] Local SpMV time: 0.004067 s
[Rank 49] Local SpMV time: 0.002934 s
[Rank 22] Local SpMV time: 0.004051 s
[Rank 28] Local SpMV time: 0.000155 s
[Rank 46] Local SpMV time: 0.000200 s
[Rank 7] Local SpMV time: 0.000095 s
[Rank 62] Local SpMV time: 0.000092 s
[Rank 11] Local SpMV time: 0.001561 s
[Rank 29] Local SpMV time: 0.000049 s
[Rank 60] Local SpMV time: 0.004052 s
[Rank 13] Local SpMV time: 0.000100 s
[Rank 30] Local SpMV time: 0.000055 s
[Rank 23] Local SpMV time: 0.000059 s
[Rank 35] Local SpMV time: 0.000058 s
[Rank 51] Local SpMV time: 0.001408 s
[Rank 37] Local SpMV time: 0.002728 s
[Rank 45] Local SpMV time: 0.000067 s
[Rank 57] Local SpMV time: 0.000097 s
[Rank 39] Local SpMV time: 0.000099 s
[Rank 31] Local SpMV time: 0.000095 s
[Rank 59] Local SpMV time: 0.011055 s
[Rank 47] Local SpMV time: 0.000050 s
[Rank 15] Local SpMV time: 0.000051 s
[Rank 53] Local SpMV time: 0.011015 s
[Rank 43] Local SpMV time: 0.000098 s
[Rank 55] Local SpMV time: 0.010977 s
[Rank 63] Local SpMV time: 0.000052 s
[Rank 61] Local SpMV time: 0.001426 s
Global FLOPs per SpMV: 19614

-----------------------------------------------------------------------------------------------
  P |  Time(s) | Comp% | Comm% |  GFLOP/s | Speedup |  Eff% | Mem(MiB) | NNZ min | NNZ avg | NNZ max
-----------------------------------------------------------------------------------------------
 64 |   1.9190 |   0.6 |  80.2 |     0.000 |    0.01 |   0.01 |     0.04 |       0 |    153.2 |    1227

----------------------------------------
np=128, OMP_NUM_THREADS=1
----------------------------------------
[Rank 0] Matrix: 2000 x 2000, nnz=21953 | grid=16x8 | pattern=0 symmetric=1
[Rank 0] Matrix: 2000 x 2000, nnz=21953 | grid=16x8
[Rank 1] Local SpMV time: 0.000039 s
[Rank 65] Local SpMV time: 0.000014 s
[Rank 73] Local SpMV time: 0.000017 s
[Rank 0] Local SpMV time: 0.000024 s
[Rank 4] Local SpMV time: 0.000012 s
[Rank 97] Local SpMV time: 0.000015 s
[Rank 6] Local SpMV time: 0.000011 s
[Rank 16] Local SpMV time: 0.000011 s
[Rank 32] Local SpMV time: 0.000012 s
[Rank 40] Local SpMV time: 0.000013 s
[Rank 33] Local SpMV time: 0.000014 s
[Rank 41] Local SpMV time: 0.000014 s
[Rank 8] Local SpMV time: 0.000011 s
[Rank 64] Local SpMV time: 0.000015 s
[Rank 20] Local SpMV time: 0.000013 s
[Rank 2] Local SpMV time: 0.000010 s
[Rank 36] Local SpMV time: 0.000016 s
[Rank 96] Local SpMV time: 0.000013 s
[Rank 72] Local SpMV time: 0.000012 s
[Rank 12] Local SpMV time: 0.000012 s
[Rank 81] Local SpMV time: 0.000015 s
[Rank 24] Local SpMV time: 0.000013 s
[Rank 112] Local SpMV time: 0.000012 s
[Rank 113] Local SpMV time: 0.000012 s
[Rank 104] Local SpMV time: 0.000010 s
[Rank 17] Local SpMV time: 0.000014 s
[Rank 18] Local SpMV time: 0.000015 s
[Rank 48] Local SpMV time: 0.000013 s
[Rank 28] Local SpMV time: 0.000011 s
[Rank 3] Local SpMV time: 0.000012 s
[Rank 44] Local SpMV time: 0.000012 s
[Rank 34] Local SpMV time: 0.000012 s
[Rank 80] Local SpMV time: 0.000010 s
[Rank 66] Local SpMV time: 0.000013 s
[Rank 42] Local SpMV time: 0.000011 s
[Rank 19] Local SpMV time: 0.000014 s
[Rank 22] Local SpMV time: 0.000013 s
[Rank 38] Local SpMV time: 0.000013 s
[Rank 68] Local SpMV time: 0.000011 s
[Rank 120] Local SpMV time: 0.000013 s
[Rank 5] Local SpMV time: 0.000014 s
[Rank 14] Local SpMV time: 0.000012 s
[Rank 56] Local SpMV time: 0.000013 s
[Rank 10] Local SpMV time: 0.000014 s
[Rank 67] Local SpMV time: 0.000013 s
[Rank 121] Local SpMV time: 0.000013 s
[Rank 98] Local SpMV time: 0.000014 s
[Rank 46] Local SpMV time: 0.000014 s
[Rank 9] Local SpMV time: 0.000017 s
[Rank 52] Local SpMV time: 0.000014 s
[Rank 60] Local SpMV time: 0.000013 s
[Rank 26] Local SpMV time: 0.000012 s
[Rank 82] Local SpMV time: 0.000016 s
[Rank 76] Local SpMV time: 0.000013 s
[Rank 106] Local SpMV time: 0.000014 s
[Rank 30] Local SpMV time: 0.000011 s
[Rank 74] Local SpMV time: 0.000014 s
[Rank 50] Local SpMV time: 0.000015 s
[Rank 100] Local SpMV time: 0.000016 s
[Rank 49] Local SpMV time: 0.000014 s
[Rank 88] Local SpMV time: 0.000014 s
[Rank 84] Local SpMV time: 0.000012 s
[Rank 21] Local SpMV time: 0.000014 s
[Rank 116] Local SpMV time: 0.000015 s
[Rank 70] Local SpMV time: 0.000014 s
[Rank 83] Local SpMV time: 0.000015 s
[Rank 25] Local SpMV time: 0.000014 s
[Rank 90] Local SpMV time: 0.000014 s
[Rank 105] Local SpMV time: 0.000014 s
[Rank 92] Local SpMV time: 0.000012 s
[Rank 114] Local SpMV time: 0.000012 s
[Rank 58] Local SpMV time: 0.000014 s
[Rank 86] Local SpMV time: 0.000013 s
[Rank 54] Local SpMV time: 0.000015 s
[Rank 78] Local SpMV time: 0.000014 s
[Rank 35] Local SpMV time: 0.000015 s
[Rank 102] Local SpMV time: 0.000013 s
[Rank 108] Local SpMV time: 0.000012 s
[Rank 124] Local SpMV time: 0.000013 s
[Rank 51] Local SpMV time: 0.000015 s
[Rank 122] Local SpMV time: 0.000015 s
[Rank 75] Local SpMV time: 0.000015 s
[Rank 118] Local SpMV time: 0.000013 s
[Rank 110] Local SpMV time: 0.000014 s
[Rank 43] Local SpMV time: 0.000016 s
[Rank 57] Local SpMV time: 0.000014 s
[Rank 89] Local SpMV time: 0.000014 s
[Rank 94] Local SpMV time: 0.000014 s
[Rank 126] Local SpMV time: 0.000012 s
[Rank 13] Local SpMV time: 0.000013 s
[Rank 11] Local SpMV time: 0.000015 s
[Rank 62] Local SpMV time: 0.000012 s
[Rank 69] Local SpMV time: 0.000014 s
[Rank 37] Local SpMV time: 0.000015 s
[Rank 7] Local SpMV time: 0.000014 s
[Rank 99] Local SpMV time: 0.000015 s
[Rank 71] Local SpMV time: 0.000014 s
[Rank 45] Local SpMV time: 0.000016 s
[Rank 39] Local SpMV time: 0.000014 s
[Rank 59] Local SpMV time: 0.000016 s
[Rank 77] Local SpMV time: 0.000014 s
[Rank 87] Local SpMV time: 0.000014 s
[Rank 95] Local SpMV time: 0.000013 s
[Rank 27] Local SpMV time: 0.000018 s
[Rank 15] Local SpMV time: 0.000013 s
[Rank 29] Local SpMV time: 0.000014 s
[Rank 115] Local SpMV time: 0.000016 s
[Rank 103] Local SpMV time: 0.000014 s
[Rank 91] Local SpMV time: 0.000016 s
[Rank 85] Local SpMV time: 0.000015 s
[Rank 79] Local SpMV time: 0.000015 s
[Rank 107] Local SpMV time: 0.000015 s
[Rank 111] Local SpMV time: 0.000015 s
[Rank 101] Local SpMV time: 0.000015 s
[Rank 23] Local SpMV time: 0.000014 s
[Rank 117] Local SpMV time: 0.000015 s
[Rank 53] Local SpMV time: 0.000015 s
[Rank 55] Local SpMV time: 0.000015 s
[Rank 61] Local SpMV time: 0.000016 s
[Rank 63] Local SpMV time: 0.000018 s
[Rank 123] Local SpMV time: 0.000015 s
[Rank 47] Local SpMV time: 0.000016 s
[Rank 109] Local SpMV time: 0.000015 s
[Rank 31] Local SpMV time: 0.000016 s
[Rank 93] Local SpMV time: 0.000014 s
[Rank 119] Local SpMV time: 0.000015 s
[Rank 127] Local SpMV time: 0.000016 s
[Rank 125] Local SpMV time: 0.000013 s
Global FLOPs per SpMV: 19328

-----------------------------------------------------------------------------------------------
  P |  Time(s) | Comp% | Comm% |  GFLOP/s | Speedup |  Eff% | Mem(MiB) | NNZ min | NNZ avg | NNZ max
-----------------------------------------------------------------------------------------------
128 |   4.9340 |   0.0 |  88.3 |     0.000 |    0.00 |   0.00 |     0.02 |       0 |     75.5 |     611

