Strong scaling results for bcsstm05.mtx
Date: Thu Jan  1 15:57:23 CET 2026
========================================

[Rank 0] Matrix: 153 x 153, nnz=153 | 1D cyclic rows over P=1
[Rank 0] Local SpMV time: 0.000016 s

-----------------------------------------------------------------------------------------------
  P |  Time(s) | Comp% | Comm% |  GFLOP/s | Speedup |  Eff% | Mem(MiB) | NNZ min | NNZ avg | NNZ max
-----------------------------------------------------------------------------------------------
  1 |   0.0000 |  48.3 |  19.6 |     0.009 |    N/A   |   N/A  |     0.01 |     153 |    153.0 |     153
Global FLOPs per SpMV: 306
BASELINE_T1=0.0000

----------------------------------------
np = 2
----------------------------------------
[Rank 0] Matrix: 153 x 153, nnz=153 | 1D cyclic rows over P=2
[Rank 0] Local SpMV time: 0.000019 s
[Rank 1] Local SpMV time: 0.000014 s

-----------------------------------------------------------------------------------------------
  P |  Time(s) | Comp% | Comm% |  GFLOP/s | Speedup |  Eff% | Mem(MiB) | NNZ min | NNZ avg | NNZ max
-----------------------------------------------------------------------------------------------
  2 |   0.0001 |  13.8 | 128.2 |     0.002 |    N/A   |   N/A  |     0.00 |      36 |     56.5 |      77
Global FLOPs per SpMV: 226

----------------------------------------
np = 4
----------------------------------------
[Rank 0] Matrix: 153 x 153, nnz=153 | 1D cyclic rows over P=4
[Rank 0] Local SpMV time: 0.000017 s
[Rank 3] Local SpMV time: 0.000018 s
[Rank 2] Local SpMV time: 0.000013 s
[Rank 1] Local SpMV time: 0.000010 s

-----------------------------------------------------------------------------------------------
  P |  Time(s) | Comp% | Comm% |  GFLOP/s | Speedup |  Eff% | Mem(MiB) | NNZ min | NNZ avg | NNZ max
-----------------------------------------------------------------------------------------------
  4 |   0.0001 |  21.2 | 121.2 |     0.002 |    N/A   |   N/A  |     0.00 |       9 |     23.5 |      39
Global FLOPs per SpMV: 188

----------------------------------------
np = 8
----------------------------------------
[Rank 0] Matrix: 153 x 153, nnz=153 | 1D cyclic rows over P=8
[Rank 0] Local SpMV time: 0.000019 s
[Rank 3] Local SpMV time: 0.000018 s
[Rank 6] Local SpMV time: 0.000019 s
[Rank 5] Local SpMV time: 0.000012 s
[Rank 2] Local SpMV time: 0.000013 s
[Rank 4] Local SpMV time: 0.000013 s
[Rank 7] Local SpMV time: 0.000015 s
[Rank 1] Local SpMV time: 0.000031 s

-----------------------------------------------------------------------------------------------
  P |  Time(s) | Comp% | Comm% |  GFLOP/s | Speedup |  Eff% | Mem(MiB) | NNZ min | NNZ avg | NNZ max
-----------------------------------------------------------------------------------------------
  8 |   0.0001 |  24.4 | 198.5 |     0.001 |    N/A   |   N/A  |     0.00 |       3 |     10.6 |      20
Global FLOPs per SpMV: 170

----------------------------------------
np = 16
----------------------------------------
[Rank 0] Matrix: 153 x 153, nnz=153 | 1D cyclic rows over P=16
[Rank 0] Local SpMV time: 0.000019 s
[Rank 3] Local SpMV time: 0.000027 s
[Rank 9] Local SpMV time: 0.000025 s
[Rank 12] Local SpMV time: 0.000021 s
[Rank 15] Local SpMV time: 0.000024 s
[Rank 6] Local SpMV time: 0.000030 s
[Rank 2] Local SpMV time: 0.000011 s
[Rank 5] Local SpMV time: 0.000013 s
[Rank 13] Local SpMV time: 0.000020 s
[Rank 14] Local SpMV time: 0.000014 s
[Rank 1] Local SpMV time: 0.000021 s
[Rank 8] Local SpMV time: 0.000014 s
[Rank 4] Local SpMV time: 0.000020 s
[Rank 11] Local SpMV time: 0.000013 s
[Rank 7] Local SpMV time: 0.000018 s
[Rank 10] Local SpMV time: 0.000020 s

-----------------------------------------------------------------------------------------------
  P |  Time(s) | Comp% | Comm% |  GFLOP/s | Speedup |  Eff% | Mem(MiB) | NNZ min | NNZ avg | NNZ max
-----------------------------------------------------------------------------------------------
 16 |   0.0001 |  26.7 | 151.2 |     0.001 |    N/A   |   N/A  |     0.00 |       0 |      4.9 |      10
Global FLOPs per SpMV: 156

----------------------------------------
np = 32
----------------------------------------
[Rank 0] Matrix: 153 x 153, nnz=153 | 1D cyclic rows over P=32
[Rank 3] Local SpMV time: 0.000026 s
[Rank 6] Local SpMV time: 0.000038 s
[Rank 9] Local SpMV time: 0.000035 s
[Rank 12] Local SpMV time: 0.000029 s
[Rank 15] Local SpMV time: 0.000032 s
[Rank 18] Local SpMV time: 0.000035 s
[Rank 1] Local SpMV time: 0.000011 s
[Rank 21] Local SpMV time: 0.000030 s
[Rank 8] Local SpMV time: 0.000012 s
[Rank 7] Local SpMV time: 0.000012 s
[Rank 24] Local SpMV time: 0.000035 s
[Rank 2] Local SpMV time: 0.000011 s
[Rank 16] Local SpMV time: 0.000018 s
[Rank 0] Local SpMV time: 0.000054 s
[Rank 25] Local SpMV time: 0.000015 s
[Rank 27] Local SpMV time: 0.000049 s
[Rank 5] Local SpMV time: 0.000030 s
[Rank 4] Local SpMV time: 0.000028 s
[Rank 30] Local SpMV time: 0.000054 s
[Rank 11] Local SpMV time: 0.000011 s
[Rank 10] Local SpMV time: 0.000034 s
[Rank 14] Local SpMV time: 0.000027 s
[Rank 13] Local SpMV time: 0.000019 s
[Rank 17] Local SpMV time: 0.000022 s
[Rank 19] Local SpMV time: 0.000024 s
[Rank 20] Local SpMV time: 0.000023 s
[Rank 22] Local SpMV time: 0.000031 s
[Rank 23] Local SpMV time: 0.000023 s
[Rank 28] Local SpMV time: 0.000021 s
[Rank 26] Local SpMV time: 0.000021 s
[Rank 31] Local SpMV time: 0.000019 s
[Rank 29] Local SpMV time: 0.000029 s

-----------------------------------------------------------------------------------------------
  P |  Time(s) | Comp% | Comm% |  GFLOP/s | Speedup |  Eff% | Mem(MiB) | NNZ min | NNZ avg | NNZ max
-----------------------------------------------------------------------------------------------
 32 |   0.0001 |  39.9 | 242.7 |     0.001 |    N/A   |   N/A  |     0.00 |       0 |      2.4 |       5
Global FLOPs per SpMV: 152

----------------------------------------
np = 64
----------------------------------------
[Rank 0] Matrix: 153 x 153, nnz=153 | 1D cyclic rows over P=64
[Rank 0] Local SpMV time: 0.000023 s
[Rank 24] Local SpMV time: 0.000032 s
[Rank 3] Local SpMV time: 0.000038 s
[Rank 18] Local SpMV time: 0.000050 s
[Rank 9] Local SpMV time: 0.000063 s
[Rank 2] Local SpMV time: 0.000013 s
[Rank 12] Local SpMV time: 0.000059 s
[Rank 5] Local SpMV time: 0.000013 s
[Rank 1] Local SpMV time: 0.000012 s
[Rank 27] Local SpMV time: 0.000056 s
[Rank 8] Local SpMV time: 0.000016 s
[Rank 4] Local SpMV time: 0.000012 s
[Rank 30] Local SpMV time: 0.000054 s
[Rank 11] Local SpMV time: 0.000047 s
[Rank 7] Local SpMV time: 0.000015 s
[Rank 36] Local SpMV time: 0.000055 s
[Rank 20] Local SpMV time: 0.000036 s
[Rank 13] Local SpMV time: 0.000015 s
[Rank 39] Local SpMV time: 0.000064 s
[Rank 26] Local SpMV time: 0.000044 s
[Rank 10] Local SpMV time: 0.000051 s
[Rank 45] Local SpMV time: 0.000061 s
[Rank 32] Local SpMV time: 0.000026 s
[Rank 19] Local SpMV time: 0.000057 s
[Rank 48] Local SpMV time: 0.000052 s
[Rank 38] Local SpMV time: 0.000037 s
[Rank 28] Local SpMV time: 0.000023 s
[Rank 51] Local SpMV time: 0.000052 s
[Rank 47] Local SpMV time: 0.000038 s
[Rank 37] Local SpMV time: 0.000029 s
[Rank 54] Local SpMV time: 0.000057 s
[Rank 14] Local SpMV time: 0.000076 s
[Rank 43] Local SpMV time: 0.000032 s
[Rank 57] Local SpMV time: 0.000059 s
[Rank 17] Local SpMV time: 0.000088 s
[Rank 46] Local SpMV time: 0.000057 s
[Rank 60] Local SpMV time: 0.000053 s
[Rank 23] Local SpMV time: 0.000102 s
[Rank 52] Local SpMV time: 0.000062 s
[Rank 63] Local SpMV time: 0.000058 s
[Rank 29] Local SpMV time: 0.000081 s
[Rank 55] Local SpMV time: 0.000032 s
[Rank 6] Local SpMV time: 0.000066 s
[Rank 35] Local SpMV time: 0.000079 s
[Rank 58] Local SpMV time: 0.000022 s
[Rank 15] Local SpMV time: 0.000066 s
[Rank 41] Local SpMV time: 0.000099 s
[Rank 61] Local SpMV time: 0.000043 s
[Rank 21] Local SpMV time: 0.000067 s
[Rank 44] Local SpMV time: 0.000067 s
[Rank 16] Local SpMV time: 0.000071 s
[Rank 33] Local SpMV time: 0.000065 s
[Rank 50] Local SpMV time: 0.000074 s
[Rank 22] Local SpMV time: 0.000068 s
[Rank 42] Local SpMV time: 0.000066 s
[Rank 53] Local SpMV time: 0.000098 s
[Rank 25] Local SpMV time: 0.000075 s
[Rank 56] Local SpMV time: 0.000062 s
[Rank 31] Local SpMV time: 0.000069 s
[Rank 59] Local SpMV time: 0.000103 s
[Rank 34] Local SpMV time: 0.000075 s
[Rank 62] Local SpMV time: 0.000091 s
[Rank 40] Local SpMV time: 0.000073 s
[Rank 49] Local SpMV time: 0.000072 s

-----------------------------------------------------------------------------------------------
  P |  Time(s) | Comp% | Comm% |  GFLOP/s | Speedup |  Eff% | Mem(MiB) | NNZ min | NNZ avg | NNZ max
-----------------------------------------------------------------------------------------------
 64 |   0.0002 |  56.9 | 239.9 |     0.001 |    N/A   |   N/A  |     0.00 |       0 |      1.1 |       3
Global FLOPs per SpMV: 142

----------------------------------------
np = 128
----------------------------------------
[Rank 0] Matrix: 153 x 153, nnz=153 | 1D cyclic rows over P=128
[Rank 0] Local SpMV time: 0.000020 s
[Rank 6] Local SpMV time: 0.000029 s
[Rank 9] Local SpMV time: 0.000029 s
[Rank 12] Local SpMV time: 0.000027 s
[Rank 15] Local SpMV time: 0.000041 s
[Rank 24] Local SpMV time: 0.000026 s
[Rank 36] Local SpMV time: 0.000036 s
[Rank 39] Local SpMV time: 0.000033 s
[Rank 42] Local SpMV time: 0.000029 s
[Rank 3] Local SpMV time: 0.000067 s
[Rank 27] Local SpMV time: 0.000103 s
[Rank 30] Local SpMV time: 0.000066 s
[Rank 45] Local SpMV time: 0.000035 s
[Rank 48] Local SpMV time: 0.000033 s
[Rank 51] Local SpMV time: 0.000047 s
[Rank 69] Local SpMV time: 0.000052 s
[Rank 108] Local SpMV time: 0.000055 s
[Rank 111] Local SpMV time: 0.000057 s
[Rank 114] Local SpMV time: 0.000054 s
[Rank 1] Local SpMV time: 0.000016 s
[Rank 117] Local SpMV time: 0.000059 s
[Rank 2] Local SpMV time: 0.000017 s
[Rank 126] Local SpMV time: 0.000060 s
[Rank 8] Local SpMV time: 0.000020 s
[Rank 33] Local SpMV time: 0.000132 s
[Rank 50] Local SpMV time: 0.000029 s
[Rank 57] Local SpMV time: 0.000123 s
[Rank 65] Local SpMV time: 0.000065 s
[Rank 60] Local SpMV time: 0.000121 s
[Rank 125] Local SpMV time: 0.000052 s
[Rank 4] Local SpMV time: 0.000017 s
[Rank 63] Local SpMV time: 0.000129 s
[Rank 7] Local SpMV time: 0.000015 s
[Rank 75] Local SpMV time: 0.000106 s
[Rank 10] Local SpMV time: 0.000016 s
[Rank 84] Local SpMV time: 0.000110 s
[Rank 13] Local SpMV time: 0.000014 s
[Rank 87] Local SpMV time: 0.000108 s
[Rank 11] Local SpMV time: 0.000125 s
[Rank 34] Local SpMV time: 0.000069 s
[Rank 99] Local SpMV time: 0.000127 s
[Rank 17] Local SpMV time: 0.000157 s
[Rank 61] Local SpMV time: 0.000032 s
[Rank 105] Local SpMV time: 0.000125 s
[Rank 26] Local SpMV time: 0.000128 s
[Rank 70] Local SpMV time: 0.000043 s
[Rank 120] Local SpMV time: 0.000124 s
[Rank 29] Local SpMV time: 0.000113 s
[Rank 73] Local SpMV time: 0.000076 s
[Rank 18] Local SpMV time: 0.000134 s
[Rank 32] Local SpMV time: 0.000061 s
[Rank 94] Local SpMV time: 0.000053 s
[Rank 21] Local SpMV time: 0.000135 s
[Rank 35] Local SpMV time: 0.000062 s
[Rank 97] Local SpMV time: 0.000017 s
[Rank 54] Local SpMV time: 0.000144 s
[Rank 44] Local SpMV time: 0.000081 s
[Rank 103] Local SpMV time: 0.000032 s
[Rank 66] Local SpMV time: 0.000144 s
[Rank 47] Local SpMV time: 0.000078 s
[Rank 118] Local SpMV time: 0.000063 s
[Rank 72] Local SpMV time: 0.000115 s
[Rank 53] Local SpMV time: 0.000090 s
[Rank 121] Local SpMV time: 0.000078 s
[Rank 78] Local SpMV time: 0.000111 s
[Rank 59] Local SpMV time: 0.000108 s
[Rank 127] Local SpMV time: 0.000027 s
[Rank 81] Local SpMV time: 0.000120 s
[Rank 74] Local SpMV time: 0.000109 s
[Rank 19] Local SpMV time: 0.000135 s
[Rank 90] Local SpMV time: 0.000110 s
[Rank 77] Local SpMV time: 0.000078 s
[Rank 28] Local SpMV time: 0.000111 s
[Rank 93] Local SpMV time: 0.000107 s
[Rank 83] Local SpMV time: 0.000076 s
[Rank 37] Local SpMV time: 0.000184 s
[Rank 96] Local SpMV time: 0.000141 s
[Rank 89] Local SpMV time: 0.000125 s
[Rank 40] Local SpMV time: 0.000146 s
[Rank 102] Local SpMV time: 0.000140 s
[Rank 95] Local SpMV time: 0.000117 s
[Rank 46] Local SpMV time: 0.000156 s
[Rank 123] Local SpMV time: 0.000144 s
[Rank 101] Local SpMV time: 0.000114 s
[Rank 49] Local SpMV time: 0.000083 s
[Rank 110] Local SpMV time: 0.000111 s
[Rank 55] Local SpMV time: 0.000177 s
[Rank 113] Local SpMV time: 0.000079 s
[Rank 64] Local SpMV time: 0.000128 s
[Rank 119] Local SpMV time: 0.000123 s
[Rank 67] Local SpMV time: 0.000154 s
[Rank 5] Local SpMV time: 0.000141 s
[Rank 76] Local SpMV time: 0.000142 s
[Rank 14] Local SpMV time: 0.000196 s
[Rank 82] Local SpMV time: 0.000157 s
[Rank 20] Local SpMV time: 0.000177 s
[Rank 91] Local SpMV time: 0.000184 s
[Rank 23] Local SpMV time: 0.000153 s
[Rank 106] Local SpMV time: 0.000140 s
[Rank 38] Local SpMV time: 0.000191 s
[Rank 109] Local SpMV time: 0.000148 s
[Rank 41] Local SpMV time: 0.000152 s
[Rank 112] Local SpMV time: 0.000191 s
[Rank 56] Local SpMV time: 0.000169 s
[Rank 115] Local SpMV time: 0.000171 s
[Rank 62] Local SpMV time: 0.000190 s
[Rank 124] Local SpMV time: 0.000094 s
[Rank 68] Local SpMV time: 0.000164 s
[Rank 16] Local SpMV time: 0.000211 s
[Rank 71] Local SpMV time: 0.000168 s
[Rank 22] Local SpMV time: 0.000219 s
[Rank 80] Local SpMV time: 0.000190 s
[Rank 25] Local SpMV time: 0.000212 s
[Rank 86] Local SpMV time: 0.000201 s
[Rank 31] Local SpMV time: 0.000239 s
[Rank 92] Local SpMV time: 0.000162 s
[Rank 43] Local SpMV time: 0.000232 s
[Rank 98] Local SpMV time: 0.000180 s
[Rank 52] Local SpMV time: 0.000226 s
[Rank 104] Local SpMV time: 0.000188 s
[Rank 58] Local SpMV time: 0.000215 s
[Rank 107] Local SpMV time: 0.000143 s
[Rank 79] Local SpMV time: 0.000243 s
[Rank 116] Local SpMV time: 0.000197 s
[Rank 85] Local SpMV time: 0.000245 s
[Rank 122] Local SpMV time: 0.000143 s
[Rank 88] Local SpMV time: 0.000224 s
[Rank 100] Local SpMV time: 0.000213 s

-----------------------------------------------------------------------------------------------
  P |  Time(s) | Comp% | Comm% |  GFLOP/s | Speedup |  Eff% | Mem(MiB) | NNZ min | NNZ avg | NNZ max
-----------------------------------------------------------------------------------------------
128 |   0.0004 |  56.2 | 208.9 |     0.000 |    N/A   |   N/A  |     0.00 |       0 |      0.2 |       2
Global FLOPs per SpMV: 52

