Strong scaling results for breasttissue_10NN.mtx
Date: Thu Jan  1 15:57:35 CET 2026
========================================

[Rank 0] Matrix: 106 x 106, nnz=706 | 1D cyclic rows over P=1
[Rank 0] Local SpMV time: 0.000025 s

-----------------------------------------------------------------------------------------------
  P |  Time(s) | Comp% | Comm% |  GFLOP/s | Speedup |  Eff% | Mem(MiB) | NNZ min | NNZ avg | NNZ max
-----------------------------------------------------------------------------------------------
  1 |   0.0000 |  57.1 |  17.6 |     0.065 |    N/A   |   N/A  |     0.04 |    1412 |   1412.0 |    1412
Global FLOPs per SpMV: 2824
BASELINE_T1=0.0000

----------------------------------------
np = 2
----------------------------------------
[Rank 0] Matrix: 106 x 106, nnz=706 | 1D cyclic rows over P=2
[Rank 0] Local SpMV time: 0.000023 s
[Rank 1] Local SpMV time: 0.000017 s

-----------------------------------------------------------------------------------------------
  P |  Time(s) | Comp% | Comm% |  GFLOP/s | Speedup |  Eff% | Mem(MiB) | NNZ min | NNZ avg | NNZ max
-----------------------------------------------------------------------------------------------
  2 |   0.0001 |  16.5 | 115.7 |     0.016 |    N/A   |   N/A  |     0.02 |     379 |    531.5 |     684
Global FLOPs per SpMV: 2126

----------------------------------------
np = 4
----------------------------------------
[Rank 0] Matrix: 106 x 106, nnz=706 | 1D cyclic rows over P=4
[Rank 0] Local SpMV time: 0.000019 s
[Rank 1] Local SpMV time: 0.000014 s
[Rank 2] Local SpMV time: 0.000014 s
[Rank 3] Local SpMV time: 0.000033 s

-----------------------------------------------------------------------------------------------
  P |  Time(s) | Comp% | Comm% |  GFLOP/s | Speedup |  Eff% | Mem(MiB) | NNZ min | NNZ avg | NNZ max
-----------------------------------------------------------------------------------------------
  4 |   0.0001 |  26.0 | 119.3 |     0.014 |    N/A   |   N/A  |     0.01 |      93 |    216.2 |     359
Global FLOPs per SpMV: 1730

----------------------------------------
np = 8
----------------------------------------
[Rank 0] Matrix: 106 x 106, nnz=706 | 1D cyclic rows over P=8
[Rank 5] Local SpMV time: 0.000017 s
[Rank 0] Local SpMV time: 0.000025 s
[Rank 2] Local SpMV time: 0.000024 s
[Rank 3] Local SpMV time: 0.000025 s
[Rank 1] Local SpMV time: 0.000014 s
[Rank 6] Local SpMV time: 0.000040 s
[Rank 4] Local SpMV time: 0.000017 s
[Rank 7] Local SpMV time: 0.000019 s

-----------------------------------------------------------------------------------------------
  P |  Time(s) | Comp% | Comm% |  GFLOP/s | Speedup |  Eff% | Mem(MiB) | NNZ min | NNZ avg | NNZ max
-----------------------------------------------------------------------------------------------
  8 |   0.0001 |  40.5 | 159.2 |     0.016 |    N/A   |   N/A  |     0.01 |      26 |     99.0 |     170
Global FLOPs per SpMV: 1584

----------------------------------------
np = 16
----------------------------------------
[Rank 0] Matrix: 106 x 106, nnz=706 | 1D cyclic rows over P=16
[Rank 0] Local SpMV time: 0.000020 s
[Rank 8] Local SpMV time: 0.000016 s
[Rank 3] Local SpMV time: 0.000033 s
[Rank 14] Local SpMV time: 0.000015 s
[Rank 6] Local SpMV time: 0.000022 s
[Rank 2] Local SpMV time: 0.000023 s
[Rank 9] Local SpMV time: 0.000024 s
[Rank 1] Local SpMV time: 0.000021 s
[Rank 5] Local SpMV time: 0.000014 s
[Rank 12] Local SpMV time: 0.000023 s
[Rank 11] Local SpMV time: 0.000028 s
[Rank 15] Local SpMV time: 0.000025 s
[Rank 4] Local SpMV time: 0.000029 s
[Rank 7] Local SpMV time: 0.000024 s
[Rank 10] Local SpMV time: 0.000016 s
[Rank 13] Local SpMV time: 0.000023 s

-----------------------------------------------------------------------------------------------
  P |  Time(s) | Comp% | Comm% |  GFLOP/s | Speedup |  Eff% | Mem(MiB) | NNZ min | NNZ avg | NNZ max
-----------------------------------------------------------------------------------------------
 16 |   0.0001 |  30.6 | 171.6 |     0.013 |    N/A   |   N/A  |     0.00 |      10 |     44.6 |      81
Global FLOPs per SpMV: 1426

----------------------------------------
np = 32
----------------------------------------
[Rank 0] Matrix: 106 x 106, nnz=706 | 1D cyclic rows over P=32
[Rank 0] Local SpMV time: 0.000021 s
[Rank 27] Local SpMV time: 0.000015 s
[Rank 9] Local SpMV time: 0.000014 s
[Rank 3] Local SpMV time: 0.000027 s
[Rank 6] Local SpMV time: 0.000025 s
[Rank 12] Local SpMV time: 0.000028 s
[Rank 18] Local SpMV time: 0.000030 s
[Rank 21] Local SpMV time: 0.000023 s
[Rank 24] Local SpMV time: 0.000027 s
[Rank 30] Local SpMV time: 0.000026 s
[Rank 15] Local SpMV time: 0.000024 s
[Rank 31] Local SpMV time: 0.000018 s
[Rank 2] Local SpMV time: 0.000022 s
[Rank 1] Local SpMV time: 0.000027 s
[Rank 5] Local SpMV time: 0.000038 s
[Rank 4] Local SpMV time: 0.000030 s
[Rank 8] Local SpMV time: 0.000036 s
[Rank 7] Local SpMV time: 0.000030 s
[Rank 11] Local SpMV time: 0.000032 s
[Rank 10] Local SpMV time: 0.000032 s
[Rank 14] Local SpMV time: 0.000037 s
[Rank 13] Local SpMV time: 0.000035 s
[Rank 20] Local SpMV time: 0.000028 s
[Rank 16] Local SpMV time: 0.000042 s
[Rank 23] Local SpMV time: 0.000051 s
[Rank 19] Local SpMV time: 0.000031 s
[Rank 26] Local SpMV time: 0.000014 s
[Rank 22] Local SpMV time: 0.000031 s
[Rank 29] Local SpMV time: 0.000039 s
[Rank 25] Local SpMV time: 0.000026 s
[Rank 17] Local SpMV time: 0.000055 s
[Rank 28] Local SpMV time: 0.000045 s

-----------------------------------------------------------------------------------------------
  P |  Time(s) | Comp% | Comm% |  GFLOP/s | Speedup |  Eff% | Mem(MiB) | NNZ min | NNZ avg | NNZ max
-----------------------------------------------------------------------------------------------
 32 |   0.0001 |  42.5 | 300.7 |     0.010 |    N/A   |   N/A  |     0.00 |       3 |     21.0 |      55
Global FLOPs per SpMV: 1344

----------------------------------------
np = 64
----------------------------------------
[Rank 0] Matrix: 106 x 106, nnz=706 | 1D cyclic rows over P=64
[Rank 0] Local SpMV time: 0.000043 s
[Rank 3] Local SpMV time: 0.000065 s
[Rank 12] Local SpMV time: 0.000064 s
[Rank 25] Local SpMV time: 0.000016 s
[Rank 18] Local SpMV time: 0.000058 s
[Rank 2] Local SpMV time: 0.000015 s
[Rank 1] Local SpMV time: 0.000022 s
[Rank 24] Local SpMV time: 0.000068 s
[Rank 8] Local SpMV time: 0.000045 s
[Rank 7] Local SpMV time: 0.000044 s
[Rank 27] Local SpMV time: 0.000062 s
[Rank 26] Local SpMV time: 0.000024 s
[Rank 22] Local SpMV time: 0.000041 s
[Rank 6] Local SpMV time: 0.000077 s
[Rank 38] Local SpMV time: 0.000032 s
[Rank 4] Local SpMV time: 0.000052 s
[Rank 9] Local SpMV time: 0.000073 s
[Rank 41] Local SpMV time: 0.000041 s
[Rank 28] Local SpMV time: 0.000052 s
[Rank 15] Local SpMV time: 0.000080 s
[Rank 5] Local SpMV time: 0.000063 s
[Rank 34] Local SpMV time: 0.000050 s
[Rank 21] Local SpMV time: 0.000072 s
[Rank 14] Local SpMV time: 0.000065 s
[Rank 37] Local SpMV time: 0.000059 s
[Rank 30] Local SpMV time: 0.000081 s
[Rank 23] Local SpMV time: 0.000069 s
[Rank 46] Local SpMV time: 0.000049 s
[Rank 33] Local SpMV time: 0.000082 s
[Rank 29] Local SpMV time: 0.000060 s
[Rank 49] Local SpMV time: 0.000057 s
[Rank 36] Local SpMV time: 0.000069 s
[Rank 32] Local SpMV time: 0.000066 s
[Rank 52] Local SpMV time: 0.000051 s
[Rank 39] Local SpMV time: 0.000067 s
[Rank 47] Local SpMV time: 0.000080 s
[Rank 55] Local SpMV time: 0.000062 s
[Rank 42] Local SpMV time: 0.000075 s
[Rank 50] Local SpMV time: 0.000052 s
[Rank 10] Local SpMV time: 0.000091 s
[Rank 48] Local SpMV time: 0.000082 s
[Rank 53] Local SpMV time: 0.000057 s
[Rank 13] Local SpMV time: 0.000092 s
[Rank 54] Local SpMV time: 0.000087 s
[Rank 62] Local SpMV time: 0.000076 s
[Rank 16] Local SpMV time: 0.000064 s
[Rank 57] Local SpMV time: 0.000074 s
[Rank 11] Local SpMV time: 0.000102 s
[Rank 19] Local SpMV time: 0.000088 s
[Rank 60] Local SpMV time: 0.000074 s
[Rank 17] Local SpMV time: 0.000086 s
[Rank 31] Local SpMV time: 0.000088 s
[Rank 63] Local SpMV time: 0.000080 s
[Rank 20] Local SpMV time: 0.000078 s
[Rank 40] Local SpMV time: 0.000082 s
[Rank 45] Local SpMV time: 0.000087 s
[Rank 35] Local SpMV time: 0.000101 s
[Rank 43] Local SpMV time: 0.000083 s
[Rank 51] Local SpMV time: 0.000078 s
[Rank 44] Local SpMV time: 0.000088 s
[Rank 58] Local SpMV time: 0.000080 s
[Rank 56] Local SpMV time: 0.000094 s
[Rank 61] Local SpMV time: 0.000077 s
[Rank 59] Local SpMV time: 0.000099 s

-----------------------------------------------------------------------------------------------
  P |  Time(s) | Comp% | Comm% |  GFLOP/s | Speedup |  Eff% | Mem(MiB) | NNZ min | NNZ avg | NNZ max
-----------------------------------------------------------------------------------------------
 64 |   0.0003 |  37.8 | 207.5 |     0.005 |    N/A   |   N/A  |     0.00 |       0 |      9.5 |      31
Global FLOPs per SpMV: 1216

----------------------------------------
np = 128
----------------------------------------
[Rank 0] Matrix: 106 x 106, nnz=706 | 1D cyclic rows over P=128
[Rank 24] Local SpMV time: 0.000076 s
[Rank 0] Local SpMV time: 0.000118 s
[Rank 3] Local SpMV time: 0.000107 s
[Rank 12] Local SpMV time: 0.000103 s
[Rank 21] Local SpMV time: 0.000100 s
[Rank 27] Local SpMV time: 0.000109 s
[Rank 51] Local SpMV time: 0.000101 s
[Rank 13] Local SpMV time: 0.000058 s
[Rank 54] Local SpMV time: 0.000106 s
[Rank 2] Local SpMV time: 0.000016 s
[Rank 61] Local SpMV time: 0.000078 s
[Rank 75] Local SpMV time: 0.000104 s
[Rank 8] Local SpMV time: 0.000031 s
[Rank 97] Local SpMV time: 0.000018 s
[Rank 36] Local SpMV time: 0.000151 s
[Rank 107] Local SpMV time: 0.000074 s
[Rank 1] Local SpMV time: 0.000119 s
[Rank 48] Local SpMV time: 0.000122 s
[Rank 110] Local SpMV time: 0.000066 s
[Rank 4] Local SpMV time: 0.000126 s
[Rank 18] Local SpMV time: 0.000185 s
[Rank 5] Local SpMV time: 0.000108 s
[Rank 16] Local SpMV time: 0.000131 s
[Rank 60] Local SpMV time: 0.000199 s
[Rank 14] Local SpMV time: 0.000104 s
[Rank 19] Local SpMV time: 0.000099 s
[Rank 81] Local SpMV time: 0.000188 s
[Rank 17] Local SpMV time: 0.000102 s
[Rank 25] Local SpMV time: 0.000102 s
[Rank 108] Local SpMV time: 0.000200 s
[Rank 20] Local SpMV time: 0.000107 s
[Rank 46] Local SpMV time: 0.000085 s
[Rank 111] Local SpMV time: 0.000190 s
[Rank 23] Local SpMV time: 0.000139 s
[Rank 49] Local SpMV time: 0.000101 s
[Rank 117] Local SpMV time: 0.000200 s
[Rank 26] Local SpMV time: 0.000134 s
[Rank 52] Local SpMV time: 0.000091 s
[Rank 15] Local SpMV time: 0.000203 s
[Rank 29] Local SpMV time: 0.000150 s
[Rank 58] Local SpMV time: 0.000104 s
[Rank 39] Local SpMV time: 0.000219 s
[Rank 35] Local SpMV time: 0.000144 s
[Rank 100] Local SpMV time: 0.000109 s
[Rank 42] Local SpMV time: 0.000219 s
[Rank 38] Local SpMV time: 0.000096 s
[Rank 109] Local SpMV time: 0.000109 s
[Rank 63] Local SpMV time: 0.000218 s
[Rank 44] Local SpMV time: 0.000123 s
[Rank 118] Local SpMV time: 0.000092 s
[Rank 69] Local SpMV time: 0.000205 s
[Rank 50] Local SpMV time: 0.000102 s
[Rank 121] Local SpMV time: 0.000117 s
[Rank 78] Local SpMV time: 0.000216 s
[Rank 53] Local SpMV time: 0.000137 s
[Rank 127] Local SpMV time: 0.000102 s
[Rank 84] Local SpMV time: 0.000222 s
[Rank 56] Local SpMV time: 0.000136 s
[Rank 7] Local SpMV time: 0.000156 s
[Rank 90] Local SpMV time: 0.000214 s
[Rank 65] Local SpMV time: 0.000143 s
[Rank 10] Local SpMV time: 0.000177 s
[Rank 93] Local SpMV time: 0.000204 s
[Rank 71] Local SpMV time: 0.000085 s
[Rank 22] Local SpMV time: 0.000215 s
[Rank 96] Local SpMV time: 0.000220 s
[Rank 74] Local SpMV time: 0.000109 s
[Rank 28] Local SpMV time: 0.000169 s
[Rank 102] Local SpMV time: 0.000210 s
[Rank 89] Local SpMV time: 0.000129 s
[Rank 31] Local SpMV time: 0.000198 s
[Rank 105] Local SpMV time: 0.000204 s
[Rank 101] Local SpMV time: 0.000112 s
[Rank 34] Local SpMV time: 0.000149 s
[Rank 114] Local SpMV time: 0.000208 s
[Rank 104] Local SpMV time: 0.000094 s
[Rank 37] Local SpMV time: 0.000195 s
[Rank 120] Local SpMV time: 0.000217 s
[Rank 122] Local SpMV time: 0.000096 s
[Rank 40] Local SpMV time: 0.000166 s
[Rank 123] Local SpMV time: 0.000208 s
[Rank 11] Local SpMV time: 0.000167 s
[Rank 43] Local SpMV time: 0.000212 s
[Rank 126] Local SpMV time: 0.000206 s
[Rank 32] Local SpMV time: 0.000180 s
[Rank 55] Local SpMV time: 0.000189 s
[Rank 6] Local SpMV time: 0.000219 s
[Rank 41] Local SpMV time: 0.000161 s
[Rank 64] Local SpMV time: 0.000189 s
[Rank 9] Local SpMV time: 0.000228 s
[Rank 47] Local SpMV time: 0.000177 s
[Rank 67] Local SpMV time: 0.000163 s
[Rank 30] Local SpMV time: 0.000220 s
[Rank 59] Local SpMV time: 0.000169 s
[Rank 70] Local SpMV time: 0.000210 s
[Rank 33] Local SpMV time: 0.000221 s
[Rank 62] Local SpMV time: 0.000169 s
[Rank 73] Local SpMV time: 0.000209 s
[Rank 45] Local SpMV time: 0.000221 s
[Rank 68] Local SpMV time: 0.000179 s
[Rank 76] Local SpMV time: 0.000186 s
[Rank 57] Local SpMV time: 0.000221 s
[Rank 77] Local SpMV time: 0.000170 s
[Rank 79] Local SpMV time: 0.000179 s
[Rank 66] Local SpMV time: 0.000226 s
[Rank 80] Local SpMV time: 0.000165 s
[Rank 82] Local SpMV time: 0.000189 s
[Rank 72] Local SpMV time: 0.000221 s
[Rank 83] Local SpMV time: 0.000155 s
[Rank 85] Local SpMV time: 0.000206 s
[Rank 87] Local SpMV time: 0.000220 s
[Rank 86] Local SpMV time: 0.000159 s
[Rank 88] Local SpMV time: 0.000210 s
[Rank 99] Local SpMV time: 0.000226 s
[Rank 92] Local SpMV time: 0.000159 s
[Rank 91] Local SpMV time: 0.000201 s
[Rank 95] Local SpMV time: 0.000177 s
[Rank 94] Local SpMV time: 0.000183 s
[Rank 98] Local SpMV time: 0.000180 s
[Rank 103] Local SpMV time: 0.000203 s
[Rank 113] Local SpMV time: 0.000165 s
[Rank 106] Local SpMV time: 0.000173 s
[Rank 116] Local SpMV time: 0.000174 s
[Rank 112] Local SpMV time: 0.000196 s
[Rank 119] Local SpMV time: 0.000169 s
[Rank 115] Local SpMV time: 0.000173 s
[Rank 125] Local SpMV time: 0.000171 s
[Rank 124] Local SpMV time: 0.000177 s

-----------------------------------------------------------------------------------------------
  P |  Time(s) | Comp% | Comm% |  GFLOP/s | Speedup |  Eff% | Mem(MiB) | NNZ min | NNZ avg | NNZ max
-----------------------------------------------------------------------------------------------
128 |   0.0005 |  50.3 | 179.9 |     0.005 |    N/A   |   N/A  |     0.00 |       0 |      8.3 |      26
Global FLOPs per SpMV: 2124

