Strong scaling results for dataset20mfeatpixel_10NN.mtx
Date: Thu Jan  1 15:58:18 CET 2026
========================================

[Rank 0] Matrix: 2000 x 2000, nnz=13966 | 1D cyclic rows over P=1
[Rank 0] Local SpMV time: 0.000154 s

-----------------------------------------------------------------------------------------------
  P |  Time(s) | Comp% | Comm% |  GFLOP/s | Speedup |  Eff% | Mem(MiB) | NNZ min | NNZ avg | NNZ max
-----------------------------------------------------------------------------------------------
  1 |   0.0002 |  88.2 |   4.4 |     0.319 |    N/A   |   N/A  |     0.78 |   27932 |  27932.0 |   27932
Global FLOPs per SpMV: 55864
BASELINE_T1=0.0002

----------------------------------------
np = 2
----------------------------------------
[Rank 0] Matrix: 2000 x 2000, nnz=13966 | 1D cyclic rows over P=2
[Rank 0] Local SpMV time: 0.000067 s
[Rank 1] Local SpMV time: 0.000048 s

-----------------------------------------------------------------------------------------------
  P |  Time(s) | Comp% | Comm% |  GFLOP/s | Speedup |  Eff% | Mem(MiB) | NNZ min | NNZ avg | NNZ max
-----------------------------------------------------------------------------------------------
  2 |   0.0004 |  17.7 | 100.9 |     0.085 |    0.53 |  26.26 |     0.28 |    6810 |   8128.0 |    9446
Global FLOPs per SpMV: 32512

----------------------------------------
np = 4
----------------------------------------
[Rank 0] Matrix: 2000 x 2000, nnz=13966 | 1D cyclic rows over P=4
[Rank 0] Local SpMV time: 0.000035 s
[Rank 3] Local SpMV time: 0.000032 s
[Rank 1] Local SpMV time: 0.000030 s
[Rank 2] Local SpMV time: 0.000027 s

-----------------------------------------------------------------------------------------------
  P |  Time(s) | Comp% | Comm% |  GFLOP/s | Speedup |  Eff% | Mem(MiB) | NNZ min | NNZ avg | NNZ max
-----------------------------------------------------------------------------------------------
  4 |   0.0005 |   7.7 |  93.8 |     0.046 |    0.44 |  11.07 |     0.10 |    1685 |   2620.2 |    3068
Global FLOPs per SpMV: 20962

----------------------------------------
np = 8
----------------------------------------
[Rank 0] Matrix: 2000 x 2000, nnz=13966 | 1D cyclic rows over P=8
[Rank 0] Local SpMV time: 0.000020 s
[Rank 5] Local SpMV time: 0.000021 s
[Rank 1] Local SpMV time: 0.000019 s
[Rank 6] Local SpMV time: 0.000028 s
[Rank 2] Local SpMV time: 0.000032 s
[Rank 4] Local SpMV time: 0.000021 s
[Rank 3] Local SpMV time: 0.000036 s
[Rank 7] Local SpMV time: 0.000019 s

-----------------------------------------------------------------------------------------------
  P |  Time(s) | Comp% | Comm% |  GFLOP/s | Speedup |  Eff% | Mem(MiB) | NNZ min | NNZ avg | NNZ max
-----------------------------------------------------------------------------------------------
  8 |   0.0002 |  14.9 | 322.2 |     0.061 |    0.83 |  10.39 |     0.05 |     435 |    923.0 |    1097
Global FLOPs per SpMV: 14768

----------------------------------------
np = 16
----------------------------------------
[Rank 0] Matrix: 2000 x 2000, nnz=13966 | 1D cyclic rows over P=16
[Rank 0] Local SpMV time: 0.000020 s
[Rank 12] Local SpMV time: 0.000017 s
[Rank 3] Local SpMV time: 0.000029 s
[Rank 4] Local SpMV time: 0.000016 s
[Rank 6] Local SpMV time: 0.000030 s
[Rank 2] Local SpMV time: 0.000027 s
[Rank 7] Local SpMV time: 0.000015 s
[Rank 9] Local SpMV time: 0.000021 s
[Rank 8] Local SpMV time: 0.000028 s
[Rank 13] Local SpMV time: 0.000019 s
[Rank 15] Local SpMV time: 0.000026 s
[Rank 11] Local SpMV time: 0.000017 s
[Rank 1] Local SpMV time: 0.000027 s
[Rank 14] Local SpMV time: 0.000039 s
[Rank 10] Local SpMV time: 0.000037 s
[Rank 5] Local SpMV time: 0.000029 s

-----------------------------------------------------------------------------------------------
  P |  Time(s) | Comp% | Comm% |  GFLOP/s | Speedup |  Eff% | Mem(MiB) | NNZ min | NNZ avg | NNZ max
-----------------------------------------------------------------------------------------------
 16 |   0.0003 |  14.8 | 171.5 |     0.043 |    0.75 |   4.69 |     0.03 |     119 |    358.6 |     453
Global FLOPs per SpMV: 11474

----------------------------------------
np = 32
----------------------------------------
[Rank 0] Matrix: 2000 x 2000, nnz=13966 | 1D cyclic rows over P=32
[Rank 0] Local SpMV time: 0.000017 s
[Rank 2] Local SpMV time: 0.000015 s
[Rank 3] Local SpMV time: 0.000021 s
[Rank 26] Local SpMV time: 0.000015 s
[Rank 24] Local SpMV time: 0.000015 s
[Rank 5] Local SpMV time: 0.000035 s
[Rank 30] Local SpMV time: 0.000020 s
[Rank 8] Local SpMV time: 0.000026 s
[Rank 6] Local SpMV time: 0.000026 s
[Rank 11] Local SpMV time: 0.000031 s
[Rank 9] Local SpMV time: 0.000018 s
[Rank 14] Local SpMV time: 0.000015 s
[Rank 12] Local SpMV time: 0.000015 s
[Rank 17] Local SpMV time: 0.000015 s
[Rank 18] Local SpMV time: 0.000017 s
[Rank 20] Local SpMV time: 0.000015 s
[Rank 1] Local SpMV time: 0.000015 s
[Rank 21] Local SpMV time: 0.000014 s
[Rank 29] Local SpMV time: 0.000028 s
[Rank 27] Local SpMV time: 0.000016 s
[Rank 23] Local SpMV time: 0.000029 s
[Rank 15] Local SpMV time: 0.000028 s
[Rank 4] Local SpMV time: 0.000017 s
[Rank 7] Local SpMV time: 0.000025 s
[Rank 10] Local SpMV time: 0.000018 s
[Rank 13] Local SpMV time: 0.000015 s
[Rank 16] Local SpMV time: 0.000015 s
[Rank 19] Local SpMV time: 0.000015 s
[Rank 22] Local SpMV time: 0.000017 s
[Rank 25] Local SpMV time: 0.000015 s
[Rank 28] Local SpMV time: 0.000030 s
[Rank 31] Local SpMV time: 0.000032 s

-----------------------------------------------------------------------------------------------
  P |  Time(s) | Comp% | Comm% |  GFLOP/s | Speedup |  Eff% | Mem(MiB) | NNZ min | NNZ avg | NNZ max
-----------------------------------------------------------------------------------------------
 32 |   0.0003 |  11.5 | 188.1 |     0.033 |    0.67 |   2.09 |     0.02 |      22 |    156.3 |     198
Global FLOPs per SpMV: 10004

----------------------------------------
np = 64
----------------------------------------
[Rank 0] Matrix: 2000 x 2000, nnz=13966 | 1D cyclic rows over P=64
[Rank 61] Local SpMV time: 0.000015 s
[Rank 1] Local SpMV time: 0.000021 s
[Rank 4] Local SpMV time: 0.000018 s
[Rank 7] Local SpMV time: 0.000015 s
[Rank 10] Local SpMV time: 0.000018 s
[Rank 13] Local SpMV time: 0.000014 s
[Rank 16] Local SpMV time: 0.000022 s
[Rank 19] Local SpMV time: 0.000014 s
[Rank 22] Local SpMV time: 0.000021 s
[Rank 25] Local SpMV time: 0.000015 s
[Rank 28] Local SpMV time: 0.000015 s
[Rank 37] Local SpMV time: 0.000016 s
[Rank 40] Local SpMV time: 0.000016 s
[Rank 43] Local SpMV time: 0.000015 s
[Rank 46] Local SpMV time: 0.000016 s
[Rank 49] Local SpMV time: 0.000016 s
[Rank 52] Local SpMV time: 0.000017 s
[Rank 55] Local SpMV time: 0.000015 s
[Rank 58] Local SpMV time: 0.000030 s
[Rank 31] Local SpMV time: 0.000042 s
[Rank 34] Local SpMV time: 0.000044 s
[Rank 0] Local SpMV time: 0.000024 s
[Rank 3] Local SpMV time: 0.000028 s
[Rank 6] Local SpMV time: 0.000025 s
[Rank 9] Local SpMV time: 0.000017 s
[Rank 12] Local SpMV time: 0.000019 s
[Rank 15] Local SpMV time: 0.000028 s
[Rank 18] Local SpMV time: 0.000015 s
[Rank 21] Local SpMV time: 0.000015 s
[Rank 2] Local SpMV time: 0.000014 s
[Rank 24] Local SpMV time: 0.000022 s
[Rank 5] Local SpMV time: 0.000015 s
[Rank 30] Local SpMV time: 0.000016 s
[Rank 8] Local SpMV time: 0.000014 s
[Rank 33] Local SpMV time: 0.000015 s
[Rank 11] Local SpMV time: 0.000017 s
[Rank 36] Local SpMV time: 0.000015 s
[Rank 14] Local SpMV time: 0.000035 s
[Rank 39] Local SpMV time: 0.000016 s
[Rank 17] Local SpMV time: 0.000021 s
[Rank 42] Local SpMV time: 0.000013 s
[Rank 20] Local SpMV time: 0.000021 s
[Rank 48] Local SpMV time: 0.000016 s
[Rank 23] Local SpMV time: 0.000015 s
[Rank 51] Local SpMV time: 0.000018 s
[Rank 26] Local SpMV time: 0.000013 s
[Rank 54] Local SpMV time: 0.000015 s
[Rank 29] Local SpMV time: 0.000020 s
[Rank 57] Local SpMV time: 0.000014 s
[Rank 32] Local SpMV time: 0.000020 s
[Rank 60] Local SpMV time: 0.000018 s
[Rank 35] Local SpMV time: 0.000016 s
[Rank 63] Local SpMV time: 0.000025 s
[Rank 38] Local SpMV time: 0.000019 s
[Rank 27] Local SpMV time: 0.000025 s
[Rank 41] Local SpMV time: 0.000022 s
[Rank 45] Local SpMV time: 0.000022 s
[Rank 44] Local SpMV time: 0.000019 s
[Rank 50] Local SpMV time: 0.000013 s
[Rank 53] Local SpMV time: 0.000020 s
[Rank 56] Local SpMV time: 0.000030 s
[Rank 59] Local SpMV time: 0.000016 s
[Rank 62] Local SpMV time: 0.000027 s
[Rank 47] Local SpMV time: 0.000037 s

-----------------------------------------------------------------------------------------------
  P |  Time(s) | Comp% | Comm% |  GFLOP/s | Speedup |  Eff% | Mem(MiB) | NNZ min | NNZ avg | NNZ max
-----------------------------------------------------------------------------------------------
 64 |   0.0005 |   8.8 | 173.5 |     0.018 |    0.40 |   0.62 |     0.02 |       7 |     70.3 |     111
Global FLOPs per SpMV: 9002

----------------------------------------
np = 128
----------------------------------------
[Rank 0] Matrix: 2000 x 2000, nnz=13966 | 1D cyclic rows over P=128
[Rank 0] Local SpMV time: 0.000017 s
[Rank 3] Local SpMV time: 0.000020 s
[Rank 122] Local SpMV time: 0.000014 s
[Rank 126] Local SpMV time: 0.000021 s
[Rank 6] Local SpMV time: 0.000023 s
[Rank 9] Local SpMV time: 0.000015 s
[Rank 123] Local SpMV time: 0.000013 s
[Rank 12] Local SpMV time: 0.000018 s
[Rank 15] Local SpMV time: 0.000013 s
[Rank 27] Local SpMV time: 0.000015 s
[Rank 96] Local SpMV time: 0.000026 s
[Rank 2] Local SpMV time: 0.000018 s
[Rank 99] Local SpMV time: 0.000014 s
[Rank 5] Local SpMV time: 0.000017 s
[Rank 102] Local SpMV time: 0.000012 s
[Rank 8] Local SpMV time: 0.000016 s
[Rank 108] Local SpMV time: 0.000013 s
[Rank 11] Local SpMV time: 0.000016 s
[Rank 1] Local SpMV time: 0.000025 s
[Rank 120] Local SpMV time: 0.000024 s
[Rank 17] Local SpMV time: 0.000019 s
[Rank 4] Local SpMV time: 0.000034 s
[Rank 18] Local SpMV time: 0.000026 s
[Rank 98] Local SpMV time: 0.000027 s
[Rank 7] Local SpMV time: 0.000016 s
[Rank 21] Local SpMV time: 0.000021 s
[Rank 101] Local SpMV time: 0.000015 s
[Rank 13] Local SpMV time: 0.000025 s
[Rank 24] Local SpMV time: 0.000026 s
[Rank 104] Local SpMV time: 0.000018 s
[Rank 25] Local SpMV time: 0.000018 s
[Rank 30] Local SpMV time: 0.000027 s
[Rank 110] Local SpMV time: 0.000015 s
[Rank 28] Local SpMV time: 0.000016 s
[Rank 33] Local SpMV time: 0.000026 s
[Rank 125] Local SpMV time: 0.000015 s
[Rank 97] Local SpMV time: 0.000030 s
[Rank 36] Local SpMV time: 0.000024 s
[Rank 14] Local SpMV time: 0.000028 s
[Rank 121] Local SpMV time: 0.000016 s
[Rank 39] Local SpMV time: 0.000021 s
[Rank 20] Local SpMV time: 0.000018 s
[Rank 127] Local SpMV time: 0.000015 s
[Rank 42] Local SpMV time: 0.000045 s
[Rank 23] Local SpMV time: 0.000015 s
[Rank 10] Local SpMV time: 0.000044 s
[Rank 45] Local SpMV time: 0.000043 s
[Rank 26] Local SpMV time: 0.000016 s
[Rank 16] Local SpMV time: 0.000051 s
[Rank 48] Local SpMV time: 0.000027 s
[Rank 29] Local SpMV time: 0.000036 s
[Rank 19] Local SpMV time: 0.000026 s
[Rank 51] Local SpMV time: 0.000017 s
[Rank 32] Local SpMV time: 0.000028 s
[Rank 22] Local SpMV time: 0.000029 s
[Rank 54] Local SpMV time: 0.000013 s
[Rank 35] Local SpMV time: 0.000015 s
[Rank 31] Local SpMV time: 0.000029 s
[Rank 60] Local SpMV time: 0.000020 s
[Rank 38] Local SpMV time: 0.000025 s
[Rank 34] Local SpMV time: 0.000040 s
[Rank 63] Local SpMV time: 0.000030 s
[Rank 41] Local SpMV time: 0.000016 s
[Rank 37] Local SpMV time: 0.000028 s
[Rank 66] Local SpMV time: 0.000028 s
[Rank 44] Local SpMV time: 0.000018 s
[Rank 40] Local SpMV time: 0.000037 s
[Rank 69] Local SpMV time: 0.000038 s
[Rank 47] Local SpMV time: 0.000016 s
[Rank 43] Local SpMV time: 0.000038 s
[Rank 72] Local SpMV time: 0.000021 s
[Rank 50] Local SpMV time: 0.000037 s
[Rank 46] Local SpMV time: 0.000015 s
[Rank 75] Local SpMV time: 0.000041 s
[Rank 53] Local SpMV time: 0.000030 s
[Rank 49] Local SpMV time: 0.000015 s
[Rank 78] Local SpMV time: 0.000021 s
[Rank 56] Local SpMV time: 0.000015 s
[Rank 52] Local SpMV time: 0.000017 s
[Rank 81] Local SpMV time: 0.000030 s
[Rank 59] Local SpMV time: 0.000018 s
[Rank 55] Local SpMV time: 0.000037 s
[Rank 84] Local SpMV time: 0.000021 s
[Rank 62] Local SpMV time: 0.000015 s
[Rank 58] Local SpMV time: 0.000037 s
[Rank 90] Local SpMV time: 0.000030 s
[Rank 65] Local SpMV time: 0.000028 s
[Rank 61] Local SpMV time: 0.000043 s
[Rank 93] Local SpMV time: 0.000025 s
[Rank 68] Local SpMV time: 0.000024 s
[Rank 64] Local SpMV time: 0.000018 s
[Rank 105] Local SpMV time: 0.000020 s
[Rank 71] Local SpMV time: 0.000022 s
[Rank 67] Local SpMV time: 0.000016 s
[Rank 111] Local SpMV time: 0.000017 s
[Rank 74] Local SpMV time: 0.000032 s
[Rank 70] Local SpMV time: 0.000016 s
[Rank 114] Local SpMV time: 0.000031 s
[Rank 77] Local SpMV time: 0.000017 s
[Rank 73] Local SpMV time: 0.000014 s
[Rank 117] Local SpMV time: 0.000047 s
[Rank 80] Local SpMV time: 0.000014 s
[Rank 76] Local SpMV time: 0.000025 s
[Rank 57] Local SpMV time: 0.000037 s
[Rank 83] Local SpMV time: 0.000027 s
[Rank 79] Local SpMV time: 0.000015 s
[Rank 87] Local SpMV time: 0.000031 s
[Rank 86] Local SpMV time: 0.000041 s
[Rank 82] Local SpMV time: 0.000016 s
[Rank 89] Local SpMV time: 0.000018 s
[Rank 85] Local SpMV time: 0.000015 s
[Rank 92] Local SpMV time: 0.000022 s
[Rank 88] Local SpMV time: 0.000030 s
[Rank 95] Local SpMV time: 0.000016 s
[Rank 91] Local SpMV time: 0.000015 s
[Rank 107] Local SpMV time: 0.000015 s
[Rank 94] Local SpMV time: 0.000017 s
[Rank 113] Local SpMV time: 0.000029 s
[Rank 100] Local SpMV time: 0.000020 s
[Rank 116] Local SpMV time: 0.000016 s
[Rank 103] Local SpMV time: 0.000025 s
[Rank 119] Local SpMV time: 0.000032 s
[Rank 106] Local SpMV time: 0.000015 s
[Rank 109] Local SpMV time: 0.000026 s
[Rank 112] Local SpMV time: 0.000017 s
[Rank 115] Local SpMV time: 0.000015 s
[Rank 118] Local SpMV time: 0.000016 s
[Rank 124] Local SpMV time: 0.000040 s

-----------------------------------------------------------------------------------------------
  P |  Time(s) | Comp% | Comm% |  GFLOP/s | Speedup |  Eff% | Mem(MiB) | NNZ min | NNZ avg | NNZ max
-----------------------------------------------------------------------------------------------
128 |   0.0004 |  11.7 | 235.9 |     0.020 |    0.46 |   0.36 |     0.02 |       0 |     34.4 |      72
Global FLOPs per SpMV: 8800

