Strong scaling results for nemeth05.mtx
Date: Thu Jan  1 15:59:33 CET 2026
========================================

[Rank 0] Matrix: 9506 x 9506, nnz=202157 | 1D cyclic rows over P=1
[Rank 0] Local SpMV time: 0.001727 s

-----------------------------------------------------------------------------------------------
  P |  Time(s) | Comp% | Comm% |  GFLOP/s | Speedup |  Eff% | Mem(MiB) | NNZ min | NNZ avg | NNZ max
-----------------------------------------------------------------------------------------------
  1 |   0.0018 |  97.6 |   1.0 |     0.446 |    N/A   |   N/A  |    10.72 |  394808 | 394808.0 |  394808
Global FLOPs per SpMV: 789616
BASELINE_T1=0.0018

----------------------------------------
np = 2
----------------------------------------
[Rank 0] Matrix: 9506 x 9506, nnz=202157 | 1D cyclic rows over P=2
[Rank 0] Local SpMV time: 0.000493 s
[Rank 1] Local SpMV time: 0.000428 s

-----------------------------------------------------------------------------------------------
  P |  Time(s) | Comp% | Comm% |  GFLOP/s | Speedup |  Eff% | Mem(MiB) | NNZ min | NNZ avg | NNZ max
-----------------------------------------------------------------------------------------------
  2 |   0.0010 |  48.0 | 106.0 |     0.389 |    1.75 |  87.73 |     2.84 |   97922 |  99776.0 |  101630
Global FLOPs per SpMV: 399104

----------------------------------------
np = 4
----------------------------------------
[Rank 0] Matrix: 9506 x 9506, nnz=202157 | 1D cyclic rows over P=4
[Rank 0] Local SpMV time: 0.000137 s
[Rank 3] Local SpMV time: 0.000142 s
[Rank 1] Local SpMV time: 0.000130 s
[Rank 2] Local SpMV time: 0.000123 s

-----------------------------------------------------------------------------------------------
  P |  Time(s) | Comp% | Comm% |  GFLOP/s | Speedup |  Eff% | Mem(MiB) | NNZ min | NNZ avg | NNZ max
-----------------------------------------------------------------------------------------------
  4 |   0.0009 |  15.4 | 132.7 |     0.221 |    1.95 |  48.87 |     0.80 |   24485 |  25446.8 |   26315
Global FLOPs per SpMV: 203574

----------------------------------------
np = 8
----------------------------------------
[Rank 0] Matrix: 9506 x 9506, nnz=202157 | 1D cyclic rows over P=8
[Rank 2] Local SpMV time: 0.000049 s
[Rank 5] Local SpMV time: 0.000042 s
[Rank 7] Local SpMV time: 0.000046 s
[Rank 1] Local SpMV time: 0.000045 s
[Rank 4] Local SpMV time: 0.000042 s
[Rank 6] Local SpMV time: 0.000051 s
[Rank 0] Local SpMV time: 0.000053 s
[Rank 3] Local SpMV time: 0.000051 s

-----------------------------------------------------------------------------------------------
  P |  Time(s) | Comp% | Comm% |  GFLOP/s | Speedup |  Eff% | Mem(MiB) | NNZ min | NNZ avg | NNZ max
-----------------------------------------------------------------------------------------------
  8 |   0.0011 |   4.9 | 141.5 |     0.098 |    1.67 |  20.86 |     0.27 |    6133 |   6612.6 |    7043
Global FLOPs per SpMV: 105802

----------------------------------------
np = 16
----------------------------------------
[Rank 0] Matrix: 9506 x 9506, nnz=202157 | 1D cyclic rows over P=16
[Rank 14] Local SpMV time: 0.000019 s
[Rank 2] Local SpMV time: 0.000023 s
[Rank 8] Local SpMV time: 0.000022 s
[Rank 5] Local SpMV time: 0.000023 s
[Rank 11] Local SpMV time: 0.000021 s
[Rank 13] Local SpMV time: 0.000021 s
[Rank 1] Local SpMV time: 0.000024 s
[Rank 7] Local SpMV time: 0.000024 s
[Rank 4] Local SpMV time: 0.000023 s
[Rank 10] Local SpMV time: 0.000024 s
[Rank 0] Local SpMV time: 0.000031 s
[Rank 3] Local SpMV time: 0.000025 s
[Rank 12] Local SpMV time: 0.000026 s
[Rank 15] Local SpMV time: 0.000022 s
[Rank 6] Local SpMV time: 0.000028 s
[Rank 9] Local SpMV time: 0.000024 s

-----------------------------------------------------------------------------------------------
  P |  Time(s) | Comp% | Comm% |  GFLOP/s | Speedup |  Eff% | Mem(MiB) | NNZ min | NNZ avg | NNZ max
-----------------------------------------------------------------------------------------------
 16 |   0.0012 |   2.5 | 105.6 |     0.046 |    1.46 |   9.11 |     0.13 |    1546 |   1780.8 |    1929
Global FLOPs per SpMV: 56984

----------------------------------------
np = 32
----------------------------------------
[Rank 0] Matrix: 9506 x 9506, nnz=202157 | 1D cyclic rows over P=32
[Rank 26] Local SpMV time: 0.000015 s
[Rank 29] Local SpMV time: 0.000016 s
[Rank 2] Local SpMV time: 0.000014 s
[Rank 5] Local SpMV time: 0.000015 s
[Rank 8] Local SpMV time: 0.000013 s
[Rank 14] Local SpMV time: 0.000016 s
[Rank 11] Local SpMV time: 0.000022 s
[Rank 17] Local SpMV time: 0.000018 s
[Rank 20] Local SpMV time: 0.000014 s
[Rank 23] Local SpMV time: 0.000016 s
[Rank 0] Local SpMV time: 0.000016 s
[Rank 31] Local SpMV time: 0.000017 s
[Rank 30] Local SpMV time: 0.000024 s
[Rank 1] Local SpMV time: 0.000017 s
[Rank 3] Local SpMV time: 0.000015 s
[Rank 13] Local SpMV time: 0.000018 s
[Rank 24] Local SpMV time: 0.000021 s
[Rank 25] Local SpMV time: 0.000018 s
[Rank 27] Local SpMV time: 0.000015 s
[Rank 4] Local SpMV time: 0.000014 s
[Rank 6] Local SpMV time: 0.000022 s
[Rank 16] Local SpMV time: 0.000016 s
[Rank 9] Local SpMV time: 0.000017 s
[Rank 7] Local SpMV time: 0.000018 s
[Rank 12] Local SpMV time: 0.000020 s
[Rank 28] Local SpMV time: 0.000016 s
[Rank 10] Local SpMV time: 0.000015 s
[Rank 15] Local SpMV time: 0.000014 s
[Rank 19] Local SpMV time: 0.000018 s
[Rank 18] Local SpMV time: 0.000016 s
[Rank 22] Local SpMV time: 0.000014 s
[Rank 21] Local SpMV time: 0.000017 s

-----------------------------------------------------------------------------------------------
  P |  Time(s) | Comp% | Comm% |  GFLOP/s | Speedup |  Eff% | Mem(MiB) | NNZ min | NNZ avg | NNZ max
-----------------------------------------------------------------------------------------------
 32 |   0.0013 |   1.8 | 121.5 |     0.025 |    1.36 |   4.26 |     0.09 |     383 |    508.5 |     574
Global FLOPs per SpMV: 32542

----------------------------------------
np = 64
----------------------------------------
[Rank 0] Matrix: 9506 x 9506, nnz=202157 | 1D cyclic rows over P=64
[Rank 62] Local SpMV time: 0.000043 s
[Rank 50] Local SpMV time: 0.000017 s
[Rank 53] Local SpMV time: 0.000019 s
[Rank 56] Local SpMV time: 0.000016 s
[Rank 59] Local SpMV time: 0.000021 s
[Rank 14] Local SpMV time: 0.000018 s
[Rank 26] Local SpMV time: 0.000016 s
[Rank 44] Local SpMV time: 0.000016 s
[Rank 17] Local SpMV time: 0.000017 s
[Rank 29] Local SpMV time: 0.000015 s
[Rank 32] Local SpMV time: 0.000017 s
[Rank 38] Local SpMV time: 0.000015 s
[Rank 47] Local SpMV time: 0.000019 s
[Rank 2] Local SpMV time: 0.000025 s
[Rank 41] Local SpMV time: 0.000035 s
[Rank 5] Local SpMV time: 0.000017 s
[Rank 35] Local SpMV time: 0.000037 s
[Rank 20] Local SpMV time: 0.000031 s
[Rank 11] Local SpMV time: 0.000017 s
[Rank 23] Local SpMV time: 0.000038 s
[Rank 8] Local SpMV time: 0.000033 s
[Rank 61] Local SpMV time: 0.000017 s
[Rank 0] Local SpMV time: 0.000021 s
[Rank 3] Local SpMV time: 0.000024 s
[Rank 1] Local SpMV time: 0.000014 s
[Rank 4] Local SpMV time: 0.000018 s
[Rank 6] Local SpMV time: 0.000020 s
[Rank 7] Local SpMV time: 0.000012 s
[Rank 60] Local SpMV time: 0.000014 s
[Rank 49] Local SpMV time: 0.000018 s
[Rank 52] Local SpMV time: 0.000012 s
[Rank 9] Local SpMV time: 0.000019 s
[Rank 63] Local SpMV time: 0.000018 s
[Rank 10] Local SpMV time: 0.000018 s
[Rank 55] Local SpMV time: 0.000014 s
[Rank 37] Local SpMV time: 0.000014 s
[Rank 12] Local SpMV time: 0.000020 s
[Rank 58] Local SpMV time: 0.000017 s
[Rank 15] Local SpMV time: 0.000012 s
[Rank 31] Local SpMV time: 0.000015 s
[Rank 54] Local SpMV time: 0.000013 s
[Rank 40] Local SpMV time: 0.000020 s
[Rank 18] Local SpMV time: 0.000014 s
[Rank 43] Local SpMV time: 0.000012 s
[Rank 57] Local SpMV time: 0.000013 s
[Rank 13] Local SpMV time: 0.000018 s
[Rank 24] Local SpMV time: 0.000016 s
[Rank 19] Local SpMV time: 0.000013 s
[Rank 51] Local SpMV time: 0.000013 s
[Rank 25] Local SpMV time: 0.000024 s
[Rank 21] Local SpMV time: 0.000015 s
[Rank 28] Local SpMV time: 0.000018 s
[Rank 27] Local SpMV time: 0.000012 s
[Rank 46] Local SpMV time: 0.000012 s
[Rank 30] Local SpMV time: 0.000012 s
[Rank 16] Local SpMV time: 0.000016 s
[Rank 48] Local SpMV time: 0.000036 s
[Rank 22] Local SpMV time: 0.000021 s
[Rank 33] Local SpMV time: 0.000013 s
[Rank 34] Local SpMV time: 0.000013 s
[Rank 36] Local SpMV time: 0.000015 s
[Rank 42] Local SpMV time: 0.000012 s
[Rank 39] Local SpMV time: 0.000013 s
[Rank 45] Local SpMV time: 0.000013 s

-----------------------------------------------------------------------------------------------
  P |  Time(s) | Comp% | Comm% |  GFLOP/s | Speedup |  Eff% | Mem(MiB) | NNZ min | NNZ avg | NNZ max
-----------------------------------------------------------------------------------------------
 64 |   0.0019 |   2.3 | 120.7 |     0.011 |    0.95 |   1.48 |     0.08 |      90 |    159.5 |     212
Global FLOPs per SpMV: 20414

----------------------------------------
np = 128
----------------------------------------
[Rank 0] Matrix: 9506 x 9506, nnz=202157 | 1D cyclic rows over P=128
[Rank 0] Local SpMV time: 0.000017 s
[Rank 122] Local SpMV time: 0.000016 s
[Rank 3] Local SpMV time: 0.000020 s
[Rank 125] Local SpMV time: 0.000019 s
[Rank 126] Local SpMV time: 0.000016 s
[Rank 6] Local SpMV time: 0.000019 s
[Rank 9] Local SpMV time: 0.000018 s
[Rank 15] Local SpMV time: 0.000015 s
[Rank 12] Local SpMV time: 0.000026 s
[Rank 98] Local SpMV time: 0.000016 s
[Rank 18] Local SpMV time: 0.000015 s
[Rank 101] Local SpMV time: 0.000017 s
[Rank 120] Local SpMV time: 0.000015 s
[Rank 104] Local SpMV time: 0.000016 s
[Rank 123] Local SpMV time: 0.000014 s
[Rank 107] Local SpMV time: 0.000016 s
[Rank 21] Local SpMV time: 0.000016 s
[Rank 116] Local SpMV time: 0.000015 s
[Rank 96] Local SpMV time: 0.000015 s
[Rank 110] Local SpMV time: 0.000025 s
[Rank 99] Local SpMV time: 0.000013 s
[Rank 113] Local SpMV time: 0.000017 s
[Rank 127] Local SpMV time: 0.000016 s
[Rank 24] Local SpMV time: 0.000016 s
[Rank 119] Local SpMV time: 0.000015 s
[Rank 121] Local SpMV time: 0.000016 s
[Rank 105] Local SpMV time: 0.000015 s
[Rank 124] Local SpMV time: 0.000032 s
[Rank 27] Local SpMV time: 0.000017 s
[Rank 1] Local SpMV time: 0.000021 s
[Rank 30] Local SpMV time: 0.000017 s
[Rank 33] Local SpMV time: 0.000026 s
[Rank 102] Local SpMV time: 0.000031 s
[Rank 108] Local SpMV time: 0.000026 s
[Rank 50] Local SpMV time: 0.000016 s
[Rank 111] Local SpMV time: 0.000015 s
[Rank 56] Local SpMV time: 0.000015 s
[Rank 4] Local SpMV time: 0.000033 s
[Rank 114] Local SpMV time: 0.000015 s
[Rank 29] Local SpMV time: 0.000016 s
[Rank 10] Local SpMV time: 0.000016 s
[Rank 36] Local SpMV time: 0.000015 s
[Rank 53] Local SpMV time: 0.000021 s
[Rank 7] Local SpMV time: 0.000031 s
[Rank 39] Local SpMV time: 0.000024 s
[Rank 59] Local SpMV time: 0.000036 s
[Rank 61] Local SpMV time: 0.000014 s
[Rank 42] Local SpMV time: 0.000015 s
[Rank 86] Local SpMV time: 0.000015 s
[Rank 97] Local SpMV time: 0.000016 s
[Rank 45] Local SpMV time: 0.000015 s
[Rank 89] Local SpMV time: 0.000015 s
[Rank 103] Local SpMV time: 0.000014 s
[Rank 117] Local SpMV time: 0.000015 s
[Rank 14] Local SpMV time: 0.000027 s
[Rank 106] Local SpMV time: 0.000017 s
[Rank 78] Local SpMV time: 0.000014 s
[Rank 17] Local SpMV time: 0.000036 s
[Rank 109] Local SpMV time: 0.000017 s
[Rank 81] Local SpMV time: 0.000013 s
[Rank 26] Local SpMV time: 0.000026 s
[Rank 13] Local SpMV time: 0.000015 s
[Rank 48] Local SpMV time: 0.000015 s
[Rank 32] Local SpMV time: 0.000027 s
[Rank 16] Local SpMV time: 0.000015 s
[Rank 51] Local SpMV time: 0.000014 s
[Rank 35] Local SpMV time: 0.000035 s
[Rank 19] Local SpMV time: 0.000027 s
[Rank 54] Local SpMV time: 0.000045 s
[Rank 38] Local SpMV time: 0.000018 s
[Rank 25] Local SpMV time: 0.000025 s
[Rank 57] Local SpMV time: 0.000014 s
[Rank 41] Local SpMV time: 0.000037 s
[Rank 28] Local SpMV time: 0.000020 s
[Rank 60] Local SpMV time: 0.000024 s
[Rank 44] Local SpMV time: 0.000020 s
[Rank 34] Local SpMV time: 0.000025 s
[Rank 63] Local SpMV time: 0.000014 s
[Rank 62] Local SpMV time: 0.000040 s
[Rank 37] Local SpMV time: 0.000014 s
[Rank 66] Local SpMV time: 0.000033 s
[Rank 65] Local SpMV time: 0.000029 s
[Rank 43] Local SpMV time: 0.000023 s
[Rank 69] Local SpMV time: 0.000016 s
[Rank 68] Local SpMV time: 0.000021 s
[Rank 49] Local SpMV time: 0.000025 s
[Rank 72] Local SpMV time: 0.000016 s
[Rank 74] Local SpMV time: 0.000019 s
[Rank 52] Local SpMV time: 0.000018 s
[Rank 75] Local SpMV time: 0.000015 s
[Rank 92] Local SpMV time: 0.000022 s
[Rank 55] Local SpMV time: 0.000020 s
[Rank 84] Local SpMV time: 0.000016 s
[Rank 2] Local SpMV time: 0.000057 s
[Rank 64] Local SpMV time: 0.000021 s
[Rank 87] Local SpMV time: 0.000033 s
[Rank 5] Local SpMV time: 0.000052 s
[Rank 67] Local SpMV time: 0.000017 s
[Rank 90] Local SpMV time: 0.000014 s
[Rank 8] Local SpMV time: 0.000061 s
[Rank 70] Local SpMV time: 0.000022 s
[Rank 93] Local SpMV time: 0.000014 s
[Rank 11] Local SpMV time: 0.000048 s
[Rank 73] Local SpMV time: 0.000018 s
[Rank 20] Local SpMV time: 0.000045 s
[Rank 100] Local SpMV time: 0.000024 s
[Rank 23] Local SpMV time: 0.000046 s
[Rank 112] Local SpMV time: 0.000022 s
[Rank 47] Local SpMV time: 0.000021 s
[Rank 22] Local SpMV time: 0.000030 s
[Rank 71] Local SpMV time: 0.000046 s
[Rank 31] Local SpMV time: 0.000021 s
[Rank 77] Local SpMV time: 0.000045 s
[Rank 40] Local SpMV time: 0.000021 s
[Rank 80] Local SpMV time: 0.000050 s
[Rank 46] Local SpMV time: 0.000021 s
[Rank 83] Local SpMV time: 0.000042 s
[Rank 58] Local SpMV time: 0.000029 s
[Rank 95] Local SpMV time: 0.000028 s
[Rank 76] Local SpMV time: 0.000046 s
[Rank 79] Local SpMV time: 0.000031 s
[Rank 82] Local SpMV time: 0.000042 s
[Rank 85] Local SpMV time: 0.000027 s
[Rank 88] Local SpMV time: 0.000034 s
[Rank 91] Local SpMV time: 0.000023 s
[Rank 94] Local SpMV time: 0.000037 s
[Rank 115] Local SpMV time: 0.000046 s
[Rank 118] Local SpMV time: 0.000025 s

-----------------------------------------------------------------------------------------------
  P |  Time(s) | Comp% | Comm% |  GFLOP/s | Speedup |  Eff% | Mem(MiB) | NNZ min | NNZ avg | NNZ max
-----------------------------------------------------------------------------------------------
128 |   0.0015 |   4.0 | 141.1 |     0.009 |    1.18 |   0.92 |     0.08 |      29 |     55.7 |     101
Global FLOPs per SpMV: 14270

