Strong scaling results for nemeth19.mtx
Date: Thu Jan  1 16:00:28 CET 2026
========================================

[Rank 0] Matrix: 9506 x 9506, nnz=413904 | 1D cyclic rows over P=1
[Rank 0] Local SpMV time: 0.003363 s

-----------------------------------------------------------------------------------------------
  P |  Time(s) | Comp% | Comm% |  GFLOP/s | Speedup |  Eff% | Mem(MiB) | NNZ min | NNZ avg | NNZ max
-----------------------------------------------------------------------------------------------
  1 |   0.0034 |  99.2 |   0.4 |     0.483 |    N/A   |   N/A  |    22.03 |  818302 | 818302.0 |  818302
Global FLOPs per SpMV: 1636604
BASELINE_T1=0.0034

----------------------------------------
np = 2
----------------------------------------
[Rank 0] Matrix: 9506 x 9506, nnz=413904 | 1D cyclic rows over P=2
[Rank 0] Local SpMV time: 0.000885 s
[Rank 1] Local SpMV time: 0.000829 s

-----------------------------------------------------------------------------------------------
  P |  Time(s) | Comp% | Comm% |  GFLOP/s | Speedup |  Eff% | Mem(MiB) | NNZ min | NNZ avg | NNZ max
-----------------------------------------------------------------------------------------------
  2 |   0.0014 |  62.6 |  72.4 |     0.582 |    2.41 | 120.34 |     5.69 |  202860 | 205534.5 |  208209
Global FLOPs per SpMV: 822138

----------------------------------------
np = 4
----------------------------------------
[Rank 0] Matrix: 9506 x 9506, nnz=413904 | 1D cyclic rows over P=4
[Rank 0] Local SpMV time: 0.000259 s
[Rank 3] Local SpMV time: 0.000246 s
[Rank 1] Local SpMV time: 0.000226 s
[Rank 2] Local SpMV time: 0.000223 s

-----------------------------------------------------------------------------------------------
  P |  Time(s) | Comp% | Comm% |  GFLOP/s | Speedup |  Eff% | Mem(MiB) | NNZ min | NNZ avg | NNZ max
-----------------------------------------------------------------------------------------------
  4 |   0.0012 |  21.2 | 105.9 |     0.338 |    2.77 |  69.25 |     1.52 |   50689 |  51907.2 |   53332
Global FLOPs per SpMV: 415258

----------------------------------------
np = 8
----------------------------------------
[Rank 0] Matrix: 9506 x 9506, nnz=413904 | 1D cyclic rows over P=8
[Rank 2] Local SpMV time: 0.000090 s
[Rank 5] Local SpMV time: 0.000086 s
[Rank 1] Local SpMV time: 0.000091 s
[Rank 4] Local SpMV time: 0.000082 s
[Rank 0] Local SpMV time: 0.000083 s
[Rank 7] Local SpMV time: 0.000068 s
[Rank 6] Local SpMV time: 0.000089 s
[Rank 3] Local SpMV time: 0.000101 s

-----------------------------------------------------------------------------------------------
  P |  Time(s) | Comp% | Comm% |  GFLOP/s | Speedup |  Eff% | Mem(MiB) | NNZ min | NNZ avg | NNZ max
-----------------------------------------------------------------------------------------------
  8 |   0.0016 |   6.3 | 123.7 |     0.132 |    2.11 |  26.43 |     0.46 |   12681 |  13246.5 |   14002
Global FLOPs per SpMV: 211944

----------------------------------------
np = 16
----------------------------------------
[Rank 0] Matrix: 9506 x 9506, nnz=413904 | 1D cyclic rows over P=16
[Rank 14] Local SpMV time: 0.000029 s
[Rank 2] Local SpMV time: 0.000028 s
[Rank 5] Local SpMV time: 0.000028 s
[Rank 8] Local SpMV time: 0.000028 s
[Rank 11] Local SpMV time: 0.000031 s
[Rank 13] Local SpMV time: 0.000029 s
[Rank 0] Local SpMV time: 0.000035 s
[Rank 1] Local SpMV time: 0.000030 s
[Rank 12] Local SpMV time: 0.000036 s
[Rank 7] Local SpMV time: 0.000026 s
[Rank 3] Local SpMV time: 0.000033 s
[Rank 4] Local SpMV time: 0.000031 s
[Rank 15] Local SpMV time: 0.000034 s
[Rank 10] Local SpMV time: 0.000031 s
[Rank 6] Local SpMV time: 0.000032 s
[Rank 9] Local SpMV time: 0.000031 s

-----------------------------------------------------------------------------------------------
  P |  Time(s) | Comp% | Comm% |  GFLOP/s | Speedup |  Eff% | Mem(MiB) | NNZ min | NNZ avg | NNZ max
-----------------------------------------------------------------------------------------------
 16 |   0.0012 |   2.9 | 102.5 |     0.089 |    2.74 |  17.12 |     0.18 |    3188 |   3443.1 |    3753
Global FLOPs per SpMV: 110178

----------------------------------------
np = 32
----------------------------------------
[Rank 0] Matrix: 9506 x 9506, nnz=413904 | 1D cyclic rows over P=32
[Rank 26] Local SpMV time: 0.000018 s
[Rank 29] Local SpMV time: 0.000021 s
[Rank 2] Local SpMV time: 0.000016 s
[Rank 5] Local SpMV time: 0.000015 s
[Rank 8] Local SpMV time: 0.000019 s
[Rank 11] Local SpMV time: 0.000019 s
[Rank 14] Local SpMV time: 0.000020 s
[Rank 17] Local SpMV time: 0.000018 s
[Rank 20] Local SpMV time: 0.000020 s
[Rank 30] Local SpMV time: 0.000023 s
[Rank 0] Local SpMV time: 0.000020 s
[Rank 23] Local SpMV time: 0.000018 s
[Rank 3] Local SpMV time: 0.000023 s
[Rank 24] Local SpMV time: 0.000021 s
[Rank 6] Local SpMV time: 0.000016 s
[Rank 27] Local SpMV time: 0.000018 s
[Rank 9] Local SpMV time: 0.000018 s
[Rank 1] Local SpMV time: 0.000018 s
[Rank 4] Local SpMV time: 0.000017 s
[Rank 12] Local SpMV time: 0.000016 s
[Rank 7] Local SpMV time: 0.000015 s
[Rank 13] Local SpMV time: 0.000017 s
[Rank 15] Local SpMV time: 0.000020 s
[Rank 16] Local SpMV time: 0.000019 s
[Rank 18] Local SpMV time: 0.000023 s
[Rank 25] Local SpMV time: 0.000022 s
[Rank 21] Local SpMV time: 0.000018 s
[Rank 31] Local SpMV time: 0.000019 s
[Rank 10] Local SpMV time: 0.000018 s
[Rank 19] Local SpMV time: 0.000017 s
[Rank 22] Local SpMV time: 0.000019 s
[Rank 28] Local SpMV time: 0.000016 s

-----------------------------------------------------------------------------------------------
  P |  Time(s) | Comp% | Comm% |  GFLOP/s | Speedup |  Eff% | Mem(MiB) | NNZ min | NNZ avg | NNZ max
-----------------------------------------------------------------------------------------------
 32 |   0.0014 |   1.7 | 123.7 |     0.043 |    2.47 |   7.73 |     0.10 |     776 |    927.3 |    1038
Global FLOPs per SpMV: 59350

----------------------------------------
np = 64
----------------------------------------
[Rank 0] Matrix: 9506 x 9506, nnz=413904 | 1D cyclic rows over P=64
[Rank 0] Local SpMV time: 0.000021 s
[Rank 62] Local SpMV time: 0.000015 s
[Rank 3] Local SpMV time: 0.000014 s
[Rank 50] Local SpMV time: 0.000015 s
[Rank 60] Local SpMV time: 0.000020 s
[Rank 53] Local SpMV time: 0.000015 s
[Rank 6] Local SpMV time: 0.000016 s
[Rank 61] Local SpMV time: 0.000017 s
[Rank 63] Local SpMV time: 0.000015 s
[Rank 56] Local SpMV time: 0.000014 s
[Rank 9] Local SpMV time: 0.000015 s
[Rank 12] Local SpMV time: 0.000013 s
[Rank 48] Local SpMV time: 0.000013 s
[Rank 59] Local SpMV time: 0.000016 s
[Rank 15] Local SpMV time: 0.000014 s
[Rank 2] Local SpMV time: 0.000034 s
[Rank 1] Local SpMV time: 0.000017 s
[Rank 18] Local SpMV time: 0.000012 s
[Rank 8] Local SpMV time: 0.000015 s
[Rank 13] Local SpMV time: 0.000013 s
[Rank 54] Local SpMV time: 0.000018 s
[Rank 5] Local SpMV time: 0.000012 s
[Rank 51] Local SpMV time: 0.000013 s
[Rank 11] Local SpMV time: 0.000016 s
[Rank 4] Local SpMV time: 0.000015 s
[Rank 57] Local SpMV time: 0.000013 s
[Rank 14] Local SpMV time: 0.000014 s
[Rank 7] Local SpMV time: 0.000015 s
[Rank 21] Local SpMV time: 0.000016 s
[Rank 26] Local SpMV time: 0.000014 s
[Rank 16] Local SpMV time: 0.000013 s
[Rank 24] Local SpMV time: 0.000013 s
[Rank 17] Local SpMV time: 0.000013 s
[Rank 19] Local SpMV time: 0.000012 s
[Rank 36] Local SpMV time: 0.000013 s
[Rank 20] Local SpMV time: 0.000013 s
[Rank 25] Local SpMV time: 0.000015 s
[Rank 27] Local SpMV time: 0.000013 s
[Rank 29] Local SpMV time: 0.000013 s
[Rank 28] Local SpMV time: 0.000014 s
[Rank 39] Local SpMV time: 0.000013 s
[Rank 32] Local SpMV time: 0.000012 s
[Rank 31] Local SpMV time: 0.000015 s
[Rank 30] Local SpMV time: 0.000013 s
[Rank 38] Local SpMV time: 0.000015 s
[Rank 37] Local SpMV time: 0.000013 s
[Rank 42] Local SpMV time: 0.000015 s
[Rank 23] Local SpMV time: 0.000013 s
[Rank 49] Local SpMV time: 0.000016 s
[Rank 33] Local SpMV time: 0.000013 s
[Rank 35] Local SpMV time: 0.000015 s
[Rank 52] Local SpMV time: 0.000015 s
[Rank 45] Local SpMV time: 0.000013 s
[Rank 41] Local SpMV time: 0.000015 s
[Rank 55] Local SpMV time: 0.000014 s
[Rank 44] Local SpMV time: 0.000014 s
[Rank 10] Local SpMV time: 0.000028 s
[Rank 47] Local SpMV time: 0.000015 s
[Rank 22] Local SpMV time: 0.000013 s
[Rank 34] Local SpMV time: 0.000034 s
[Rank 40] Local SpMV time: 0.000015 s
[Rank 43] Local SpMV time: 0.000013 s
[Rank 46] Local SpMV time: 0.000025 s
[Rank 58] Local SpMV time: 0.000029 s

-----------------------------------------------------------------------------------------------
  P |  Time(s) | Comp% | Comm% |  GFLOP/s | Speedup |  Eff% | Mem(MiB) | NNZ min | NNZ avg | NNZ max
-----------------------------------------------------------------------------------------------
 64 |   0.0014 |   2.5 | 128.1 |     0.025 |    2.50 |   3.91 |     0.08 |     212 |    264.7 |     324
Global FLOPs per SpMV: 33880

----------------------------------------
np = 128
----------------------------------------
[Rank 0] Matrix: 9506 x 9506, nnz=413904 | 1D cyclic rows over P=128
[Rank 122] Local SpMV time: 0.000017 s
[Rank 125] Local SpMV time: 0.000017 s
[Rank 98] Local SpMV time: 0.000013 s
[Rank 101] Local SpMV time: 0.000012 s
[Rank 104] Local SpMV time: 0.000014 s
[Rank 107] Local SpMV time: 0.000011 s
[Rank 110] Local SpMV time: 0.000014 s
[Rank 113] Local SpMV time: 0.000020 s
[Rank 116] Local SpMV time: 0.000016 s
[Rank 2] Local SpMV time: 0.000013 s
[Rank 119] Local SpMV time: 0.000015 s
[Rank 5] Local SpMV time: 0.000015 s
[Rank 8] Local SpMV time: 0.000014 s
[Rank 14] Local SpMV time: 0.000013 s
[Rank 11] Local SpMV time: 0.000014 s
[Rank 17] Local SpMV time: 0.000014 s
[Rank 50] Local SpMV time: 0.000011 s
[Rank 53] Local SpMV time: 0.000015 s
[Rank 80] Local SpMV time: 0.000016 s
[Rank 20] Local SpMV time: 0.000016 s
[Rank 38] Local SpMV time: 0.000013 s
[Rank 41] Local SpMV time: 0.000011 s
[Rank 44] Local SpMV time: 0.000013 s
[Rank 56] Local SpMV time: 0.000014 s
[Rank 62] Local SpMV time: 0.000015 s
[Rank 65] Local SpMV time: 0.000014 s
[Rank 68] Local SpMV time: 0.000016 s
[Rank 74] Local SpMV time: 0.000013 s
[Rank 77] Local SpMV time: 0.000014 s
[Rank 83] Local SpMV time: 0.000016 s
[Rank 86] Local SpMV time: 0.000014 s
[Rank 23] Local SpMV time: 0.000015 s
[Rank 26] Local SpMV time: 0.000022 s
[Rank 29] Local SpMV time: 0.000013 s
[Rank 0] Local SpMV time: 0.000021 s
[Rank 32] Local SpMV time: 0.000020 s
[Rank 3] Local SpMV time: 0.000013 s
[Rank 35] Local SpMV time: 0.000012 s
[Rank 47] Local SpMV time: 0.000013 s
[Rank 59] Local SpMV time: 0.000014 s
[Rank 6] Local SpMV time: 0.000016 s
[Rank 71] Local SpMV time: 0.000013 s
[Rank 9] Local SpMV time: 0.000014 s
[Rank 89] Local SpMV time: 0.000014 s
[Rank 126] Local SpMV time: 0.000018 s
[Rank 92] Local SpMV time: 0.000014 s
[Rank 95] Local SpMV time: 0.000012 s
[Rank 12] Local SpMV time: 0.000013 s
[Rank 18] Local SpMV time: 0.000011 s
[Rank 127] Local SpMV time: 0.000013 s
[Rank 120] Local SpMV time: 0.000012 s
[Rank 15] Local SpMV time: 0.000016 s
[Rank 21] Local SpMV time: 0.000012 s
[Rank 123] Local SpMV time: 0.000011 s
[Rank 24] Local SpMV time: 0.000013 s
[Rank 30] Local SpMV time: 0.000011 s
[Rank 27] Local SpMV time: 0.000012 s
[Rank 1] Local SpMV time: 0.000019 s
[Rank 36] Local SpMV time: 0.000011 s
[Rank 4] Local SpMV time: 0.000015 s
[Rank 39] Local SpMV time: 0.000012 s
[Rank 121] Local SpMV time: 0.000016 s
[Rank 96] Local SpMV time: 0.000015 s
[Rank 124] Local SpMV time: 0.000018 s
[Rank 99] Local SpMV time: 0.000014 s
[Rank 7] Local SpMV time: 0.000013 s
[Rank 102] Local SpMV time: 0.000014 s
[Rank 13] Local SpMV time: 0.000016 s
[Rank 108] Local SpMV time: 0.000013 s
[Rank 16] Local SpMV time: 0.000013 s
[Rank 33] Local SpMV time: 0.000013 s
[Rank 19] Local SpMV time: 0.000012 s
[Rank 42] Local SpMV time: 0.000011 s
[Rank 25] Local SpMV time: 0.000014 s
[Rank 105] Local SpMV time: 0.000020 s
[Rank 10] Local SpMV time: 0.000016 s
[Rank 111] Local SpMV time: 0.000011 s
[Rank 22] Local SpMV time: 0.000014 s
[Rank 114] Local SpMV time: 0.000013 s
[Rank 28] Local SpMV time: 0.000013 s
[Rank 117] Local SpMV time: 0.000012 s
[Rank 37] Local SpMV time: 0.000014 s
[Rank 45] Local SpMV time: 0.000012 s
[Rank 40] Local SpMV time: 0.000012 s
[Rank 48] Local SpMV time: 0.000012 s
[Rank 49] Local SpMV time: 0.000015 s
[Rank 51] Local SpMV time: 0.000011 s
[Rank 52] Local SpMV time: 0.000015 s
[Rank 60] Local SpMV time: 0.000012 s
[Rank 55] Local SpMV time: 0.000012 s
[Rank 54] Local SpMV time: 0.000012 s
[Rank 67] Local SpMV time: 0.000015 s
[Rank 63] Local SpMV time: 0.000013 s
[Rank 73] Local SpMV time: 0.000012 s
[Rank 57] Local SpMV time: 0.000012 s
[Rank 76] Local SpMV time: 0.000015 s
[Rank 66] Local SpMV time: 0.000011 s
[Rank 79] Local SpMV time: 0.000012 s
[Rank 72] Local SpMV time: 0.000012 s
[Rank 97] Local SpMV time: 0.000015 s
[Rank 78] Local SpMV time: 0.000012 s
[Rank 100] Local SpMV time: 0.000014 s
[Rank 69] Local SpMV time: 0.000012 s
[Rank 103] Local SpMV time: 0.000012 s
[Rank 75] Local SpMV time: 0.000013 s
[Rank 109] Local SpMV time: 0.000016 s
[Rank 81] Local SpMV time: 0.000012 s
[Rank 31] Local SpMV time: 0.000021 s
[Rank 84] Local SpMV time: 0.000015 s
[Rank 34] Local SpMV time: 0.000020 s
[Rank 87] Local SpMV time: 0.000013 s
[Rank 43] Local SpMV time: 0.000016 s
[Rank 90] Local SpMV time: 0.000012 s
[Rank 46] Local SpMV time: 0.000017 s
[Rank 93] Local SpMV time: 0.000014 s
[Rank 58] Local SpMV time: 0.000015 s
[Rank 61] Local SpMV time: 0.000017 s
[Rank 64] Local SpMV time: 0.000016 s
[Rank 70] Local SpMV time: 0.000012 s
[Rank 82] Local SpMV time: 0.000013 s
[Rank 85] Local SpMV time: 0.000013 s
[Rank 88] Local SpMV time: 0.000018 s
[Rank 91] Local SpMV time: 0.000014 s
[Rank 94] Local SpMV time: 0.000014 s
[Rank 106] Local SpMV time: 0.000015 s
[Rank 112] Local SpMV time: 0.000013 s
[Rank 115] Local SpMV time: 0.000013 s
[Rank 118] Local SpMV time: 0.000014 s

-----------------------------------------------------------------------------------------------
  P |  Time(s) | Comp% | Comm% |  GFLOP/s | Speedup |  Eff% | Mem(MiB) | NNZ min | NNZ avg | NNZ max
-----------------------------------------------------------------------------------------------
128 |   0.0020 |   1.1 | 138.0 |     0.010 |    1.67 |   1.30 |     0.08 |      34 |     83.4 |     143
Global FLOPs per SpMV: 21350

