Strong scaling results for bcsstm05.mtx
Date: Fri Jan  2 17:28:12 CET 2026
----------------------------------------

[Rank 0] Matrix: 153 x 153, nnz=153 | grid=1x1 | pattern=0 symmetric=1
[Rank 0] Matrix: 153 x 153, nnz=153 | grid=1x1
[Rank 0] Local SpMV time: 0.002135 s
Global FLOPs per SpMV: 306

-----------------------------------------------------------------------------------------------
  P |  Time(s) | Comp% | Comm% |  GFLOP/s | Speedup |  Eff% | Mem(MiB) | NNZ min | NNZ avg | NNZ max
-----------------------------------------------------------------------------------------------
  1 |   0.0022 |  98.5 |   0.4 |     0.000 |    N/A   |   N/A  |     0.01 |     153 |    153.0 |     153
BASELINE_T1=0.0022

----------------------------------------
np=2, OMP_NUM_THREADS=64
----------------------------------------
[Rank 0] Matrix: 153 x 153, nnz=153 | grid=2x1 | pattern=0 symmetric=1
[Rank 0] Matrix: 153 x 153, nnz=153 | grid=2x1
[Rank 0] Local SpMV time: 0.001919 s
Global FLOPs per SpMV: 226

-----------------------------------------------------------------------------------------------
  P |  Time(s) | Comp% | Comm% |  GFLOP/s | Speedup |  Eff% | Mem(MiB) | NNZ min | NNZ avg | NNZ max
-----------------------------------------------------------------------------------------------
  2 |   0.0032 |  95.6 |   1.7 |     0.000 |    0.68 |  34.15 |     0.00 |      36 |     56.5 |      77
[Rank 1] Local SpMV time: 0.003079 s

----------------------------------------
np=4, OMP_NUM_THREADS=32
----------------------------------------
[Rank 0] Matrix: 153 x 153, nnz=153 | grid=2x2 | pattern=0 symmetric=1
[Rank 0] Matrix: 153 x 153, nnz=153 | grid=2x2
[Rank 0] Local SpMV time: 0.000901 s
[Rank 2] Local SpMV time: 0.013096 s
[Rank 3] Local SpMV time: 0.028174 s
Global FLOPs per SpMV: 190
[Rank 1] Local SpMV time: 0.041259 s

-----------------------------------------------------------------------------------------------
  P |  Time(s) | Comp% | Comm% |  GFLOP/s | Speedup |  Eff% | Mem(MiB) | NNZ min | NNZ avg | NNZ max
-----------------------------------------------------------------------------------------------
  4 |   0.0415 |  99.5 |   5.5 |     0.000 |    0.05 |   1.33 |     0.00 |       0 |     23.8 |      77

----------------------------------------
np=8, OMP_NUM_THREADS=16
----------------------------------------
[Rank 0] Matrix: 153 x 153, nnz=153 | grid=4x2 | pattern=0 symmetric=1
[Rank 0] Matrix: 153 x 153, nnz=153 | grid=4x2
[Rank 1] Local SpMV time: 0.011333 s
[Rank 0] Local SpMV time: 0.000506 s
[Rank 3] Local SpMV time: 0.003777 s
[Rank 2] Local SpMV time: 0.003887 s
[Rank 5] Local SpMV time: 0.007391 s
[Rank 4] Local SpMV time: 0.003394 s
[Rank 6] Local SpMV time: 0.003881 s
[Rank 7] Local SpMV time: 0.022359 s
Global FLOPs per SpMV: 170

-----------------------------------------------------------------------------------------------
  P |  Time(s) | Comp% | Comm% |  GFLOP/s | Speedup |  Eff% | Mem(MiB) | NNZ min | NNZ avg | NNZ max
-----------------------------------------------------------------------------------------------
  8 |   0.1640 |  13.6 |  33.0 |     0.000 |    0.01 |   0.17 |     0.00 |       0 |     10.6 |      39

----------------------------------------
np=16, OMP_NUM_THREADS=8
----------------------------------------
[Rank 0] Matrix: 153 x 153, nnz=153 | grid=4x4 | pattern=0 symmetric=1
[Rank 0] Matrix: 153 x 153, nnz=153 | grid=4x4
[Rank 1] Local SpMV time: 0.000252 s
[Rank 3] Local SpMV time: 0.008139 s
[Rank 0] Local SpMV time: 0.000281 s
[Rank 8] Local SpMV time: 0.002259 s
[Rank 9] Local SpMV time: 0.000282 s
[Rank 12] Local SpMV time: 0.000268 s
[Rank 5] Local SpMV time: 0.002267 s
[Rank 2] Local SpMV time: 0.002236 s
[Rank 13] Local SpMV time: 0.004256 s
[Rank 10] Local SpMV time: 0.004204 s
[Rank 11] Local SpMV time: 0.017175 s
[Rank 14] Local SpMV time: 0.006175 s
[Rank 4] Local SpMV time: 0.008133 s
[Rank 15] Local SpMV time: 0.000273 s
[Rank 7] Local SpMV time: 0.011084 s
[Rank 6] Local SpMV time: 0.000253 s
Global FLOPs per SpMV: 158

-----------------------------------------------------------------------------------------------
  P |  Time(s) | Comp% | Comm% |  GFLOP/s | Speedup |  Eff% | Mem(MiB) | NNZ min | NNZ avg | NNZ max
-----------------------------------------------------------------------------------------------
 16 |   0.3520 |   4.9 |  25.0 |     0.000 |    0.01 |   0.04 |     0.00 |       0 |      4.9 |      39

----------------------------------------
np=32, OMP_NUM_THREADS=4
----------------------------------------
[Rank 0] Matrix: 153 x 153, nnz=153 | grid=8x4 | pattern=0 symmetric=1
[Rank 0] Matrix: 153 x 153, nnz=153 | grid=8x4
[Rank 1] Local SpMV time: 0.000213 s
[Rank 5] Local SpMV time: 0.008040 s
[Rank 17] Local SpMV time: 0.000140 s
[Rank 3] Local SpMV time: 0.001934 s
[Rank 25] Local SpMV time: 0.014575 s
[Rank 21] Local SpMV time: 0.019145 s
[Rank 29] Local SpMV time: 0.000160 s
[Rank 7] Local SpMV time: 0.011108 s
[Rank 0] Local SpMV time: 0.000170 s
[Rank 9] Local SpMV time: 0.000338 s
[Rank 4] Local SpMV time: 0.000144 s
[Rank 13] Local SpMV time: 0.000158 s
[Rank 19] Local SpMV time: 0.000155 s
[Rank 16] Local SpMV time: 0.000143 s
[Rank 11] Local SpMV time: 0.002050 s
[Rank 2] Local SpMV time: 0.001855 s
[Rank 8] Local SpMV time: 0.000147 s
[Rank 18] Local SpMV time: 0.000152 s
[Rank 12] Local SpMV time: 0.011106 s
[Rank 23] Local SpMV time: 0.000157 s
[Rank 27] Local SpMV time: 0.001976 s
[Rank 6] Local SpMV time: 0.000150 s
[Rank 24] Local SpMV time: 0.000222 s
[Rank 15] Local SpMV time: 0.000150 s
[Rank 20] Local SpMV time: 0.012938 s
[Rank 10] Local SpMV time: 0.000164 s
[Rank 14] Local SpMV time: 0.001917 s
[Rank 22] Local SpMV time: 0.011102 s
[Rank 31] Local SpMV time: 0.000154 s
[Rank 26] Local SpMV time: 0.000155 s
[Rank 28] Local SpMV time: 0.000157 s
[Rank 30] Local SpMV time: 0.000156 s
Global FLOPs per SpMV: 156

-----------------------------------------------------------------------------------------------
  P |  Time(s) | Comp% | Comm% |  GFLOP/s | Speedup |  Eff% | Mem(MiB) | NNZ min | NNZ avg | NNZ max
-----------------------------------------------------------------------------------------------
 32 |   1.0660 |   1.8 |  82.5 |     0.000 |    0.00 |   0.01 |     0.00 |       0 |      2.4 |      20

----------------------------------------
np=64, OMP_NUM_THREADS=2
----------------------------------------
[Rank 0] Matrix: 153 x 153, nnz=153 | grid=8x8 | pattern=0 symmetric=1
[Rank 0] Matrix: 153 x 153, nnz=153 | grid=8x8
[Rank 1] Local SpMV time: 0.000136 s
[Rank 33] Local SpMV time: 0.000112 s
[Rank 0] Local SpMV time: 0.000082 s
[Rank 9] Local SpMV time: 0.000109 s
[Rank 16] Local SpMV time: 0.000104 s
[Rank 4] Local SpMV time: 0.000099 s
[Rank 5] Local SpMV time: 0.000062 s
[Rank 24] Local SpMV time: 0.000062 s
[Rank 17] Local SpMV time: 0.000108 s
[Rank 25] Local SpMV time: 0.000069 s
[Rank 2] Local SpMV time: 0.022043 s
[Rank 37] Local SpMV time: 0.000109 s
[Rank 49] Local SpMV time: 0.001348 s
[Rank 20] Local SpMV time: 0.000099 s
[Rank 3] Local SpMV time: 0.000068 s
[Rank 8] Local SpMV time: 0.000096 s
[Rank 18] Local SpMV time: 0.000050 s
[Rank 41] Local SpMV time: 0.000109 s
[Rank 10] Local SpMV time: 0.001215 s
[Rank 45] Local SpMV time: 0.000108 s
[Rank 32] Local SpMV time: 0.000100 s
[Rank 40] Local SpMV time: 0.000101 s
[Rank 7] Local SpMV time: 0.000110 s
[Rank 11] Local SpMV time: 0.001736 s
[Rank 26] Local SpMV time: 0.000098 s
[Rank 13] Local SpMV time: 0.013865 s
[Rank 6] Local SpMV time: 0.001259 s
[Rank 19] Local SpMV time: 0.025930 s
[Rank 34] Local SpMV time: 0.002481 s
[Rank 21] Local SpMV time: 0.000064 s
[Rank 27] Local SpMV time: 0.001398 s
[Rank 29] Local SpMV time: 0.000108 s
[Rank 53] Local SpMV time: 0.001361 s
[Rank 42] Local SpMV time: 0.000051 s
[Rank 12] Local SpMV time: 0.001210 s
[Rank 57] Local SpMV time: 0.000110 s
[Rank 35] Local SpMV time: 0.001455 s
[Rank 28] Local SpMV time: 0.000108 s
[Rank 15] Local SpMV time: 0.000062 s
[Rank 48] Local SpMV time: 0.000056 s
[Rank 23] Local SpMV time: 0.011065 s
[Rank 51] Local SpMV time: 0.001472 s
[Rank 22] Local SpMV time: 0.000099 s
[Rank 36] Local SpMV time: 0.011056 s
[Rank 39] Local SpMV time: 0.000112 s
[Rank 43] Local SpMV time: 0.001488 s
[Rank 56] Local SpMV time: 0.000099 s
[Rank 61] Local SpMV time: 0.000113 s
[Rank 14] Local SpMV time: 0.000102 s
[Rank 47] Local SpMV time: 0.001502 s
[Rank 38] Local SpMV time: 0.000100 s
[Rank 52] Local SpMV time: 0.000107 s
[Rank 55] Local SpMV time: 0.000068 s
[Rank 60] Local SpMV time: 0.000102 s
[Rank 59] Local SpMV time: 0.000115 s
[Rank 54] Local SpMV time: 0.001279 s
[Rank 31] Local SpMV time: 0.001563 s
[Rank 44] Local SpMV time: 0.000100 s
[Rank 30] Local SpMV time: 0.011062 s
[Rank 50] Local SpMV time: 0.011020 s
[Rank 46] Local SpMV time: 0.000100 s
[Rank 63] Local SpMV time: 0.011051 s
[Rank 62] Local SpMV time: 0.000102 s
[Rank 58] Local SpMV time: 0.000103 s
Global FLOPs per SpMV: 154

-----------------------------------------------------------------------------------------------
  P |  Time(s) | Comp% | Comm% |  GFLOP/s | Speedup |  Eff% | Mem(MiB) | NNZ min | NNZ avg | NNZ max
-----------------------------------------------------------------------------------------------
 64 |   2.1160 |   1.2 |  66.5 |     0.000 |    0.00 |   0.00 |     0.00 |       0 |      1.2 |      20

----------------------------------------
np=128, OMP_NUM_THREADS=1
----------------------------------------
[Rank 0] Matrix: 153 x 153, nnz=153 | grid=16x8 | pattern=0 symmetric=1
[Rank 0] Matrix: 153 x 153, nnz=153 | grid=16x8
[Rank 1] Local SpMV time: 0.000023 s
[Rank 3] Local SpMV time: 0.000015 s
[Rank 33] Local SpMV time: 0.000016 s
[Rank 0] Local SpMV time: 0.000024 s
[Rank 17] Local SpMV time: 0.000015 s
[Rank 5] Local SpMV time: 0.000014 s
[Rank 8] Local SpMV time: 0.000015 s
[Rank 25] Local SpMV time: 0.000014 s
[Rank 21] Local SpMV time: 0.000015 s
[Rank 35] Local SpMV time: 0.000015 s
[Rank 4] Local SpMV time: 0.000015 s
[Rank 9] Local SpMV time: 0.000030 s
[Rank 37] Local SpMV time: 0.000015 s
[Rank 49] Local SpMV time: 0.000014 s
[Rank 29] Local SpMV time: 0.000014 s
[Rank 32] Local SpMV time: 0.000015 s
[Rank 65] Local SpMV time: 0.000014 s
[Rank 7] Local SpMV time: 0.000014 s
[Rank 12] Local SpMV time: 0.000015 s
[Rank 23] Local SpMV time: 0.000016 s
[Rank 97] Local SpMV time: 0.000014 s
[Rank 2] Local SpMV time: 0.000016 s
[Rank 57] Local SpMV time: 0.000014 s
[Rank 40] Local SpMV time: 0.000015 s
[Rank 81] Local SpMV time: 0.000013 s
[Rank 11] Local SpMV time: 0.000014 s
[Rank 19] Local SpMV time: 0.000015 s
[Rank 6] Local SpMV time: 0.000013 s
[Rank 14] Local SpMV time: 0.000015 s
[Rank 41] Local SpMV time: 0.000014 s
[Rank 10] Local SpMV time: 0.000015 s
[Rank 64] Local SpMV time: 0.000014 s
[Rank 36] Local SpMV time: 0.000015 s
[Rank 16] Local SpMV time: 0.000015 s
[Rank 96] Local SpMV time: 0.000013 s
[Rank 113] Local SpMV time: 0.000014 s
[Rank 13] Local SpMV time: 0.000015 s
[Rank 66] Local SpMV time: 0.000015 s
[Rank 53] Local SpMV time: 0.000014 s
[Rank 20] Local SpMV time: 0.000014 s
[Rank 80] Local SpMV time: 0.000015 s
[Rank 104] Local SpMV time: 0.000013 s
[Rank 105] Local SpMV time: 0.000014 s
[Rank 34] Local SpMV time: 0.000015 s
[Rank 88] Local SpMV time: 0.000015 s
[Rank 45] Local SpMV time: 0.000014 s
[Rank 22] Local SpMV time: 0.000015 s
[Rank 67] Local SpMV time: 0.000015 s
[Rank 72] Local SpMV time: 0.000014 s
[Rank 69] Local SpMV time: 0.000015 s
[Rank 73] Local SpMV time: 0.000014 s
[Rank 77] Local SpMV time: 0.000015 s
[Rank 24] Local SpMV time: 0.000015 s
[Rank 51] Local SpMV time: 0.000015 s
[Rank 43] Local SpMV time: 0.000015 s
[Rank 48] Local SpMV time: 0.000014 s
[Rank 39] Local SpMV time: 0.000014 s
[Rank 31] Local SpMV time: 0.000015 s
[Rank 56] Local SpMV time: 0.000015 s
[Rank 18] Local SpMV time: 0.000016 s
[Rank 44] Local SpMV time: 0.000013 s
[Rank 121] Local SpMV time: 0.000015 s
[Rank 38] Local SpMV time: 0.000015 s
[Rank 42] Local SpMV time: 0.000015 s
[Rank 101] Local SpMV time: 0.000015 s
[Rank 46] Local SpMV time: 0.000014 s
[Rank 71] Local SpMV time: 0.000015 s
[Rank 52] Local SpMV time: 0.000014 s
[Rank 79] Local SpMV time: 0.000014 s
[Rank 74] Local SpMV time: 0.000014 s
[Rank 61] Local SpMV time: 0.000015 s
[Rank 112] Local SpMV time: 0.000014 s
[Rank 55] Local SpMV time: 0.000014 s
[Rank 98] Local SpMV time: 0.000015 s
[Rank 68] Local SpMV time: 0.000015 s
[Rank 89] Local SpMV time: 0.000015 s
[Rank 82] Local SpMV time: 0.000015 s
[Rank 76] Local SpMV time: 0.000014 s
[Rank 27] Local SpMV time: 0.000015 s
[Rank 28] Local SpMV time: 0.000014 s
[Rank 117] Local SpMV time: 0.000015 s
[Rank 100] Local SpMV time: 0.000015 s
[Rank 103] Local SpMV time: 0.000014 s
[Rank 15] Local SpMV time: 0.000014 s
[Rank 99] Local SpMV time: 0.000015 s
[Rank 83] Local SpMV time: 0.000015 s
[Rank 84] Local SpMV time: 0.000014 s
[Rank 107] Local SpMV time: 0.000013 s
[Rank 85] Local SpMV time: 0.000015 s
[Rank 92] Local SpMV time: 0.000014 s
[Rank 75] Local SpMV time: 0.000014 s
[Rank 120] Local SpMV time: 0.000013 s
[Rank 59] Local SpMV time: 0.000015 s
[Rank 30] Local SpMV time: 0.000013 s
[Rank 47] Local SpMV time: 0.000015 s
[Rank 119] Local SpMV time: 0.000015 s
[Rank 106] Local SpMV time: 0.000016 s
[Rank 93] Local SpMV time: 0.000015 s
[Rank 50] Local SpMV time: 0.000026 s
[Rank 114] Local SpMV time: 0.000014 s
[Rank 58] Local SpMV time: 0.000015 s
[Rank 109] Local SpMV time: 0.000015 s
[Rank 108] Local SpMV time: 0.000015 s
[Rank 63] Local SpMV time: 0.000015 s
[Rank 90] Local SpMV time: 0.000015 s
[Rank 54] Local SpMV time: 0.000015 s
[Rank 60] Local SpMV time: 0.000014 s
[Rank 70] Local SpMV time: 0.000015 s
[Rank 26] Local SpMV time: 0.000015 s
[Rank 115] Local SpMV time: 0.000015 s
[Rank 87] Local SpMV time: 0.000015 s
[Rank 127] Local SpMV time: 0.000015 s
[Rank 123] Local SpMV time: 0.000015 s
[Rank 111] Local SpMV time: 0.000030 s
[Rank 116] Local SpMV time: 0.000016 s
[Rank 91] Local SpMV time: 0.000016 s
[Rank 125] Local SpMV time: 0.000015 s
[Rank 122] Local SpMV time: 0.000015 s
[Rank 62] Local SpMV time: 0.000015 s
[Rank 78] Local SpMV time: 0.000016 s
[Rank 86] Local SpMV time: 0.000016 s
[Rank 102] Local SpMV time: 0.000014 s
[Rank 95] Local SpMV time: 0.000017 s
[Rank 94] Local SpMV time: 0.000016 s
[Rank 124] Local SpMV time: 0.000014 s
[Rank 118] Local SpMV time: 0.000015 s
[Rank 110] Local SpMV time: 0.000015 s
[Rank 126] Local SpMV time: 0.000018 s
Global FLOPs per SpMV: 154

-----------------------------------------------------------------------------------------------
  P |  Time(s) | Comp% | Comm% |  GFLOP/s | Speedup |  Eff% | Mem(MiB) | NNZ min | NNZ avg | NNZ max
-----------------------------------------------------------------------------------------------
128 |   5.6370 |   0.0 |  75.0 |     0.000 |    0.00 |   0.00 |     0.00 |       0 |      0.6 |      10

