Strong scaling results for nemeth19.mtx
Date: Fri Jan  2 18:08:09 CET 2026
----------------------------------------

[Rank 0] Matrix: 9506 x 9506, nnz=413904 | grid=1x1 | pattern=0 symmetric=1
[Rank 0] Matrix: 9506 x 9506, nnz=413904 | grid=1x1
[Rank 0] Local SpMV time: 0.003136 s
Global FLOPs per SpMV: 1636604

-----------------------------------------------------------------------------------------------
  P |  Time(s) | Comp% | Comm% |  GFLOP/s | Speedup |  Eff% | Mem(MiB) | NNZ min | NNZ avg | NNZ max
-----------------------------------------------------------------------------------------------
  1 |   0.0032 |  96.5 |   1.1 |     0.504 |    N/A   |   N/A  |    22.10 |  818302 | 818302.0 |  818302
BASELINE_T1=0.0032

----------------------------------------
np=2, OMP_NUM_THREADS=64
----------------------------------------
[Rank 0] Matrix: 9506 x 9506, nnz=413904 | grid=2x1 | pattern=0 symmetric=1
[Rank 0] Matrix: 9506 x 9506, nnz=413904 | grid=2x1
[Rank 1] Local SpMV time: 0.002693 s
[Rank 0] Local SpMV time: 0.001819 s
Global FLOPs per SpMV: 822138

-----------------------------------------------------------------------------------------------
  P |  Time(s) | Comp% | Comm% |  GFLOP/s | Speedup |  Eff% | Mem(MiB) | NNZ min | NNZ avg | NNZ max
-----------------------------------------------------------------------------------------------
  2 |   0.0044 |  60.8 |  25.0 |     0.186 |    0.72 |  36.16 |     5.72 |  202860 | 205534.5 |  208209

----------------------------------------
np=4, OMP_NUM_THREADS=32
----------------------------------------
[Rank 0] Matrix: 9506 x 9506, nnz=413904 | grid=2x2 | pattern=0 symmetric=1
[Rank 0] Matrix: 9506 x 9506, nnz=413904 | grid=2x2
[Rank 0] Local SpMV time: 0.000825 s
[Rank 1] Local SpMV time: 0.001026 s
[Rank 2] Local SpMV time: 0.002825 s
[Rank 3] Local SpMV time: 0.025174 s
Global FLOPs per SpMV: 414708

-----------------------------------------------------------------------------------------------
  P |  Time(s) | Comp% | Comm% |  GFLOP/s | Speedup |  Eff% | Mem(MiB) | NNZ min | NNZ avg | NNZ max
-----------------------------------------------------------------------------------------------
  4 |   0.0526 |  47.8 |  44.0 |     0.008 |    0.06 |   1.52 |     1.57 |   50669 |  51838.5 |   54032

----------------------------------------
np=8, OMP_NUM_THREADS=16
----------------------------------------
[Rank 0] Matrix: 9506 x 9506, nnz=413904 | grid=4x2 | pattern=0 symmetric=1
[Rank 0] Matrix: 9506 x 9506, nnz=413904 | grid=4x2
[Rank 0] Local SpMV time: 0.000525 s
[Rank 2] Local SpMV time: 0.000494 s
[Rank 4] Local SpMV time: 0.003889 s
[Rank 3] Local SpMV time: 0.044259 s
[Rank 6] Local SpMV time: 0.000489 s
[Rank 1] Local SpMV time: 0.055355 s
[Rank 5] Local SpMV time: 0.044947 s
[Rank 7] Local SpMV time: 0.048411 s
Global FLOPs per SpMV: 211926

-----------------------------------------------------------------------------------------------
  P |  Time(s) | Comp% | Comm% |  GFLOP/s | Speedup |  Eff% | Mem(MiB) | NNZ min | NNZ avg | NNZ max
-----------------------------------------------------------------------------------------------
  8 |   0.2190 |  25.3 |  20.1 |     0.001 |    0.01 |   0.18 |     0.46 |   12913 |  13245.4 |   14179

----------------------------------------
np=16, OMP_NUM_THREADS=8
----------------------------------------
[Rank 0] Matrix: 9506 x 9506, nnz=413904 | grid=4x4 | pattern=0 symmetric=1
[Rank 0] Matrix: 9506 x 9506, nnz=413904 | grid=4x4
[Rank 0] Local SpMV time: 0.000302 s
[Rank 4] Local SpMV time: 0.002456 s
[Rank 8] Local SpMV time: 0.000446 s
[Rank 2] Local SpMV time: 0.013327 s
[Rank 1] Local SpMV time: 0.011080 s
[Rank 3] Local SpMV time: 0.002099 s
[Rank 12] Local SpMV time: 0.000311 s
[Rank 5] Local SpMV time: 0.002111 s
[Rank 10] Local SpMV time: 0.000278 s
[Rank 9] Local SpMV time: 0.002101 s
[Rank 6] Local SpMV time: 0.002289 s
[Rank 13] Local SpMV time: 0.014996 s
[Rank 7] Local SpMV time: 0.002214 s
[Rank 14] Local SpMV time: 0.000310 s
[Rank 15] Local SpMV time: 0.087652 s
[Rank 11] Local SpMV time: 0.109981 s
Global FLOPs per SpMV: 110080

-----------------------------------------------------------------------------------------------
  P |  Time(s) | Comp% | Comm% |  GFLOP/s | Speedup |  Eff% | Mem(MiB) | NNZ min | NNZ avg | NNZ max
-----------------------------------------------------------------------------------------------
 16 |   0.6220 |  17.7 |  86.9 |     0.000 |    0.01 |   0.03 |     0.16 |    3248 |   3440.0 |    3780

----------------------------------------
np=32, OMP_NUM_THREADS=4
----------------------------------------
[Rank 0] Matrix: 9506 x 9506, nnz=413904 | grid=8x4 | pattern=0 symmetric=1
[Rank 0] Matrix: 9506 x 9506, nnz=413904 | grid=8x4
[Rank 1] Local SpMV time: 0.000235 s
[Rank 17] Local SpMV time: 0.000189 s
[Rank 0] Local SpMV time: 0.000177 s
[Rank 5] Local SpMV time: 0.002088 s
[Rank 8] Local SpMV time: 0.002117 s
[Rank 9] Local SpMV time: 0.000150 s
[Rank 16] Local SpMV time: 0.000170 s
[Rank 4] Local SpMV time: 0.000162 s
[Rank 25] Local SpMV time: 0.000193 s
[Rank 24] Local SpMV time: 0.001928 s
[Rank 13] Local SpMV time: 0.011034 s
[Rank 12] Local SpMV time: 0.000289 s
[Rank 29] Local SpMV time: 0.001773 s
[Rank 28] Local SpMV time: 0.012983 s
[Rank 3] Local SpMV time: 0.000185 s
[Rank 20] Local SpMV time: 0.011229 s
[Rank 2] Local SpMV time: 0.012954 s
[Rank 21] Local SpMV time: 0.011056 s
[Rank 18] Local SpMV time: 0.001868 s
[Rank 10] Local SpMV time: 0.000165 s
[Rank 19] Local SpMV time: 0.000194 s
[Rank 7] Local SpMV time: 0.000192 s
[Rank 14] Local SpMV time: 0.000171 s
[Rank 23] Local SpMV time: 0.011055 s
[Rank 6] Local SpMV time: 0.000163 s
[Rank 11] Local SpMV time: 0.011085 s
[Rank 22] Local SpMV time: 0.011178 s
[Rank 26] Local SpMV time: 0.013123 s
[Rank 27] Local SpMV time: 0.000204 s
[Rank 15] Local SpMV time: 0.000199 s
[Rank 30] Local SpMV time: 0.000172 s
[Rank 31] Local SpMV time: 0.000185 s
Global FLOPs per SpMV: 59274

-----------------------------------------------------------------------------------------------
  P |  Time(s) | Comp% | Comm% |  GFLOP/s | Speedup |  Eff% | Mem(MiB) | NNZ min | NNZ avg | NNZ max
-----------------------------------------------------------------------------------------------
 32 |   1.2750 |   1.0 |  83.0 |     0.000 |    0.00 |   0.01 |     0.07 |     812 |    926.2 |    1033

----------------------------------------
np=64, OMP_NUM_THREADS=2
----------------------------------------
[Rank 0] Matrix: 9506 x 9506, nnz=413904 | grid=8x8 | pattern=0 symmetric=1
[Rank 0] Matrix: 9506 x 9506, nnz=413904 | grid=8x8
[Rank 1] Local SpMV time: 0.000148 s
[Rank 5] Local SpMV time: 0.000073 s
[Rank 33] Local SpMV time: 0.000128 s
[Rank 9] Local SpMV time: 0.010992 s
[Rank 3] Local SpMV time: 0.000063 s
[Rank 11] Local SpMV time: 0.000080 s
[Rank 7] Local SpMV time: 0.000068 s
[Rank 17] Local SpMV time: 0.000079 s
[Rank 49] Local SpMV time: 0.001603 s
[Rank 0] Local SpMV time: 0.000306 s
[Rank 32] Local SpMV time: 0.012294 s
[Rank 37] Local SpMV time: 0.000063 s
[Rank 39] Local SpMV time: 0.001427 s
[Rank 55] Local SpMV time: 0.000112 s
[Rank 25] Local SpMV time: 0.001516 s
[Rank 35] Local SpMV time: 0.013800 s
[Rank 4] Local SpMV time: 0.000140 s
[Rank 13] Local SpMV time: 0.021980 s
[Rank 40] Local SpMV time: 0.000142 s
[Rank 51] Local SpMV time: 0.000291 s
[Rank 41] Local SpMV time: 0.012452 s
[Rank 21] Local SpMV time: 0.010974 s
[Rank 2] Local SpMV time: 0.000098 s
[Rank 57] Local SpMV time: 0.010926 s
[Rank 16] Local SpMV time: 0.000095 s
[Rank 59] Local SpMV time: 0.001368 s
[Rank 15] Local SpMV time: 0.010978 s
[Rank 19] Local SpMV time: 0.001575 s
[Rank 48] Local SpMV time: 0.000148 s
[Rank 8] Local SpMV time: 0.001240 s
[Rank 29] Local SpMV time: 0.000105 s
[Rank 23] Local SpMV time: 0.000152 s
[Rank 34] Local SpMV time: 0.010968 s
[Rank 53] Local SpMV time: 0.000163 s
[Rank 12] Local SpMV time: 0.001174 s
[Rank 6] Local SpMV time: 0.000137 s
[Rank 18] Local SpMV time: 0.000287 s
[Rank 24] Local SpMV time: 0.012194 s
[Rank 43] Local SpMV time: 0.000108 s
[Rank 36] Local SpMV time: 0.011043 s
[Rank 10] Local SpMV time: 0.000140 s
[Rank 45] Local SpMV time: 0.010966 s
[Rank 27] Local SpMV time: 0.000163 s
[Rank 50] Local SpMV time: 0.000141 s
[Rank 42] Local SpMV time: 0.001316 s
[Rank 20] Local SpMV time: 0.000140 s
[Rank 56] Local SpMV time: 0.001233 s
[Rank 31] Local SpMV time: 0.010977 s
[Rank 28] Local SpMV time: 0.000144 s
[Rank 44] Local SpMV time: 0.001324 s
[Rank 63] Local SpMV time: 0.011032 s
[Rank 26] Local SpMV time: 0.001541 s
[Rank 58] Local SpMV time: 0.001845 s
[Rank 61] Local SpMV time: 0.011052 s
[Rank 52] Local SpMV time: 0.010965 s
[Rank 38] Local SpMV time: 0.022040 s
[Rank 14] Local SpMV time: 0.011055 s
[Rank 47] Local SpMV time: 0.000113 s
[Rank 46] Local SpMV time: 0.000066 s
[Rank 60] Local SpMV time: 0.011969 s
[Rank 22] Local SpMV time: 0.000156 s
[Rank 54] Local SpMV time: 0.001245 s
[Rank 30] Local SpMV time: 0.010935 s
[Rank 62] Local SpMV time: 0.010981 s
Global FLOPs per SpMV: 33786

-----------------------------------------------------------------------------------------------
  P |  Time(s) | Comp% | Comm% |  GFLOP/s | Speedup |  Eff% | Mem(MiB) | NNZ min | NNZ avg | NNZ max
-----------------------------------------------------------------------------------------------
 64 |   3.5668 |   0.6 |  79.1 |     0.000 |    0.00 |   0.00 |     0.04 |     201 |    264.0 |     305

----------------------------------------
np=128, OMP_NUM_THREADS=1
----------------------------------------
[Rank 0] Matrix: 9506 x 9506, nnz=413904 | grid=16x8 | pattern=0 symmetric=1
[Rank 0] Matrix: 9506 x 9506, nnz=413904 | grid=16x8
[Rank 0] Local SpMV time: 0.000026 s
[Rank 1] Local SpMV time: 0.000024 s
[Rank 5] Local SpMV time: 0.000015 s
[Rank 3] Local SpMV time: 0.000016 s
[Rank 64] Local SpMV time: 0.000016 s
[Rank 7] Local SpMV time: 0.000016 s
[Rank 8] Local SpMV time: 0.000017 s
[Rank 4] Local SpMV time: 0.000017 s
[Rank 9] Local SpMV time: 0.000016 s
[Rank 65] Local SpMV time: 0.000016 s
[Rank 80] Local SpMV time: 0.000017 s
[Rank 72] Local SpMV time: 0.000016 s
[Rank 11] Local SpMV time: 0.000015 s
[Rank 32] Local SpMV time: 0.000015 s
[Rank 69] Local SpMV time: 0.000015 s
[Rank 16] Local SpMV time: 0.000015 s
[Rank 81] Local SpMV time: 0.000015 s
[Rank 96] Local SpMV time: 0.000015 s
[Rank 88] Local SpMV time: 0.000015 s
[Rank 13] Local SpMV time: 0.000016 s
[Rank 85] Local SpMV time: 0.000015 s
[Rank 40] Local SpMV time: 0.000016 s
[Rank 89] Local SpMV time: 0.000015 s
[Rank 12] Local SpMV time: 0.000016 s
[Rank 17] Local SpMV time: 0.000015 s
[Rank 33] Local SpMV time: 0.000016 s
[Rank 68] Local SpMV time: 0.000016 s
[Rank 2] Local SpMV time: 0.000016 s
[Rank 93] Local SpMV time: 0.000015 s
[Rank 97] Local SpMV time: 0.000015 s
[Rank 25] Local SpMV time: 0.000015 s
[Rank 36] Local SpMV time: 0.000015 s
[Rank 113] Local SpMV time: 0.000016 s
[Rank 37] Local SpMV time: 0.000015 s
[Rank 104] Local SpMV time: 0.000016 s
[Rank 67] Local SpMV time: 0.000015 s
[Rank 84] Local SpMV time: 0.000015 s
[Rank 48] Local SpMV time: 0.000015 s
[Rank 41] Local SpMV time: 0.000016 s
[Rank 73] Local SpMV time: 0.000016 s
[Rank 52] Local SpMV time: 0.000016 s
[Rank 24] Local SpMV time: 0.000017 s
[Rank 20] Local SpMV time: 0.000014 s
[Rank 44] Local SpMV time: 0.000015 s
[Rank 101] Local SpMV time: 0.000015 s
[Rank 6] Local SpMV time: 0.000016 s
[Rank 66] Local SpMV time: 0.000017 s
[Rank 15] Local SpMV time: 0.000016 s
[Rank 22] Local SpMV time: 0.000017 s
[Rank 10] Local SpMV time: 0.000016 s
[Rank 45] Local SpMV time: 0.000016 s
[Rank 117] Local SpMV time: 0.000014 s
[Rank 76] Local SpMV time: 0.000017 s
[Rank 38] Local SpMV time: 0.000016 s
[Rank 18] Local SpMV time: 0.000017 s
[Rank 112] Local SpMV time: 0.000016 s
[Rank 19] Local SpMV time: 0.000015 s
[Rank 27] Local SpMV time: 0.000017 s
[Rank 26] Local SpMV time: 0.000016 s
[Rank 71] Local SpMV time: 0.000016 s
[Rank 35] Local SpMV time: 0.000016 s
[Rank 70] Local SpMV time: 0.000016 s
[Rank 105] Local SpMV time: 0.000016 s
[Rank 56] Local SpMV time: 0.000026 s
[Rank 99] Local SpMV time: 0.000015 s
[Rank 49] Local SpMV time: 0.000015 s
[Rank 87] Local SpMV time: 0.000016 s
[Rank 82] Local SpMV time: 0.000017 s
[Rank 51] Local SpMV time: 0.000016 s
[Rank 86] Local SpMV time: 0.000015 s
[Rank 77] Local SpMV time: 0.000015 s
[Rank 34] Local SpMV time: 0.000017 s
[Rank 39] Local SpMV time: 0.000015 s
[Rank 100] Local SpMV time: 0.000016 s
[Rank 46] Local SpMV time: 0.000016 s
[Rank 53] Local SpMV time: 0.000015 s
[Rank 116] Local SpMV time: 0.000015 s
[Rank 103] Local SpMV time: 0.000015 s
[Rank 21] Local SpMV time: 0.000014 s
[Rank 50] Local SpMV time: 0.000016 s
[Rank 95] Local SpMV time: 0.000016 s
[Rank 28] Local SpMV time: 0.000032 s
[Rank 121] Local SpMV time: 0.000016 s
[Rank 120] Local SpMV time: 0.000016 s
[Rank 75] Local SpMV time: 0.000014 s
[Rank 58] Local SpMV time: 0.000016 s
[Rank 108] Local SpMV time: 0.000016 s
[Rank 83] Local SpMV time: 0.000017 s
[Rank 124] Local SpMV time: 0.000016 s
[Rank 55] Local SpMV time: 0.000016 s
[Rank 30] Local SpMV time: 0.000015 s
[Rank 98] Local SpMV time: 0.000016 s
[Rank 102] Local SpMV time: 0.000020 s
[Rank 92] Local SpMV time: 0.000016 s
[Rank 14] Local SpMV time: 0.000020 s
[Rank 109] Local SpMV time: 0.000016 s
[Rank 47] Local SpMV time: 0.000016 s
[Rank 43] Local SpMV time: 0.000016 s
[Rank 90] Local SpMV time: 0.000015 s
[Rank 94] Local SpMV time: 0.000016 s
[Rank 60] Local SpMV time: 0.000014 s
[Rank 23] Local SpMV time: 0.000016 s
[Rank 29] Local SpMV time: 0.000016 s
[Rank 74] Local SpMV time: 0.000016 s
[Rank 91] Local SpMV time: 0.000017 s
[Rank 119] Local SpMV time: 0.000016 s
[Rank 125] Local SpMV time: 0.000016 s
[Rank 110] Local SpMV time: 0.000016 s
[Rank 107] Local SpMV time: 0.000017 s
[Rank 54] Local SpMV time: 0.000017 s
[Rank 78] Local SpMV time: 0.000016 s
[Rank 31] Local SpMV time: 0.000017 s
[Rank 57] Local SpMV time: 0.000016 s
[Rank 115] Local SpMV time: 0.000017 s
[Rank 79] Local SpMV time: 0.000015 s
[Rank 42] Local SpMV time: 0.000035 s
[Rank 106] Local SpMV time: 0.000018 s
[Rank 111] Local SpMV time: 0.000017 s
[Rank 114] Local SpMV time: 0.000016 s
[Rank 118] Local SpMV time: 0.000018 s
[Rank 127] Local SpMV time: 0.000015 s
[Rank 62] Local SpMV time: 0.000017 s
[Rank 122] Local SpMV time: 0.000018 s
[Rank 59] Local SpMV time: 0.000018 s
[Rank 123] Local SpMV time: 0.000016 s
[Rank 61] Local SpMV time: 0.000015 s
[Rank 126] Local SpMV time: 0.000018 s
[Rank 63] Local SpMV time: 0.000018 s
Global FLOPs per SpMV: 21080

-----------------------------------------------------------------------------------------------
  P |  Time(s) | Comp% | Comm% |  GFLOP/s | Speedup |  Eff% | Mem(MiB) | NNZ min | NNZ avg | NNZ max
-----------------------------------------------------------------------------------------------
128 |   7.7461 |   0.0 |  90.9 |     0.000 |    0.00 |   0.00 |     0.02 |      50 |     82.3 |      95

