Strong scaling results for tols2000.mtx
Date: Fri Jan  2 18:16:42 CET 2026
----------------------------------------

[Rank 0] Matrix: 2000 x 2000, nnz=5184 | grid=1x1 | pattern=0 symmetric=0
[Rank 0] Matrix: 2000 x 2000, nnz=5184 | grid=1x1
[Rank 0] Local SpMV time: 0.002354 s
Global FLOPs per SpMV: 10368

-----------------------------------------------------------------------------------------------
  P |  Time(s) | Comp% | Comm% |  GFLOP/s | Speedup |  Eff% | Mem(MiB) | NNZ min | NNZ avg | NNZ max
-----------------------------------------------------------------------------------------------
  1 |   0.0024 |  98.0 |   0.8 |     0.004 |    N/A   |   N/A  |     0.19 |    5184 |   5184.0 |    5184
BASELINE_T1=0.0024

----------------------------------------
np=2, OMP_NUM_THREADS=64
----------------------------------------
[Rank 0] Matrix: 2000 x 2000, nnz=5184 | grid=2x1 | pattern=0 symmetric=0
[Rank 0] Matrix: 2000 x 2000, nnz=5184 | grid=2x1
[Rank 0] Local SpMV time: 0.002820 s
Global FLOPs per SpMV: 7456

-----------------------------------------------------------------------------------------------
  P |  Time(s) | Comp% | Comm% |  GFLOP/s | Speedup |  Eff% | Mem(MiB) | NNZ min | NNZ avg | NNZ max
-----------------------------------------------------------------------------------------------
  2 |   0.0035 |  81.2 |   9.0 |     0.002 |    0.69 |  34.57 |     0.10 |    1136 |   1864.0 |    2592
[Rank 1] Local SpMV time: 0.002066 s

----------------------------------------
np=4, OMP_NUM_THREADS=32
----------------------------------------
[Rank 0] Matrix: 2000 x 2000, nnz=5184 | grid=2x2 | pattern=0 symmetric=0
[Rank 0] Matrix: 2000 x 2000, nnz=5184 | grid=2x2
[Rank 0] Local SpMV time: 0.000918 s
[Rank 1] Local SpMV time: 0.001095 s
[Rank 2] Local SpMV time: 0.002054 s
[Rank 3] Local SpMV time: 0.024558 s
Global FLOPs per SpMV: 6296

-----------------------------------------------------------------------------------------------
  P |  Time(s) | Comp% | Comm% |  GFLOP/s | Speedup |  Eff% | Mem(MiB) | NNZ min | NNZ avg | NNZ max
-----------------------------------------------------------------------------------------------
  4 |   0.0529 |  46.4 |  17.3 |     0.000 |    0.05 |   1.13 |     0.09 |     243 |    787.0 |    2187

----------------------------------------
np=8, OMP_NUM_THREADS=16
----------------------------------------
[Rank 0] Matrix: 2000 x 2000, nnz=5184 | grid=4x2 | pattern=0 symmetric=0
[Rank 0] Matrix: 2000 x 2000, nnz=5184 | grid=4x2
[Rank 1] Local SpMV time: 0.000465 s
[Rank 3] Local SpMV time: 0.003841 s
[Rank 5] Local SpMV time: 0.007248 s
[Rank 0] Local SpMV time: 0.011200 s
[Rank 7] Local SpMV time: 0.021422 s
[Rank 2] Local SpMV time: 0.003700 s
[Rank 4] Local SpMV time: 0.007147 s
[Rank 6] Local SpMV time: 0.011094 s
Global FLOPs per SpMV: 5336

-----------------------------------------------------------------------------------------------
  P |  Time(s) | Comp% | Comm% |  GFLOP/s | Speedup |  Eff% | Mem(MiB) | NNZ min | NNZ avg | NNZ max
-----------------------------------------------------------------------------------------------
  8 |   0.1320 |  16.2 |  33.4 |     0.000 |    0.02 |   0.23 |     0.04 |      36 |    333.5 |    1029

----------------------------------------
np=16, OMP_NUM_THREADS=8
----------------------------------------
[Rank 0] Matrix: 2000 x 2000, nnz=5184 | grid=4x4 | pattern=0 symmetric=0
[Rank 0] Matrix: 2000 x 2000, nnz=5184 | grid=4x4
[Rank 1] Local SpMV time: 0.000294 s
[Rank 9] Local SpMV time: 0.013089 s
[Rank 5] Local SpMV time: 0.004320 s
[Rank 13] Local SpMV time: 0.006317 s
[Rank 3] Local SpMV time: 0.000276 s
[Rank 0] Local SpMV time: 0.011097 s
[Rank 4] Local SpMV time: 0.002083 s
[Rank 2] Local SpMV time: 0.004037 s
[Rank 7] Local SpMV time: 0.011145 s
[Rank 8] Local SpMV time: 0.006006 s
[Rank 12] Local SpMV time: 0.000236 s
[Rank 6] Local SpMV time: 0.002209 s
[Rank 11] Local SpMV time: 0.000270 s
[Rank 10] Local SpMV time: 0.004173 s
[Rank 15] Local SpMV time: 0.022151 s
[Rank 14] Local SpMV time: 0.000279 s
Global FLOPs per SpMV: 5204

-----------------------------------------------------------------------------------------------
  P |  Time(s) | Comp% | Comm% |  GFLOP/s | Speedup |  Eff% | Mem(MiB) | NNZ min | NNZ avg | NNZ max
-----------------------------------------------------------------------------------------------
 16 |   0.5380 |   4.1 |  80.8 |     0.000 |    0.00 |   0.03 |     0.04 |       8 |    162.6 |     902

----------------------------------------
np=32, OMP_NUM_THREADS=4
----------------------------------------
[Rank 0] Matrix: 2000 x 2000, nnz=5184 | grid=8x4 | pattern=0 symmetric=0
[Rank 0] Matrix: 2000 x 2000, nnz=5184 | grid=8x4
[Rank 0] Local SpMV time: 0.000183 s
[Rank 1] Local SpMV time: 0.000178 s
[Rank 5] Local SpMV time: 0.000147 s
[Rank 8] Local SpMV time: 0.000195 s
[Rank 9] Local SpMV time: 0.000147 s
[Rank 2] Local SpMV time: 0.002152 s
[Rank 10] Local SpMV time: 0.004127 s
[Rank 13] Local SpMV time: 0.000159 s
[Rank 4] Local SpMV time: 0.017023 s
[Rank 3] Local SpMV time: 0.000145 s
[Rank 12] Local SpMV time: 0.000165 s
[Rank 16] Local SpMV time: 0.000156 s
[Rank 17] Local SpMV time: 0.000595 s
[Rank 18] Local SpMV time: 0.000188 s
[Rank 11] Local SpMV time: 0.000148 s
[Rank 24] Local SpMV time: 0.002156 s
[Rank 6] Local SpMV time: 0.004123 s
[Rank 7] Local SpMV time: 0.011098 s
[Rank 26] Local SpMV time: 0.006077 s
[Rank 25] Local SpMV time: 0.011217 s
[Rank 14] Local SpMV time: 0.000179 s
[Rank 21] Local SpMV time: 0.013064 s
[Rank 19] Local SpMV time: 0.026872 s
[Rank 27] Local SpMV time: 0.000147 s
[Rank 28] Local SpMV time: 0.000155 s
[Rank 15] Local SpMV time: 0.000141 s
[Rank 20] Local SpMV time: 0.000148 s
[Rank 29] Local SpMV time: 0.001885 s
[Rank 31] Local SpMV time: 0.003784 s
[Rank 30] Local SpMV time: 0.000176 s
[Rank 23] Local SpMV time: 0.000139 s
[Rank 22] Local SpMV time: 0.000152 s
Global FLOPs per SpMV: 4918

-----------------------------------------------------------------------------------------------
  P |  Time(s) | Comp% | Comm% |  GFLOP/s | Speedup |  Eff% | Mem(MiB) | NNZ min | NNZ avg | NNZ max
-----------------------------------------------------------------------------------------------
 32 |   0.8909 |   3.0 |  79.0 |     0.000 |    0.00 |   0.01 |     0.02 |       0 |     76.8 |     452

----------------------------------------
np=64, OMP_NUM_THREADS=2
----------------------------------------
[Rank 0] Matrix: 2000 x 2000, nnz=5184 | grid=8x8 | pattern=0 symmetric=0
[Rank 0] Matrix: 2000 x 2000, nnz=5184 | grid=8x8
[Rank 1] Local SpMV time: 0.000153 s
[Rank 9] Local SpMV time: 0.001552 s
[Rank 33] Local SpMV time: 0.002910 s
[Rank 17] Local SpMV time: 0.000108 s
[Rank 41] Local SpMV time: 0.001371 s
[Rank 25] Local SpMV time: 0.000072 s
[Rank 49] Local SpMV time: 0.001460 s
[Rank 0] Local SpMV time: 0.000130 s
[Rank 5] Local SpMV time: 0.011112 s
[Rank 2] Local SpMV time: 0.001938 s
[Rank 3] Local SpMV time: 0.012383 s
[Rank 37] Local SpMV time: 0.000062 s
[Rank 4] Local SpMV time: 0.000110 s
[Rank 32] Local SpMV time: 0.000053 s
[Rank 53] Local SpMV time: 0.000066 s
[Rank 11] Local SpMV time: 0.001487 s
[Rank 40] Local SpMV time: 0.000101 s
[Rank 57] Local SpMV time: 0.000053 s
[Rank 35] Local SpMV time: 0.000110 s
[Rank 7] Local SpMV time: 0.000058 s
[Rank 34] Local SpMV time: 0.000116 s
[Rank 13] Local SpMV time: 0.000108 s
[Rank 16] Local SpMV time: 0.000068 s
[Rank 19] Local SpMV time: 0.000060 s
[Rank 8] Local SpMV time: 0.000105 s
[Rank 43] Local SpMV time: 0.001310 s
[Rank 23] Local SpMV time: 0.002866 s
[Rank 15] Local SpMV time: 0.004381 s
[Rank 21] Local SpMV time: 0.005454 s
[Rank 48] Local SpMV time: 0.000107 s
[Rank 45] Local SpMV time: 0.011055 s
[Rank 42] Local SpMV time: 0.000076 s
[Rank 6] Local SpMV time: 0.001705 s
[Rank 24] Local SpMV time: 0.011054 s
[Rank 31] Local SpMV time: 0.000113 s
[Rank 29] Local SpMV time: 0.012419 s
[Rank 36] Local SpMV time: 0.000078 s
[Rank 51] Local SpMV time: 0.000112 s
[Rank 61] Local SpMV time: 0.000110 s
[Rank 20] Local SpMV time: 0.011009 s
[Rank 44] Local SpMV time: 0.001654 s
[Rank 27] Local SpMV time: 0.000118 s
[Rank 10] Local SpMV time: 0.000108 s
[Rank 39] Local SpMV time: 0.001608 s
[Rank 50] Local SpMV time: 0.000108 s
[Rank 59] Local SpMV time: 0.000061 s
[Rank 18] Local SpMV time: 0.000106 s
[Rank 12] Local SpMV time: 0.000105 s
[Rank 56] Local SpMV time: 0.000098 s
[Rank 38] Local SpMV time: 0.000103 s
[Rank 26] Local SpMV time: 0.000102 s
[Rank 52] Local SpMV time: 0.000100 s
[Rank 58] Local SpMV time: 0.001174 s
[Rank 22] Local SpMV time: 0.013253 s
[Rank 47] Local SpMV time: 0.000068 s
[Rank 54] Local SpMV time: 0.003657 s
[Rank 28] Local SpMV time: 0.000098 s
[Rank 55] Local SpMV time: 0.000071 s
[Rank 30] Local SpMV time: 0.011056 s
[Rank 14] Local SpMV time: 0.000100 s
[Rank 60] Local SpMV time: 0.000119 s
[Rank 63] Local SpMV time: 0.011056 s
[Rank 62] Local SpMV time: 0.012205 s
[Rank 46] Local SpMV time: 0.000058 s
Global FLOPs per SpMV: 4886

-----------------------------------------------------------------------------------------------
  P |  Time(s) | Comp% | Comm% |  GFLOP/s | Speedup |  Eff% | Mem(MiB) | NNZ min | NNZ avg | NNZ max
-----------------------------------------------------------------------------------------------
 64 |   2.4640 |   0.5 |  71.4 |     0.000 |    0.00 |   0.00 |     0.02 |       0 |     38.2 |     419

----------------------------------------
np=128, OMP_NUM_THREADS=1
----------------------------------------
[Rank 0] Matrix: 2000 x 2000, nnz=5184 | grid=16x8 | pattern=0 symmetric=0
[Rank 0] Matrix: 2000 x 2000, nnz=5184 | grid=16x8
[Rank 1] Local SpMV time: 0.000023 s
[Rank 17] Local SpMV time: 0.000016 s
[Rank 9] Local SpMV time: 0.000016 s
[Rank 3] Local SpMV time: 0.000015 s
[Rank 5] Local SpMV time: 0.000013 s
[Rank 25] Local SpMV time: 0.000013 s
[Rank 65] Local SpMV time: 0.000013 s
[Rank 97] Local SpMV time: 0.000014 s
[Rank 0] Local SpMV time: 0.000025 s
[Rank 69] Local SpMV time: 0.000012 s
[Rank 32] Local SpMV time: 0.000013 s
[Rank 101] Local SpMV time: 0.000012 s
[Rank 33] Local SpMV time: 0.000014 s
[Rank 73] Local SpMV time: 0.000015 s
[Rank 2] Local SpMV time: 0.000013 s
[Rank 67] Local SpMV time: 0.000015 s
[Rank 21] Local SpMV time: 0.000015 s
[Rank 77] Local SpMV time: 0.000014 s
[Rank 8] Local SpMV time: 0.000015 s
[Rank 48] Local SpMV time: 0.000013 s
[Rank 4] Local SpMV time: 0.000015 s
[Rank 11] Local SpMV time: 0.000014 s
[Rank 16] Local SpMV time: 0.000014 s
[Rank 13] Local SpMV time: 0.000013 s
[Rank 75] Local SpMV time: 0.000014 s
[Rank 12] Local SpMV time: 0.000015 s
[Rank 113] Local SpMV time: 0.000013 s
[Rank 7] Local SpMV time: 0.000013 s
[Rank 36] Local SpMV time: 0.000015 s
[Rank 56] Local SpMV time: 0.000013 s
[Rank 19] Local SpMV time: 0.000015 s
[Rank 41] Local SpMV time: 0.000014 s
[Rank 15] Local SpMV time: 0.000013 s
[Rank 34] Local SpMV time: 0.000015 s
[Rank 35] Local SpMV time: 0.000015 s
[Rank 81] Local SpMV time: 0.000013 s
[Rank 24] Local SpMV time: 0.000015 s
[Rank 64] Local SpMV time: 0.000014 s
[Rank 18] Local SpMV time: 0.000015 s
[Rank 29] Local SpMV time: 0.000014 s
[Rank 40] Local SpMV time: 0.000015 s
[Rank 80] Local SpMV time: 0.000015 s
[Rank 121] Local SpMV time: 0.000014 s
[Rank 96] Local SpMV time: 0.000013 s
[Rank 105] Local SpMV time: 0.000013 s
[Rank 66] Local SpMV time: 0.000014 s
[Rank 20] Local SpMV time: 0.000014 s
[Rank 49] Local SpMV time: 0.000014 s
[Rank 72] Local SpMV time: 0.000012 s
[Rank 51] Local SpMV time: 0.000013 s
[Rank 99] Local SpMV time: 0.000014 s
[Rank 44] Local SpMV time: 0.000014 s
[Rank 37] Local SpMV time: 0.000013 s
[Rank 26] Local SpMV time: 0.000013 s
[Rank 71] Local SpMV time: 0.000014 s
[Rank 6] Local SpMV time: 0.000013 s
[Rank 10] Local SpMV time: 0.000014 s
[Rank 82] Local SpMV time: 0.000014 s
[Rank 85] Local SpMV time: 0.000014 s
[Rank 38] Local SpMV time: 0.000015 s
[Rank 117] Local SpMV time: 0.000014 s
[Rank 88] Local SpMV time: 0.000015 s
[Rank 27] Local SpMV time: 0.000016 s
[Rank 43] Local SpMV time: 0.000014 s
[Rank 52] Local SpMV time: 0.000016 s
[Rank 115] Local SpMV time: 0.000013 s
[Rank 42] Local SpMV time: 0.000014 s
[Rank 22] Local SpMV time: 0.000014 s
[Rank 39] Local SpMV time: 0.000014 s
[Rank 112] Local SpMV time: 0.000013 s
[Rank 89] Local SpMV time: 0.000014 s
[Rank 107] Local SpMV time: 0.000014 s
[Rank 50] Local SpMV time: 0.000016 s
[Rank 57] Local SpMV time: 0.000013 s
[Rank 90] Local SpMV time: 0.000013 s
[Rank 60] Local SpMV time: 0.000014 s
[Rank 54] Local SpMV time: 0.000016 s
[Rank 47] Local SpMV time: 0.000014 s
[Rank 104] Local SpMV time: 0.000014 s
[Rank 23] Local SpMV time: 0.000015 s
[Rank 93] Local SpMV time: 0.000013 s
[Rank 58] Local SpMV time: 0.000014 s
[Rank 123] Local SpMV time: 0.000014 s
[Rank 14] Local SpMV time: 0.000016 s
[Rank 83] Local SpMV time: 0.000014 s
[Rank 28] Local SpMV time: 0.000013 s
[Rank 109] Local SpMV time: 0.000014 s
[Rank 45] Local SpMV time: 0.000015 s
[Rank 98] Local SpMV time: 0.000014 s
[Rank 53] Local SpMV time: 0.000013 s
[Rank 68] Local SpMV time: 0.000013 s
[Rank 79] Local SpMV time: 0.000014 s
[Rank 31] Local SpMV time: 0.000015 s
[Rank 74] Local SpMV time: 0.000015 s
[Rank 46] Local SpMV time: 0.000014 s
[Rank 103] Local SpMV time: 0.000015 s
[Rank 84] Local SpMV time: 0.000015 s
[Rank 30] Local SpMV time: 0.000013 s
[Rank 55] Local SpMV time: 0.000013 s
[Rank 125] Local SpMV time: 0.000015 s
[Rank 92] Local SpMV time: 0.000014 s
[Rank 59] Local SpMV time: 0.000013 s
[Rank 62] Local SpMV time: 0.000015 s
[Rank 87] Local SpMV time: 0.000013 s
[Rank 106] Local SpMV time: 0.000014 s
[Rank 61] Local SpMV time: 0.000015 s
[Rank 120] Local SpMV time: 0.000014 s
[Rank 91] Local SpMV time: 0.000015 s
[Rank 111] Local SpMV time: 0.000015 s
[Rank 114] Local SpMV time: 0.000015 s
[Rank 76] Local SpMV time: 0.000015 s
[Rank 100] Local SpMV time: 0.000016 s
[Rank 119] Local SpMV time: 0.000014 s
[Rank 70] Local SpMV time: 0.000015 s
[Rank 108] Local SpMV time: 0.000014 s
[Rank 116] Local SpMV time: 0.000016 s
[Rank 124] Local SpMV time: 0.000014 s
[Rank 95] Local SpMV time: 0.000016 s
[Rank 78] Local SpMV time: 0.000014 s
[Rank 127] Local SpMV time: 0.000015 s
[Rank 102] Local SpMV time: 0.000015 s
[Rank 122] Local SpMV time: 0.000015 s
[Rank 63] Local SpMV time: 0.000016 s
[Rank 86] Local SpMV time: 0.000014 s
[Rank 118] Local SpMV time: 0.000015 s
[Rank 94] Local SpMV time: 0.000015 s
[Rank 126] Local SpMV time: 0.000016 s
[Rank 110] Local SpMV time: 0.000016 s
Global FLOPs per SpMV: 4864

-----------------------------------------------------------------------------------------------
  P |  Time(s) | Comp% | Comm% |  GFLOP/s | Speedup |  Eff% | Mem(MiB) | NNZ min | NNZ avg | NNZ max
-----------------------------------------------------------------------------------------------
128 |   4.9280 |   0.0 |  71.4 |     0.000 |    0.00 |   0.00 |     0.01 |       0 |     19.0 |     217

