Strong scaling results for Trefethen_2000.mtx
Date: Fri Jan  2 18:21:51 CET 2026
----------------------------------------

[Rank 0] Matrix: 2000 x 2000, nnz=21953 | grid=1x1 | pattern=0 symmetric=1
[Rank 0] Matrix: 2000 x 2000, nnz=21953 | grid=1x1
[Rank 0] Local SpMV time: 0.002023 s
Global FLOPs per SpMV: 83812

-----------------------------------------------------------------------------------------------
  P |  Time(s) | Comp% | Comm% |  GFLOP/s | Speedup |  Eff% | Mem(MiB) | NNZ min | NNZ avg | NNZ max
-----------------------------------------------------------------------------------------------
  1 |   0.0021 |  97.1 |   1.5 |     0.040 |    N/A   |   N/A  |     1.17 |   41906 |  41906.0 |   41906
BASELINE_T1=0.0021

----------------------------------------
np=2, OMP_NUM_THREADS=64
----------------------------------------
[Rank 0] Matrix: 2000 x 2000, nnz=21953 | grid=2x1 | pattern=0 symmetric=1
[Rank 0] Matrix: 2000 x 2000, nnz=21953 | grid=2x1
[Rank 0] Local SpMV time: 0.001888 s
Global FLOPs per SpMV: 52088

-----------------------------------------------------------------------------------------------
  P |  Time(s) | Comp% | Comm% |  GFLOP/s | Speedup |  Eff% | Mem(MiB) | NNZ min | NNZ avg | NNZ max
-----------------------------------------------------------------------------------------------
  2 |   0.0030 |  68.0 |  10.3 |     0.017 |    0.70 |  35.08 |     0.48 |    9449 |  13022.0 |   16595
[Rank 1] Local SpMV time: 0.002034 s

----------------------------------------
np=4, OMP_NUM_THREADS=32
----------------------------------------
[Rank 0] Matrix: 2000 x 2000, nnz=21953 | grid=2x2 | pattern=0 symmetric=1
[Rank 0] Matrix: 2000 x 2000, nnz=21953 | grid=2x2
[Rank 0] Local SpMV time: 0.000860 s
[Rank 1] Local SpMV time: 0.002075 s
[Rank 2] Local SpMV time: 0.013617 s
[Rank 3] Local SpMV time: 0.016739 s
Global FLOPs per SpMV: 33816

-----------------------------------------------------------------------------------------------
  P |  Time(s) | Comp% | Comm% |  GFLOP/s | Speedup |  Eff% | Mem(MiB) | NNZ min | NNZ avg | NNZ max
-----------------------------------------------------------------------------------------------
  4 |   0.0392 |  42.7 |  30.5 |     0.001 |    0.05 |   1.34 |     0.32 |     973 |   4227.0 |   10799

----------------------------------------
np=8, OMP_NUM_THREADS=16
----------------------------------------
[Rank 0] Matrix: 2000 x 2000, nnz=21953 | grid=4x2 | pattern=0 symmetric=1
[Rank 0] Matrix: 2000 x 2000, nnz=21953 | grid=4x2
[Rank 4] Local SpMV time: 0.000467 s
[Rank 1] Local SpMV time: 0.000564 s
[Rank 0] Local SpMV time: 0.014884 s
[Rank 5] Local SpMV time: 0.014471 s
[Rank 7] Local SpMV time: 0.003340 s
[Rank 6] Local SpMV time: 0.010813 s
[Rank 3] Local SpMV time: 0.003710 s
[Rank 2] Local SpMV time: 0.042997 s
Global FLOPs per SpMV: 27006

-----------------------------------------------------------------------------------------------
  P |  Time(s) | Comp% | Comm% |  GFLOP/s | Speedup |  Eff% | Mem(MiB) | NNZ min | NNZ avg | NNZ max
-----------------------------------------------------------------------------------------------
  8 |   0.1417 |  30.3 |  31.0 |     0.000 |    0.01 |   0.19 |     0.13 |     271 |   1687.9 |    4158

----------------------------------------
np=16, OMP_NUM_THREADS=8
----------------------------------------
[Rank 0] Matrix: 2000 x 2000, nnz=21953 | grid=4x4 | pattern=0 symmetric=1
[Rank 0] Matrix: 2000 x 2000, nnz=21953 | grid=4x4
[Rank 0] Local SpMV time: 0.000258 s
[Rank 8] Local SpMV time: 0.000238 s
[Rank 1] Local SpMV time: 0.000432 s
[Rank 5] Local SpMV time: 0.013320 s
[Rank 9] Local SpMV time: 0.011143 s
[Rank 2] Local SpMV time: 0.000263 s
[Rank 4] Local SpMV time: 0.002238 s
[Rank 12] Local SpMV time: 0.000281 s
[Rank 6] Local SpMV time: 0.000299 s
[Rank 7] Local SpMV time: 0.076467 s
[Rank 10] Local SpMV time: 0.011171 s
[Rank 13] Local SpMV time: 0.087528 s
[Rank 3] Local SpMV time: 0.109971 s
[Rank 15] Local SpMV time: 0.008949 s
[Rank 14] Local SpMV time: 0.000275 s
[Rank 11] Local SpMV time: 0.112992 s
Global FLOPs per SpMV: 22382

-----------------------------------------------------------------------------------------------
  P |  Time(s) | Comp% | Comm% |  GFLOP/s | Speedup |  Eff% | Mem(MiB) | NNZ min | NNZ avg | NNZ max
-----------------------------------------------------------------------------------------------
 16 |   0.6160 |  18.3 |  83.9 |     0.000 |    0.00 |   0.02 |     0.10 |      74 |    699.4 |    3184

----------------------------------------
np=32, OMP_NUM_THREADS=4
----------------------------------------
[Rank 0] Matrix: 2000 x 2000, nnz=21953 | grid=8x4 | pattern=0 symmetric=1
[Rank 0] Matrix: 2000 x 2000, nnz=21953 | grid=8x4
[Rank 1] Local SpMV time: 0.011061 s
[Rank 16] Local SpMV time: 0.011072 s
[Rank 17] Local SpMV time: 0.000176 s
[Rank 5] Local SpMV time: 0.001903 s
[Rank 0] Local SpMV time: 0.065799 s
[Rank 21] Local SpMV time: 0.000175 s
[Rank 4] Local SpMV time: 0.001779 s
[Rank 8] Local SpMV time: 0.002412 s
[Rank 3] Local SpMV time: 0.000178 s
[Rank 25] Local SpMV time: 0.000215 s
[Rank 2] Local SpMV time: 0.000178 s
[Rank 24] Local SpMV time: 0.000183 s
[Rank 9] Local SpMV time: 0.000212 s
[Rank 12] Local SpMV time: 0.000166 s
[Rank 19] Local SpMV time: 0.002203 s
[Rank 11] Local SpMV time: 0.001898 s
[Rank 20] Local SpMV time: 0.000212 s
[Rank 7] Local SpMV time: 0.000211 s
[Rank 18] Local SpMV time: 0.002100 s
[Rank 29] Local SpMV time: 0.002091 s
[Rank 10] Local SpMV time: 0.000150 s
[Rank 13] Local SpMV time: 0.000212 s
[Rank 6] Local SpMV time: 0.000248 s
[Rank 15] Local SpMV time: 0.000222 s
[Rank 22] Local SpMV time: 0.012933 s
[Rank 23] Local SpMV time: 0.000181 s
[Rank 28] Local SpMV time: 0.000180 s
[Rank 27] Local SpMV time: 0.000188 s
[Rank 31] Local SpMV time: 0.011046 s
[Rank 14] Local SpMV time: 0.000176 s
[Rank 26] Local SpMV time: 0.000185 s
[Rank 30] Local SpMV time: 0.011111 s
Global FLOPs per SpMV: 20794

-----------------------------------------------------------------------------------------------
  P |  Time(s) | Comp% | Comm% |  GFLOP/s | Speedup |  Eff% | Mem(MiB) | NNZ min | NNZ avg | NNZ max
-----------------------------------------------------------------------------------------------
 32 |   0.8960 |   7.3 |  58.7 |     0.000 |    0.00 |   0.01 |     0.05 |      21 |    324.9 |    1444

----------------------------------------
np=64, OMP_NUM_THREADS=2
----------------------------------------
[Rank 0] Matrix: 2000 x 2000, nnz=21953 | grid=8x8 | pattern=0 symmetric=1
[Rank 0] Matrix: 2000 x 2000, nnz=21953 | grid=8x8
[Rank 1] Local SpMV time: 0.000193 s
[Rank 17] Local SpMV time: 0.000138 s
[Rank 3] Local SpMV time: 0.000142 s
[Rank 33] Local SpMV time: 0.000200 s
[Rank 5] Local SpMV time: 0.012436 s
[Rank 9] Local SpMV time: 0.000145 s
[Rank 21] Local SpMV time: 0.001322 s
[Rank 37] Local SpMV time: 0.001917 s
[Rank 7] Local SpMV time: 0.002490 s
[Rank 35] Local SpMV time: 0.014924 s
[Rank 41] Local SpMV time: 0.000147 s
[Rank 29] Local SpMV time: 0.001720 s
[Rank 25] Local SpMV time: 0.013881 s
[Rank 11] Local SpMV time: 0.000071 s
[Rank 39] Local SpMV time: 0.000142 s
[Rank 0] Local SpMV time: 0.000137 s
[Rank 45] Local SpMV time: 0.000104 s
[Rank 32] Local SpMV time: 0.000135 s
[Rank 19] Local SpMV time: 0.000096 s
[Rank 23] Local SpMV time: 0.001404 s
[Rank 27] Local SpMV time: 0.001651 s
[Rank 49] Local SpMV time: 0.000139 s
[Rank 16] Local SpMV time: 0.011048 s
[Rank 43] Local SpMV time: 0.001811 s
[Rank 8] Local SpMV time: 0.000103 s
[Rank 13] Local SpMV time: 0.000133 s
[Rank 40] Local SpMV time: 0.000103 s
[Rank 48] Local SpMV time: 0.001234 s
[Rank 15] Local SpMV time: 0.000119 s
[Rank 57] Local SpMV time: 0.011000 s
[Rank 2] Local SpMV time: 0.000109 s
[Rank 47] Local SpMV time: 0.011004 s
[Rank 31] Local SpMV time: 0.001601 s
[Rank 24] Local SpMV time: 0.000100 s
[Rank 53] Local SpMV time: 0.011044 s
[Rank 55] Local SpMV time: 0.001651 s
[Rank 4] Local SpMV time: 0.000123 s
[Rank 51] Local SpMV time: 0.000124 s
[Rank 36] Local SpMV time: 0.000060 s
[Rank 61] Local SpMV time: 0.000153 s
[Rank 34] Local SpMV time: 0.000124 s
[Rank 56] Local SpMV time: 0.001342 s
[Rank 20] Local SpMV time: 0.001746 s
[Rank 50] Local SpMV time: 0.000125 s
[Rank 63] Local SpMV time: 0.011046 s
[Rank 12] Local SpMV time: 0.011059 s
[Rank 10] Local SpMV time: 0.001247 s
[Rank 59] Local SpMV time: 0.000146 s
[Rank 18] Local SpMV time: 0.000122 s
[Rank 52] Local SpMV time: 0.001343 s
[Rank 26] Local SpMV time: 0.001329 s
[Rank 6] Local SpMV time: 0.001535 s
[Rank 42] Local SpMV time: 0.000123 s
[Rank 44] Local SpMV time: 0.000117 s
[Rank 22] Local SpMV time: 0.001278 s
[Rank 28] Local SpMV time: 0.000157 s
[Rank 58] Local SpMV time: 0.021939 s
[Rank 38] Local SpMV time: 0.000998 s
[Rank 46] Local SpMV time: 0.000103 s
[Rank 60] Local SpMV time: 0.000132 s
[Rank 14] Local SpMV time: 0.011057 s
[Rank 54] Local SpMV time: 0.000071 s
[Rank 30] Local SpMV time: 0.001156 s
[Rank 62] Local SpMV time: 0.011057 s
Global FLOPs per SpMV: 19614

-----------------------------------------------------------------------------------------------
  P |  Time(s) | Comp% | Comm% |  GFLOP/s | Speedup |  Eff% | Mem(MiB) | NNZ min | NNZ avg | NNZ max
-----------------------------------------------------------------------------------------------
 64 |   2.1310 |   1.0 |  49.6 |     0.000 |    0.00 |   0.00 |     0.04 |       0 |    153.2 |    1227

----------------------------------------
np=128, OMP_NUM_THREADS=1
----------------------------------------
[Rank 0] Matrix: 2000 x 2000, nnz=21953 | grid=16x8 | pattern=0 symmetric=1
[Rank 0] Matrix: 2000 x 2000, nnz=21953 | grid=16x8
[Rank 0] Local SpMV time: 0.000026 s
[Rank 16] Local SpMV time: 0.000026 s
[Rank 8] Local SpMV time: 0.000025 s
[Rank 24] Local SpMV time: 0.000015 s
[Rank 4] Local SpMV time: 0.000025 s
[Rank 1] Local SpMV time: 0.000034 s
[Rank 3] Local SpMV time: 0.000031 s
[Rank 64] Local SpMV time: 0.000029 s
[Rank 32] Local SpMV time: 0.000015 s
[Rank 20] Local SpMV time: 0.000026 s
[Rank 36] Local SpMV time: 0.000026 s
[Rank 9] Local SpMV time: 0.000019 s
[Rank 17] Local SpMV time: 0.000025 s
[Rank 65] Local SpMV time: 0.000024 s
[Rank 72] Local SpMV time: 0.000024 s
[Rank 28] Local SpMV time: 0.000015 s
[Rank 2] Local SpMV time: 0.000028 s
[Rank 73] Local SpMV time: 0.000027 s
[Rank 68] Local SpMV time: 0.000026 s
[Rank 33] Local SpMV time: 0.000025 s
[Rank 6] Local SpMV time: 0.000025 s
[Rank 12] Local SpMV time: 0.000024 s
[Rank 22] Local SpMV time: 0.000026 s
[Rank 67] Local SpMV time: 0.000030 s
[Rank 97] Local SpMV time: 0.000026 s
[Rank 38] Local SpMV time: 0.000025 s
[Rank 49] Local SpMV time: 0.000026 s
[Rank 48] Local SpMV time: 0.000024 s
[Rank 57] Local SpMV time: 0.000024 s
[Rank 96] Local SpMV time: 0.000024 s
[Rank 11] Local SpMV time: 0.000031 s
[Rank 40] Local SpMV time: 0.000024 s
[Rank 81] Local SpMV time: 0.000024 s
[Rank 75] Local SpMV time: 0.000030 s
[Rank 44] Local SpMV time: 0.000025 s
[Rank 52] Local SpMV time: 0.000025 s
[Rank 76] Local SpMV time: 0.000026 s
[Rank 100] Local SpMV time: 0.000026 s
[Rank 5] Local SpMV time: 0.000026 s
[Rank 80] Local SpMV time: 0.000026 s
[Rank 19] Local SpMV time: 0.000031 s
[Rank 25] Local SpMV time: 0.000026 s
[Rank 66] Local SpMV time: 0.000026 s
[Rank 56] Local SpMV time: 0.000015 s
[Rank 41] Local SpMV time: 0.000024 s
[Rank 88] Local SpMV time: 0.000025 s
[Rank 18] Local SpMV time: 0.000030 s
[Rank 82] Local SpMV time: 0.000026 s
[Rank 54] Local SpMV time: 0.000028 s
[Rank 35] Local SpMV time: 0.000017 s
[Rank 46] Local SpMV time: 0.000024 s
[Rank 10] Local SpMV time: 0.000017 s
[Rank 113] Local SpMV time: 0.000025 s
[Rank 105] Local SpMV time: 0.000025 s
[Rank 70] Local SpMV time: 0.000027 s
[Rank 51] Local SpMV time: 0.000028 s
[Rank 78] Local SpMV time: 0.000025 s
[Rank 34] Local SpMV time: 0.000031 s
[Rank 121] Local SpMV time: 0.000016 s
[Rank 102] Local SpMV time: 0.000024 s
[Rank 59] Local SpMV time: 0.000029 s
[Rank 104] Local SpMV time: 0.000023 s
[Rank 30] Local SpMV time: 0.000024 s
[Rank 27] Local SpMV time: 0.000031 s
[Rank 112] Local SpMV time: 0.000023 s
[Rank 84] Local SpMV time: 0.000016 s
[Rank 83] Local SpMV time: 0.000021 s
[Rank 74] Local SpMV time: 0.000027 s
[Rank 43] Local SpMV time: 0.000017 s
[Rank 89] Local SpMV time: 0.000023 s
[Rank 14] Local SpMV time: 0.000017 s
[Rank 99] Local SpMV time: 0.000017 s
[Rank 69] Local SpMV time: 0.000024 s
[Rank 21] Local SpMV time: 0.000028 s
[Rank 60] Local SpMV time: 0.000015 s
[Rank 7] Local SpMV time: 0.000029 s
[Rank 13] Local SpMV time: 0.000026 s
[Rank 26] Local SpMV time: 0.000017 s
[Rank 42] Local SpMV time: 0.000028 s
[Rank 120] Local SpMV time: 0.000025 s
[Rank 71] Local SpMV time: 0.000030 s
[Rank 115] Local SpMV time: 0.000027 s
[Rank 62] Local SpMV time: 0.000016 s
[Rank 107] Local SpMV time: 0.000038 s
[Rank 50] Local SpMV time: 0.000026 s
[Rank 37] Local SpMV time: 0.000025 s
[Rank 92] Local SpMV time: 0.000025 s
[Rank 101] Local SpMV time: 0.000027 s
[Rank 90] Local SpMV time: 0.000016 s
[Rank 39] Local SpMV time: 0.000018 s
[Rank 58] Local SpMV time: 0.000024 s
[Rank 55] Local SpMV time: 0.000032 s
[Rank 87] Local SpMV time: 0.000018 s
[Rank 98] Local SpMV time: 0.000025 s
[Rank 86] Local SpMV time: 0.000025 s
[Rank 103] Local SpMV time: 0.000034 s
[Rank 77] Local SpMV time: 0.000034 s
[Rank 15] Local SpMV time: 0.000031 s
[Rank 109] Local SpMV time: 0.000026 s
[Rank 63] Local SpMV time: 0.000032 s
[Rank 45] Local SpMV time: 0.000019 s
[Rank 108] Local SpMV time: 0.000029 s
[Rank 23] Local SpMV time: 0.000036 s
[Rank 116] Local SpMV time: 0.000025 s
[Rank 85] Local SpMV time: 0.000027 s
[Rank 91] Local SpMV time: 0.000030 s
[Rank 117] Local SpMV time: 0.000018 s
[Rank 106] Local SpMV time: 0.000026 s
[Rank 29] Local SpMV time: 0.000017 s
[Rank 119] Local SpMV time: 0.000030 s
[Rank 123] Local SpMV time: 0.000030 s
[Rank 110] Local SpMV time: 0.000015 s
[Rank 79] Local SpMV time: 0.000031 s
[Rank 94] Local SpMV time: 0.000027 s
[Rank 124] Local SpMV time: 0.000024 s
[Rank 125] Local SpMV time: 0.000018 s
[Rank 53] Local SpMV time: 0.000029 s
[Rank 111] Local SpMV time: 0.000037 s
[Rank 61] Local SpMV time: 0.000040 s
[Rank 95] Local SpMV time: 0.000034 s
[Rank 47] Local SpMV time: 0.000032 s
[Rank 93] Local SpMV time: 0.000025 s
[Rank 114] Local SpMV time: 0.000019 s
[Rank 118] Local SpMV time: 0.000028 s
[Rank 31] Local SpMV time: 0.000033 s
[Rank 127] Local SpMV time: 0.000018 s
[Rank 122] Local SpMV time: 0.000028 s
[Rank 126] Local SpMV time: 0.000018 s
Global FLOPs per SpMV: 19328

-----------------------------------------------------------------------------------------------
  P |  Time(s) | Comp% | Comm% |  GFLOP/s | Speedup |  Eff% | Mem(MiB) | NNZ min | NNZ avg | NNZ max
-----------------------------------------------------------------------------------------------
128 |   5.6370 |   0.0 |  74.9 |     0.000 |    0.00 |   0.00 |     0.02 |       0 |     75.5 |     611

