Strong scaling results for ww_36_pmec_36.mtx
Date: Fri Jan  2 18:29:39 CET 2026
----------------------------------------

[Rank 0] Matrix: 66 x 66, nnz=1194 | grid=1x1 | pattern=0 symmetric=0
[Rank 0] Matrix: 66 x 66, nnz=1194 | grid=1x1
[Rank 0] Local SpMV time: 0.003899 s
Global FLOPs per SpMV: 2388

-----------------------------------------------------------------------------------------------
  P |  Time(s) | Comp% | Comm% |  GFLOP/s | Speedup |  Eff% | Mem(MiB) | NNZ min | NNZ avg | NNZ max
-----------------------------------------------------------------------------------------------
  1 |   0.0039 |  98.8 |   0.2 |     0.001 |    N/A   |   N/A  |     0.03 |    1194 |   1194.0 |    1194
BASELINE_T1=0.0039

----------------------------------------
np=2, OMP_NUM_THREADS=64
----------------------------------------
[Rank 0] Matrix: 66 x 66, nnz=1194 | grid=2x1 | pattern=0 symmetric=0
[Rank 0] Matrix: 66 x 66, nnz=1194 | grid=2x1
[Rank 1] Local SpMV time: 0.002280 s
[Rank 0] Local SpMV time: 0.002929 s
Global FLOPs per SpMV: 1782

-----------------------------------------------------------------------------------------------
  P |  Time(s) | Comp% | Comm% |  GFLOP/s | Speedup |  Eff% | Mem(MiB) | NNZ min | NNZ avg | NNZ max
-----------------------------------------------------------------------------------------------
  2 |   0.0030 |  97.0 |   1.2 |     0.001 |    1.29 |  64.55 |     0.02 |     295 |    445.5 |     596

----------------------------------------
np=4, OMP_NUM_THREADS=32
----------------------------------------
[Rank 0] Matrix: 66 x 66, nnz=1194 | grid=2x2 | pattern=0 symmetric=0
[Rank 0] Matrix: 66 x 66, nnz=1194 | grid=2x2
[Rank 1] Local SpMV time: 0.000950 s
[Rank 0] Local SpMV time: 0.001697 s
[Rank 2] Local SpMV time: 0.002690 s
[Rank 3] Local SpMV time: 0.016529 s
Global FLOPs per SpMV: 1502

-----------------------------------------------------------------------------------------------
  P |  Time(s) | Comp% | Comm% |  GFLOP/s | Speedup |  Eff% | Mem(MiB) | NNZ min | NNZ avg | NNZ max
-----------------------------------------------------------------------------------------------
  4 |   0.0290 |  57.0 |   0.7 |     0.000 |    0.13 |   3.36 |     0.01 |      87 |    187.8 |     316

----------------------------------------
np=8, OMP_NUM_THREADS=16
----------------------------------------
[Rank 0] Matrix: 66 x 66, nnz=1194 | grid=4x2 | pattern=0 symmetric=0
[Rank 0] Matrix: 66 x 66, nnz=1194 | grid=4x2
[Rank 4] Local SpMV time: 0.000443 s
[Rank 1] Local SpMV time: 0.000499 s
[Rank 0] Local SpMV time: 0.015021 s
[Rank 3] Local SpMV time: 0.001274 s
[Rank 6] Local SpMV time: 0.010683 s
[Rank 5] Local SpMV time: 0.000492 s
[Rank 7] Local SpMV time: 0.022277 s
[Rank 2] Local SpMV time: 0.043997 s
Global FLOPs per SpMV: 1328

-----------------------------------------------------------------------------------------------
  P |  Time(s) | Comp% | Comm% |  GFLOP/s | Speedup |  Eff% | Mem(MiB) | NNZ min | NNZ avg | NNZ max
-----------------------------------------------------------------------------------------------
  8 |   0.1428 |  30.8 |  30.8 |     0.000 |    0.03 |   0.34 |     0.01 |      22 |     83.0 |     167

----------------------------------------
np=16, OMP_NUM_THREADS=8
----------------------------------------
[Rank 0] Matrix: 66 x 66, nnz=1194 | grid=4x4 | pattern=0 symmetric=0
[Rank 0] Matrix: 66 x 66, nnz=1194 | grid=4x4
[Rank 1] Local SpMV time: 0.000297 s
[Rank 0] Local SpMV time: 0.011229 s
[Rank 2] Local SpMV time: 0.011200 s
[Rank 4] Local SpMV time: 0.002169 s
[Rank 7] Local SpMV time: 0.021961 s
[Rank 8] Local SpMV time: 0.000301 s
[Rank 13] Local SpMV time: 0.005925 s
[Rank 3] Local SpMV time: 0.087992 s
[Rank 10] Local SpMV time: 0.002273 s
[Rank 5] Local SpMV time: 0.098853 s
[Rank 11] Local SpMV time: 0.002072 s
[Rank 6] Local SpMV time: 0.011214 s
[Rank 9] Local SpMV time: 0.087999 s
[Rank 15] Local SpMV time: 0.006012 s
[Rank 12] Local SpMV time: 0.000283 s
[Rank 14] Local SpMV time: 0.011227 s
Global FLOPs per SpMV: 1286

-----------------------------------------------------------------------------------------------
  P |  Time(s) | Comp% | Comm% |  GFLOP/s | Speedup |  Eff% | Mem(MiB) | NNZ min | NNZ avg | NNZ max
-----------------------------------------------------------------------------------------------
 16 |   0.2640 |  37.4 |  33.3 |     0.000 |    0.01 |   0.09 |     0.00 |       9 |     40.2 |      83

----------------------------------------
np=32, OMP_NUM_THREADS=4
----------------------------------------
[Rank 0] Matrix: 66 x 66, nnz=1194 | grid=8x4 | pattern=0 symmetric=0
[Rank 0] Matrix: 66 x 66, nnz=1194 | grid=8x4
[Rank 1] Local SpMV time: 0.000211 s
[Rank 5] Local SpMV time: 0.002441 s
[Rank 17] Local SpMV time: 0.004412 s
[Rank 25] Local SpMV time: 0.006398 s
[Rank 0] Local SpMV time: 0.011101 s
[Rank 9] Local SpMV time: 0.000170 s
[Rank 21] Local SpMV time: 0.000178 s
[Rank 3] Local SpMV time: 0.002177 s
[Rank 29] Local SpMV time: 0.004156 s
[Rank 16] Local SpMV time: 0.000176 s
[Rank 20] Local SpMV time: 0.002115 s
[Rank 7] Local SpMV time: 0.000189 s
[Rank 2] Local SpMV time: 0.000202 s
[Rank 11] Local SpMV time: 0.002167 s
[Rank 4] Local SpMV time: 0.002175 s
[Rank 8] Local SpMV time: 0.004134 s
[Rank 19] Local SpMV time: 0.000176 s
[Rank 12] Local SpMV time: 0.006095 s
[Rank 13] Local SpMV time: 0.002158 s
[Rank 24] Local SpMV time: 0.000172 s
[Rank 27] Local SpMV time: 0.000186 s
[Rank 28] Local SpMV time: 0.000147 s
[Rank 18] Local SpMV time: 0.000183 s
[Rank 22] Local SpMV time: 0.002080 s
[Rank 10] Local SpMV time: 0.000239 s
[Rank 15] Local SpMV time: 0.000193 s
[Rank 6] Local SpMV time: 0.012926 s
[Rank 23] Local SpMV time: 0.001930 s
[Rank 26] Local SpMV time: 0.011075 s
[Rank 31] Local SpMV time: 0.000181 s
[Rank 30] Local SpMV time: 0.000176 s
[Rank 14] Local SpMV time: 0.000176 s
Global FLOPs per SpMV: 1264

-----------------------------------------------------------------------------------------------
  P |  Time(s) | Comp% | Comm% |  GFLOP/s | Speedup |  Eff% | Mem(MiB) | NNZ min | NNZ avg | NNZ max
-----------------------------------------------------------------------------------------------
 32 |   0.8900 |   1.5 |  79.0 |     0.000 |    0.00 |   0.01 |     0.00 |       0 |     19.8 |      49

----------------------------------------
np=64, OMP_NUM_THREADS=2
----------------------------------------
[Rank 0] Matrix: 66 x 66, nnz=1194 | grid=8x8 | pattern=0 symmetric=0
[Rank 0] Matrix: 66 x 66, nnz=1194 | grid=8x8
[Rank 1] Local SpMV time: 0.010982 s
[Rank 0] Local SpMV time: 0.000171 s
[Rank 4] Local SpMV time: 0.012735 s
[Rank 2] Local SpMV time: 0.000134 s
[Rank 6] Local SpMV time: 0.001784 s
[Rank 3] Local SpMV time: 0.000096 s
[Rank 5] Local SpMV time: 0.000090 s
[Rank 33] Local SpMV time: 0.000114 s
[Rank 8] Local SpMV time: 0.000139 s
[Rank 16] Local SpMV time: 0.000122 s
[Rank 12] Local SpMV time: 0.011058 s
[Rank 17] Local SpMV time: 0.000074 s
[Rank 14] Local SpMV time: 0.001758 s
[Rank 9] Local SpMV time: 0.001172 s
[Rank 32] Local SpMV time: 0.000126 s
[Rank 41] Local SpMV time: 0.021974 s
[Rank 11] Local SpMV time: 0.000096 s
[Rank 37] Local SpMV time: 0.001449 s
[Rank 35] Local SpMV time: 0.002683 s
[Rank 45] Local SpMV time: 0.003934 s
[Rank 36] Local SpMV time: 0.000157 s
[Rank 21] Local SpMV time: 0.000143 s
[Rank 10] Local SpMV time: 0.012929 s
[Rank 34] Local SpMV time: 0.000128 s
[Rank 24] Local SpMV time: 0.001770 s
[Rank 7] Local SpMV time: 0.000115 s
[Rank 20] Local SpMV time: 0.000081 s
[Rank 49] Local SpMV time: 0.000099 s
[Rank 38] Local SpMV time: 0.001781 s
[Rank 40] Local SpMV time: 0.003421 s
[Rank 25] Local SpMV time: 0.000091 s
[Rank 19] Local SpMV time: 0.001320 s
[Rank 18] Local SpMV time: 0.000080 s
[Rank 53] Local SpMV time: 0.002755 s
[Rank 51] Local SpMV time: 0.004095 s
[Rank 22] Local SpMV time: 0.000081 s
[Rank 13] Local SpMV time: 0.005254 s
[Rank 43] Local SpMV time: 0.006489 s
[Rank 15] Local SpMV time: 0.007741 s
[Rank 29] Local SpMV time: 0.000093 s
[Rank 39] Local SpMV time: 0.000142 s
[Rank 48] Local SpMV time: 0.000136 s
[Rank 27] Local SpMV time: 0.011049 s
[Rank 42] Local SpMV time: 0.000147 s
[Rank 57] Local SpMV time: 0.000144 s
[Rank 56] Local SpMV time: 0.000160 s
[Rank 61] Local SpMV time: 0.011042 s
[Rank 28] Local SpMV time: 0.012815 s
[Rank 23] Local SpMV time: 0.000094 s
[Rank 44] Local SpMV time: 0.000114 s
[Rank 55] Local SpMV time: 0.001421 s
[Rank 59] Local SpMV time: 0.002753 s
[Rank 47] Local SpMV time: 0.000124 s
[Rank 46] Local SpMV time: 0.000108 s
[Rank 26] Local SpMV time: 0.000062 s
[Rank 52] Local SpMV time: 0.000150 s
[Rank 54] Local SpMV time: 0.012180 s
[Rank 63] Local SpMV time: 0.000149 s
[Rank 30] Local SpMV time: 0.000118 s
[Rank 31] Local SpMV time: 0.000144 s
[Rank 50] Local SpMV time: 0.001308 s
[Rank 62] Local SpMV time: 0.011045 s
[Rank 58] Local SpMV time: 0.000112 s
[Rank 60] Local SpMV time: 0.011058 s
Global FLOPs per SpMV: 1196

-----------------------------------------------------------------------------------------------
  P |  Time(s) | Comp% | Comm% |  GFLOP/s | Speedup |  Eff% | Mem(MiB) | NNZ min | NNZ avg | NNZ max
-----------------------------------------------------------------------------------------------
 64 |   2.1200 |   1.0 |  66.3 |     0.000 |    0.00 |   0.00 |     0.00 |       0 |      9.3 |      29

----------------------------------------
np=128, OMP_NUM_THREADS=1
----------------------------------------
[Rank 0] Matrix: 66 x 66, nnz=1194 | grid=16x8 | pattern=0 symmetric=0
[Rank 0] Matrix: 66 x 66, nnz=1194 | grid=16x8
[Rank 1] Local SpMV time: 0.000035 s
[Rank 9] Local SpMV time: 0.000025 s
[Rank 5] Local SpMV time: 0.000025 s
[Rank 0] Local SpMV time: 0.000022 s
[Rank 17] Local SpMV time: 0.000025 s
[Rank 33] Local SpMV time: 0.000041 s
[Rank 65] Local SpMV time: 0.000025 s
[Rank 21] Local SpMV time: 0.000026 s
[Rank 16] Local SpMV time: 0.000030 s
[Rank 3] Local SpMV time: 0.000046 s
[Rank 7] Local SpMV time: 0.000030 s
[Rank 13] Local SpMV time: 0.000039 s
[Rank 37] Local SpMV time: 0.000025 s
[Rank 97] Local SpMV time: 0.000027 s
[Rank 11] Local SpMV time: 0.000028 s
[Rank 113] Local SpMV time: 0.000027 s
[Rank 24] Local SpMV time: 0.000028 s
[Rank 69] Local SpMV time: 0.000025 s
[Rank 35] Local SpMV time: 0.000032 s
[Rank 15] Local SpMV time: 0.000028 s
[Rank 32] Local SpMV time: 0.000026 s
[Rank 81] Local SpMV time: 0.000025 s
[Rank 39] Local SpMV time: 0.000030 s
[Rank 64] Local SpMV time: 0.000017 s
[Rank 101] Local SpMV time: 0.000016 s
[Rank 41] Local SpMV time: 0.000023 s
[Rank 89] Local SpMV time: 0.000016 s
[Rank 67] Local SpMV time: 0.000032 s
[Rank 40] Local SpMV time: 0.000026 s
[Rank 72] Local SpMV time: 0.000027 s
[Rank 23] Local SpMV time: 0.000033 s
[Rank 4] Local SpMV time: 0.000025 s
[Rank 96] Local SpMV time: 0.000025 s
[Rank 49] Local SpMV time: 0.000042 s
[Rank 36] Local SpMV time: 0.000025 s
[Rank 20] Local SpMV time: 0.000026 s
[Rank 71] Local SpMV time: 0.000031 s
[Rank 121] Local SpMV time: 0.000025 s
[Rank 2] Local SpMV time: 0.000027 s
[Rank 53] Local SpMV time: 0.000030 s
[Rank 8] Local SpMV time: 0.000017 s
[Rank 85] Local SpMV time: 0.000017 s
[Rank 25] Local SpMV time: 0.000025 s
[Rank 29] Local SpMV time: 0.000037 s
[Rank 45] Local SpMV time: 0.000024 s
[Rank 66] Local SpMV time: 0.000026 s
[Rank 55] Local SpMV time: 0.000031 s
[Rank 12] Local SpMV time: 0.000028 s
[Rank 73] Local SpMV time: 0.000025 s
[Rank 83] Local SpMV time: 0.000018 s
[Rank 77] Local SpMV time: 0.000025 s
[Rank 19] Local SpMV time: 0.000030 s
[Rank 99] Local SpMV time: 0.000031 s
[Rank 105] Local SpMV time: 0.000028 s
[Rank 112] Local SpMV time: 0.000017 s
[Rank 6] Local SpMV time: 0.000016 s
[Rank 27] Local SpMV time: 0.000030 s
[Rank 18] Local SpMV time: 0.000028 s
[Rank 31] Local SpMV time: 0.000032 s
[Rank 117] Local SpMV time: 0.000033 s
[Rank 26] Local SpMV time: 0.000026 s
[Rank 80] Local SpMV time: 0.000025 s
[Rank 79] Local SpMV time: 0.000031 s
[Rank 34] Local SpMV time: 0.000027 s
[Rank 48] Local SpMV time: 0.000017 s
[Rank 103] Local SpMV time: 0.000031 s
[Rank 44] Local SpMV time: 0.000025 s
[Rank 43] Local SpMV time: 0.000031 s
[Rank 104] Local SpMV time: 0.000025 s
[Rank 87] Local SpMV time: 0.000019 s
[Rank 52] Local SpMV time: 0.000025 s
[Rank 38] Local SpMV time: 0.000026 s
[Rank 75] Local SpMV time: 0.000033 s
[Rank 14] Local SpMV time: 0.000025 s
[Rank 125] Local SpMV time: 0.000025 s
[Rank 74] Local SpMV time: 0.000025 s
[Rank 93] Local SpMV time: 0.000025 s
[Rank 98] Local SpMV time: 0.000017 s
[Rank 51] Local SpMV time: 0.000029 s
[Rank 68] Local SpMV time: 0.000027 s
[Rank 57] Local SpMV time: 0.000027 s
[Rank 46] Local SpMV time: 0.000024 s
[Rank 28] Local SpMV time: 0.000017 s
[Rank 107] Local SpMV time: 0.000031 s
[Rank 54] Local SpMV time: 0.000026 s
[Rank 82] Local SpMV time: 0.000025 s
[Rank 109] Local SpMV time: 0.000030 s
[Rank 10] Local SpMV time: 0.000025 s
[Rank 114] Local SpMV time: 0.000025 s
[Rank 95] Local SpMV time: 0.000032 s
[Rank 70] Local SpMV time: 0.000026 s
[Rank 47] Local SpMV time: 0.000018 s
[Rank 56] Local SpMV time: 0.000025 s
[Rank 119] Local SpMV time: 0.000030 s
[Rank 91] Local SpMV time: 0.000031 s
[Rank 102] Local SpMV time: 0.000016 s
[Rank 115] Local SpMV time: 0.000019 s
[Rank 120] Local SpMV time: 0.000026 s
[Rank 59] Local SpMV time: 0.000030 s
[Rank 50] Local SpMV time: 0.000026 s
[Rank 111] Local SpMV time: 0.000030 s
[Rank 123] Local SpMV time: 0.000033 s
[Rank 106] Local SpMV time: 0.000024 s
[Rank 88] Local SpMV time: 0.000017 s
[Rank 61] Local SpMV time: 0.000028 s
[Rank 76] Local SpMV time: 0.000028 s
[Rank 42] Local SpMV time: 0.000027 s
[Rank 100] Local SpMV time: 0.000026 s
[Rank 122] Local SpMV time: 0.000032 s
[Rank 60] Local SpMV time: 0.000023 s
[Rank 22] Local SpMV time: 0.000026 s
[Rank 110] Local SpMV time: 0.000024 s
[Rank 30] Local SpMV time: 0.000017 s
[Rank 78] Local SpMV time: 0.000018 s
[Rank 84] Local SpMV time: 0.000027 s
[Rank 118] Local SpMV time: 0.000017 s
[Rank 126] Local SpMV time: 0.000017 s
[Rank 127] Local SpMV time: 0.000037 s
[Rank 108] Local SpMV time: 0.000027 s
[Rank 63] Local SpMV time: 0.000033 s
[Rank 86] Local SpMV time: 0.000029 s
[Rank 90] Local SpMV time: 0.000032 s
[Rank 62] Local SpMV time: 0.000025 s
[Rank 58] Local SpMV time: 0.000018 s
[Rank 116] Local SpMV time: 0.000025 s
[Rank 124] Local SpMV time: 0.000029 s
[Rank 92] Local SpMV time: 0.000031 s
[Rank 94] Local SpMV time: 0.000026 s
Global FLOPs per SpMV: 1222

-----------------------------------------------------------------------------------------------
  P |  Time(s) | Comp% | Comm% |  GFLOP/s | Speedup |  Eff% | Mem(MiB) | NNZ min | NNZ avg | NNZ max
-----------------------------------------------------------------------------------------------
128 |   4.9340 |   0.0 |  71.5 |     0.000 |    0.00 |   0.00 |     0.00 |       0 |      4.8 |      14

