Strong scaling results for breasttissue_10NN.mtx
Date: Fri Jan  2 19:13:36 CET 2026
----------------------------------------

[Rank 0] Matrix: 106 x 106, nnz=706 | grid=1x1 | pattern=0 symmetric=1
[Rank 0] Matrix: 106 x 106, nnz=706 | grid=1x1
[Rank 0] Local SpMV time: 0.002805 s
Global FLOPs per SpMV: 2824

-----------------------------------------------------------------------------------------------
  P |  Time(s) | Comp% | Comm% |  GFLOP/s | Speedup |  Eff% | Mem(MiB) | NNZ min | NNZ avg | NNZ max
-----------------------------------------------------------------------------------------------
  1 |   0.0029 |  98.4 |   0.5 |     0.001 |    N/A   |   N/A  |     0.04 |    1412 |   1412.0 |    1412
BASELINE_T1=0.0029

----------------------------------------
np=2, OMP_NUM_THREADS=64
----------------------------------------
[Rank 0] Matrix: 106 x 106, nnz=706 | grid=2x1 | pattern=0 symmetric=1
[Rank 0] Matrix: 106 x 106, nnz=706 | grid=2x1
[Rank 1] Local SpMV time: 0.002166 s
[Rank 0] Local SpMV time: 0.002213 s
Global FLOPs per SpMV: 2126

-----------------------------------------------------------------------------------------------
  P |  Time(s) | Comp% | Comm% |  GFLOP/s | Speedup |  Eff% | Mem(MiB) | NNZ min | NNZ avg | NNZ max
-----------------------------------------------------------------------------------------------
  2 |   0.0029 |  75.1 |   1.5 |     0.001 |    0.98 |  49.24 |     0.02 |     379 |    531.5 |     684

----------------------------------------
np=4, OMP_NUM_THREADS=32
----------------------------------------
[Rank 0] Matrix: 106 x 106, nnz=706 | grid=2x2 | pattern=0 symmetric=1
[Rank 0] Matrix: 106 x 106, nnz=706 | grid=2x2
[Rank 0] Local SpMV time: 0.000960 s
[Rank 1] Local SpMV time: 0.001614 s
[Rank 2] Local SpMV time: 0.003070 s
[Rank 3] Local SpMV time: 0.002685 s
Global FLOPs per SpMV: 1696

-----------------------------------------------------------------------------------------------
  P |  Time(s) | Comp% | Comm% |  GFLOP/s | Speedup |  Eff% | Mem(MiB) | NNZ min | NNZ avg | NNZ max
-----------------------------------------------------------------------------------------------
  4 |   0.0269 |  11.4 |   2.2 |     0.000 |    0.11 |   2.69 |     0.01 |      96 |    212.0 |     324

----------------------------------------
np=8, OMP_NUM_THREADS=16
----------------------------------------
[Rank 0] Matrix: 106 x 106, nnz=706 | grid=4x2 | pattern=0 symmetric=1
[Rank 0] Matrix: 106 x 106, nnz=706 | grid=4x2
[Rank 0] Local SpMV time: 0.010994 s
[Rank 2] Local SpMV time: 0.003299 s
[Rank 3] Local SpMV time: 0.045488 s
[Rank 5] Local SpMV time: 0.044991 s
[Rank 4] Local SpMV time: 0.003831 s
[Rank 6] Local SpMV time: 0.001096 s
[Rank 1] Local SpMV time: 0.097986 s
[Rank 7] Local SpMV time: 0.088988 s
Global FLOPs per SpMV: 1546

-----------------------------------------------------------------------------------------------
  P |  Time(s) | Comp% | Comm% |  GFLOP/s | Speedup |  Eff% | Mem(MiB) | NNZ min | NNZ avg | NNZ max
-----------------------------------------------------------------------------------------------
  8 |   0.1860 |  52.7 |  23.7 |     0.000 |    0.02 |   0.19 |     0.01 |      25 |     96.6 |     181

----------------------------------------
np=16, OMP_NUM_THREADS=8
----------------------------------------
[Rank 0] Matrix: 106 x 106, nnz=706 | grid=4x4 | pattern=0 symmetric=1
[Rank 0] Matrix: 106 x 106, nnz=706 | grid=4x4
[Rank 0] Local SpMV time: 0.000279 s
[Rank 2] Local SpMV time: 0.000241 s
[Rank 1] Local SpMV time: 0.087983 s
[Rank 3] Local SpMV time: 0.098790 s
[Rank 9] Local SpMV time: 0.088000 s
[Rank 8] Local SpMV time: 0.000733 s
[Rank 11] Local SpMV time: 0.088002 s
[Rank 4] Local SpMV time: 0.002707 s
[Rank 5] Local SpMV time: 0.087991 s
[Rank 7] Local SpMV time: 0.087996 s
[Rank 6] Local SpMV time: 0.000273 s
[Rank 12] Local SpMV time: 0.000290 s
[Rank 10] Local SpMV time: 0.002270 s
[Rank 14] Local SpMV time: 0.002240 s
[Rank 13] Local SpMV time: 0.175988 s
[Rank 15] Local SpMV time: 0.175992 s
Global FLOPs per SpMV: 1496

-----------------------------------------------------------------------------------------------
  P |  Time(s) | Comp% | Comm% |  GFLOP/s | Speedup |  Eff% | Mem(MiB) | NNZ min | NNZ avg | NNZ max
-----------------------------------------------------------------------------------------------
 16 |   0.4460 |  39.5 |  22.1 |     0.000 |    0.01 |   0.04 |     0.00 |       2 |     46.8 |     106

----------------------------------------
np=32, OMP_NUM_THREADS=4
----------------------------------------
[Rank 0] Matrix: 106 x 106, nnz=706 | grid=8x4 | pattern=0 symmetric=1
[Rank 0] Matrix: 106 x 106, nnz=706 | grid=8x4
[Rank 1] Local SpMV time: 0.000219 s
[Rank 3] Local SpMV time: 0.011094 s
[Rank 5] Local SpMV time: 0.011096 s
[Rank 9] Local SpMV time: 0.001871 s
[Rank 0] Local SpMV time: 0.000181 s
[Rank 13] Local SpMV time: 0.011091 s
[Rank 16] Local SpMV time: 0.002060 s
[Rank 2] Local SpMV time: 0.000166 s
[Rank 17] Local SpMV time: 0.000174 s
[Rank 4] Local SpMV time: 0.002012 s
[Rank 11] Local SpMV time: 0.003997 s
[Rank 18] Local SpMV time: 0.000168 s
[Rank 20] Local SpMV time: 0.001945 s
[Rank 21] Local SpMV time: 0.011173 s
[Rank 24] Local SpMV time: 0.000168 s
[Rank 7] Local SpMV time: 0.012957 s
[Rank 22] Local SpMV time: 0.000179 s
[Rank 6] Local SpMV time: 0.001905 s
[Rank 8] Local SpMV time: 0.014558 s
[Rank 25] Local SpMV time: 0.011070 s
[Rank 26] Local SpMV time: 0.003193 s
[Rank 19] Local SpMV time: 0.000186 s
[Rank 15] Local SpMV time: 0.001912 s
[Rank 23] Local SpMV time: 0.000148 s
[Rank 29] Local SpMV time: 0.001812 s
[Rank 28] Local SpMV time: 0.000156 s
[Rank 27] Local SpMV time: 0.000178 s
[Rank 12] Local SpMV time: 0.000179 s
[Rank 10] Local SpMV time: 0.001897 s
[Rank 31] Local SpMV time: 0.011075 s
[Rank 14] Local SpMV time: 0.000179 s
[Rank 30] Local SpMV time: 0.011014 s
Global FLOPs per SpMV: 1458

-----------------------------------------------------------------------------------------------
  P |  Time(s) | Comp% | Comm% |  GFLOP/s | Speedup |  Eff% | Mem(MiB) | NNZ min | NNZ avg | NNZ max
-----------------------------------------------------------------------------------------------
 32 |   0.9230 |   1.6 |  76.4 |     0.000 |    0.00 |   0.01 |     0.00 |       0 |     22.8 |      45

----------------------------------------
np=64, OMP_NUM_THREADS=2
----------------------------------------
[Rank 0] Matrix: 106 x 106, nnz=706 | grid=8x8 | pattern=0 symmetric=1
[Rank 0] Matrix: 106 x 106, nnz=706 | grid=8x8
[Rank 1] Local SpMV time: 0.000175 s
[Rank 17] Local SpMV time: 0.001273 s
[Rank 9] Local SpMV time: 0.001510 s
[Rank 33] Local SpMV time: 0.000140 s
[Rank 0] Local SpMV time: 0.000136 s
[Rank 3] Local SpMV time: 0.011007 s
[Rank 4] Local SpMV time: 0.011009 s
[Rank 49] Local SpMV time: 0.000146 s
[Rank 2] Local SpMV time: 0.000121 s
[Rank 32] Local SpMV time: 0.000120 s
[Rank 57] Local SpMV time: 0.000146 s
[Rank 41] Local SpMV time: 0.000094 s
[Rank 25] Local SpMV time: 0.001712 s
[Rank 34] Local SpMV time: 0.011050 s
[Rank 35] Local SpMV time: 0.000119 s
[Rank 5] Local SpMV time: 0.011054 s
[Rank 48] Local SpMV time: 0.000157 s
[Rank 11] Local SpMV time: 0.001658 s
[Rank 8] Local SpMV time: 0.012322 s
[Rank 16] Local SpMV time: 0.001562 s
[Rank 24] Local SpMV time: 0.000091 s
[Rank 43] Local SpMV time: 0.000157 s
[Rank 51] Local SpMV time: 0.011055 s
[Rank 20] Local SpMV time: 0.000127 s
[Rank 36] Local SpMV time: 0.001330 s
[Rank 18] Local SpMV time: 0.001523 s
[Rank 28] Local SpMV time: 0.001570 s
[Rank 19] Local SpMV time: 0.000489 s
[Rank 6] Local SpMV time: 0.001894 s
[Rank 59] Local SpMV time: 0.012949 s
[Rank 10] Local SpMV time: 0.002094 s
[Rank 37] Local SpMV time: 0.001392 s
[Rank 40] Local SpMV time: 0.000133 s
[Rank 52] Local SpMV time: 0.001220 s
[Rank 53] Local SpMV time: 0.000133 s
[Rank 13] Local SpMV time: 0.000092 s
[Rank 22] Local SpMV time: 0.000120 s
[Rank 7] Local SpMV time: 0.001774 s
[Rank 50] Local SpMV time: 0.001388 s
[Rank 21] Local SpMV time: 0.002055 s
[Rank 42] Local SpMV time: 0.000077 s
[Rank 27] Local SpMV time: 0.000148 s
[Rank 44] Local SpMV time: 0.000120 s
[Rank 56] Local SpMV time: 0.000129 s
[Rank 61] Local SpMV time: 0.000140 s
[Rank 12] Local SpMV time: 0.001285 s
[Rank 39] Local SpMV time: 0.011061 s
[Rank 58] Local SpMV time: 0.000112 s
[Rank 23] Local SpMV time: 0.011064 s
[Rank 38] Local SpMV time: 0.001405 s
[Rank 14] Local SpMV time: 0.000128 s
[Rank 26] Local SpMV time: 0.001304 s
[Rank 45] Local SpMV time: 0.000165 s
[Rank 47] Local SpMV time: 0.001768 s
[Rank 30] Local SpMV time: 0.000088 s
[Rank 29] Local SpMV time: 0.011057 s
[Rank 46] Local SpMV time: 0.000115 s
[Rank 15] Local SpMV time: 0.000149 s
[Rank 31] Local SpMV time: 0.001413 s
[Rank 60] Local SpMV time: 0.000129 s
[Rank 55] Local SpMV time: 0.000152 s
[Rank 54] Local SpMV time: 0.000091 s
[Rank 62] Local SpMV time: 0.011012 s
[Rank 63] Local SpMV time: 0.000132 s
Global FLOPs per SpMV: 1410

-----------------------------------------------------------------------------------------------
  P |  Time(s) | Comp% | Comm% |  GFLOP/s | Speedup |  Eff% | Mem(MiB) | NNZ min | NNZ avg | NNZ max
-----------------------------------------------------------------------------------------------
 64 |   2.4889 |   0.5 |  70.8 |     0.000 |    0.00 |   0.00 |     0.00 |       0 |     11.0 |      28

----------------------------------------
np=128, OMP_NUM_THREADS=1
----------------------------------------
[Rank 0] Matrix: 106 x 106, nnz=706 | grid=16x8 | pattern=0 symmetric=1
[Rank 0] Matrix: 106 x 106, nnz=706 | grid=16x8
[Rank 1] Local SpMV time: 0.000040 s
[Rank 33] Local SpMV time: 0.000030 s
[Rank 3] Local SpMV time: 0.000033 s
[Rank 65] Local SpMV time: 0.000028 s
[Rank 0] Local SpMV time: 0.000028 s
[Rank 67] Local SpMV time: 0.000033 s
[Rank 81] Local SpMV time: 0.000020 s
[Rank 35] Local SpMV time: 0.000036 s
[Rank 5] Local SpMV time: 0.000027 s
[Rank 9] Local SpMV time: 0.000028 s
[Rank 2] Local SpMV time: 0.000032 s
[Rank 97] Local SpMV time: 0.000027 s
[Rank 17] Local SpMV time: 0.000020 s
[Rank 16] Local SpMV time: 0.000034 s
[Rank 105] Local SpMV time: 0.000019 s
[Rank 11] Local SpMV time: 0.000021 s
[Rank 69] Local SpMV time: 0.000028 s
[Rank 73] Local SpMV time: 0.000019 s
[Rank 32] Local SpMV time: 0.000019 s
[Rank 41] Local SpMV time: 0.000030 s
[Rank 64] Local SpMV time: 0.000030 s
[Rank 49] Local SpMV time: 0.000027 s
[Rank 89] Local SpMV time: 0.000029 s
[Rank 21] Local SpMV time: 0.000026 s
[Rank 4] Local SpMV time: 0.000031 s
[Rank 113] Local SpMV time: 0.000029 s
[Rank 36] Local SpMV time: 0.000019 s
[Rank 6] Local SpMV time: 0.000019 s
[Rank 121] Local SpMV time: 0.000018 s
[Rank 40] Local SpMV time: 0.000027 s
[Rank 37] Local SpMV time: 0.000029 s
[Rank 77] Local SpMV time: 0.000019 s
[Rank 8] Local SpMV time: 0.000033 s
[Rank 72] Local SpMV time: 0.000026 s
[Rank 43] Local SpMV time: 0.000040 s
[Rank 45] Local SpMV time: 0.000026 s
[Rank 20] Local SpMV time: 0.000031 s
[Rank 19] Local SpMV time: 0.000036 s
[Rank 48] Local SpMV time: 0.000028 s
[Rank 13] Local SpMV time: 0.000027 s
[Rank 7] Local SpMV time: 0.000034 s
[Rank 85] Local SpMV time: 0.000026 s
[Rank 10] Local SpMV time: 0.000031 s
[Rank 51] Local SpMV time: 0.000031 s
[Rank 22] Local SpMV time: 0.000027 s
[Rank 34] Local SpMV time: 0.000032 s
[Rank 83] Local SpMV time: 0.000020 s
[Rank 68] Local SpMV time: 0.000028 s
[Rank 23] Local SpMV time: 0.000040 s
[Rank 91] Local SpMV time: 0.000033 s
[Rank 18] Local SpMV time: 0.000020 s
[Rank 75] Local SpMV time: 0.000031 s
[Rank 99] Local SpMV time: 0.000020 s
[Rank 25] Local SpMV time: 0.000036 s
[Rank 29] Local SpMV time: 0.000027 s
[Rank 66] Local SpMV time: 0.000033 s
[Rank 27] Local SpMV time: 0.000034 s
[Rank 12] Local SpMV time: 0.000028 s
[Rank 31] Local SpMV time: 0.000032 s
[Rank 101] Local SpMV time: 0.000033 s
[Rank 107] Local SpMV time: 0.000031 s
[Rank 80] Local SpMV time: 0.000031 s
[Rank 109] Local SpMV time: 0.000027 s
[Rank 24] Local SpMV time: 0.000029 s
[Rank 57] Local SpMV time: 0.000027 s
[Rank 39] Local SpMV time: 0.000033 s
[Rank 50] Local SpMV time: 0.000030 s
[Rank 117] Local SpMV time: 0.000027 s
[Rank 82] Local SpMV time: 0.000020 s
[Rank 125] Local SpMV time: 0.000026 s
[Rank 52] Local SpMV time: 0.000020 s
[Rank 44] Local SpMV time: 0.000029 s
[Rank 93] Local SpMV time: 0.000018 s
[Rank 53] Local SpMV time: 0.000030 s
[Rank 96] Local SpMV time: 0.000028 s
[Rank 84] Local SpMV time: 0.000028 s
[Rank 112] Local SpMV time: 0.000030 s
[Rank 38] Local SpMV time: 0.000027 s
[Rank 115] Local SpMV time: 0.000032 s
[Rank 88] Local SpMV time: 0.000027 s
[Rank 123] Local SpMV time: 0.000036 s
[Rank 120] Local SpMV time: 0.000028 s
[Rank 71] Local SpMV time: 0.000033 s
[Rank 92] Local SpMV time: 0.000029 s
[Rank 15] Local SpMV time: 0.000032 s
[Rank 42] Local SpMV time: 0.000031 s
[Rank 56] Local SpMV time: 0.000028 s
[Rank 90] Local SpMV time: 0.000019 s
[Rank 76] Local SpMV time: 0.000030 s
[Rank 26] Local SpMV time: 0.000029 s
[Rank 55] Local SpMV time: 0.000043 s
[Rank 74] Local SpMV time: 0.000029 s
[Rank 61] Local SpMV time: 0.000027 s
[Rank 70] Local SpMV time: 0.000028 s
[Rank 60] Local SpMV time: 0.000029 s
[Rank 59] Local SpMV time: 0.000044 s
[Rank 14] Local SpMV time: 0.000030 s
[Rank 103] Local SpMV time: 0.000030 s
[Rank 98] Local SpMV time: 0.000020 s
[Rank 79] Local SpMV time: 0.000033 s
[Rank 87] Local SpMV time: 0.000035 s
[Rank 104] Local SpMV time: 0.000028 s
[Rank 78] Local SpMV time: 0.000029 s
[Rank 86] Local SpMV time: 0.000028 s
[Rank 100] Local SpMV time: 0.000020 s
[Rank 28] Local SpMV time: 0.000032 s
[Rank 47] Local SpMV time: 0.000034 s
[Rank 46] Local SpMV time: 0.000029 s
[Rank 58] Local SpMV time: 0.000044 s
[Rank 63] Local SpMV time: 0.000041 s
[Rank 54] Local SpMV time: 0.000029 s
[Rank 119] Local SpMV time: 0.000036 s
[Rank 94] Local SpMV time: 0.000027 s
[Rank 95] Local SpMV time: 0.000034 s
[Rank 102] Local SpMV time: 0.000027 s
[Rank 106] Local SpMV time: 0.000027 s
[Rank 127] Local SpMV time: 0.000037 s
[Rank 111] Local SpMV time: 0.000037 s
[Rank 108] Local SpMV time: 0.000032 s
[Rank 114] Local SpMV time: 0.000030 s
[Rank 116] Local SpMV time: 0.000029 s
[Rank 30] Local SpMV time: 0.000019 s
[Rank 110] Local SpMV time: 0.000029 s
[Rank 62] Local SpMV time: 0.000029 s
[Rank 118] Local SpMV time: 0.000032 s
[Rank 126] Local SpMV time: 0.000029 s
[Rank 122] Local SpMV time: 0.000021 s
[Rank 124] Local SpMV time: 0.000034 s
Global FLOPs per SpMV: 1342

-----------------------------------------------------------------------------------------------
  P |  Time(s) | Comp% | Comm% |  GFLOP/s | Speedup |  Eff% | Mem(MiB) | NNZ min | NNZ avg | NNZ max
-----------------------------------------------------------------------------------------------
128 |   4.9300 |   0.0 |  71.3 |     0.000 |    0.00 |   0.00 |     0.00 |       0 |      5.2 |      14

