Strong scaling results for dataset20mfeatpixel_10NN.mtx
Date: Fri Jan  2 19:22:34 CET 2026
----------------------------------------

[Rank 0] Matrix: 2000 x 2000, nnz=13966 | grid=1x1 | pattern=0 symmetric=1
[Rank 0] Matrix: 2000 x 2000, nnz=13966 | grid=1x1
[Rank 0] Local SpMV time: 0.002229 s
Global FLOPs per SpMV: 55864

-----------------------------------------------------------------------------------------------
  P |  Time(s) | Comp% | Comm% |  GFLOP/s | Speedup |  Eff% | Mem(MiB) | NNZ min | NNZ avg | NNZ max
-----------------------------------------------------------------------------------------------
  1 |   0.0023 |  97.9 |   0.9 |     0.025 |    N/A   |   N/A  |     0.80 |   27932 |  27932.0 |   27932
BASELINE_T1=0.0023

----------------------------------------
np=2, OMP_NUM_THREADS=64
----------------------------------------
[Rank 0] Matrix: 2000 x 2000, nnz=13966 | grid=2x1 | pattern=0 symmetric=1
[Rank 0] Matrix: 2000 x 2000, nnz=13966 | grid=2x1
[Rank 0] Local SpMV time: 0.001842 s
Global FLOPs per SpMV: 32512

-----------------------------------------------------------------------------------------------
  P |  Time(s) | Comp% | Comm% |  GFLOP/s | Speedup |  Eff% | Mem(MiB) | NNZ min | NNZ avg | NNZ max
-----------------------------------------------------------------------------------------------
  2 |   0.0023 |  80.2 |  14.4 |     0.014 |    1.00 |  50.09 |     0.29 |    6810 |   8128.0 |    9446
[Rank 1] Local SpMV time: 0.001651 s

----------------------------------------
np=4, OMP_NUM_THREADS=32
----------------------------------------
[Rank 0] Matrix: 2000 x 2000, nnz=13966 | grid=2x2 | pattern=0 symmetric=1
[Rank 0] Matrix: 2000 x 2000, nnz=13966 | grid=2x2
[Rank 2] Local SpMV time: 0.001575 s
[Rank 1] Local SpMV time: 0.001601 s
[Rank 0] Local SpMV time: 0.016603 s
[Rank 3] Local SpMV time: 0.024660 s
Global FLOPs per SpMV: 20848

-----------------------------------------------------------------------------------------------
  P |  Time(s) | Comp% | Comm% |  GFLOP/s | Speedup |  Eff% | Mem(MiB) | NNZ min | NNZ avg | NNZ max
-----------------------------------------------------------------------------------------------
  4 |   0.0574 |  43.0 |  40.5 |     0.000 |    0.04 |   1.00 |     0.11 |    1748 |   2606.0 |    3032

----------------------------------------
np=8, OMP_NUM_THREADS=16
----------------------------------------
[Rank 0] Matrix: 2000 x 2000, nnz=13966 | grid=4x2 | pattern=0 symmetric=1
[Rank 0] Matrix: 2000 x 2000, nnz=13966 | grid=4x2
[Rank 2] Local SpMV time: 0.000542 s
[Rank 1] Local SpMV time: 0.010956 s
[Rank 0] Local SpMV time: 0.025257 s
[Rank 5] Local SpMV time: 0.003565 s
[Rank 3] Local SpMV time: 0.007107 s
[Rank 4] Local SpMV time: 0.010565 s
[Rank 7] Local SpMV time: 0.010589 s
[Rank 6] Local SpMV time: 0.043995 s
Global FLOPs per SpMV: 14874

-----------------------------------------------------------------------------------------------
  P |  Time(s) | Comp% | Comm% |  GFLOP/s | Speedup |  Eff% | Mem(MiB) | NNZ min | NNZ avg | NNZ max
-----------------------------------------------------------------------------------------------
  8 |   0.1534 |  28.7 |  35.5 |     0.000 |    0.01 |   0.19 |     0.05 |     443 |    929.6 |    1082

----------------------------------------
np=16, OMP_NUM_THREADS=8
----------------------------------------
[Rank 0] Matrix: 2000 x 2000, nnz=13966 | grid=4x4 | pattern=0 symmetric=1
[Rank 0] Matrix: 2000 x 2000, nnz=13966 | grid=4x4
[Rank 1] Local SpMV time: 0.000310 s
[Rank 9] Local SpMV time: 0.002431 s
[Rank 0] Local SpMV time: 0.000302 s
[Rank 3] Local SpMV time: 0.000280 s
[Rank 8] Local SpMV time: 0.022165 s
[Rank 5] Local SpMV time: 0.002311 s
[Rank 4] Local SpMV time: 0.002170 s
[Rank 13] Local SpMV time: 0.002323 s
[Rank 2] Local SpMV time: 0.002164 s
[Rank 12] Local SpMV time: 0.002182 s
[Rank 11] Local SpMV time: 0.011179 s
[Rank 7] Local SpMV time: 0.002207 s
[Rank 15] Local SpMV time: 0.002215 s
[Rank 6] Local SpMV time: 0.011095 s
[Rank 10] Local SpMV time: 0.024045 s
[Rank 14] Local SpMV time: 0.000272 s
Global FLOPs per SpMV: 11762

-----------------------------------------------------------------------------------------------
  P |  Time(s) | Comp% | Comm% |  GFLOP/s | Speedup |  Eff% | Mem(MiB) | NNZ min | NNZ avg | NNZ max
-----------------------------------------------------------------------------------------------
 16 |   0.5380 |   4.5 |  82.9 |     0.000 |    0.00 |   0.03 |     0.03 |     106 |    367.6 |     450

----------------------------------------
np=32, OMP_NUM_THREADS=4
----------------------------------------
[Rank 0] Matrix: 2000 x 2000, nnz=13966 | grid=8x4 | pattern=0 symmetric=1
[Rank 0] Matrix: 2000 x 2000, nnz=13966 | grid=8x4
[Rank 1] Local SpMV time: 0.011080 s
[Rank 9] Local SpMV time: 0.000209 s
[Rank 0] Local SpMV time: 0.000190 s
[Rank 17] Local SpMV time: 0.000174 s
[Rank 21] Local SpMV time: 0.002178 s
[Rank 3] Local SpMV time: 0.000269 s
[Rank 25] Local SpMV time: 0.013175 s
[Rank 5] Local SpMV time: 0.002519 s
[Rank 8] Local SpMV time: 0.000215 s
[Rank 2] Local SpMV time: 0.002188 s
[Rank 13] Local SpMV time: 0.011137 s
[Rank 4] Local SpMV time: 0.000177 s
[Rank 29] Local SpMV time: 0.056991 s
[Rank 6] Local SpMV time: 0.002159 s
[Rank 16] Local SpMV time: 0.002120 s
[Rank 11] Local SpMV time: 0.011135 s
[Rank 19] Local SpMV time: 0.000217 s
[Rank 24] Local SpMV time: 0.000183 s
[Rank 10] Local SpMV time: 0.011119 s
[Rank 7] Local SpMV time: 0.011112 s
[Rank 20] Local SpMV time: 0.001929 s
[Rank 18] Local SpMV time: 0.014655 s
[Rank 15] Local SpMV time: 0.000161 s
[Rank 12] Local SpMV time: 0.000169 s
[Rank 27] Local SpMV time: 0.000150 s
[Rank 31] Local SpMV time: 0.000172 s
[Rank 28] Local SpMV time: 0.000217 s
[Rank 23] Local SpMV time: 0.000185 s
[Rank 26] Local SpMV time: 0.000185 s
[Rank 22] Local SpMV time: 0.011054 s
[Rank 14] Local SpMV time: 0.011138 s
[Rank 30] Local SpMV time: 0.000214 s
Global FLOPs per SpMV: 9882

-----------------------------------------------------------------------------------------------
  P |  Time(s) | Comp% | Comm% |  GFLOP/s | Speedup |  Eff% | Mem(MiB) | NNZ min | NNZ avg | NNZ max
-----------------------------------------------------------------------------------------------
 32 |   0.7090 |   8.0 |  74.5 |     0.000 |    0.00 |   0.01 |     0.01 |      30 |    154.4 |     194

----------------------------------------
np=64, OMP_NUM_THREADS=2
----------------------------------------
[Rank 0] Matrix: 2000 x 2000, nnz=13966 | grid=8x8 | pattern=0 symmetric=1
[Rank 0] Matrix: 2000 x 2000, nnz=13966 | grid=8x8
[Rank 1] Local SpMV time: 0.000141 s
[Rank 33] Local SpMV time: 0.022014 s
[Rank 17] Local SpMV time: 0.000155 s
[Rank 41] Local SpMV time: 0.001345 s
[Rank 9] Local SpMV time: 0.001639 s
[Rank 0] Local SpMV time: 0.000152 s
[Rank 25] Local SpMV time: 0.000155 s
[Rank 49] Local SpMV time: 0.000105 s
[Rank 2] Local SpMV time: 0.000140 s
[Rank 3] Local SpMV time: 0.000132 s
[Rank 5] Local SpMV time: 0.001466 s
[Rank 8] Local SpMV time: 0.000101 s
[Rank 32] Local SpMV time: 0.001754 s
[Rank 7] Local SpMV time: 0.011035 s
[Rank 16] Local SpMV time: 0.000100 s
[Rank 37] Local SpMV time: 0.000169 s
[Rank 34] Local SpMV time: 0.001786 s
[Rank 13] Local SpMV time: 0.012472 s
[Rank 10] Local SpMV time: 0.002475 s
[Rank 15] Local SpMV time: 0.001924 s
[Rank 57] Local SpMV time: 0.002174 s
[Rank 24] Local SpMV time: 0.000125 s
[Rank 23] Local SpMV time: 0.000158 s
[Rank 45] Local SpMV time: 0.001401 s
[Rank 19] Local SpMV time: 0.001803 s
[Rank 18] Local SpMV time: 0.000115 s
[Rank 4] Local SpMV time: 0.000126 s
[Rank 53] Local SpMV time: 0.000154 s
[Rank 26] Local SpMV time: 0.000091 s
[Rank 12] Local SpMV time: 0.001760 s
[Rank 39] Local SpMV time: 0.011049 s
[Rank 21] Local SpMV time: 0.001351 s
[Rank 40] Local SpMV time: 0.000075 s
[Rank 35] Local SpMV time: 0.011061 s
[Rank 20] Local SpMV time: 0.001806 s
[Rank 29] Local SpMV time: 0.023300 s
[Rank 27] Local SpMV time: 0.001707 s
[Rank 11] Local SpMV time: 0.002084 s
[Rank 36] Local SpMV time: 0.000128 s
[Rank 43] Local SpMV time: 0.001420 s
[Rank 61] Local SpMV time: 0.000128 s
[Rank 28] Local SpMV time: 0.000134 s
[Rank 48] Local SpMV time: 0.001846 s
[Rank 55] Local SpMV time: 0.000156 s
[Rank 51] Local SpMV time: 0.000115 s
[Rank 50] Local SpMV time: 0.000203 s
[Rank 59] Local SpMV time: 0.011049 s
[Rank 42] Local SpMV time: 0.012839 s
[Rank 31] Local SpMV time: 0.011020 s
[Rank 56] Local SpMV time: 0.000085 s
[Rank 47] Local SpMV time: 0.000162 s
[Rank 44] Local SpMV time: 0.000143 s
[Rank 6] Local SpMV time: 0.000077 s
[Rank 63] Local SpMV time: 0.000168 s
[Rank 52] Local SpMV time: 0.000125 s
[Rank 60] Local SpMV time: 0.000140 s
[Rank 58] Local SpMV time: 0.000116 s
[Rank 14] Local SpMV time: 0.001138 s
[Rank 22] Local SpMV time: 0.000140 s
[Rank 30] Local SpMV time: 0.000100 s
[Rank 38] Local SpMV time: 0.000146 s
[Rank 54] Local SpMV time: 0.000096 s
[Rank 62] Local SpMV time: 0.000182 s
[Rank 46] Local SpMV time: 0.012121 s
Global FLOPs per SpMV: 9188

-----------------------------------------------------------------------------------------------
  P |  Time(s) | Comp% | Comm% |  GFLOP/s | Speedup |  Eff% | Mem(MiB) | NNZ min | NNZ avg | NNZ max
-----------------------------------------------------------------------------------------------
 64 |   2.1520 |   1.1 |  49.1 |     0.000 |    0.00 |   0.00 |     0.01 |      10 |     71.8 |     113

----------------------------------------
np=128, OMP_NUM_THREADS=1
----------------------------------------
[Rank 0] Matrix: 2000 x 2000, nnz=13966 | grid=16x8 | pattern=0 symmetric=1
[Rank 0] Matrix: 2000 x 2000, nnz=13966 | grid=16x8
[Rank 1] Local SpMV time: 0.000040 s
[Rank 9] Local SpMV time: 0.000029 s
[Rank 17] Local SpMV time: 0.000029 s
[Rank 0] Local SpMV time: 0.000029 s
[Rank 64] Local SpMV time: 0.000020 s
[Rank 32] Local SpMV time: 0.000022 s
[Rank 5] Local SpMV time: 0.000029 s
[Rank 40] Local SpMV time: 0.000031 s
[Rank 8] Local SpMV time: 0.000045 s
[Rank 2] Local SpMV time: 0.000029 s
[Rank 65] Local SpMV time: 0.000029 s
[Rank 48] Local SpMV time: 0.000030 s
[Rank 66] Local SpMV time: 0.000027 s
[Rank 56] Local SpMV time: 0.000030 s
[Rank 21] Local SpMV time: 0.000046 s
[Rank 25] Local SpMV time: 0.000030 s
[Rank 10] Local SpMV time: 0.000031 s
[Rank 81] Local SpMV time: 0.000019 s
[Rank 16] Local SpMV time: 0.000021 s
[Rank 29] Local SpMV time: 0.000030 s
[Rank 13] Local SpMV time: 0.000028 s
[Rank 80] Local SpMV time: 0.000021 s
[Rank 96] Local SpMV time: 0.000032 s
[Rank 33] Local SpMV time: 0.000028 s
[Rank 3] Local SpMV time: 0.000034 s
[Rank 4] Local SpMV time: 0.000020 s
[Rank 88] Local SpMV time: 0.000021 s
[Rank 7] Local SpMV time: 0.000037 s
[Rank 72] Local SpMV time: 0.000029 s
[Rank 97] Local SpMV time: 0.000031 s
[Rank 98] Local SpMV time: 0.000033 s
[Rank 19] Local SpMV time: 0.000034 s
[Rank 112] Local SpMV time: 0.000030 s
[Rank 20] Local SpMV time: 0.000021 s
[Rank 69] Local SpMV time: 0.000031 s
[Rank 34] Local SpMV time: 0.000033 s
[Rank 85] Local SpMV time: 0.000029 s
[Rank 82] Local SpMV time: 0.000031 s
[Rank 113] Local SpMV time: 0.000030 s
[Rank 73] Local SpMV time: 0.000020 s
[Rank 49] Local SpMV time: 0.000020 s
[Rank 18] Local SpMV time: 0.000034 s
[Rank 89] Local SpMV time: 0.000028 s
[Rank 105] Local SpMV time: 0.000028 s
[Rank 121] Local SpMV time: 0.000019 s
[Rank 41] Local SpMV time: 0.000030 s
[Rank 24] Local SpMV time: 0.000030 s
[Rank 35] Local SpMV time: 0.000036 s
[Rank 12] Local SpMV time: 0.000034 s
[Rank 27] Local SpMV time: 0.000034 s
[Rank 36] Local SpMV time: 0.000021 s
[Rank 114] Local SpMV time: 0.000028 s
[Rank 57] Local SpMV time: 0.000028 s
[Rank 44] Local SpMV time: 0.000033 s
[Rank 15] Local SpMV time: 0.000032 s
[Rank 26] Local SpMV time: 0.000028 s
[Rank 11] Local SpMV time: 0.000035 s
[Rank 120] Local SpMV time: 0.000019 s
[Rank 71] Local SpMV time: 0.000021 s
[Rank 6] Local SpMV time: 0.000030 s
[Rank 14] Local SpMV time: 0.000031 s
[Rank 68] Local SpMV time: 0.000021 s
[Rank 51] Local SpMV time: 0.000037 s
[Rank 104] Local SpMV time: 0.000021 s
[Rank 101] Local SpMV time: 0.000032 s
[Rank 23] Local SpMV time: 0.000022 s
[Rank 37] Local SpMV time: 0.000020 s
[Rank 74] Local SpMV time: 0.000031 s
[Rank 67] Local SpMV time: 0.000035 s
[Rank 42] Local SpMV time: 0.000031 s
[Rank 43] Local SpMV time: 0.000035 s
[Rank 76] Local SpMV time: 0.000031 s
[Rank 100] Local SpMV time: 0.000031 s
[Rank 59] Local SpMV time: 0.000032 s
[Rank 50] Local SpMV time: 0.000030 s
[Rank 22] Local SpMV time: 0.000030 s
[Rank 39] Local SpMV time: 0.000034 s
[Rank 70] Local SpMV time: 0.000033 s
[Rank 103] Local SpMV time: 0.000034 s
[Rank 122] Local SpMV time: 0.000030 s
[Rank 31] Local SpMV time: 0.000038 s
[Rank 90] Local SpMV time: 0.000022 s
[Rank 99] Local SpMV time: 0.000038 s
[Rank 77] Local SpMV time: 0.000031 s
[Rank 117] Local SpMV time: 0.000030 s
[Rank 87] Local SpMV time: 0.000035 s
[Rank 102] Local SpMV time: 0.000033 s
[Rank 28] Local SpMV time: 0.000030 s
[Rank 93] Local SpMV time: 0.000029 s
[Rank 125] Local SpMV time: 0.000020 s
[Rank 52] Local SpMV time: 0.000034 s
[Rank 53] Local SpMV time: 0.000028 s
[Rank 38] Local SpMV time: 0.000033 s
[Rank 108] Local SpMV time: 0.000029 s
[Rank 86] Local SpMV time: 0.000029 s
[Rank 45] Local SpMV time: 0.000032 s
[Rank 109] Local SpMV time: 0.000029 s
[Rank 106] Local SpMV time: 0.000030 s
[Rank 115] Local SpMV time: 0.000022 s
[Rank 110] Local SpMV time: 0.000021 s
[Rank 54] Local SpMV time: 0.000021 s
[Rank 84] Local SpMV time: 0.000032 s
[Rank 75] Local SpMV time: 0.000036 s
[Rank 116] Local SpMV time: 0.000038 s
[Rank 47] Local SpMV time: 0.000021 s
[Rank 61] Local SpMV time: 0.000033 s
[Rank 58] Local SpMV time: 0.000032 s
[Rank 83] Local SpMV time: 0.000035 s
[Rank 78] Local SpMV time: 0.000023 s
[Rank 92] Local SpMV time: 0.000034 s
[Rank 111] Local SpMV time: 0.000034 s
[Rank 94] Local SpMV time: 0.000031 s
[Rank 107] Local SpMV time: 0.000037 s
[Rank 62] Local SpMV time: 0.000033 s
[Rank 55] Local SpMV time: 0.000035 s
[Rank 119] Local SpMV time: 0.000036 s
[Rank 79] Local SpMV time: 0.000036 s
[Rank 118] Local SpMV time: 0.000031 s
[Rank 126] Local SpMV time: 0.000031 s
[Rank 46] Local SpMV time: 0.000023 s
[Rank 95] Local SpMV time: 0.000036 s
[Rank 123] Local SpMV time: 0.000036 s
[Rank 30] Local SpMV time: 0.000032 s
[Rank 60] Local SpMV time: 0.000033 s
[Rank 63] Local SpMV time: 0.000037 s
[Rank 91] Local SpMV time: 0.000037 s
[Rank 124] Local SpMV time: 0.000033 s
[Rank 127] Local SpMV time: 0.000025 s
Global FLOPs per SpMV: 8708

-----------------------------------------------------------------------------------------------
  P |  Time(s) | Comp% | Comm% |  GFLOP/s | Speedup |  Eff% | Mem(MiB) | NNZ min | NNZ avg | NNZ max
-----------------------------------------------------------------------------------------------
128 |   5.6450 |   0.0 |  62.5 |     0.000 |    0.00 |   0.00 |     0.01 |       2 |     34.0 |      55

