Strong scaling results for nemeth19.mtx
Date: Fri Jan  2 19:46:12 CET 2026
----------------------------------------

[Rank 0] Matrix: 9506 x 9506, nnz=413904 | grid=1x1 | pattern=0 symmetric=1
[Rank 0] Matrix: 9506 x 9506, nnz=413904 | grid=1x1
[Rank 0] Local SpMV time: 0.002684 s
Global FLOPs per SpMV: 1636604

-----------------------------------------------------------------------------------------------
  P |  Time(s) | Comp% | Comm% |  GFLOP/s | Speedup |  Eff% | Mem(MiB) | NNZ min | NNZ avg | NNZ max
-----------------------------------------------------------------------------------------------
  1 |   0.0028 |  97.1 |   1.4 |     0.592 |    N/A   |   N/A  |    22.10 |  818302 | 818302.0 |  818302
BASELINE_T1=0.0028

----------------------------------------
np=2, OMP_NUM_THREADS=64
----------------------------------------
[Rank 0] Matrix: 9506 x 9506, nnz=413904 | grid=2x1 | pattern=0 symmetric=1
[Rank 0] Matrix: 9506 x 9506, nnz=413904 | grid=2x1
[Rank 0] Local SpMV time: 0.002422 s
Global FLOPs per SpMV: 822138

-----------------------------------------------------------------------------------------------
  P |  Time(s) | Comp% | Comm% |  GFLOP/s | Speedup |  Eff% | Mem(MiB) | NNZ min | NNZ avg | NNZ max
-----------------------------------------------------------------------------------------------
  2 |   0.0039 |  61.6 |  27.7 |     0.209 |    0.71 |  35.58 |     5.72 |  202860 | 205534.5 |  208209
[Rank 1] Local SpMV time: 0.002182 s

----------------------------------------
np=4, OMP_NUM_THREADS=32
----------------------------------------
[Rank 0] Matrix: 9506 x 9506, nnz=413904 | grid=2x2 | pattern=0 symmetric=1
[Rank 0] Matrix: 9506 x 9506, nnz=413904 | grid=2x2
[Rank 0] Local SpMV time: 0.001387 s
[Rank 1] Local SpMV time: 0.001734 s
[Rank 3] Local SpMV time: 0.016933 s
[Rank 2] Local SpMV time: 0.003390 s
Global FLOPs per SpMV: 414708

-----------------------------------------------------------------------------------------------
  P |  Time(s) | Comp% | Comm% |  GFLOP/s | Speedup |  Eff% | Mem(MiB) | NNZ min | NNZ avg | NNZ max
-----------------------------------------------------------------------------------------------
  4 |   0.0277 |  61.0 |   5.8 |     0.015 |    0.10 |   2.52 |     1.57 |   50669 |  51838.5 |   54032

----------------------------------------
np=8, OMP_NUM_THREADS=16
----------------------------------------
[Rank 0] Matrix: 9506 x 9506, nnz=413904 | grid=4x2 | pattern=0 symmetric=1
[Rank 0] Matrix: 9506 x 9506, nnz=413904 | grid=4x2
[Rank 1] Local SpMV time: 0.000627 s
[Rank 3] Local SpMV time: 0.014976 s
[Rank 0] Local SpMV time: 0.000599 s
[Rank 2] Local SpMV time: 0.004403 s
[Rank 5] Local SpMV time: 0.043519 s
[Rank 4] Local SpMV time: 0.000520 s
[Rank 7] Local SpMV time: 0.043976 s
[Rank 6] Local SpMV time: 0.000668 s
Global FLOPs per SpMV: 211926

-----------------------------------------------------------------------------------------------
  P |  Time(s) | Comp% | Comm% |  GFLOP/s | Speedup |  Eff% | Mem(MiB) | NNZ min | NNZ avg | NNZ max
-----------------------------------------------------------------------------------------------
  8 |   0.1800 |  24.4 |  24.5 |     0.001 |    0.02 |   0.19 |     0.46 |   12913 |  13245.4 |   14179

----------------------------------------
np=16, OMP_NUM_THREADS=8
----------------------------------------
[Rank 0] Matrix: 9506 x 9506, nnz=413904 | grid=4x4 | pattern=0 symmetric=1
[Rank 0] Matrix: 9506 x 9506, nnz=413904 | grid=4x4
[Rank 1] Local SpMV time: 0.011243 s
[Rank 0] Local SpMV time: 0.000416 s
[Rank 9] Local SpMV time: 0.000539 s
[Rank 3] Local SpMV time: 0.013508 s
[Rank 5] Local SpMV time: 0.003325 s
[Rank 2] Local SpMV time: 0.000414 s
[Rank 7] Local SpMV time: 0.000456 s
[Rank 4] Local SpMV time: 0.000360 s
[Rank 8] Local SpMV time: 0.002550 s
[Rank 11] Local SpMV time: 0.013494 s
[Rank 6] Local SpMV time: 0.000375 s
[Rank 13] Local SpMV time: 0.037806 s
[Rank 12] Local SpMV time: 0.002562 s
[Rank 10] Local SpMV time: 0.011396 s
[Rank 15] Local SpMV time: 0.000396 s
[Rank 14] Local SpMV time: 0.021829 s
Global FLOPs per SpMV: 110080

-----------------------------------------------------------------------------------------------
  P |  Time(s) | Comp% | Comm% |  GFLOP/s | Speedup |  Eff% | Mem(MiB) | NNZ min | NNZ avg | NNZ max
-----------------------------------------------------------------------------------------------
 16 |   0.5490 |   6.9 |  77.9 |     0.000 |    0.01 |   0.03 |     0.16 |    3248 |   3440.0 |    3780

----------------------------------------
np=32, OMP_NUM_THREADS=4
----------------------------------------
[Rank 0] Matrix: 9506 x 9506, nnz=413904 | grid=8x4 | pattern=0 symmetric=1
[Rank 0] Matrix: 9506 x 9506, nnz=413904 | grid=8x4
[Rank 1] Local SpMV time: 0.010889 s
[Rank 3] Local SpMV time: 0.001957 s
[Rank 5] Local SpMV time: 0.000221 s
[Rank 7] Local SpMV time: 0.000262 s
[Rank 0] Local SpMV time: 0.011111 s
[Rank 9] Local SpMV time: 0.002293 s
[Rank 13] Local SpMV time: 0.000373 s
[Rank 17] Local SpMV time: 0.013297 s
[Rank 16] Local SpMV time: 0.011092 s
[Rank 2] Local SpMV time: 0.000220 s
[Rank 21] Local SpMV time: 0.000280 s
[Rank 4] Local SpMV time: 0.000238 s
[Rank 24] Local SpMV time: 0.002263 s
[Rank 19] Local SpMV time: 0.000287 s
[Rank 8] Local SpMV time: 0.002306 s
[Rank 11] Local SpMV time: 0.002349 s
[Rank 18] Local SpMV time: 0.002340 s
[Rank 6] Local SpMV time: 0.000252 s
[Rank 25] Local SpMV time: 0.011090 s
[Rank 26] Local SpMV time: 0.002280 s
[Rank 20] Local SpMV time: 0.002327 s
[Rank 23] Local SpMV time: 0.000289 s
[Rank 12] Local SpMV time: 0.002370 s
[Rank 15] Local SpMV time: 0.000271 s
[Rank 29] Local SpMV time: 0.002310 s
[Rank 10] Local SpMV time: 0.000229 s
[Rank 27] Local SpMV time: 0.002331 s
[Rank 28] Local SpMV time: 0.002268 s
[Rank 22] Local SpMV time: 0.000228 s
[Rank 31] Local SpMV time: 0.011132 s
[Rank 14] Local SpMV time: 0.000239 s
[Rank 30] Local SpMV time: 0.000252 s
Global FLOPs per SpMV: 59274

-----------------------------------------------------------------------------------------------
  P |  Time(s) | Comp% | Comm% |  GFLOP/s | Speedup |  Eff% | Mem(MiB) | NNZ min | NNZ avg | NNZ max
-----------------------------------------------------------------------------------------------
 32 |   1.2510 |   1.1 |  83.2 |     0.000 |    0.00 |   0.01 |     0.07 |     812 |    926.2 |    1033

----------------------------------------
np=64, OMP_NUM_THREADS=2
----------------------------------------
[Rank 0] Matrix: 9506 x 9506, nnz=413904 | grid=8x8 | pattern=0 symmetric=1
[Rank 0] Matrix: 9506 x 9506, nnz=413904 | grid=8x8
[Rank 1] Local SpMV time: 0.010902 s
[Rank 17] Local SpMV time: 0.000168 s
[Rank 25] Local SpMV time: 0.001663 s
[Rank 33] Local SpMV time: 0.000161 s
[Rank 5] Local SpMV time: 0.001355 s
[Rank 0] Local SpMV time: 0.000177 s
[Rank 7] Local SpMV time: 0.011051 s
[Rank 37] Local SpMV time: 0.001384 s
[Rank 2] Local SpMV time: 0.000184 s
[Rank 9] Local SpMV time: 0.001786 s
[Rank 13] Local SpMV time: 0.002085 s
[Rank 49] Local SpMV time: 0.011074 s
[Rank 32] Local SpMV time: 0.011015 s
[Rank 3] Local SpMV time: 0.011021 s
[Rank 35] Local SpMV time: 0.000200 s
[Rank 40] Local SpMV time: 0.000192 s
[Rank 4] Local SpMV time: 0.022059 s
[Rank 21] Local SpMV time: 0.000218 s
[Rank 41] Local SpMV time: 0.000211 s
[Rank 8] Local SpMV time: 0.011083 s
[Rank 57] Local SpMV time: 0.011090 s
[Rank 11] Local SpMV time: 0.007284 s
[Rank 53] Local SpMV time: 0.019801 s
[Rank 34] Local SpMV time: 0.011084 s
[Rank 19] Local SpMV time: 0.002398 s
[Rank 15] Local SpMV time: 0.011088 s
[Rank 16] Local SpMV time: 0.000245 s
[Rank 48] Local SpMV time: 0.012856 s
[Rank 51] Local SpMV time: 0.000236 s
[Rank 10] Local SpMV time: 0.000213 s
[Rank 39] Local SpMV time: 0.001519 s
[Rank 56] Local SpMV time: 0.001982 s
[Rank 20] Local SpMV time: 0.002739 s
[Rank 27] Local SpMV time: 0.000237 s
[Rank 42] Local SpMV time: 0.002668 s
[Rank 29] Local SpMV time: 0.000165 s
[Rank 18] Local SpMV time: 0.000151 s
[Rank 45] Local SpMV time: 0.044074 s
[Rank 6] Local SpMV time: 0.000207 s
[Rank 23] Local SpMV time: 0.011065 s
[Rank 12] Local SpMV time: 0.000197 s
[Rank 43] Local SpMV time: 0.011038 s
[Rank 36] Local SpMV time: 0.002013 s
[Rank 47] Local SpMV time: 0.001465 s
[Rank 61] Local SpMV time: 0.000160 s
[Rank 14] Local SpMV time: 0.000162 s
[Rank 50] Local SpMV time: 0.001885 s
[Rank 31] Local SpMV time: 0.000196 s
[Rank 22] Local SpMV time: 0.000217 s
[Rank 59] Local SpMV time: 0.000240 s
[Rank 24] Local SpMV time: 0.000199 s
[Rank 55] Local SpMV time: 0.000242 s
[Rank 26] Local SpMV time: 0.000197 s
[Rank 38] Local SpMV time: 0.000213 s
[Rank 52] Local SpMV time: 0.001957 s
[Rank 44] Local SpMV time: 0.002693 s
[Rank 63] Local SpMV time: 0.022025 s
[Rank 58] Local SpMV time: 0.000178 s
[Rank 28] Local SpMV time: 0.011063 s
[Rank 60] Local SpMV time: 0.000190 s
[Rank 54] Local SpMV time: 0.000210 s
[Rank 30] Local SpMV time: 0.000176 s
[Rank 46] Local SpMV time: 0.000199 s
[Rank 62] Local SpMV time: 0.011146 s
Global FLOPs per SpMV: 33786

-----------------------------------------------------------------------------------------------
  P |  Time(s) | Comp% | Comm% |  GFLOP/s | Speedup |  Eff% | Mem(MiB) | NNZ min | NNZ avg | NNZ max
-----------------------------------------------------------------------------------------------
 64 |   3.5310 |   1.2 |  79.8 |     0.000 |    0.00 |   0.00 |     0.04 |     201 |    264.0 |     305

----------------------------------------
np=128, OMP_NUM_THREADS=1
----------------------------------------
[Rank 0] Matrix: 9506 x 9506, nnz=413904 | grid=16x8 | pattern=0 symmetric=1
[Rank 0] Matrix: 9506 x 9506, nnz=413904 | grid=16x8
[Rank 1] Local SpMV time: 0.000062 s
[Rank 3] Local SpMV time: 0.000036 s
[Rank 65] Local SpMV time: 0.000037 s
[Rank 67] Local SpMV time: 0.000044 s
[Rank 81] Local SpMV time: 0.000030 s
[Rank 0] Local SpMV time: 0.000036 s
[Rank 83] Local SpMV time: 0.000044 s
[Rank 73] Local SpMV time: 0.000040 s
[Rank 5] Local SpMV time: 0.000029 s
[Rank 33] Local SpMV time: 0.000027 s
[Rank 9] Local SpMV time: 0.000031 s
[Rank 49] Local SpMV time: 0.000040 s
[Rank 4] Local SpMV time: 0.000039 s
[Rank 17] Local SpMV time: 0.000028 s
[Rank 75] Local SpMV time: 0.000031 s
[Rank 69] Local SpMV time: 0.000038 s
[Rank 64] Local SpMV time: 0.000044 s
[Rank 25] Local SpMV time: 0.000041 s
[Rank 8] Local SpMV time: 0.000053 s
[Rank 85] Local SpMV time: 0.000041 s
[Rank 21] Local SpMV time: 0.000031 s
[Rank 77] Local SpMV time: 0.000029 s
[Rank 80] Local SpMV time: 0.000043 s
[Rank 19] Local SpMV time: 0.000047 s
[Rank 57] Local SpMV time: 0.000029 s
[Rank 32] Local SpMV time: 0.000044 s
[Rank 89] Local SpMV time: 0.000039 s
[Rank 2] Local SpMV time: 0.000042 s
[Rank 41] Local SpMV time: 0.000029 s
[Rank 97] Local SpMV time: 0.000038 s
[Rank 113] Local SpMV time: 0.000040 s
[Rank 7] Local SpMV time: 0.000043 s
[Rank 96] Local SpMV time: 0.000050 s
[Rank 88] Local SpMV time: 0.000048 s
[Rank 12] Local SpMV time: 0.000044 s
[Rank 16] Local SpMV time: 0.000044 s
[Rank 13] Local SpMV time: 0.000040 s
[Rank 91] Local SpMV time: 0.000051 s
[Rank 66] Local SpMV time: 0.000051 s
[Rank 72] Local SpMV time: 0.000045 s
[Rank 48] Local SpMV time: 0.000030 s
[Rank 36] Local SpMV time: 0.000047 s
[Rank 71] Local SpMV time: 0.000062 s
[Rank 104] Local SpMV time: 0.000049 s
[Rank 98] Local SpMV time: 0.000032 s
[Rank 11] Local SpMV time: 0.000036 s
[Rank 6] Local SpMV time: 0.000041 s
[Rank 37] Local SpMV time: 0.000032 s
[Rank 15] Local SpMV time: 0.000035 s
[Rank 10] Local SpMV time: 0.000049 s
[Rank 35] Local SpMV time: 0.000032 s
[Rank 18] Local SpMV time: 0.000051 s
[Rank 68] Local SpMV time: 0.000048 s
[Rank 29] Local SpMV time: 0.000053 s
[Rank 70] Local SpMV time: 0.000053 s
[Rank 105] Local SpMV time: 0.000038 s
[Rank 101] Local SpMV time: 0.000042 s
[Rank 76] Local SpMV time: 0.000055 s
[Rank 84] Local SpMV time: 0.000048 s
[Rank 27] Local SpMV time: 0.000035 s
[Rank 102] Local SpMV time: 0.000051 s
[Rank 121] Local SpMV time: 0.000031 s
[Rank 93] Local SpMV time: 0.000041 s
[Rank 86] Local SpMV time: 0.000053 s
[Rank 20] Local SpMV time: 0.000045 s
[Rank 40] Local SpMV time: 0.000031 s
[Rank 106] Local SpMV time: 0.000034 s
[Rank 99] Local SpMV time: 0.000045 s
[Rank 56] Local SpMV time: 0.000046 s
[Rank 45] Local SpMV time: 0.000041 s
[Rank 74] Local SpMV time: 0.000051 s
[Rank 39] Local SpMV time: 0.000054 s
[Rank 112] Local SpMV time: 0.000046 s
[Rank 43] Local SpMV time: 0.000045 s
[Rank 82] Local SpMV time: 0.000055 s
[Rank 47] Local SpMV time: 0.000045 s
[Rank 34] Local SpMV time: 0.000051 s
[Rank 23] Local SpMV time: 0.000048 s
[Rank 24] Local SpMV time: 0.000056 s
[Rank 14] Local SpMV time: 0.000052 s
[Rank 53] Local SpMV time: 0.000043 s
[Rank 120] Local SpMV time: 0.000056 s
[Rank 38] Local SpMV time: 0.000055 s
[Rank 52] Local SpMV time: 0.000046 s
[Rank 114] Local SpMV time: 0.000048 s
[Rank 103] Local SpMV time: 0.000046 s
[Rank 107] Local SpMV time: 0.000031 s
[Rank 118] Local SpMV time: 0.000048 s
[Rank 122] Local SpMV time: 0.000057 s
[Rank 79] Local SpMV time: 0.000036 s
[Rank 87] Local SpMV time: 0.000047 s
[Rank 55] Local SpMV time: 0.000050 s
[Rank 78] Local SpMV time: 0.000058 s
[Rank 26] Local SpMV time: 0.000049 s
[Rank 109] Local SpMV time: 0.000041 s
[Rank 54] Local SpMV time: 0.000051 s
[Rank 117] Local SpMV time: 0.000042 s
[Rank 115] Local SpMV time: 0.000048 s
[Rank 100] Local SpMV time: 0.000048 s
[Rank 51] Local SpMV time: 0.000052 s
[Rank 44] Local SpMV time: 0.000053 s
[Rank 95] Local SpMV time: 0.000053 s
[Rank 110] Local SpMV time: 0.000051 s
[Rank 50] Local SpMV time: 0.000054 s
[Rank 92] Local SpMV time: 0.000049 s
[Rank 94] Local SpMV time: 0.000054 s
[Rank 46] Local SpMV time: 0.000052 s
[Rank 125] Local SpMV time: 0.000040 s
[Rank 90] Local SpMV time: 0.000061 s
[Rank 22] Local SpMV time: 0.000051 s
[Rank 31] Local SpMV time: 0.000049 s
[Rank 42] Local SpMV time: 0.000033 s
[Rank 60] Local SpMV time: 0.000048 s
[Rank 61] Local SpMV time: 0.000031 s
[Rank 111] Local SpMV time: 0.000030 s
[Rank 28] Local SpMV time: 0.000047 s
[Rank 119] Local SpMV time: 0.000057 s
[Rank 116] Local SpMV time: 0.000051 s
[Rank 58] Local SpMV time: 0.000050 s
[Rank 63] Local SpMV time: 0.000050 s
[Rank 123] Local SpMV time: 0.000050 s
[Rank 126] Local SpMV time: 0.000054 s
[Rank 62] Local SpMV time: 0.000053 s
[Rank 59] Local SpMV time: 0.000048 s
[Rank 108] Local SpMV time: 0.000047 s
[Rank 127] Local SpMV time: 0.000048 s
[Rank 124] Local SpMV time: 0.000051 s
[Rank 30] Local SpMV time: 0.000032 s
Global FLOPs per SpMV: 21080

-----------------------------------------------------------------------------------------------
  P |  Time(s) | Comp% | Comm% |  GFLOP/s | Speedup |  Eff% | Mem(MiB) | NNZ min | NNZ avg | NNZ max
-----------------------------------------------------------------------------------------------
128 |   7.0400 |   0.0 |  90.0 |     0.000 |    0.00 |   0.00 |     0.02 |      50 |     82.3 |      95

