Strong scaling results for tols2000.mtx
Date: Fri Jan  2 19:55:16 CET 2026
----------------------------------------

[Rank 0] Matrix: 2000 x 2000, nnz=5184 | grid=1x1 | pattern=0 symmetric=0
[Rank 0] Matrix: 2000 x 2000, nnz=5184 | grid=1x1
[Rank 0] Local SpMV time: 0.002356 s
Global FLOPs per SpMV: 10368

-----------------------------------------------------------------------------------------------
  P |  Time(s) | Comp% | Comm% |  GFLOP/s | Speedup |  Eff% | Mem(MiB) | NNZ min | NNZ avg | NNZ max
-----------------------------------------------------------------------------------------------
  1 |   0.0024 |  98.0 |   0.8 |     0.004 |    N/A   |   N/A  |     0.19 |    5184 |   5184.0 |    5184
BASELINE_T1=0.0024

----------------------------------------
np=2, OMP_NUM_THREADS=64
----------------------------------------
[Rank 0] Matrix: 2000 x 2000, nnz=5184 | grid=2x1 | pattern=0 symmetric=0
[Rank 0] Matrix: 2000 x 2000, nnz=5184 | grid=2x1
[Rank 0] Local SpMV time: 0.002037 s
Global FLOPs per SpMV: 7456

-----------------------------------------------------------------------------------------------
  P |  Time(s) | Comp% | Comm% |  GFLOP/s | Speedup |  Eff% | Mem(MiB) | NNZ min | NNZ avg | NNZ max
-----------------------------------------------------------------------------------------------
  2 |   0.0022 |  92.5 |  14.7 |     0.003 |    1.09 |  54.52 |     0.10 |    1136 |   1864.0 |    2592
[Rank 1] Local SpMV time: 0.001818 s

----------------------------------------
np=4, OMP_NUM_THREADS=32
----------------------------------------
[Rank 0] Matrix: 2000 x 2000, nnz=5184 | grid=2x2 | pattern=0 symmetric=0
[Rank 0] Matrix: 2000 x 2000, nnz=5184 | grid=2x2
[Rank 1] Local SpMV time: 0.001217 s
[Rank 0] Local SpMV time: 0.001274 s
[Rank 3] Local SpMV time: 0.003184 s
Global FLOPs per SpMV: 6296
[Rank 2] Local SpMV time: 0.003134 s

-----------------------------------------------------------------------------------------------
  P |  Time(s) | Comp% | Comm% |  GFLOP/s | Speedup |  Eff% | Mem(MiB) | NNZ min | NNZ avg | NNZ max
-----------------------------------------------------------------------------------------------
  4 |   0.0262 |  12.2 |   0.7 |     0.000 |    0.09 |   2.29 |     0.09 |     243 |    787.0 |    2187

----------------------------------------
np=8, OMP_NUM_THREADS=16
----------------------------------------
[Rank 0] Matrix: 2000 x 2000, nnz=5184 | grid=4x2 | pattern=0 symmetric=0
[Rank 0] Matrix: 2000 x 2000, nnz=5184 | grid=4x2
[Rank 0] Local SpMV time: 0.000640 s
[Rank 3] Local SpMV time: 0.000546 s
[Rank 4] Local SpMV time: 0.014567 s
[Rank 1] Local SpMV time: 0.025971 s
[Rank 6] Local SpMV time: 0.009819 s
[Rank 5] Local SpMV time: 0.043971 s
[Rank 2] Local SpMV time: 0.044005 s
[Rank 7] Local SpMV time: 0.043993 s
Global FLOPs per SpMV: 5336

-----------------------------------------------------------------------------------------------
  P |  Time(s) | Comp% | Comm% |  GFLOP/s | Speedup |  Eff% | Mem(MiB) | NNZ min | NNZ avg | NNZ max
-----------------------------------------------------------------------------------------------
  8 |   0.2200 |  20.0 |  40.0 |     0.000 |    0.01 |   0.14 |     0.04 |      36 |    333.5 |    1029

----------------------------------------
np=16, OMP_NUM_THREADS=8
----------------------------------------
[Rank 0] Matrix: 2000 x 2000, nnz=5184 | grid=4x4 | pattern=0 symmetric=0
[Rank 0] Matrix: 2000 x 2000, nnz=5184 | grid=4x4
[Rank 1] Local SpMV time: 0.011162 s
[Rank 3] Local SpMV time: 0.022041 s
[Rank 9] Local SpMV time: 0.002363 s
[Rank 0] Local SpMV time: 0.000306 s
[Rank 8] Local SpMV time: 0.002302 s
[Rank 11] Local SpMV time: 0.025957 s
[Rank 12] Local SpMV time: 0.002309 s
[Rank 4] Local SpMV time: 0.000261 s
[Rank 13] Local SpMV time: 0.087565 s
[Rank 2] Local SpMV time: 0.011075 s
[Rank 5] Local SpMV time: 0.087979 s
[Rank 6] Local SpMV time: 0.000318 s
[Rank 7] Local SpMV time: 0.087982 s
[Rank 10] Local SpMV time: 0.013107 s
[Rank 15] Local SpMV time: 0.087960 s
[Rank 14] Local SpMV time: 0.016548 s
Global FLOPs per SpMV: 5204

-----------------------------------------------------------------------------------------------
  P |  Time(s) | Comp% | Comm% |  GFLOP/s | Speedup |  Eff% | Mem(MiB) | NNZ min | NNZ avg | NNZ max
-----------------------------------------------------------------------------------------------
 16 |   0.5260 |  16.7 |  67.9 |     0.000 |    0.00 |   0.03 |     0.04 |       8 |    162.6 |     902

----------------------------------------
np=32, OMP_NUM_THREADS=4
----------------------------------------
[Rank 0] Matrix: 2000 x 2000, nnz=5184 | grid=8x4 | pattern=0 symmetric=0
[Rank 0] Matrix: 2000 x 2000, nnz=5184 | grid=8x4
[Rank 1] Local SpMV time: 0.010953 s
[Rank 17] Local SpMV time: 0.011094 s
[Rank 5] Local SpMV time: 0.003118 s
[Rank 3] Local SpMV time: 0.000157 s
[Rank 9] Local SpMV time: 0.000145 s
[Rank 21] Local SpMV time: 0.000148 s
[Rank 0] Local SpMV time: 0.000190 s
[Rank 25] Local SpMV time: 0.002069 s
[Rank 4] Local SpMV time: 0.000147 s
[Rank 7] Local SpMV time: 0.000145 s
[Rank 11] Local SpMV time: 0.000150 s
[Rank 29] Local SpMV time: 0.000187 s
[Rank 16] Local SpMV time: 0.000180 s
[Rank 2] Local SpMV time: 0.001944 s
[Rank 19] Local SpMV time: 0.011021 s
[Rank 13] Local SpMV time: 0.001917 s
[Rank 8] Local SpMV time: 0.000140 s
[Rank 27] Local SpMV time: 0.000158 s
[Rank 18] Local SpMV time: 0.011103 s
[Rank 20] Local SpMV time: 0.011105 s
[Rank 6] Local SpMV time: 0.011089 s
[Rank 23] Local SpMV time: 0.011087 s
[Rank 12] Local SpMV time: 0.001866 s
[Rank 15] Local SpMV time: 0.000157 s
[Rank 10] Local SpMV time: 0.000184 s
[Rank 24] Local SpMV time: 0.012950 s
[Rank 31] Local SpMV time: 0.000178 s
[Rank 26] Local SpMV time: 0.000156 s
[Rank 22] Local SpMV time: 0.000150 s
[Rank 14] Local SpMV time: 0.011057 s
[Rank 28] Local SpMV time: 0.000150 s
[Rank 30] Local SpMV time: 0.011111 s
Global FLOPs per SpMV: 4918

-----------------------------------------------------------------------------------------------
  P |  Time(s) | Comp% | Comm% |  GFLOP/s | Speedup |  Eff% | Mem(MiB) | NNZ min | NNZ avg | NNZ max
-----------------------------------------------------------------------------------------------
 32 |   0.8800 |   1.5 |  60.0 |     0.000 |    0.00 |   0.01 |     0.02 |       0 |     76.8 |     452

----------------------------------------
np=64, OMP_NUM_THREADS=2
----------------------------------------
[Rank 0] Matrix: 2000 x 2000, nnz=5184 | grid=8x8 | pattern=0 symmetric=0
[Rank 0] Matrix: 2000 x 2000, nnz=5184 | grid=8x8
[Rank 1] Local SpMV time: 0.000157 s
[Rank 17] Local SpMV time: 0.001413 s
[Rank 33] Local SpMV time: 0.000126 s
[Rank 9] Local SpMV time: 0.000124 s
[Rank 41] Local SpMV time: 0.000073 s
[Rank 5] Local SpMV time: 0.000124 s
[Rank 3] Local SpMV time: 0.001577 s
[Rank 25] Local SpMV time: 0.002837 s
[Rank 13] Local SpMV time: 0.000120 s
[Rank 0] Local SpMV time: 0.011033 s
[Rank 7] Local SpMV time: 0.000137 s
[Rank 35] Local SpMV time: 0.012235 s
[Rank 11] Local SpMV time: 0.002369 s
[Rank 4] Local SpMV time: 0.000128 s
[Rank 15] Local SpMV time: 0.000085 s
[Rank 49] Local SpMV time: 0.001399 s
[Rank 8] Local SpMV time: 0.000164 s
[Rank 32] Local SpMV time: 0.012735 s
[Rank 37] Local SpMV time: 0.000071 s
[Rank 48] Local SpMV time: 0.000103 s
[Rank 16] Local SpMV time: 0.000122 s
[Rank 40] Local SpMV time: 0.001788 s
[Rank 43] Local SpMV time: 0.000121 s
[Rank 24] Local SpMV time: 0.003510 s
[Rank 19] Local SpMV time: 0.001577 s
[Rank 57] Local SpMV time: 0.002801 s
[Rank 51] Local SpMV time: 0.003869 s
[Rank 21] Local SpMV time: 0.005232 s
[Rank 2] Local SpMV time: 0.000133 s
[Rank 12] Local SpMV time: 0.012185 s
[Rank 56] Local SpMV time: 0.000092 s
[Rank 23] Local SpMV time: 0.000123 s
[Rank 36] Local SpMV time: 0.000122 s
[Rank 10] Local SpMV time: 0.011053 s
[Rank 45] Local SpMV time: 0.000126 s
[Rank 20] Local SpMV time: 0.000076 s
[Rank 18] Local SpMV time: 0.000102 s
[Rank 53] Local SpMV time: 0.000124 s
[Rank 29] Local SpMV time: 0.012323 s
[Rank 6] Local SpMV time: 0.011036 s
[Rank 27] Local SpMV time: 0.000082 s
[Rank 39] Local SpMV time: 0.000122 s
[Rank 28] Local SpMV time: 0.000119 s
[Rank 34] Local SpMV time: 0.000117 s
[Rank 59] Local SpMV time: 0.000080 s
[Rank 26] Local SpMV time: 0.000122 s
[Rank 52] Local SpMV time: 0.000106 s
[Rank 31] Local SpMV time: 0.000133 s
[Rank 44] Local SpMV time: 0.000103 s
[Rank 47] Local SpMV time: 0.011053 s
[Rank 60] Local SpMV time: 0.000075 s
[Rank 14] Local SpMV time: 0.001262 s
[Rank 22] Local SpMV time: 0.000101 s
[Rank 50] Local SpMV time: 0.000123 s
[Rank 55] Local SpMV time: 0.000093 s
[Rank 61] Local SpMV time: 0.000125 s
[Rank 38] Local SpMV time: 0.000141 s
[Rank 30] Local SpMV time: 0.022018 s
[Rank 58] Local SpMV time: 0.000112 s
[Rank 42] Local SpMV time: 0.001125 s
[Rank 54] Local SpMV time: 0.000124 s
[Rank 63] Local SpMV time: 0.000129 s
[Rank 46] Local SpMV time: 0.000087 s
[Rank 62] Local SpMV time: 0.011058 s
Global FLOPs per SpMV: 4886

-----------------------------------------------------------------------------------------------
  P |  Time(s) | Comp% | Comm% |  GFLOP/s | Speedup |  Eff% | Mem(MiB) | NNZ min | NNZ avg | NNZ max
-----------------------------------------------------------------------------------------------
 64 |   2.4750 |   0.9 |  71.1 |     0.000 |    0.00 |   0.00 |     0.02 |       0 |     38.2 |     419

----------------------------------------
np=128, OMP_NUM_THREADS=1
----------------------------------------
[Rank 0] Matrix: 2000 x 2000, nnz=5184 | grid=16x8 | pattern=0 symmetric=0
[Rank 0] Matrix: 2000 x 2000, nnz=5184 | grid=16x8
[Rank 1] Local SpMV time: 0.000028 s
[Rank 9] Local SpMV time: 0.000019 s
[Rank 65] Local SpMV time: 0.000020 s
[Rank 33] Local SpMV time: 0.000019 s
[Rank 0] Local SpMV time: 0.000033 s
[Rank 17] Local SpMV time: 0.000018 s
[Rank 8] Local SpMV time: 0.000019 s
[Rank 81] Local SpMV time: 0.000019 s
[Rank 32] Local SpMV time: 0.000035 s
[Rank 3] Local SpMV time: 0.000018 s
[Rank 64] Local SpMV time: 0.000018 s
[Rank 25] Local SpMV time: 0.000018 s
[Rank 97] Local SpMV time: 0.000016 s
[Rank 11] Local SpMV time: 0.000018 s
[Rank 73] Local SpMV time: 0.000019 s
[Rank 41] Local SpMV time: 0.000029 s
[Rank 5] Local SpMV time: 0.000018 s
[Rank 67] Local SpMV time: 0.000018 s
[Rank 49] Local SpMV time: 0.000018 s
[Rank 96] Local SpMV time: 0.000019 s
[Rank 57] Local SpMV time: 0.000019 s
[Rank 113] Local SpMV time: 0.000018 s
[Rank 2] Local SpMV time: 0.000018 s
[Rank 40] Local SpMV time: 0.000018 s
[Rank 75] Local SpMV time: 0.000018 s
[Rank 35] Local SpMV time: 0.000016 s
[Rank 16] Local SpMV time: 0.000018 s
[Rank 51] Local SpMV time: 0.000018 s
[Rank 7] Local SpMV time: 0.000017 s
[Rank 19] Local SpMV time: 0.000018 s
[Rank 48] Local SpMV time: 0.000018 s
[Rank 80] Local SpMV time: 0.000016 s
[Rank 13] Local SpMV time: 0.000019 s
[Rank 89] Local SpMV time: 0.000016 s
[Rank 4] Local SpMV time: 0.000018 s
[Rank 105] Local SpMV time: 0.000017 s
[Rank 18] Local SpMV time: 0.000020 s
[Rank 12] Local SpMV time: 0.000018 s
[Rank 112] Local SpMV time: 0.000017 s
[Rank 23] Local SpMV time: 0.000019 s
[Rank 72] Local SpMV time: 0.000018 s
[Rank 83] Local SpMV time: 0.000019 s
[Rank 121] Local SpMV time: 0.000017 s
[Rank 10] Local SpMV time: 0.000018 s
[Rank 21] Local SpMV time: 0.000019 s
[Rank 6] Local SpMV time: 0.000018 s
[Rank 37] Local SpMV time: 0.000019 s
[Rank 68] Local SpMV time: 0.000018 s
[Rank 27] Local SpMV time: 0.000020 s
[Rank 120] Local SpMV time: 0.000034 s
[Rank 88] Local SpMV time: 0.000017 s
[Rank 66] Local SpMV time: 0.000036 s
[Rank 39] Local SpMV time: 0.000018 s
[Rank 104] Local SpMV time: 0.000019 s
[Rank 71] Local SpMV time: 0.000019 s
[Rank 56] Local SpMV time: 0.000016 s
[Rank 29] Local SpMV time: 0.000018 s
[Rank 24] Local SpMV time: 0.000017 s
[Rank 69] Local SpMV time: 0.000019 s
[Rank 34] Local SpMV time: 0.000020 s
[Rank 99] Local SpMV time: 0.000021 s
[Rank 100] Local SpMV time: 0.000019 s
[Rank 53] Local SpMV time: 0.000018 s
[Rank 108] Local SpMV time: 0.000018 s
[Rank 42] Local SpMV time: 0.000035 s
[Rank 15] Local SpMV time: 0.000018 s
[Rank 14] Local SpMV time: 0.000034 s
[Rank 43] Local SpMV time: 0.000018 s
[Rank 36] Local SpMV time: 0.000020 s
[Rank 20] Local SpMV time: 0.000018 s
[Rank 79] Local SpMV time: 0.000019 s
[Rank 91] Local SpMV time: 0.000019 s
[Rank 22] Local SpMV time: 0.000019 s
[Rank 59] Local SpMV time: 0.000018 s
[Rank 70] Local SpMV time: 0.000020 s
[Rank 84] Local SpMV time: 0.000018 s
[Rank 98] Local SpMV time: 0.000019 s
[Rank 50] Local SpMV time: 0.000019 s
[Rank 107] Local SpMV time: 0.000018 s
[Rank 92] Local SpMV time: 0.000018 s
[Rank 31] Local SpMV time: 0.000019 s
[Rank 87] Local SpMV time: 0.000017 s
[Rank 28] Local SpMV time: 0.000017 s
[Rank 114] Local SpMV time: 0.000032 s
[Rank 101] Local SpMV time: 0.000018 s
[Rank 82] Local SpMV time: 0.000018 s
[Rank 76] Local SpMV time: 0.000034 s
[Rank 58] Local SpMV time: 0.000018 s
[Rank 45] Local SpMV time: 0.000020 s
[Rank 116] Local SpMV time: 0.000017 s
[Rank 95] Local SpMV time: 0.000017 s
[Rank 103] Local SpMV time: 0.000017 s
[Rank 47] Local SpMV time: 0.000020 s
[Rank 74] Local SpMV time: 0.000018 s
[Rank 85] Local SpMV time: 0.000018 s
[Rank 119] Local SpMV time: 0.000017 s
[Rank 38] Local SpMV time: 0.000019 s
[Rank 61] Local SpMV time: 0.000019 s
[Rank 102] Local SpMV time: 0.000017 s
[Rank 109] Local SpMV time: 0.000020 s
[Rank 86] Local SpMV time: 0.000019 s
[Rank 77] Local SpMV time: 0.000018 s
[Rank 26] Local SpMV time: 0.000018 s
[Rank 55] Local SpMV time: 0.000018 s
[Rank 44] Local SpMV time: 0.000019 s
[Rank 122] Local SpMV time: 0.000020 s
[Rank 115] Local SpMV time: 0.000018 s
[Rank 30] Local SpMV time: 0.000018 s
[Rank 78] Local SpMV time: 0.000018 s
[Rank 54] Local SpMV time: 0.000020 s
[Rank 118] Local SpMV time: 0.000019 s
[Rank 94] Local SpMV time: 0.000018 s
[Rank 52] Local SpMV time: 0.000018 s
[Rank 127] Local SpMV time: 0.000019 s
[Rank 111] Local SpMV time: 0.000019 s
[Rank 90] Local SpMV time: 0.000019 s
[Rank 124] Local SpMV time: 0.000019 s
[Rank 106] Local SpMV time: 0.000019 s
[Rank 126] Local SpMV time: 0.000019 s
[Rank 117] Local SpMV time: 0.000019 s
[Rank 125] Local SpMV time: 0.000019 s
[Rank 60] Local SpMV time: 0.000018 s
[Rank 63] Local SpMV time: 0.000020 s
[Rank 93] Local SpMV time: 0.000019 s
[Rank 110] Local SpMV time: 0.000021 s
[Rank 46] Local SpMV time: 0.000018 s
[Rank 62] Local SpMV time: 0.000019 s
[Rank 123] Local SpMV time: 0.000019 s
Global FLOPs per SpMV: 4864

-----------------------------------------------------------------------------------------------
  P |  Time(s) | Comp% | Comm% |  GFLOP/s | Speedup |  Eff% | Mem(MiB) | NNZ min | NNZ avg | NNZ max
-----------------------------------------------------------------------------------------------
128 |   4.9320 |   0.0 |  71.5 |     0.000 |    0.00 |   0.00 |     0.01 |       0 |     19.0 |     217

