Strong scaling results for Trefethen_2000.mtx
Date: Fri Jan  2 20:00:24 CET 2026
----------------------------------------

[Rank 0] Matrix: 2000 x 2000, nnz=21953 | grid=1x1 | pattern=0 symmetric=1
[Rank 0] Matrix: 2000 x 2000, nnz=21953 | grid=1x1
[Rank 0] Local SpMV time: 0.002661 s
Global FLOPs per SpMV: 83812

-----------------------------------------------------------------------------------------------
  P |  Time(s) | Comp% | Comm% |  GFLOP/s | Speedup |  Eff% | Mem(MiB) | NNZ min | NNZ avg | NNZ max
-----------------------------------------------------------------------------------------------
  1 |   0.0027 |  98.3 |   0.7 |     0.031 |    N/A   |   N/A  |     1.17 |   41906 |  41906.0 |   41906
BASELINE_T1=0.0027

----------------------------------------
np=2, OMP_NUM_THREADS=64
----------------------------------------
[Rank 0] Matrix: 2000 x 2000, nnz=21953 | grid=2x1 | pattern=0 symmetric=1
[Rank 0] Matrix: 2000 x 2000, nnz=21953 | grid=2x1
[Rank 0] Local SpMV time: 0.001879 s
Global FLOPs per SpMV: 52088

-----------------------------------------------------------------------------------------------
  P |  Time(s) | Comp% | Comm% |  GFLOP/s | Speedup |  Eff% | Mem(MiB) | NNZ min | NNZ avg | NNZ max
-----------------------------------------------------------------------------------------------
  2 |   0.0024 |  77.9 |  12.6 |     0.021 |    1.11 |  55.26 |     0.48 |    9449 |  13022.0 |   16595
[Rank 1] Local SpMV time: 0.001904 s

----------------------------------------
np=4, OMP_NUM_THREADS=32
----------------------------------------
[Rank 0] Matrix: 2000 x 2000, nnz=21953 | grid=2x2 | pattern=0 symmetric=1
[Rank 0] Matrix: 2000 x 2000, nnz=21953 | grid=2x2
[Rank 0] Local SpMV time: 0.001208 s
[Rank 1] Local SpMV time: 0.001445 s
[Rank 2] Local SpMV time: 0.003273 s
[Rank 3] Local SpMV time: 0.025908 s
Global FLOPs per SpMV: 33816

-----------------------------------------------------------------------------------------------
  P |  Time(s) | Comp% | Comm% |  GFLOP/s | Speedup |  Eff% | Mem(MiB) | NNZ min | NNZ avg | NNZ max
-----------------------------------------------------------------------------------------------
  4 |   0.0520 |  49.9 |  43.7 |     0.001 |    0.05 |   1.30 |     0.32 |     973 |   4227.0 |   10799

----------------------------------------
np=8, OMP_NUM_THREADS=16
----------------------------------------
[Rank 0] Matrix: 2000 x 2000, nnz=21953 | grid=4x2 | pattern=0 symmetric=1
[Rank 0] Matrix: 2000 x 2000, nnz=21953 | grid=4x2
[Rank 1] Local SpMV time: 0.011186 s
[Rank 0] Local SpMV time: 0.000527 s
[Rank 5] Local SpMV time: 0.003853 s
[Rank 4] Local SpMV time: 0.000496 s
[Rank 3] Local SpMV time: 0.004368 s
[Rank 2] Local SpMV time: 0.004091 s
[Rank 7] Local SpMV time: 0.011095 s
[Rank 6] Local SpMV time: 0.000501 s
Global FLOPs per SpMV: 27006

-----------------------------------------------------------------------------------------------
  P |  Time(s) | Comp% | Comm% |  GFLOP/s | Speedup |  Eff% | Mem(MiB) | NNZ min | NNZ avg | NNZ max
-----------------------------------------------------------------------------------------------
  8 |   0.1250 |   8.9 |  52.7 |     0.000 |    0.02 |   0.27 |     0.13 |     271 |   1687.9 |    4158

----------------------------------------
np=16, OMP_NUM_THREADS=8
----------------------------------------
[Rank 0] Matrix: 2000 x 2000, nnz=21953 | grid=4x4 | pattern=0 symmetric=1
[Rank 0] Matrix: 2000 x 2000, nnz=21953 | grid=4x4
[Rank 1] Local SpMV time: 0.022098 s
[Rank 0] Local SpMV time: 0.000303 s
[Rank 5] Local SpMV time: 0.002165 s
[Rank 4] Local SpMV time: 0.002325 s
[Rank 3] Local SpMV time: 0.000294 s
[Rank 8] Local SpMV time: 0.002328 s
[Rank 9] Local SpMV time: 0.002355 s
[Rank 7] Local SpMV time: 0.002389 s
[Rank 11] Local SpMV time: 0.000195 s
[Rank 2] Local SpMV time: 0.000260 s
[Rank 12] Local SpMV time: 0.002273 s
[Rank 13] Local SpMV time: 0.000312 s
[Rank 6] Local SpMV time: 0.000289 s
[Rank 10] Local SpMV time: 0.002285 s
[Rank 14] Local SpMV time: 0.011112 s
[Rank 15] Local SpMV time: 0.000323 s
Global FLOPs per SpMV: 22382

-----------------------------------------------------------------------------------------------
  P |  Time(s) | Comp% | Comm% |  GFLOP/s | Speedup |  Eff% | Mem(MiB) | NNZ min | NNZ avg | NNZ max
-----------------------------------------------------------------------------------------------
 16 |   0.5250 |   4.2 |  80.3 |     0.000 |    0.01 |   0.03 |     0.10 |      74 |    699.4 |    3184

----------------------------------------
np=32, OMP_NUM_THREADS=4
----------------------------------------
[Rank 0] Matrix: 2000 x 2000, nnz=21953 | grid=8x4 | pattern=0 symmetric=1
[Rank 0] Matrix: 2000 x 2000, nnz=21953 | grid=8x4
[Rank 1] Local SpMV time: 0.010965 s
[Rank 3] Local SpMV time: 0.000204 s
[Rank 17] Local SpMV time: 0.002213 s
[Rank 9] Local SpMV time: 0.000183 s
[Rank 19] Local SpMV time: 0.000207 s
[Rank 13] Local SpMV time: 0.002198 s
[Rank 0] Local SpMV time: 0.000204 s
[Rank 21] Local SpMV time: 0.023991 s
[Rank 8] Local SpMV time: 0.000191 s
[Rank 5] Local SpMV time: 0.002049 s
[Rank 25] Local SpMV time: 0.000282 s
[Rank 4] Local SpMV time: 0.000180 s
[Rank 11] Local SpMV time: 0.013216 s
[Rank 7] Local SpMV time: 0.026992 s
[Rank 2] Local SpMV time: 0.000203 s
[Rank 15] Local SpMV time: 0.011109 s
[Rank 23] Local SpMV time: 0.002114 s
[Rank 16] Local SpMV time: 0.000193 s
[Rank 12] Local SpMV time: 0.000171 s
[Rank 6] Local SpMV time: 0.002019 s
[Rank 27] Local SpMV time: 0.010991 s
[Rank 20] Local SpMV time: 0.000178 s
[Rank 29] Local SpMV time: 0.000235 s
[Rank 10] Local SpMV time: 0.000198 s
[Rank 18] Local SpMV time: 0.000175 s
[Rank 24] Local SpMV time: 0.000230 s
[Rank 28] Local SpMV time: 0.013092 s
[Rank 14] Local SpMV time: 0.011053 s
[Rank 31] Local SpMV time: 0.011062 s
[Rank 26] Local SpMV time: 0.000180 s
[Rank 22] Local SpMV time: 0.002069 s
[Rank 30] Local SpMV time: 0.000171 s
Global FLOPs per SpMV: 20794

-----------------------------------------------------------------------------------------------
  P |  Time(s) | Comp% | Comm% |  GFLOP/s | Speedup |  Eff% | Mem(MiB) | NNZ min | NNZ avg | NNZ max
-----------------------------------------------------------------------------------------------
 32 |   0.7140 |   3.8 |  73.5 |     0.000 |    0.00 |   0.01 |     0.05 |      21 |    324.9 |    1444

----------------------------------------
np=64, OMP_NUM_THREADS=2
----------------------------------------
[Rank 0] Matrix: 2000 x 2000, nnz=21953 | grid=8x8 | pattern=0 symmetric=1
[Rank 0] Matrix: 2000 x 2000, nnz=21953 | grid=8x8
[Rank 1] Local SpMV time: 0.000188 s
[Rank 3] Local SpMV time: 0.011037 s
[Rank 0] Local SpMV time: 0.000148 s
[Rank 33] Local SpMV time: 0.000195 s
[Rank 4] Local SpMV time: 0.000160 s
[Rank 5] Local SpMV time: 0.012661 s
[Rank 9] Local SpMV time: 0.000152 s
[Rank 6] Local SpMV time: 0.000073 s
[Rank 7] Local SpMV time: 0.001623 s
[Rank 8] Local SpMV time: 0.001248 s
[Rank 41] Local SpMV time: 0.000131 s
[Rank 2] Local SpMV time: 0.011012 s
[Rank 11] Local SpMV time: 0.000161 s
[Rank 17] Local SpMV time: 0.000153 s
[Rank 32] Local SpMV time: 0.000069 s
[Rank 16] Local SpMV time: 0.000126 s
[Rank 49] Local SpMV time: 0.000108 s
[Rank 10] Local SpMV time: 0.000081 s
[Rank 13] Local SpMV time: 0.000110 s
[Rank 18] Local SpMV time: 0.000131 s
[Rank 35] Local SpMV time: 0.001539 s
[Rank 36] Local SpMV time: 0.000145 s
[Rank 15] Local SpMV time: 0.000157 s
[Rank 37] Local SpMV time: 0.001590 s
[Rank 40] Local SpMV time: 0.000138 s
[Rank 12] Local SpMV time: 0.011027 s
[Rank 38] Local SpMV time: 0.023050 s
[Rank 34] Local SpMV time: 0.001446 s
[Rank 25] Local SpMV time: 0.000158 s
[Rank 19] Local SpMV time: 0.001499 s
[Rank 39] Local SpMV time: 0.001895 s
[Rank 53] Local SpMV time: 0.000105 s
[Rank 14] Local SpMV time: 0.000094 s
[Rank 20] Local SpMV time: 0.001191 s
[Rank 47] Local SpMV time: 0.000163 s
[Rank 21] Local SpMV time: 0.001703 s
[Rank 45] Local SpMV time: 0.011029 s
[Rank 48] Local SpMV time: 0.000124 s
[Rank 43] Local SpMV time: 0.000130 s
[Rank 23] Local SpMV time: 0.001593 s
[Rank 24] Local SpMV time: 0.000071 s
[Rank 57] Local SpMV time: 0.000130 s
[Rank 42] Local SpMV time: 0.000120 s
[Rank 44] Local SpMV time: 0.000119 s
[Rank 51] Local SpMV time: 0.011050 s
[Rank 52] Local SpMV time: 0.000129 s
[Rank 59] Local SpMV time: 0.011018 s
[Rank 28] Local SpMV time: 0.000081 s
[Rank 27] Local SpMV time: 0.000112 s
[Rank 29] Local SpMV time: 0.000111 s
[Rank 26] Local SpMV time: 0.000155 s
[Rank 55] Local SpMV time: 0.000160 s
[Rank 56] Local SpMV time: 0.012322 s
[Rank 60] Local SpMV time: 0.000127 s
[Rank 22] Local SpMV time: 0.001421 s
[Rank 61] Local SpMV time: 0.000110 s
[Rank 30] Local SpMV time: 0.000124 s
[Rank 46] Local SpMV time: 0.000086 s
[Rank 50] Local SpMV time: 0.001352 s
[Rank 54] Local SpMV time: 0.000104 s
[Rank 31] Local SpMV time: 0.011086 s
[Rank 63] Local SpMV time: 0.001397 s
[Rank 58] Local SpMV time: 0.011053 s
[Rank 62] Local SpMV time: 0.011060 s
Global FLOPs per SpMV: 19614

-----------------------------------------------------------------------------------------------
  P |  Time(s) | Comp% | Comm% |  GFLOP/s | Speedup |  Eff% | Mem(MiB) | NNZ min | NNZ avg | NNZ max
-----------------------------------------------------------------------------------------------
 64 |   1.7660 |   1.3 |  59.6 |     0.000 |    0.00 |   0.00 |     0.04 |       0 |    153.2 |    1227

----------------------------------------
np=128, OMP_NUM_THREADS=1
----------------------------------------
[Rank 0] Matrix: 2000 x 2000, nnz=21953 | grid=16x8 | pattern=0 symmetric=1
[Rank 0] Matrix: 2000 x 2000, nnz=21953 | grid=16x8
[Rank 1] Local SpMV time: 0.000044 s
[Rank 0] Local SpMV time: 0.000035 s
[Rank 64] Local SpMV time: 0.000034 s
[Rank 9] Local SpMV time: 0.000033 s
[Rank 72] Local SpMV time: 0.000028 s
[Rank 65] Local SpMV time: 0.000030 s
[Rank 73] Local SpMV time: 0.000033 s
[Rank 4] Local SpMV time: 0.000039 s
[Rank 3] Local SpMV time: 0.000033 s
[Rank 33] Local SpMV time: 0.000020 s
[Rank 32] Local SpMV time: 0.000031 s
[Rank 35] Local SpMV time: 0.000036 s
[Rank 36] Local SpMV time: 0.000035 s
[Rank 17] Local SpMV time: 0.000031 s
[Rank 48] Local SpMV time: 0.000030 s
[Rank 97] Local SpMV time: 0.000028 s
[Rank 67] Local SpMV time: 0.000021 s
[Rank 68] Local SpMV time: 0.000032 s
[Rank 75] Local SpMV time: 0.000037 s
[Rank 16] Local SpMV time: 0.000031 s
[Rank 49] Local SpMV time: 0.000032 s
[Rank 24] Local SpMV time: 0.000032 s
[Rank 6] Local SpMV time: 0.000020 s
[Rank 25] Local SpMV time: 0.000030 s
[Rank 41] Local SpMV time: 0.000029 s
[Rank 96] Local SpMV time: 0.000030 s
[Rank 8] Local SpMV time: 0.000029 s
[Rank 57] Local SpMV time: 0.000021 s
[Rank 40] Local SpMV time: 0.000020 s
[Rank 81] Local SpMV time: 0.000029 s
[Rank 56] Local SpMV time: 0.000021 s
[Rank 11] Local SpMV time: 0.000036 s
[Rank 2] Local SpMV time: 0.000032 s
[Rank 113] Local SpMV time: 0.000030 s
[Rank 80] Local SpMV time: 0.000020 s
[Rank 5] Local SpMV time: 0.000027 s
[Rank 44] Local SpMV time: 0.000019 s
[Rank 13] Local SpMV time: 0.000030 s
[Rank 20] Local SpMV time: 0.000031 s
[Rank 7] Local SpMV time: 0.000035 s
[Rank 99] Local SpMV time: 0.000035 s
[Rank 38] Local SpMV time: 0.000033 s
[Rank 52] Local SpMV time: 0.000028 s
[Rank 37] Local SpMV time: 0.000030 s
[Rank 19] Local SpMV time: 0.000034 s
[Rank 28] Local SpMV time: 0.000032 s
[Rank 112] Local SpMV time: 0.000020 s
[Rank 27] Local SpMV time: 0.000038 s
[Rank 84] Local SpMV time: 0.000030 s
[Rank 43] Local SpMV time: 0.000035 s
[Rank 53] Local SpMV time: 0.000029 s
[Rank 70] Local SpMV time: 0.000049 s
[Rank 54] Local SpMV time: 0.000031 s
[Rank 76] Local SpMV time: 0.000033 s
[Rank 71] Local SpMV time: 0.000038 s
[Rank 88] Local SpMV time: 0.000028 s
[Rank 66] Local SpMV time: 0.000033 s
[Rank 105] Local SpMV time: 0.000029 s
[Rank 89] Local SpMV time: 0.000030 s
[Rank 12] Local SpMV time: 0.000029 s
[Rank 10] Local SpMV time: 0.000032 s
[Rank 51] Local SpMV time: 0.000037 s
[Rank 78] Local SpMV time: 0.000031 s
[Rank 21] Local SpMV time: 0.000040 s
[Rank 23] Local SpMV time: 0.000038 s
[Rank 34] Local SpMV time: 0.000033 s
[Rank 39] Local SpMV time: 0.000022 s
[Rank 22] Local SpMV time: 0.000029 s
[Rank 15] Local SpMV time: 0.000038 s
[Rank 100] Local SpMV time: 0.000030 s
[Rank 121] Local SpMV time: 0.000031 s
[Rank 104] Local SpMV time: 0.000019 s
[Rank 83] Local SpMV time: 0.000044 s
[Rank 30] Local SpMV time: 0.000020 s
[Rank 45] Local SpMV time: 0.000034 s
[Rank 14] Local SpMV time: 0.000020 s
[Rank 69] Local SpMV time: 0.000031 s
[Rank 98] Local SpMV time: 0.000031 s
[Rank 18] Local SpMV time: 0.000036 s
[Rank 31] Local SpMV time: 0.000045 s
[Rank 42] Local SpMV time: 0.000030 s
[Rank 91] Local SpMV time: 0.000024 s
[Rank 74] Local SpMV time: 0.000033 s
[Rank 60] Local SpMV time: 0.000031 s
[Rank 59] Local SpMV time: 0.000040 s
[Rank 47] Local SpMV time: 0.000057 s
[Rank 50] Local SpMV time: 0.000032 s
[Rank 82] Local SpMV time: 0.000033 s
[Rank 87] Local SpMV time: 0.000040 s
[Rank 46] Local SpMV time: 0.000022 s
[Rank 115] Local SpMV time: 0.000036 s
[Rank 116] Local SpMV time: 0.000033 s
[Rank 103] Local SpMV time: 0.000023 s
[Rank 92] Local SpMV time: 0.000020 s
[Rank 107] Local SpMV time: 0.000035 s
[Rank 62] Local SpMV time: 0.000022 s
[Rank 120] Local SpMV time: 0.000029 s
[Rank 123] Local SpMV time: 0.000033 s
[Rank 86] Local SpMV time: 0.000032 s
[Rank 90] Local SpMV time: 0.000019 s
[Rank 61] Local SpMV time: 0.000032 s
[Rank 119] Local SpMV time: 0.000039 s
[Rank 124] Local SpMV time: 0.000029 s
[Rank 29] Local SpMV time: 0.000031 s
[Rank 114] Local SpMV time: 0.000033 s
[Rank 79] Local SpMV time: 0.000038 s
[Rank 102] Local SpMV time: 0.000027 s
[Rank 55] Local SpMV time: 0.000040 s
[Rank 85] Local SpMV time: 0.000032 s
[Rank 108] Local SpMV time: 0.000031 s
[Rank 58] Local SpMV time: 0.000021 s
[Rank 122] Local SpMV time: 0.000028 s
[Rank 110] Local SpMV time: 0.000031 s
[Rank 93] Local SpMV time: 0.000032 s
[Rank 77] Local SpMV time: 0.000038 s
[Rank 26] Local SpMV time: 0.000031 s
[Rank 111] Local SpMV time: 0.000037 s
[Rank 101] Local SpMV time: 0.000021 s
[Rank 106] Local SpMV time: 0.000021 s
[Rank 95] Local SpMV time: 0.000040 s
[Rank 94] Local SpMV time: 0.000032 s
[Rank 127] Local SpMV time: 0.000035 s
[Rank 63] Local SpMV time: 0.000044 s
[Rank 117] Local SpMV time: 0.000031 s
[Rank 118] Local SpMV time: 0.000034 s
[Rank 109] Local SpMV time: 0.000024 s
[Rank 125] Local SpMV time: 0.000024 s
[Rank 126] Local SpMV time: 0.000040 s
Global FLOPs per SpMV: 19328

-----------------------------------------------------------------------------------------------
  P |  Time(s) | Comp% | Comm% |  GFLOP/s | Speedup |  Eff% | Mem(MiB) | NNZ min | NNZ avg | NNZ max
-----------------------------------------------------------------------------------------------
128 |   5.6260 |   0.0 |  62.5 |     0.000 |    0.00 |   0.00 |     0.02 |       0 |     75.5 |     611

