Strong scaling results for ww_36_pmec_36.mtx
Date: Fri Jan  2 20:08:02 CET 2026
----------------------------------------

[Rank 0] Matrix: 66 x 66, nnz=1194 | grid=1x1 | pattern=0 symmetric=0
[Rank 0] Matrix: 66 x 66, nnz=1194 | grid=1x1
[Rank 0] Local SpMV time: 0.002714 s
Global FLOPs per SpMV: 2388

-----------------------------------------------------------------------------------------------
  P |  Time(s) | Comp% | Comm% |  GFLOP/s | Speedup |  Eff% | Mem(MiB) | NNZ min | NNZ avg | NNZ max
-----------------------------------------------------------------------------------------------
  1 |   0.0028 |  98.5 |   0.3 |     0.001 |    N/A   |   N/A  |     0.03 |    1194 |   1194.0 |    1194
BASELINE_T1=0.0028

----------------------------------------
np=2, OMP_NUM_THREADS=64
----------------------------------------
[Rank 0] Matrix: 66 x 66, nnz=1194 | grid=2x1 | pattern=0 symmetric=0
[Rank 0] Matrix: 66 x 66, nnz=1194 | grid=2x1
[Rank 1] Local SpMV time: 0.001686 s
[Rank 0] Local SpMV time: 0.001987 s
Global FLOPs per SpMV: 1782

-----------------------------------------------------------------------------------------------
  P |  Time(s) | Comp% | Comm% |  GFLOP/s | Speedup |  Eff% | Mem(MiB) | NNZ min | NNZ avg | NNZ max
-----------------------------------------------------------------------------------------------
  2 |   0.0020 |  97.4 |   2.2 |     0.001 |    1.37 |  68.65 |     0.02 |     295 |    445.5 |     596

----------------------------------------
np=4, OMP_NUM_THREADS=32
----------------------------------------
[Rank 0] Matrix: 66 x 66, nnz=1194 | grid=2x2 | pattern=0 symmetric=0
[Rank 0] Matrix: 66 x 66, nnz=1194 | grid=2x2
[Rank 0] Local SpMV time: 0.000973 s
[Rank 1] Local SpMV time: 0.035994 s
[Rank 2] Local SpMV time: 0.013742 s
[Rank 3] Local SpMV time: 0.046868 s
Global FLOPs per SpMV: 1502

-----------------------------------------------------------------------------------------------
  P |  Time(s) | Comp% | Comm% |  GFLOP/s | Speedup |  Eff% | Mem(MiB) | NNZ min | NNZ avg | NNZ max
-----------------------------------------------------------------------------------------------
  4 |   0.0690 |  67.9 |  11.0 |     0.000 |    0.04 |   1.01 |     0.01 |      87 |    187.8 |     316

----------------------------------------
np=8, OMP_NUM_THREADS=16
----------------------------------------
[Rank 0] Matrix: 66 x 66, nnz=1194 | grid=4x2 | pattern=0 symmetric=0
[Rank 0] Matrix: 66 x 66, nnz=1194 | grid=4x2
[Rank 1] Local SpMV time: 0.011459 s
[Rank 0] Local SpMV time: 0.000493 s
[Rank 5] Local SpMV time: 0.015136 s
[Rank 4] Local SpMV time: 0.000713 s
[Rank 3] Local SpMV time: 0.021435 s
[Rank 2] Local SpMV time: 0.014797 s
[Rank 7] Local SpMV time: 0.011205 s
[Rank 6] Local SpMV time: 0.000462 s
Global FLOPs per SpMV: 1328

-----------------------------------------------------------------------------------------------
  P |  Time(s) | Comp% | Comm% |  GFLOP/s | Speedup |  Eff% | Mem(MiB) | NNZ min | NNZ avg | NNZ max
-----------------------------------------------------------------------------------------------
  8 |   0.1320 |  16.2 |  33.3 |     0.000 |    0.02 |   0.27 |     0.01 |      22 |     83.0 |     167

----------------------------------------
np=16, OMP_NUM_THREADS=8
----------------------------------------
[Rank 0] Matrix: 66 x 66, nnz=1194 | grid=4x4 | pattern=0 symmetric=0
[Rank 0] Matrix: 66 x 66, nnz=1194 | grid=4x4
[Rank 1] Local SpMV time: 0.010985 s
[Rank 9] Local SpMV time: 0.002000 s
[Rank 3] Local SpMV time: 0.004017 s
[Rank 0] Local SpMV time: 0.000304 s
[Rank 5] Local SpMV time: 0.005990 s
[Rank 2] Local SpMV time: 0.002315 s
[Rank 13] Local SpMV time: 0.011216 s
[Rank 7] Local SpMV time: 0.002208 s
[Rank 8] Local SpMV time: 0.011086 s
[Rank 11] Local SpMV time: 0.004190 s
[Rank 10] Local SpMV time: 0.000309 s
[Rank 4] Local SpMV time: 0.002282 s
[Rank 12] Local SpMV time: 0.000389 s
[Rank 15] Local SpMV time: 0.011188 s
[Rank 6] Local SpMV time: 0.013219 s
[Rank 14] Local SpMV time: 0.000295 s
Global FLOPs per SpMV: 1286

-----------------------------------------------------------------------------------------------
  P |  Time(s) | Comp% | Comm% |  GFLOP/s | Speedup |  Eff% | Mem(MiB) | NNZ min | NNZ avg | NNZ max
-----------------------------------------------------------------------------------------------
 16 |   0.3600 |   3.7 |  24.4 |     0.000 |    0.01 |   0.05 |     0.00 |       9 |     40.2 |      83

----------------------------------------
np=32, OMP_NUM_THREADS=4
----------------------------------------
[Rank 0] Matrix: 66 x 66, nnz=1194 | grid=8x4 | pattern=0 symmetric=0
[Rank 0] Matrix: 66 x 66, nnz=1194 | grid=8x4
[Rank 1] Local SpMV time: 0.000320 s
[Rank 5] Local SpMV time: 0.013007 s
[Rank 3] Local SpMV time: 0.000147 s
[Rank 7] Local SpMV time: 0.000172 s
[Rank 0] Local SpMV time: 0.000187 s
[Rank 17] Local SpMV time: 0.002038 s
[Rank 8] Local SpMV time: 0.008085 s
[Rank 25] Local SpMV time: 0.000270 s
[Rank 12] Local SpMV time: 0.000174 s
[Rank 9] Local SpMV time: 0.022013 s
[Rank 21] Local SpMV time: 0.001948 s
[Rank 4] Local SpMV time: 0.000171 s
[Rank 13] Local SpMV time: 0.000191 s
[Rank 16] Local SpMV time: 0.011107 s
[Rank 24] Local SpMV time: 0.000180 s
[Rank 2] Local SpMV time: 0.001946 s
[Rank 19] Local SpMV time: 0.011112 s
[Rank 29] Local SpMV time: 0.000171 s
[Rank 18] Local SpMV time: 0.011108 s
[Rank 26] Local SpMV time: 0.001819 s
[Rank 11] Local SpMV time: 0.000184 s
[Rank 28] Local SpMV time: 0.003543 s
[Rank 23] Local SpMV time: 0.001981 s
[Rank 20] Local SpMV time: 0.005435 s
[Rank 10] Local SpMV time: 0.007211 s
[Rank 6] Local SpMV time: 0.011018 s
[Rank 22] Local SpMV time: 0.001723 s
[Rank 27] Local SpMV time: 0.000157 s
[Rank 30] Local SpMV time: 0.003554 s
[Rank 14] Local SpMV time: 0.011069 s
[Rank 15] Local SpMV time: 0.011111 s
[Rank 31] Local SpMV time: 0.011111 s
Global FLOPs per SpMV: 1264

-----------------------------------------------------------------------------------------------
  P |  Time(s) | Comp% | Comm% |  GFLOP/s | Speedup |  Eff% | Mem(MiB) | NNZ min | NNZ avg | NNZ max
-----------------------------------------------------------------------------------------------
 32 |   1.0560 |   2.1 |  66.7 |     0.000 |    0.00 |   0.01 |     0.00 |       0 |     19.8 |      49

----------------------------------------
np=64, OMP_NUM_THREADS=2
----------------------------------------
[Rank 0] Matrix: 66 x 66, nnz=1194 | grid=8x8 | pattern=0 symmetric=0
[Rank 0] Matrix: 66 x 66, nnz=1194 | grid=8x8
[Rank 0] Local SpMV time: 0.000144 s
[Rank 4] Local SpMV time: 0.000128 s
[Rank 2] Local SpMV time: 0.000121 s
[Rank 16] Local SpMV time: 0.000123 s
[Rank 18] Local SpMV time: 0.001206 s
[Rank 6] Local SpMV time: 0.000108 s
[Rank 8] Local SpMV time: 0.000069 s
[Rank 32] Local SpMV time: 0.001318 s
[Rank 24] Local SpMV time: 0.000125 s
[Rank 10] Local SpMV time: 0.001297 s
[Rank 1] Local SpMV time: 0.000224 s
[Rank 5] Local SpMV time: 0.012362 s
[Rank 20] Local SpMV time: 0.000131 s
[Rank 12] Local SpMV time: 0.000128 s
[Rank 7] Local SpMV time: 0.000153 s
[Rank 40] Local SpMV time: 0.000128 s
[Rank 17] Local SpMV time: 0.001606 s
[Rank 14] Local SpMV time: 0.000126 s
[Rank 26] Local SpMV time: 0.001298 s
[Rank 34] Local SpMV time: 0.002379 s
[Rank 22] Local SpMV time: 0.000081 s
[Rank 36] Local SpMV time: 0.000119 s
[Rank 33] Local SpMV time: 0.000144 s
[Rank 48] Local SpMV time: 0.001351 s
[Rank 44] Local SpMV time: 0.000125 s
[Rank 21] Local SpMV time: 0.000143 s
[Rank 3] Local SpMV time: 0.001576 s
[Rank 25] Local SpMV time: 0.000141 s
[Rank 28] Local SpMV time: 0.000119 s
[Rank 41] Local SpMV time: 0.001491 s
[Rank 9] Local SpMV time: 0.011050 s
[Rank 30] Local SpMV time: 0.000131 s
[Rank 11] Local SpMV time: 0.001662 s
[Rank 52] Local SpMV time: 0.001363 s
[Rank 37] Local SpMV time: 0.000142 s
[Rank 35] Local SpMV time: 0.006737 s
[Rank 29] Local SpMV time: 0.015942 s
[Rank 39] Local SpMV time: 0.009746 s
[Rank 50] Local SpMV time: 0.000125 s
[Rank 49] Local SpMV time: 0.000146 s
[Rank 42] Local SpMV time: 0.001305 s
[Rank 38] Local SpMV time: 0.000112 s
[Rank 51] Local SpMV time: 0.011008 s
[Rank 45] Local SpMV time: 0.001423 s
[Rank 56] Local SpMV time: 0.000131 s
[Rank 53] Local SpMV time: 0.000144 s
[Rank 57] Local SpMV time: 0.001760 s
[Rank 19] Local SpMV time: 0.000103 s
[Rank 43] Local SpMV time: 0.001699 s
[Rank 23] Local SpMV time: 0.000153 s
[Rank 54] Local SpMV time: 0.000130 s
[Rank 13] Local SpMV time: 0.000104 s
[Rank 31] Local SpMV time: 0.001444 s
[Rank 58] Local SpMV time: 0.000085 s
[Rank 46] Local SpMV time: 0.011061 s
[Rank 60] Local SpMV time: 0.001191 s
[Rank 55] Local SpMV time: 0.011058 s
[Rank 47] Local SpMV time: 0.001410 s
[Rank 27] Local SpMV time: 0.002769 s
[Rank 15] Local SpMV time: 0.004026 s
[Rank 59] Local SpMV time: 0.005691 s
[Rank 61] Local SpMV time: 0.000096 s
[Rank 62] Local SpMV time: 0.000141 s
[Rank 63] Local SpMV time: 0.000076 s
Global FLOPs per SpMV: 1196

-----------------------------------------------------------------------------------------------
  P |  Time(s) | Comp% | Comm% |  GFLOP/s | Speedup |  Eff% | Mem(MiB) | NNZ min | NNZ avg | NNZ max
-----------------------------------------------------------------------------------------------
 64 |   2.1200 |   0.8 |  66.3 |     0.000 |    0.00 |   0.00 |     0.00 |       0 |      9.3 |      29

----------------------------------------
np=128, OMP_NUM_THREADS=1
----------------------------------------
[Rank 0] Matrix: 66 x 66, nnz=1194 | grid=16x8 | pattern=0 symmetric=0
[Rank 0] Matrix: 66 x 66, nnz=1194 | grid=16x8
[Rank 1] Local SpMV time: 0.000041 s
[Rank 3] Local SpMV time: 0.000033 s
[Rank 65] Local SpMV time: 0.000019 s
[Rank 67] Local SpMV time: 0.000050 s
[Rank 17] Local SpMV time: 0.000032 s
[Rank 0] Local SpMV time: 0.000029 s
[Rank 9] Local SpMV time: 0.000020 s
[Rank 19] Local SpMV time: 0.000020 s
[Rank 64] Local SpMV time: 0.000031 s
[Rank 5] Local SpMV time: 0.000019 s
[Rank 8] Local SpMV time: 0.000029 s
[Rank 4] Local SpMV time: 0.000020 s
[Rank 81] Local SpMV time: 0.000029 s
[Rank 80] Local SpMV time: 0.000030 s
[Rank 33] Local SpMV time: 0.000031 s
[Rank 73] Local SpMV time: 0.000027 s
[Rank 13] Local SpMV time: 0.000030 s
[Rank 41] Local SpMV time: 0.000027 s
[Rank 2] Local SpMV time: 0.000030 s
[Rank 69] Local SpMV time: 0.000019 s
[Rank 97] Local SpMV time: 0.000031 s
[Rank 75] Local SpMV time: 0.000023 s
[Rank 12] Local SpMV time: 0.000029 s
[Rank 21] Local SpMV time: 0.000031 s
[Rank 25] Local SpMV time: 0.000029 s
[Rank 68] Local SpMV time: 0.000032 s
[Rank 37] Local SpMV time: 0.000027 s
[Rank 16] Local SpMV time: 0.000029 s
[Rank 27] Local SpMV time: 0.000032 s
[Rank 32] Local SpMV time: 0.000019 s
[Rank 89] Local SpMV time: 0.000031 s
[Rank 72] Local SpMV time: 0.000020 s
[Rank 35] Local SpMV time: 0.000032 s
[Rank 24] Local SpMV time: 0.000028 s
[Rank 101] Local SpMV time: 0.000029 s
[Rank 40] Local SpMV time: 0.000028 s
[Rank 96] Local SpMV time: 0.000030 s
[Rank 7] Local SpMV time: 0.000033 s
[Rank 43] Local SpMV time: 0.000032 s
[Rank 88] Local SpMV time: 0.000029 s
[Rank 83] Local SpMV time: 0.000035 s
[Rank 11] Local SpMV time: 0.000034 s
[Rank 77] Local SpMV time: 0.000029 s
[Rank 10] Local SpMV time: 0.000030 s
[Rank 105] Local SpMV time: 0.000027 s
[Rank 6] Local SpMV time: 0.000028 s
[Rank 99] Local SpMV time: 0.000033 s
[Rank 45] Local SpMV time: 0.000026 s
[Rank 20] Local SpMV time: 0.000020 s
[Rank 39] Local SpMV time: 0.000032 s
[Rank 91] Local SpMV time: 0.000020 s
[Rank 100] Local SpMV time: 0.000028 s
[Rank 49] Local SpMV time: 0.000020 s
[Rank 66] Local SpMV time: 0.000029 s
[Rank 51] Local SpMV time: 0.000039 s
[Rank 104] Local SpMV time: 0.000027 s
[Rank 98] Local SpMV time: 0.000027 s
[Rank 71] Local SpMV time: 0.000021 s
[Rank 112] Local SpMV time: 0.000028 s
[Rank 47] Local SpMV time: 0.000020 s
[Rank 120] Local SpMV time: 0.000028 s
[Rank 76] Local SpMV time: 0.000028 s
[Rank 15] Local SpMV time: 0.000033 s
[Rank 18] Local SpMV time: 0.000028 s
[Rank 29] Local SpMV time: 0.000028 s
[Rank 36] Local SpMV time: 0.000028 s
[Rank 70] Local SpMV time: 0.000019 s
[Rank 53] Local SpMV time: 0.000020 s
[Rank 38] Local SpMV time: 0.000029 s
[Rank 23] Local SpMV time: 0.000035 s
[Rank 85] Local SpMV time: 0.000029 s
[Rank 84] Local SpMV time: 0.000019 s
[Rank 113] Local SpMV time: 0.000019 s
[Rank 34] Local SpMV time: 0.000030 s
[Rank 103] Local SpMV time: 0.000031 s
[Rank 57] Local SpMV time: 0.000019 s
[Rank 82] Local SpMV time: 0.000029 s
[Rank 107] Local SpMV time: 0.000037 s
[Rank 48] Local SpMV time: 0.000029 s
[Rank 22] Local SpMV time: 0.000020 s
[Rank 14] Local SpMV time: 0.000029 s
[Rank 102] Local SpMV time: 0.000028 s
[Rank 59] Local SpMV time: 0.000021 s
[Rank 109] Local SpMV time: 0.000028 s
[Rank 74] Local SpMV time: 0.000021 s
[Rank 26] Local SpMV time: 0.000031 s
[Rank 114] Local SpMV time: 0.000029 s
[Rank 117] Local SpMV time: 0.000019 s
[Rank 42] Local SpMV time: 0.000020 s
[Rank 111] Local SpMV time: 0.000033 s
[Rank 56] Local SpMV time: 0.000029 s
[Rank 31] Local SpMV time: 0.000035 s
[Rank 44] Local SpMV time: 0.000029 s
[Rank 28] Local SpMV time: 0.000029 s
[Rank 106] Local SpMV time: 0.000020 s
[Rank 122] Local SpMV time: 0.000028 s
[Rank 108] Local SpMV time: 0.000019 s
[Rank 79] Local SpMV time: 0.000035 s
[Rank 50] Local SpMV time: 0.000028 s
[Rank 115] Local SpMV time: 0.000020 s
[Rank 86] Local SpMV time: 0.000021 s
[Rank 116] Local SpMV time: 0.000026 s
[Rank 78] Local SpMV time: 0.000030 s
[Rank 121] Local SpMV time: 0.000019 s
[Rank 124] Local SpMV time: 0.000028 s
[Rank 87] Local SpMV time: 0.000034 s
[Rank 93] Local SpMV time: 0.000033 s
[Rank 55] Local SpMV time: 0.000032 s
[Rank 61] Local SpMV time: 0.000028 s
[Rank 46] Local SpMV time: 0.000033 s
[Rank 92] Local SpMV time: 0.000029 s
[Rank 30] Local SpMV time: 0.000032 s
[Rank 52] Local SpMV time: 0.000027 s
[Rank 90] Local SpMV time: 0.000030 s
[Rank 123] Local SpMV time: 0.000035 s
[Rank 125] Local SpMV time: 0.000028 s
[Rank 58] Local SpMV time: 0.000028 s
[Rank 54] Local SpMV time: 0.000028 s
[Rank 94] Local SpMV time: 0.000029 s
[Rank 119] Local SpMV time: 0.000022 s
[Rank 63] Local SpMV time: 0.000021 s
[Rank 110] Local SpMV time: 0.000029 s
[Rank 118] Local SpMV time: 0.000027 s
[Rank 95] Local SpMV time: 0.000035 s
[Rank 62] Local SpMV time: 0.000021 s
[Rank 127] Local SpMV time: 0.000026 s
[Rank 126] Local SpMV time: 0.000032 s
[Rank 60] Local SpMV time: 0.000028 s
Global FLOPs per SpMV: 1222

-----------------------------------------------------------------------------------------------
  P |  Time(s) | Comp% | Comm% |  GFLOP/s | Speedup |  Eff% | Mem(MiB) | NNZ min | NNZ avg | NNZ max
-----------------------------------------------------------------------------------------------
128 |   4.9320 |   0.0 |  71.3 |     0.000 |    0.00 |   0.00 |     0.00 |       0 |      4.8 |      14

