Strong scaling results for bcsstm05.mtx
Date: Fri Jan  2 15:31:38 CET 2026
----------------------------------------

[Rank 0] Matrix: 153 x 153, nnz=153 | grid=1x1 | pattern=0 symmetric=1
[Rank 0] Matrix: 153 x 153, nnz=153 | grid=1x1
[Rank 0] Local SpMV time: 0.015909 s
Global FLOPs per SpMV: 306

-----------------------------------------------------------------------------------------------
  P |  Time(s) | Comp% | Comm% |  GFLOP/s | Speedup |  Eff% | Mem(MiB) | NNZ min | NNZ avg | NNZ max
-----------------------------------------------------------------------------------------------
  1 |   0.0160 |  99.5 |   0.1 |     0.000 |    N/A   |   N/A  |     0.01 |     153 |    153.0 |     153
BASELINE_T1=0.0160

----------------------------------------
np=2, OMP_NUM_THREADS=64
----------------------------------------
[Rank 0] Matrix: 153 x 153, nnz=153 | grid=2x1 | pattern=0 symmetric=1
[Rank 0] Matrix: 153 x 153, nnz=153 | grid=2x1
[Rank 1] Local SpMV time: 0.002016 s
[Rank 0] Local SpMV time: 0.010483 s
Global FLOPs per SpMV: 226

-----------------------------------------------------------------------------------------------
  P |  Time(s) | Comp% | Comm% |  GFLOP/s | Speedup |  Eff% | Mem(MiB) | NNZ min | NNZ avg | NNZ max
-----------------------------------------------------------------------------------------------
  2 |   0.0106 |  99.1 |   1.3 |     0.000 |    1.51 |  75.61 |     0.00 |      36 |     56.5 |      77

----------------------------------------
np=4, OMP_NUM_THREADS=32
----------------------------------------
[Rank 0] Matrix: 153 x 153, nnz=153 | grid=2x2 | pattern=0 symmetric=1
[Rank 0] Matrix: 153 x 153, nnz=153 | grid=2x2
[Rank 1] Local SpMV time: 0.001026 s
[Rank 2] Local SpMV time: 0.011465 s
[Rank 3] Local SpMV time: 0.001401 s
[Rank 0] Local SpMV time: 0.025638 s
Global FLOPs per SpMV: 190

-----------------------------------------------------------------------------------------------
  P |  Time(s) | Comp% | Comm% |  GFLOP/s | Speedup |  Eff% | Mem(MiB) | NNZ min | NNZ avg | NNZ max
-----------------------------------------------------------------------------------------------
  4 |   0.0261 |  98.2 |  10.8 |     0.000 |    0.61 |  15.32 |     0.00 |       0 |     23.8 |      77

----------------------------------------
np=8, OMP_NUM_THREADS=16
----------------------------------------
[Rank 0] Matrix: 153 x 153, nnz=153 | grid=4x2 | pattern=0 symmetric=1
[Rank 0] Matrix: 153 x 153, nnz=153 | grid=4x2
[Rank 1] Local SpMV time: 0.000794 s
[Rank 0] Local SpMV time: 0.002154 s
[Rank 4] Local SpMV time: 0.001728 s
[Rank 2] Local SpMV time: 0.007731 s
[Rank 5] Local SpMV time: 0.009576 s
[Rank 6] Local SpMV time: 0.001871 s
[Rank 3] Local SpMV time: 0.028372 s
[Rank 7] Local SpMV time: 0.018851 s
Global FLOPs per SpMV: 170

-----------------------------------------------------------------------------------------------
  P |  Time(s) | Comp% | Comm% |  GFLOP/s | Speedup |  Eff% | Mem(MiB) | NNZ min | NNZ avg | NNZ max
-----------------------------------------------------------------------------------------------
  8 |   0.0632 |  44.9 |  44.3 |     0.000 |    0.25 |   3.16 |     0.00 |       0 |     10.6 |      39

----------------------------------------
np=16, OMP_NUM_THREADS=8
----------------------------------------
[Rank 0] Matrix: 153 x 153, nnz=153 | grid=4x4 | pattern=0 symmetric=1
[Rank 0] Matrix: 153 x 153, nnz=153 | grid=4x4
[Rank 1] Local SpMV time: 0.000491 s
[Rank 0] Local SpMV time: 0.020210 s
[Rank 8] Local SpMV time: 0.006397 s
[Rank 2] Local SpMV time: 0.002670 s
[Rank 3] Local SpMV time: 0.032172 s
[Rank 9] Local SpMV time: 0.031990 s
[Rank 4] Local SpMV time: 0.031993 s
[Rank 11] Local SpMV time: 0.027992 s
[Rank 13] Local SpMV time: 0.035908 s
[Rank 5] Local SpMV time: 0.035979 s
[Rank 6] Local SpMV time: 0.028007 s
[Rank 12] Local SpMV time: 0.032133 s
[Rank 7] Local SpMV time: 0.039992 s
[Rank 15] Local SpMV time: 0.027985 s
[Rank 10] Local SpMV time: 0.035986 s
[Rank 14] Local SpMV time: 0.035994 s
Global FLOPs per SpMV: 158

-----------------------------------------------------------------------------------------------
  P |  Time(s) | Comp% | Comm% |  GFLOP/s | Speedup |  Eff% | Mem(MiB) | NNZ min | NNZ avg | NNZ max
-----------------------------------------------------------------------------------------------
 16 |   0.1792 |  22.3 |  17.9 |     0.000 |    0.09 |   0.56 |     0.00 |       0 |      4.9 |      39

----------------------------------------
np=32, OMP_NUM_THREADS=4
----------------------------------------
[Rank 0] Matrix: 153 x 153, nnz=153 | grid=8x4 | pattern=0 symmetric=1
[Rank 0] Matrix: 153 x 153, nnz=153 | grid=8x4
[Rank 1] Local SpMV time: 0.000238 s
[Rank 5] Local SpMV time: 0.000273 s
[Rank 0] Local SpMV time: 0.004440 s
[Rank 17] Local SpMV time: 0.000143 s
[Rank 8] Local SpMV time: 0.000402 s
[Rank 25] Local SpMV time: 0.000171 s
[Rank 4] Local SpMV time: 0.004739 s
[Rank 9] Local SpMV time: 0.004127 s
[Rank 3] Local SpMV time: 0.000169 s
[Rank 19] Local SpMV time: 0.000896 s
[Rank 21] Local SpMV time: 0.001262 s
[Rank 16] Local SpMV time: 0.003992 s
[Rank 29] Local SpMV time: 0.000180 s
[Rank 2] Local SpMV time: 0.000276 s
[Rank 12] Local SpMV time: 0.000554 s
[Rank 13] Local SpMV time: 0.004132 s
[Rank 27] Local SpMV time: 0.000429 s
[Rank 23] Local SpMV time: 0.000165 s
[Rank 24] Local SpMV time: 0.000677 s
[Rank 11] Local SpMV time: 0.004182 s
[Rank 20] Local SpMV time: 0.000154 s
[Rank 7] Local SpMV time: 0.004485 s
[Rank 10] Local SpMV time: 0.000559 s
[Rank 15] Local SpMV time: 0.000787 s
[Rank 18] Local SpMV time: 0.000489 s
[Rank 31] Local SpMV time: 0.004128 s
[Rank 28] Local SpMV time: 0.005045 s
[Rank 6] Local SpMV time: 0.004010 s
[Rank 14] Local SpMV time: 0.000619 s
[Rank 26] Local SpMV time: 0.004058 s
[Rank 22] Local SpMV time: 0.063908 s
[Rank 30] Local SpMV time: 0.004096 s
Global FLOPs per SpMV: 156

-----------------------------------------------------------------------------------------------
  P |  Time(s) | Comp% | Comm% |  GFLOP/s | Speedup |  Eff% | Mem(MiB) | NNZ min | NNZ avg | NNZ max
-----------------------------------------------------------------------------------------------
 32 |   0.3240 |  19.7 |  59.3 |     0.000 |    0.05 |   0.15 |     0.00 |       0 |      2.4 |      20

----------------------------------------
np=64, OMP_NUM_THREADS=2
----------------------------------------
[Rank 0] Matrix: 153 x 153, nnz=153 | grid=8x8 | pattern=0 symmetric=1
[Rank 0] Matrix: 153 x 153, nnz=153 | grid=8x8
[Rank 1] Local SpMV time: 0.000097 s
[Rank 0] Local SpMV time: 0.000312 s
[Rank 17] Local SpMV time: 0.000074 s
[Rank 2] Local SpMV time: 0.000154 s
[Rank 9] Local SpMV time: 0.024301 s
[Rank 5] Local SpMV time: 0.020025 s
[Rank 32] Local SpMV time: 0.000211 s
[Rank 25] Local SpMV time: 0.015012 s
[Rank 8] Local SpMV time: 0.004370 s
[Rank 16] Local SpMV time: 0.000762 s
[Rank 33] Local SpMV time: 0.024016 s
[Rank 3] Local SpMV time: 0.004331 s
[Rank 41] Local SpMV time: 0.000610 s
[Rank 4] Local SpMV time: 0.004017 s
[Rank 48] Local SpMV time: 0.000201 s
[Rank 49] Local SpMV time: 0.000070 s
[Rank 18] Local SpMV time: 0.007939 s
[Rank 7] Local SpMV time: 0.000052 s
[Rank 37] Local SpMV time: 0.000110 s
[Rank 34] Local SpMV time: 0.000124 s
[Rank 13] Local SpMV time: 0.004344 s
[Rank 36] Local SpMV time: 0.000152 s
[Rank 11] Local SpMV time: 0.004061 s
[Rank 10] Local SpMV time: 0.004092 s
[Rank 57] Local SpMV time: 0.009362 s
[Rank 53] Local SpMV time: 0.012026 s
[Rank 24] Local SpMV time: 0.003979 s
[Rank 21] Local SpMV time: 0.004020 s
[Rank 20] Local SpMV time: 0.003986 s
[Rank 39] Local SpMV time: 0.012027 s
[Rank 28] Local SpMV time: 0.008207 s
[Rank 19] Local SpMV time: 0.008349 s
[Rank 6] Local SpMV time: 0.000556 s
[Rank 12] Local SpMV time: 0.000879 s
[Rank 45] Local SpMV time: 0.004068 s
[Rank 35] Local SpMV time: 0.008249 s
[Rank 15] Local SpMV time: 0.012582 s
[Rank 40] Local SpMV time: 0.008070 s
[Rank 51] Local SpMV time: 0.020062 s
[Rank 38] Local SpMV time: 0.004355 s
[Rank 61] Local SpMV time: 0.004011 s
[Rank 27] Local SpMV time: 0.008472 s
[Rank 52] Local SpMV time: 0.000201 s
[Rank 50] Local SpMV time: 0.004397 s
[Rank 29] Local SpMV time: 0.000117 s
[Rank 56] Local SpMV time: 0.003972 s
[Rank 23] Local SpMV time: 0.000090 s
[Rank 14] Local SpMV time: 0.004090 s
[Rank 54] Local SpMV time: 0.004348 s
[Rank 47] Local SpMV time: 0.000062 s
[Rank 22] Local SpMV time: 0.000098 s
[Rank 55] Local SpMV time: 0.000077 s
[Rank 42] Local SpMV time: 0.000072 s
[Rank 26] Local SpMV time: 0.000355 s
[Rank 44] Local SpMV time: 0.003985 s
[Rank 63] Local SpMV time: 0.004066 s
[Rank 60] Local SpMV time: 0.003995 s
[Rank 30] Local SpMV time: 0.000097 s
[Rank 62] Local SpMV time: 0.000356 s
[Rank 58] Local SpMV time: 0.007912 s
[Rank 46] Local SpMV time: 0.004062 s
[Rank 31] Local SpMV time: 0.132006 s
[Rank 43] Local SpMV time: 0.139960 s
[Rank 59] Local SpMV time: 0.136005 s
Global FLOPs per SpMV: 154

-----------------------------------------------------------------------------------------------
  P |  Time(s) | Comp% | Comm% |  GFLOP/s | Speedup |  Eff% | Mem(MiB) | NNZ min | NNZ avg | NNZ max
-----------------------------------------------------------------------------------------------
 64 |   0.9000 |  15.6 |  71.1 |     0.000 |    0.02 |   0.03 |     0.00 |       0 |      1.2 |      20

----------------------------------------
np=128, OMP_NUM_THREADS=1
----------------------------------------
[Rank 0] Matrix: 153 x 153, nnz=153 | grid=16x8 | pattern=0 symmetric=1
[Rank 0] Matrix: 153 x 153, nnz=153 | grid=16x8
[Rank 1] Local SpMV time: 0.000032 s
[Rank 5] Local SpMV time: 0.000019 s
[Rank 3] Local SpMV time: 0.000018 s
[Rank 65] Local SpMV time: 0.000020 s
[Rank 17] Local SpMV time: 0.000018 s
[Rank 9] Local SpMV time: 0.000020 s
[Rank 0] Local SpMV time: 0.000031 s
[Rank 67] Local SpMV time: 0.000020 s
[Rank 13] Local SpMV time: 0.000021 s
[Rank 69] Local SpMV time: 0.000020 s
[Rank 64] Local SpMV time: 0.000021 s
[Rank 19] Local SpMV time: 0.000019 s
[Rank 73] Local SpMV time: 0.000020 s
[Rank 7] Local SpMV time: 0.000019 s
[Rank 25] Local SpMV time: 0.000019 s
[Rank 15] Local SpMV time: 0.000020 s
[Rank 11] Local SpMV time: 0.000021 s
[Rank 16] Local SpMV time: 0.000021 s
[Rank 21] Local SpMV time: 0.000013 s
[Rank 71] Local SpMV time: 0.000020 s
[Rank 77] Local SpMV time: 0.000014 s
[Rank 2] Local SpMV time: 0.000021 s
[Rank 33] Local SpMV time: 0.000014 s
[Rank 23] Local SpMV time: 0.000021 s
[Rank 18] Local SpMV time: 0.000021 s
[Rank 72] Local SpMV time: 0.000019 s
[Rank 8] Local SpMV time: 0.000021 s
[Rank 31] Local SpMV time: 0.000015 s
[Rank 41] Local SpMV time: 0.000015 s
[Rank 96] Local SpMV time: 0.000019 s
[Rank 97] Local SpMV time: 0.000018 s
[Rank 27] Local SpMV time: 0.000019 s
[Rank 81] Local SpMV time: 0.000014 s
[Rank 4] Local SpMV time: 0.000019 s
[Rank 37] Local SpMV time: 0.000018 s
[Rank 101] Local SpMV time: 0.000019 s
[Rank 32] Local SpMV time: 0.000022 s
[Rank 49] Local SpMV time: 0.000018 s
[Rank 80] Local SpMV time: 0.000021 s
[Rank 83] Local SpMV time: 0.000019 s
[Rank 45] Local SpMV time: 0.000014 s
[Rank 24] Local SpMV time: 0.000020 s
[Rank 75] Local SpMV time: 0.000019 s
[Rank 105] Local SpMV time: 0.000018 s
[Rank 48] Local SpMV time: 0.000021 s
[Rank 53] Local SpMV time: 0.000021 s
[Rank 35] Local SpMV time: 0.000020 s
[Rank 109] Local SpMV time: 0.000019 s
[Rank 68] Local SpMV time: 0.000025 s
[Rank 40] Local SpMV time: 0.000022 s
[Rank 84] Local SpMV time: 0.000023 s
[Rank 10] Local SpMV time: 0.000021 s
[Rank 79] Local SpMV time: 0.000019 s
[Rank 76] Local SpMV time: 0.000020 s
[Rank 112] Local SpMV time: 0.000019 s
[Rank 43] Local SpMV time: 0.000021 s
[Rank 56] Local SpMV time: 0.000021 s
[Rank 66] Local SpMV time: 0.000026 s
[Rank 89] Local SpMV time: 0.000013 s
[Rank 29] Local SpMV time: 0.000022 s
[Rank 6] Local SpMV time: 0.000019 s
[Rank 74] Local SpMV time: 0.000019 s
[Rank 39] Local SpMV time: 0.000014 s
[Rank 98] Local SpMV time: 0.000020 s
[Rank 103] Local SpMV time: 0.000018 s
[Rank 99] Local SpMV time: 0.000014 s
[Rank 113] Local SpMV time: 0.000019 s
[Rank 85] Local SpMV time: 0.000014 s
[Rank 20] Local SpMV time: 0.000029 s
[Rank 12] Local SpMV time: 0.000026 s
[Rank 107] Local SpMV time: 0.000020 s
[Rank 51] Local SpMV time: 0.000019 s
[Rank 88] Local SpMV time: 0.000020 s
[Rank 82] Local SpMV time: 0.000022 s
[Rank 34] Local SpMV time: 0.000022 s
[Rank 114] Local SpMV time: 0.000019 s
[Rank 104] Local SpMV time: 0.000018 s
[Rank 117] Local SpMV time: 0.000020 s
[Rank 87] Local SpMV time: 0.000020 s
[Rank 57] Local SpMV time: 0.000014 s
[Rank 50] Local SpMV time: 0.000021 s
[Rank 47] Local SpMV time: 0.000015 s
[Rank 120] Local SpMV time: 0.000020 s
[Rank 36] Local SpMV time: 0.000023 s
[Rank 22] Local SpMV time: 0.000026 s
[Rank 93] Local SpMV time: 0.000014 s
[Rank 70] Local SpMV time: 0.000026 s
[Rank 58] Local SpMV time: 0.000021 s
[Rank 78] Local SpMV time: 0.000021 s
[Rank 26] Local SpMV time: 0.000020 s
[Rank 42] Local SpMV time: 0.000022 s
[Rank 100] Local SpMV time: 0.000025 s
[Rank 30] Local SpMV time: 0.000023 s
[Rank 111] Local SpMV time: 0.000020 s
[Rank 55] Local SpMV time: 0.000021 s
[Rank 28] Local SpMV time: 0.000024 s
[Rank 14] Local SpMV time: 0.000040 s
[Rank 115] Local SpMV time: 0.000019 s
[Rank 121] Local SpMV time: 0.000014 s
[Rank 102] Local SpMV time: 0.000024 s
[Rank 91] Local SpMV time: 0.000020 s
[Rank 61] Local SpMV time: 0.000019 s
[Rank 95] Local SpMV time: 0.000020 s
[Rank 38] Local SpMV time: 0.000024 s
[Rank 52] Local SpMV time: 0.000028 s
[Rank 92] Local SpMV time: 0.000021 s
[Rank 106] Local SpMV time: 0.000020 s
[Rank 90] Local SpMV time: 0.000021 s
[Rank 123] Local SpMV time: 0.000019 s
[Rank 44] Local SpMV time: 0.000029 s
[Rank 116] Local SpMV time: 0.000026 s
[Rank 119] Local SpMV time: 0.000021 s
[Rank 124] Local SpMV time: 0.000018 s
[Rank 59] Local SpMV time: 0.000020 s
[Rank 63] Local SpMV time: 0.000021 s
[Rank 86] Local SpMV time: 0.000025 s
[Rank 110] Local SpMV time: 0.000021 s
[Rank 122] Local SpMV time: 0.000020 s
[Rank 118] Local SpMV time: 0.000028 s
[Rank 108] Local SpMV time: 0.000022 s
[Rank 125] Local SpMV time: 0.000021 s
[Rank 127] Local SpMV time: 0.000015 s
[Rank 94] Local SpMV time: 0.000024 s
[Rank 60] Local SpMV time: 0.000027 s
[Rank 46] Local SpMV time: 0.000026 s
[Rank 54] Local SpMV time: 0.000030 s
[Rank 126] Local SpMV time: 0.000031 s
[Rank 62] Local SpMV time: 0.000033 s
Global FLOPs per SpMV: 154

-----------------------------------------------------------------------------------------------
  P |  Time(s) | Comp% | Comm% |  GFLOP/s | Speedup |  Eff% | Mem(MiB) | NNZ min | NNZ avg | NNZ max
-----------------------------------------------------------------------------------------------
128 |   1.7950 |   0.0 |  71.5 |     0.000 |    0.01 |   0.01 |     0.00 |       0 |      0.6 |      10

