Strong scaling results for bcsstk05.mtx
Date: Fri Jan  2 15:29:42 CET 2026
----------------------------------------

[Rank 0] Matrix: 153 x 153, nnz=1288 | grid=1x1 | pattern=0 symmetric=1
[Rank 0] Matrix: 153 x 153, nnz=1288 | grid=1x1
[Rank 0] Local SpMV time: 0.011749 s
Global FLOPs per SpMV: 4846

-----------------------------------------------------------------------------------------------
  P |  Time(s) | Comp% | Comm% |  GFLOP/s | Speedup |  Eff% | Mem(MiB) | NNZ min | NNZ avg | NNZ max
-----------------------------------------------------------------------------------------------
  1 |   0.0118 |  99.6 |   0.1 |     0.000 |    N/A   |   N/A  |     0.07 |    2423 |   2423.0 |    2423
BASELINE_T1=0.0118

----------------------------------------
np=2, OMP_NUM_THREADS=64
----------------------------------------
[Rank 0] Matrix: 153 x 153, nnz=1288 | grid=2x1 | pattern=0 symmetric=1
[Rank 0] Matrix: 153 x 153, nnz=1288 | grid=2x1
[Rank 1] Local SpMV time: 0.002408 s
[Rank 0] Local SpMV time: 0.007085 s
Global FLOPs per SpMV: 3598

-----------------------------------------------------------------------------------------------
  P |  Time(s) | Comp% | Comm% |  GFLOP/s | Speedup |  Eff% | Mem(MiB) | NNZ min | NNZ avg | NNZ max
-----------------------------------------------------------------------------------------------
  2 |   0.0072 |  98.7 |   0.9 |     0.001 |    1.64 |  82.17 |     0.04 |     581 |    899.5 |    1218

----------------------------------------
np=4, OMP_NUM_THREADS=32
----------------------------------------
[Rank 0] Matrix: 153 x 153, nnz=1288 | grid=2x2 | pattern=0 symmetric=1
[Rank 0] Matrix: 153 x 153, nnz=1288 | grid=2x2
[Rank 3] Local SpMV time: 0.001302 s
[Rank 0] Local SpMV time: 0.006156 s
[Rank 1] Local SpMV time: 0.015100 s
[Rank 2] Local SpMV time: 0.021946 s
Global FLOPs per SpMV: 2964

-----------------------------------------------------------------------------------------------
  P |  Time(s) | Comp% | Comm% |  GFLOP/s | Speedup |  Eff% | Mem(MiB) | NNZ min | NNZ avg | NNZ max
-----------------------------------------------------------------------------------------------
  4 |   0.0460 |  47.7 |   0.1 |     0.000 |    0.26 |   6.41 |     0.02 |     142 |    370.5 |     585

----------------------------------------
np=8, OMP_NUM_THREADS=16
----------------------------------------
[Rank 0] Matrix: 153 x 153, nnz=1288 | grid=4x2 | pattern=0 symmetric=1
[Rank 0] Matrix: 153 x 153, nnz=1288 | grid=4x2
[Rank 1] Local SpMV time: 0.001003 s
[Rank 3] Local SpMV time: 0.000364 s
[Rank 0] Local SpMV time: 0.001729 s
[Rank 4] Local SpMV time: 0.001576 s
[Rank 5] Local SpMV time: 0.007296 s
[Rank 7] Local SpMV time: 0.003908 s
[Rank 2] Local SpMV time: 0.024976 s
[Rank 6] Local SpMV time: 0.031897 s
Global FLOPs per SpMV: 2664

-----------------------------------------------------------------------------------------------
  P |  Time(s) | Comp% | Comm% |  GFLOP/s | Speedup |  Eff% | Mem(MiB) | NNZ min | NNZ avg | NNZ max
-----------------------------------------------------------------------------------------------
  8 |   0.0810 |  39.4 |   0.1 |     0.000 |    0.15 |   1.82 |     0.01 |      36 |    166.5 |     296

----------------------------------------
np=16, OMP_NUM_THREADS=8
----------------------------------------
[Rank 0] Matrix: 153 x 153, nnz=1288 | grid=4x4 | pattern=0 symmetric=1
[Rank 0] Matrix: 153 x 153, nnz=1288 | grid=4x4
[Rank 1] Local SpMV time: 0.000244 s
[Rank 0] Local SpMV time: 0.000450 s
[Rank 2] Local SpMV time: 0.000552 s
[Rank 5] Local SpMV time: 0.031997 s
[Rank 4] Local SpMV time: 0.000978 s
[Rank 3] Local SpMV time: 0.032001 s
[Rank 6] Local SpMV time: 0.005160 s
[Rank 7] Local SpMV time: 0.032146 s
[Rank 8] Local SpMV time: 0.009220 s
[Rank 9] Local SpMV time: 0.032000 s
[Rank 10] Local SpMV time: 0.000951 s
[Rank 12] Local SpMV time: 0.001351 s
[Rank 11] Local SpMV time: 0.036006 s
[Rank 15] Local SpMV time: 0.032005 s
[Rank 13] Local SpMV time: 0.063993 s
[Rank 14] Local SpMV time: 0.004086 s
Global FLOPs per SpMV: 2496

-----------------------------------------------------------------------------------------------
  P |  Time(s) | Comp% | Comm% |  GFLOP/s | Speedup |  Eff% | Mem(MiB) | NNZ min | NNZ avg | NNZ max
-----------------------------------------------------------------------------------------------
 16 |   0.1281 |  50.0 |  24.5 |     0.000 |    0.09 |   0.58 |     0.01 |      10 |     78.0 |     167

----------------------------------------
np=32, OMP_NUM_THREADS=4
----------------------------------------
[Rank 0] Matrix: 153 x 153, nnz=1288 | grid=8x4 | pattern=0 symmetric=1
[Rank 0] Matrix: 153 x 153, nnz=1288 | grid=8x4
[Rank 1] Local SpMV time: 0.005001 s
[Rank 5] Local SpMV time: 0.004097 s
[Rank 3] Local SpMV time: 0.000197 s
[Rank 17] Local SpMV time: 0.000507 s
[Rank 21] Local SpMV time: 0.000178 s
[Rank 7] Local SpMV time: 0.000198 s
[Rank 0] Local SpMV time: 0.004698 s
[Rank 13] Local SpMV time: 0.000206 s
[Rank 16] Local SpMV time: 0.001131 s
[Rank 11] Local SpMV time: 0.000209 s
[Rank 9] Local SpMV time: 0.063991 s
[Rank 25] Local SpMV time: 0.000186 s
[Rank 19] Local SpMV time: 0.004126 s
[Rank 2] Local SpMV time: 0.000341 s
[Rank 20] Local SpMV time: 0.000854 s
[Rank 27] Local SpMV time: 0.004146 s
[Rank 24] Local SpMV time: 0.008478 s
[Rank 29] Local SpMV time: 0.001795 s
[Rank 8] Local SpMV time: 0.012802 s
[Rank 23] Local SpMV time: 0.000330 s
[Rank 15] Local SpMV time: 0.004873 s
[Rank 28] Local SpMV time: 0.000471 s
[Rank 18] Local SpMV time: 0.004885 s
[Rank 12] Local SpMV time: 0.008975 s
[Rank 4] Local SpMV time: 0.063988 s
[Rank 31] Local SpMV time: 0.004131 s
[Rank 6] Local SpMV time: 0.002158 s
[Rank 26] Local SpMV time: 0.002543 s
[Rank 10] Local SpMV time: 0.004564 s
[Rank 14] Local SpMV time: 0.000390 s
[Rank 30] Local SpMV time: 0.006500 s
[Rank 22] Local SpMV time: 0.003010 s
Global FLOPs per SpMV: 2386

-----------------------------------------------------------------------------------------------
  P |  Time(s) | Comp% | Comm% |  GFLOP/s | Speedup |  Eff% | Mem(MiB) | NNZ min | NNZ avg | NNZ max
-----------------------------------------------------------------------------------------------
 32 |   0.2639 |  24.2 |  48.5 |     0.000 |    0.04 |   0.14 |     0.00 |       2 |     37.3 |      82

----------------------------------------
np=64, OMP_NUM_THREADS=2
----------------------------------------
[Rank 0] Matrix: 153 x 153, nnz=1288 | grid=8x8 | pattern=0 symmetric=1
[Rank 0] Matrix: 153 x 153, nnz=1288 | grid=8x8
[Rank 0] Local SpMV time: 0.000120 s
[Rank 1] Local SpMV time: 0.003573 s
[Rank 2] Local SpMV time: 0.008065 s
[Rank 8] Local SpMV time: 0.008008 s
[Rank 16] Local SpMV time: 0.000069 s
[Rank 5] Local SpMV time: 0.000078 s
[Rank 4] Local SpMV time: 0.003976 s
[Rank 9] Local SpMV time: 0.007557 s
[Rank 10] Local SpMV time: 0.004008 s
[Rank 12] Local SpMV time: 0.000287 s
[Rank 6] Local SpMV time: 0.000583 s
[Rank 24] Local SpMV time: 0.000067 s
[Rank 33] Local SpMV time: 0.012013 s
[Rank 20] Local SpMV time: 0.000366 s
[Rank 14] Local SpMV time: 0.000181 s
[Rank 32] Local SpMV time: 0.004364 s
[Rank 28] Local SpMV time: 0.004772 s
[Rank 48] Local SpMV time: 0.001042 s
[Rank 17] Local SpMV time: 0.004028 s
[Rank 22] Local SpMV time: 0.000072 s
[Rank 3] Local SpMV time: 0.000081 s
[Rank 36] Local SpMV time: 0.000067 s
[Rank 11] Local SpMV time: 0.002349 s
[Rank 52] Local SpMV time: 0.000359 s
[Rank 7] Local SpMV time: 0.004063 s
[Rank 49] Local SpMV time: 0.000350 s
[Rank 35] Local SpMV time: 0.000642 s
[Rank 18] Local SpMV time: 0.003993 s
[Rank 41] Local SpMV time: 0.004009 s
[Rank 43] Local SpMV time: 0.000086 s
[Rank 38] Local SpMV time: 0.011994 s
[Rank 40] Local SpMV time: 0.000183 s
[Rank 57] Local SpMV time: 0.000071 s
[Rank 56] Local SpMV time: 0.004354 s
[Rank 13] Local SpMV time: 0.130997 s
[Rank 30] Local SpMV time: 0.000069 s
[Rank 37] Local SpMV time: 0.000192 s
[Rank 34] Local SpMV time: 0.003998 s
[Rank 45] Local SpMV time: 0.015998 s
[Rank 44] Local SpMV time: 0.000179 s
[Rank 15] Local SpMV time: 0.024031 s
[Rank 60] Local SpMV time: 0.004360 s
[Rank 39] Local SpMV time: 0.009735 s
[Rank 21] Local SpMV time: 0.009940 s
[Rank 25] Local SpMV time: 0.011999 s
[Rank 19] Local SpMV time: 0.014551 s
[Rank 42] Local SpMV time: 0.004058 s
[Rank 51] Local SpMV time: 0.000161 s
[Rank 54] Local SpMV time: 0.000124 s
[Rank 46] Local SpMV time: 0.000412 s
[Rank 29] Local SpMV time: 0.005971 s
[Rank 26] Local SpMV time: 0.012015 s
[Rank 59] Local SpMV time: 0.000084 s
[Rank 53] Local SpMV time: 0.000159 s
[Rank 47] Local SpMV time: 0.004374 s
[Rank 62] Local SpMV time: 0.007989 s
[Rank 50] Local SpMV time: 0.004058 s
[Rank 23] Local SpMV time: 0.011566 s
[Rank 31] Local SpMV time: 0.000074 s
[Rank 61] Local SpMV time: 0.047023 s
[Rank 58] Local SpMV time: 0.008013 s
[Rank 27] Local SpMV time: 0.094398 s
[Rank 63] Local SpMV time: 0.001343 s
[Rank 55] Local SpMV time: 0.134463 s
Global FLOPs per SpMV: 2344

-----------------------------------------------------------------------------------------------
  P |  Time(s) | Comp% | Comm% |  GFLOP/s | Speedup |  Eff% | Mem(MiB) | NNZ min | NNZ avg | NNZ max
-----------------------------------------------------------------------------------------------
 64 |   0.9060 |  14.8 |  70.9 |     0.000 |    0.01 |   0.02 |     0.00 |       1 |     18.3 |      50

----------------------------------------
np=128, OMP_NUM_THREADS=1
----------------------------------------
[Rank 0] Matrix: 153 x 153, nnz=1288 | grid=16x8 | pattern=0 symmetric=1
[Rank 0] Matrix: 153 x 153, nnz=1288 | grid=16x8
[Rank 1] Local SpMV time: 0.000020 s
[Rank 33] Local SpMV time: 0.000013 s
[Rank 41] Local SpMV time: 0.000014 s
[Rank 49] Local SpMV time: 0.000014 s
[Rank 65] Local SpMV time: 0.000014 s
[Rank 17] Local SpMV time: 0.000012 s
[Rank 0] Local SpMV time: 0.000032 s
[Rank 64] Local SpMV time: 0.000019 s
[Rank 96] Local SpMV time: 0.000020 s
[Rank 97] Local SpMV time: 0.000012 s
[Rank 112] Local SpMV time: 0.000019 s
[Rank 120] Local SpMV time: 0.000018 s
[Rank 3] Local SpMV time: 0.000016 s
[Rank 9] Local SpMV time: 0.000014 s
[Rank 25] Local SpMV time: 0.000014 s
[Rank 57] Local SpMV time: 0.000012 s
[Rank 81] Local SpMV time: 0.000013 s
[Rank 8] Local SpMV time: 0.000020 s
[Rank 5] Local SpMV time: 0.000015 s
[Rank 105] Local SpMV time: 0.000012 s
[Rank 80] Local SpMV time: 0.000020 s
[Rank 73] Local SpMV time: 0.000014 s
[Rank 72] Local SpMV time: 0.000019 s
[Rank 16] Local SpMV time: 0.000019 s
[Rank 37] Local SpMV time: 0.000014 s
[Rank 4] Local SpMV time: 0.000019 s
[Rank 53] Local SpMV time: 0.000014 s
[Rank 2] Local SpMV time: 0.000018 s
[Rank 67] Local SpMV time: 0.000014 s
[Rank 12] Local SpMV time: 0.000021 s
[Rank 21] Local SpMV time: 0.000011 s
[Rank 104] Local SpMV time: 0.000019 s
[Rank 20] Local SpMV time: 0.000019 s
[Rank 7] Local SpMV time: 0.000014 s
[Rank 35] Local SpMV time: 0.000012 s
[Rank 24] Local SpMV time: 0.000021 s
[Rank 19] Local SpMV time: 0.000014 s
[Rank 45] Local SpMV time: 0.000013 s
[Rank 71] Local SpMV time: 0.000014 s
[Rank 23] Local SpMV time: 0.000015 s
[Rank 113] Local SpMV time: 0.000013 s
[Rank 68] Local SpMV time: 0.000020 s
[Rank 32] Local SpMV time: 0.000018 s
[Rank 13] Local SpMV time: 0.000015 s
[Rank 99] Local SpMV time: 0.000015 s
[Rank 66] Local SpMV time: 0.000021 s
[Rank 27] Local SpMV time: 0.000014 s
[Rank 11] Local SpMV time: 0.000012 s
[Rank 115] Local SpMV time: 0.000015 s
[Rank 15] Local SpMV time: 0.000012 s
[Rank 39] Local SpMV time: 0.000015 s
[Rank 69] Local SpMV time: 0.000014 s
[Rank 6] Local SpMV time: 0.000020 s
[Rank 89] Local SpMV time: 0.000011 s
[Rank 100] Local SpMV time: 0.000021 s
[Rank 51] Local SpMV time: 0.000013 s
[Rank 31] Local SpMV time: 0.000013 s
[Rank 70] Local SpMV time: 0.000019 s
[Rank 79] Local SpMV time: 0.000012 s
[Rank 103] Local SpMV time: 0.000012 s
[Rank 88] Local SpMV time: 0.000019 s
[Rank 108] Local SpMV time: 0.000019 s
[Rank 74] Local SpMV time: 0.000020 s
[Rank 55] Local SpMV time: 0.000012 s
[Rank 18] Local SpMV time: 0.000020 s
[Rank 111] Local SpMV time: 0.000014 s
[Rank 29] Local SpMV time: 0.000015 s
[Rank 40] Local SpMV time: 0.000020 s
[Rank 10] Local SpMV time: 0.000017 s
[Rank 63] Local SpMV time: 0.000014 s
[Rank 101] Local SpMV time: 0.000015 s
[Rank 107] Local SpMV time: 0.000012 s
[Rank 75] Local SpMV time: 0.000012 s
[Rank 116] Local SpMV time: 0.000022 s
[Rank 36] Local SpMV time: 0.000021 s
[Rank 83] Local SpMV time: 0.000015 s
[Rank 84] Local SpMV time: 0.000019 s
[Rank 28] Local SpMV time: 0.000019 s
[Rank 61] Local SpMV time: 0.000013 s
[Rank 47] Local SpMV time: 0.000012 s
[Rank 76] Local SpMV time: 0.000025 s
[Rank 121] Local SpMV time: 0.000014 s
[Rank 82] Local SpMV time: 0.000022 s
[Rank 109] Local SpMV time: 0.000015 s
[Rank 26] Local SpMV time: 0.000019 s
[Rank 78] Local SpMV time: 0.000022 s
[Rank 14] Local SpMV time: 0.000023 s
[Rank 43] Local SpMV time: 0.000016 s
[Rank 44] Local SpMV time: 0.000021 s
[Rank 98] Local SpMV time: 0.000024 s
[Rank 87] Local SpMV time: 0.000014 s
[Rank 114] Local SpMV time: 0.000022 s
[Rank 117] Local SpMV time: 0.000014 s
[Rank 48] Local SpMV time: 0.000018 s
[Rank 77] Local SpMV time: 0.000014 s
[Rank 102] Local SpMV time: 0.000020 s
[Rank 90] Local SpMV time: 0.000019 s
[Rank 59] Local SpMV time: 0.000016 s
[Rank 34] Local SpMV time: 0.000020 s
[Rank 38] Local SpMV time: 0.000020 s
[Rank 85] Local SpMV time: 0.000012 s
[Rank 22] Local SpMV time: 0.000024 s
[Rank 124] Local SpMV time: 0.000022 s
[Rank 50] Local SpMV time: 0.000020 s
[Rank 56] Local SpMV time: 0.000019 s
[Rank 95] Local SpMV time: 0.000015 s
[Rank 123] Local SpMV time: 0.000011 s
[Rank 46] Local SpMV time: 0.000020 s
[Rank 106] Local SpMV time: 0.000021 s
[Rank 92] Local SpMV time: 0.000024 s
[Rank 122] Local SpMV time: 0.000025 s
[Rank 86] Local SpMV time: 0.000021 s
[Rank 52] Local SpMV time: 0.000018 s
[Rank 91] Local SpMV time: 0.000013 s
[Rank 110] Local SpMV time: 0.000022 s
[Rank 119] Local SpMV time: 0.000012 s
[Rank 42] Local SpMV time: 0.000020 s
[Rank 94] Local SpMV time: 0.000021 s
[Rank 93] Local SpMV time: 0.000016 s
[Rank 125] Local SpMV time: 0.000016 s
[Rank 58] Local SpMV time: 0.000021 s
[Rank 118] Local SpMV time: 0.000022 s
[Rank 30] Local SpMV time: 0.000020 s
[Rank 60] Local SpMV time: 0.000019 s
[Rank 54] Local SpMV time: 0.000021 s
[Rank 127] Local SpMV time: 0.000016 s
[Rank 62] Local SpMV time: 0.000018 s
[Rank 126] Local SpMV time: 0.000025 s
Global FLOPs per SpMV: 2418

-----------------------------------------------------------------------------------------------
  P |  Time(s) | Comp% | Comm% |  GFLOP/s | Speedup |  Eff% | Mem(MiB) | NNZ min | NNZ avg | NNZ max
-----------------------------------------------------------------------------------------------
128 |   2.3050 |   0.0 |  66.7 |     0.000 |    0.01 |   0.00 |     0.00 |       0 |      9.4 |      26

