Strong scaling results for breasttissue_10NN.mtx
Date: Fri Jan  2 15:33:33 CET 2026
----------------------------------------

[Rank 0] Matrix: 106 x 106, nnz=706 | grid=1x1 | pattern=0 symmetric=1
[Rank 0] Matrix: 106 x 106, nnz=706 | grid=1x1
[Rank 0] Local SpMV time: 0.011670 s
Global FLOPs per SpMV: 2824

-----------------------------------------------------------------------------------------------
  P |  Time(s) | Comp% | Comm% |  GFLOP/s | Speedup |  Eff% | Mem(MiB) | NNZ min | NNZ avg | NNZ max
-----------------------------------------------------------------------------------------------
  1 |   0.0117 |  99.5 |   0.1 |     0.000 |    N/A   |   N/A  |     0.04 |    1412 |   1412.0 |    1412
BASELINE_T1=0.0117

----------------------------------------
np=2, OMP_NUM_THREADS=64
----------------------------------------
[Rank 0] Matrix: 106 x 106, nnz=706 | grid=2x1 | pattern=0 symmetric=1
[Rank 0] Matrix: 106 x 106, nnz=706 | grid=2x1
[Rank 0] Local SpMV time: 0.011417 s
[Rank 1] Local SpMV time: 0.018333 s
Global FLOPs per SpMV: 2126

-----------------------------------------------------------------------------------------------
  P |  Time(s) | Comp% | Comm% |  GFLOP/s | Speedup |  Eff% | Mem(MiB) | NNZ min | NNZ avg | NNZ max
-----------------------------------------------------------------------------------------------
  2 |   0.0187 |  98.1 |   0.7 |     0.000 |    0.63 |  31.29 |     0.02 |     379 |    531.5 |     684

----------------------------------------
np=4, OMP_NUM_THREADS=32
----------------------------------------
[Rank 0] Matrix: 106 x 106, nnz=706 | grid=2x2 | pattern=0 symmetric=1
[Rank 0] Matrix: 106 x 106, nnz=706 | grid=2x2
[Rank 1] Local SpMV time: 0.000724 s
[Rank 0] Local SpMV time: 0.005522 s
[Rank 2] Local SpMV time: 0.005374 s
[Rank 3] Local SpMV time: 0.018637 s
Global FLOPs per SpMV: 1696

-----------------------------------------------------------------------------------------------
  P |  Time(s) | Comp% | Comm% |  GFLOP/s | Speedup |  Eff% | Mem(MiB) | NNZ min | NNZ avg | NNZ max
-----------------------------------------------------------------------------------------------
  4 |   0.0521 |  35.8 |  39.6 |     0.000 |    0.22 |   5.62 |     0.01 |      96 |    212.0 |     324

----------------------------------------
np=8, OMP_NUM_THREADS=16
----------------------------------------
[Rank 0] Matrix: 106 x 106, nnz=706 | grid=4x2 | pattern=0 symmetric=1
[Rank 0] Matrix: 106 x 106, nnz=706 | grid=4x2
[Rank 1] Local SpMV time: 0.001001 s
[Rank 5] Local SpMV time: 0.001003 s
[Rank 3] Local SpMV time: 0.003015 s
[Rank 0] Local SpMV time: 0.009778 s
[Rank 2] Local SpMV time: 0.020119 s
[Rank 7] Local SpMV time: 0.010995 s
[Rank 4] Local SpMV time: 0.002399 s
[Rank 6] Local SpMV time: 0.009109 s
Global FLOPs per SpMV: 1546

-----------------------------------------------------------------------------------------------
  P |  Time(s) | Comp% | Comm% |  GFLOP/s | Speedup |  Eff% | Mem(MiB) | NNZ min | NNZ avg | NNZ max
-----------------------------------------------------------------------------------------------
  8 |   0.1000 |  20.1 |   0.1 |     0.000 |    0.12 |   1.46 |     0.01 |      25 |     96.6 |     181

----------------------------------------
np=16, OMP_NUM_THREADS=8
----------------------------------------
[Rank 0] Matrix: 106 x 106, nnz=706 | grid=4x4 | pattern=0 symmetric=1
[Rank 0] Matrix: 106 x 106, nnz=706 | grid=4x4
[Rank 1] Local SpMV time: 0.000996 s
[Rank 0] Local SpMV time: 0.004119 s
[Rank 3] Local SpMV time: 0.001005 s
[Rank 2] Local SpMV time: 0.003711 s
[Rank 9] Local SpMV time: 0.031989 s
[Rank 4] Local SpMV time: 0.031991 s
[Rank 5] Local SpMV time: 0.035831 s
[Rank 8] Local SpMV time: 0.031986 s
[Rank 12] Local SpMV time: 0.031985 s
[Rank 13] Local SpMV time: 0.031983 s
[Rank 10] Local SpMV time: 0.035898 s
[Rank 6] Local SpMV time: 0.031992 s
[Rank 7] Local SpMV time: 0.031989 s
[Rank 11] Local SpMV time: 0.032250 s
[Rank 14] Local SpMV time: 0.031980 s
[Rank 15] Local SpMV time: 0.032016 s
Global FLOPs per SpMV: 1496

-----------------------------------------------------------------------------------------------
  P |  Time(s) | Comp% | Comm% |  GFLOP/s | Speedup |  Eff% | Mem(MiB) | NNZ min | NNZ avg | NNZ max
-----------------------------------------------------------------------------------------------
 16 |   0.1640 |  21.9 |  20.1 |     0.000 |    0.07 |   0.45 |     0.00 |       2 |     46.8 |     106

----------------------------------------
np=32, OMP_NUM_THREADS=4
----------------------------------------
[Rank 0] Matrix: 106 x 106, nnz=706 | grid=8x4 | pattern=0 symmetric=1
[Rank 0] Matrix: 106 x 106, nnz=706 | grid=8x4
[Rank 1] Local SpMV time: 0.008071 s
[Rank 4] Local SpMV time: 0.000625 s
[Rank 0] Local SpMV time: 0.005138 s
[Rank 9] Local SpMV time: 0.003036 s
[Rank 8] Local SpMV time: 0.001421 s
[Rank 17] Local SpMV time: 0.003731 s
[Rank 21] Local SpMV time: 0.000360 s
[Rank 2] Local SpMV time: 0.009993 s
[Rank 25] Local SpMV time: 0.004550 s
[Rank 29] Local SpMV time: 0.004066 s
[Rank 11] Local SpMV time: 0.000396 s
[Rank 6] Local SpMV time: 0.004266 s
[Rank 7] Local SpMV time: 0.000177 s
[Rank 16] Local SpMV time: 0.004267 s
[Rank 24] Local SpMV time: 0.000608 s
[Rank 19] Local SpMV time: 0.004172 s
[Rank 18] Local SpMV time: 0.004786 s
[Rank 13] Local SpMV time: 0.004461 s
[Rank 3] Local SpMV time: 0.063981 s
[Rank 12] Local SpMV time: 0.000278 s
[Rank 23] Local SpMV time: 0.001044 s
[Rank 10] Local SpMV time: 0.000223 s
[Rank 5] Local SpMV time: 0.067854 s
[Rank 27] Local SpMV time: 0.000189 s
[Rank 15] Local SpMV time: 0.000188 s
[Rank 31] Local SpMV time: 0.004125 s
[Rank 30] Local SpMV time: 0.004541 s
[Rank 20] Local SpMV time: 0.066989 s
[Rank 28] Local SpMV time: 0.062973 s
[Rank 14] Local SpMV time: 0.074884 s
[Rank 26] Local SpMV time: 0.078773 s
[Rank 22] Local SpMV time: 0.071003 s
Global FLOPs per SpMV: 1458

-----------------------------------------------------------------------------------------------
  P |  Time(s) | Comp% | Comm% |  GFLOP/s | Speedup |  Eff% | Mem(MiB) | NNZ min | NNZ avg | NNZ max
-----------------------------------------------------------------------------------------------
 32 |   0.3778 |  20.8 |  84.2 |     0.000 |    0.03 |   0.10 |     0.00 |       0 |     22.8 |      45

----------------------------------------
np=64, OMP_NUM_THREADS=2
----------------------------------------
[Rank 0] Matrix: 106 x 106, nnz=706 | grid=8x8 | pattern=0 symmetric=1
[Rank 0] Matrix: 106 x 106, nnz=706 | grid=8x8
[Rank 1] Local SpMV time: 0.000110 s
[Rank 33] Local SpMV time: 0.000060 s
[Rank 49] Local SpMV time: 0.004074 s
[Rank 5] Local SpMV time: 0.011971 s
[Rank 37] Local SpMV time: 0.016073 s
[Rank 0] Local SpMV time: 0.003954 s
[Rank 53] Local SpMV time: 0.020436 s
[Rank 9] Local SpMV time: 0.028001 s
[Rank 17] Local SpMV time: 0.032018 s
[Rank 41] Local SpMV time: 0.032808 s
[Rank 32] Local SpMV time: 0.007991 s
[Rank 57] Local SpMV time: 0.034023 s
[Rank 2] Local SpMV time: 0.000456 s
[Rank 21] Local SpMV time: 0.030313 s
[Rank 3] Local SpMV time: 0.126999 s
[Rank 48] Local SpMV time: 0.000413 s
[Rank 7] Local SpMV time: 0.000089 s
[Rank 35] Local SpMV time: 0.000118 s
[Rank 45] Local SpMV time: 0.004013 s
[Rank 4] Local SpMV time: 0.003985 s
[Rank 39] Local SpMV time: 0.000139 s
[Rank 23] Local SpMV time: 0.004319 s
[Rank 50] Local SpMV time: 0.004003 s
[Rank 19] Local SpMV time: 0.004659 s
[Rank 13] Local SpMV time: 0.008920 s
[Rank 6] Local SpMV time: 0.004009 s
[Rank 8] Local SpMV time: 0.008207 s
[Rank 47] Local SpMV time: 0.004062 s
[Rank 51] Local SpMV time: 0.008293 s
[Rank 16] Local SpMV time: 0.000130 s
[Rank 11] Local SpMV time: 0.008124 s
[Rank 55] Local SpMV time: 0.008400 s
[Rank 27] Local SpMV time: 0.012017 s
[Rank 61] Local SpMV time: 0.016236 s
[Rank 40] Local SpMV time: 0.000088 s
[Rank 18] Local SpMV time: 0.000182 s
[Rank 56] Local SpMV time: 0.004492 s
[Rank 58] Local SpMV time: 0.001038 s
[Rank 29] Local SpMV time: 0.016020 s
[Rank 59] Local SpMV time: 0.022852 s
[Rank 25] Local SpMV time: 0.068011 s
[Rank 36] Local SpMV time: 0.000108 s
[Rank 31] Local SpMV time: 0.000080 s
[Rank 42] Local SpMV time: 0.000134 s
[Rank 34] Local SpMV time: 0.127993 s
[Rank 43] Local SpMV time: 0.000077 s
[Rank 12] Local SpMV time: 0.004032 s
[Rank 52] Local SpMV time: 0.008348 s
[Rank 15] Local SpMV time: 0.000082 s
[Rank 10] Local SpMV time: 0.004003 s
[Rank 20] Local SpMV time: 0.000331 s
[Rank 38] Local SpMV time: 0.000606 s
[Rank 63] Local SpMV time: 0.004010 s
[Rank 24] Local SpMV time: 0.000086 s
[Rank 44] Local SpMV time: 0.003000 s
[Rank 14] Local SpMV time: 0.000081 s
[Rank 60] Local SpMV time: 0.003992 s
[Rank 26] Local SpMV time: 0.000084 s
[Rank 28] Local SpMV time: 0.004037 s
[Rank 54] Local SpMV time: 0.000102 s
[Rank 22] Local SpMV time: 0.004035 s
[Rank 46] Local SpMV time: 0.000111 s
[Rank 62] Local SpMV time: 0.004000 s
[Rank 30] Local SpMV time: 0.004014 s
Global FLOPs per SpMV: 1410

-----------------------------------------------------------------------------------------------
  P |  Time(s) | Comp% | Comm% |  GFLOP/s | Speedup |  Eff% | Mem(MiB) | NNZ min | NNZ avg | NNZ max
-----------------------------------------------------------------------------------------------
 64 |   0.6479 |  19.8 |  58.8 |     0.000 |    0.02 |   0.03 |     0.00 |       0 |     11.0 |      28

----------------------------------------
np=128, OMP_NUM_THREADS=1
----------------------------------------
[Rank 0] Matrix: 106 x 106, nnz=706 | grid=16x8 | pattern=0 symmetric=1
[Rank 0] Matrix: 106 x 106, nnz=706 | grid=16x8
[Rank 1] Local SpMV time: 0.000024 s
[Rank 5] Local SpMV time: 0.000016 s
[Rank 0] Local SpMV time: 0.000030 s
[Rank 7] Local SpMV time: 0.000016 s
[Rank 16] Local SpMV time: 0.000023 s
[Rank 33] Local SpMV time: 0.000016 s
[Rank 2] Local SpMV time: 0.000020 s
[Rank 37] Local SpMV time: 0.000016 s
[Rank 41] Local SpMV time: 0.000015 s
[Rank 4] Local SpMV time: 0.000019 s
[Rank 9] Local SpMV time: 0.000015 s
[Rank 17] Local SpMV time: 0.000012 s
[Rank 25] Local SpMV time: 0.000015 s
[Rank 8] Local SpMV time: 0.000019 s
[Rank 3] Local SpMV time: 0.000016 s
[Rank 19] Local SpMV time: 0.000017 s
[Rank 65] Local SpMV time: 0.000016 s
[Rank 67] Local SpMV time: 0.000016 s
[Rank 64] Local SpMV time: 0.000020 s
[Rank 12] Local SpMV time: 0.000021 s
[Rank 24] Local SpMV time: 0.000019 s
[Rank 32] Local SpMV time: 0.000019 s
[Rank 48] Local SpMV time: 0.000020 s
[Rank 68] Local SpMV time: 0.000019 s
[Rank 49] Local SpMV time: 0.000015 s
[Rank 45] Local SpMV time: 0.000017 s
[Rank 73] Local SpMV time: 0.000014 s
[Rank 36] Local SpMV time: 0.000021 s
[Rank 66] Local SpMV time: 0.000021 s
[Rank 75] Local SpMV time: 0.000017 s
[Rank 11] Local SpMV time: 0.000015 s
[Rank 27] Local SpMV time: 0.000017 s
[Rank 6] Local SpMV time: 0.000019 s
[Rank 80] Local SpMV time: 0.000020 s
[Rank 13] Local SpMV time: 0.000016 s
[Rank 72] Local SpMV time: 0.000019 s
[Rank 69] Local SpMV time: 0.000016 s
[Rank 76] Local SpMV time: 0.000019 s
[Rank 18] Local SpMV time: 0.000022 s
[Rank 88] Local SpMV time: 0.000019 s
[Rank 39] Local SpMV time: 0.000015 s
[Rank 10] Local SpMV time: 0.000021 s
[Rank 97] Local SpMV time: 0.000016 s
[Rank 47] Local SpMV time: 0.000016 s
[Rank 26] Local SpMV time: 0.000020 s
[Rank 20] Local SpMV time: 0.000023 s
[Rank 21] Local SpMV time: 0.000016 s
[Rank 105] Local SpMV time: 0.000015 s
[Rank 96] Local SpMV time: 0.000020 s
[Rank 56] Local SpMV time: 0.000020 s
[Rank 71] Local SpMV time: 0.000016 s
[Rank 74] Local SpMV time: 0.000018 s
[Rank 101] Local SpMV time: 0.000016 s
[Rank 40] Local SpMV time: 0.000018 s
[Rank 35] Local SpMV time: 0.000016 s
[Rank 29] Local SpMV time: 0.000016 s
[Rank 81] Local SpMV time: 0.000016 s
[Rank 52] Local SpMV time: 0.000021 s
[Rank 113] Local SpMV time: 0.000015 s
[Rank 82] Local SpMV time: 0.000021 s
[Rank 90] Local SpMV time: 0.000020 s
[Rank 117] Local SpMV time: 0.000015 s
[Rank 14] Local SpMV time: 0.000018 s
[Rank 77] Local SpMV time: 0.000016 s
[Rank 22] Local SpMV time: 0.000023 s
[Rank 99] Local SpMV time: 0.000016 s
[Rank 34] Local SpMV time: 0.000019 s
[Rank 57] Local SpMV time: 0.000016 s
[Rank 38] Local SpMV time: 0.000023 s
[Rank 98] Local SpMV time: 0.000017 s
[Rank 43] Local SpMV time: 0.000015 s
[Rank 89] Local SpMV time: 0.000013 s
[Rank 84] Local SpMV time: 0.000022 s
[Rank 53] Local SpMV time: 0.000016 s
[Rank 70] Local SpMV time: 0.000021 s
[Rank 23] Local SpMV time: 0.000013 s
[Rank 100] Local SpMV time: 0.000020 s
[Rank 85] Local SpMV time: 0.000014 s
[Rank 112] Local SpMV time: 0.000018 s
[Rank 115] Local SpMV time: 0.000014 s
[Rank 54] Local SpMV time: 0.000021 s
[Rank 114] Local SpMV time: 0.000018 s
[Rank 104] Local SpMV time: 0.000019 s
[Rank 15] Local SpMV time: 0.000016 s
[Rank 50] Local SpMV time: 0.000023 s
[Rank 109] Local SpMV time: 0.000015 s
[Rank 103] Local SpMV time: 0.000014 s
[Rank 87] Local SpMV time: 0.000016 s
[Rank 55] Local SpMV time: 0.000015 s
[Rank 44] Local SpMV time: 0.000022 s
[Rank 28] Local SpMV time: 0.000024 s
[Rank 102] Local SpMV time: 0.000018 s
[Rank 111] Local SpMV time: 0.000016 s
[Rank 79] Local SpMV time: 0.000017 s
[Rank 121] Local SpMV time: 0.000015 s
[Rank 51] Local SpMV time: 0.000014 s
[Rank 58] Local SpMV time: 0.000021 s
[Rank 60] Local SpMV time: 0.000019 s
[Rank 83] Local SpMV time: 0.000015 s
[Rank 86] Local SpMV time: 0.000019 s
[Rank 116] Local SpMV time: 0.000019 s
[Rank 94] Local SpMV time: 0.000019 s
[Rank 119] Local SpMV time: 0.000013 s
[Rank 62] Local SpMV time: 0.000027 s
[Rank 92] Local SpMV time: 0.000020 s
[Rank 120] Local SpMV time: 0.000018 s
[Rank 106] Local SpMV time: 0.000019 s
[Rank 63] Local SpMV time: 0.000013 s
[Rank 42] Local SpMV time: 0.000023 s
[Rank 30] Local SpMV time: 0.000024 s
[Rank 123] Local SpMV time: 0.000016 s
[Rank 78] Local SpMV time: 0.000022 s
[Rank 107] Local SpMV time: 0.000016 s
[Rank 46] Local SpMV time: 0.000020 s
[Rank 93] Local SpMV time: 0.000016 s
[Rank 61] Local SpMV time: 0.000014 s
[Rank 31] Local SpMV time: 0.000016 s
[Rank 124] Local SpMV time: 0.000021 s
[Rank 118] Local SpMV time: 0.000018 s
[Rank 91] Local SpMV time: 0.000017 s
[Rank 108] Local SpMV time: 0.000020 s
[Rank 59] Local SpMV time: 0.000015 s
[Rank 110] Local SpMV time: 0.000022 s
[Rank 122] Local SpMV time: 0.000018 s
[Rank 125] Local SpMV time: 0.000013 s
[Rank 126] Local SpMV time: 0.000020 s
[Rank 95] Local SpMV time: 0.000018 s
[Rank 127] Local SpMV time: 0.000016 s
Global FLOPs per SpMV: 1342

-----------------------------------------------------------------------------------------------
  P |  Time(s) | Comp% | Comm% |  GFLOP/s | Speedup |  Eff% | Mem(MiB) | NNZ min | NNZ avg | NNZ max
-----------------------------------------------------------------------------------------------
128 |   1.7940 |   0.0 |  71.4 |     0.000 |    0.01 |   0.01 |     0.00 |       0 |      5.2 |      14

