Strong scaling results for dataset20mfeatpixel_10NN.mtx
Date: Fri Jan  2 15:38:12 CET 2026
----------------------------------------

[Rank 0] Matrix: 2000 x 2000, nnz=13966 | grid=1x1 | pattern=0 symmetric=1
[Rank 0] Matrix: 2000 x 2000, nnz=13966 | grid=1x1
[Rank 0] Local SpMV time: 0.014520 s
Global FLOPs per SpMV: 55864

-----------------------------------------------------------------------------------------------
  P |  Time(s) | Comp% | Comm% |  GFLOP/s | Speedup |  Eff% | Mem(MiB) | NNZ min | NNZ avg | NNZ max
-----------------------------------------------------------------------------------------------
  1 |   0.0146 |  99.5 |   0.2 |     0.004 |    N/A   |   N/A  |     0.80 |   27932 |  27932.0 |   27932
BASELINE_T1=0.0146

----------------------------------------
np=2, OMP_NUM_THREADS=64
----------------------------------------
[Rank 0] Matrix: 2000 x 2000, nnz=13966 | grid=2x1 | pattern=0 symmetric=1
[Rank 0] Matrix: 2000 x 2000, nnz=13966 | grid=2x1
[Rank 1] Local SpMV time: 0.007670 s
[Rank 0] Local SpMV time: 0.018093 s
Global FLOPs per SpMV: 32512

-----------------------------------------------------------------------------------------------
  P |  Time(s) | Comp% | Comm% |  GFLOP/s | Speedup |  Eff% | Mem(MiB) | NNZ min | NNZ avg | NNZ max
-----------------------------------------------------------------------------------------------
  2 |   0.0182 |  99.2 |   1.8 |     0.002 |    0.80 |  40.01 |     0.29 |    6810 |   8128.0 |    9446

----------------------------------------
np=4, OMP_NUM_THREADS=32
----------------------------------------
[Rank 0] Matrix: 2000 x 2000, nnz=13966 | grid=2x2 | pattern=0 symmetric=1
[Rank 0] Matrix: 2000 x 2000, nnz=13966 | grid=2x2
[Rank 1] Local SpMV time: 0.000997 s
[Rank 3] Local SpMV time: 0.001020 s
[Rank 0] Local SpMV time: 0.019560 s
[Rank 2] Local SpMV time: 0.028875 s
Global FLOPs per SpMV: 20848

-----------------------------------------------------------------------------------------------
  P |  Time(s) | Comp% | Comm% |  GFLOP/s | Speedup |  Eff% | Mem(MiB) | NNZ min | NNZ avg | NNZ max
-----------------------------------------------------------------------------------------------
  4 |   0.0647 |  44.6 |  40.1 |     0.000 |    0.23 |   5.64 |     0.11 |    1748 |   2606.0 |    3032

----------------------------------------
np=8, OMP_NUM_THREADS=16
----------------------------------------
[Rank 0] Matrix: 2000 x 2000, nnz=13966 | grid=4x2 | pattern=0 symmetric=1
[Rank 0] Matrix: 2000 x 2000, nnz=13966 | grid=4x2
[Rank 1] Local SpMV time: 0.000973 s
[Rank 5] Local SpMV time: 0.003053 s
[Rank 0] Local SpMV time: 0.003960 s
[Rank 3] Local SpMV time: 0.026002 s
[Rank 4] Local SpMV time: 0.011369 s
[Rank 7] Local SpMV time: 0.001952 s
[Rank 2] Local SpMV time: 0.025318 s
[Rank 6] Local SpMV time: 0.031329 s
Global FLOPs per SpMV: 14874

-----------------------------------------------------------------------------------------------
  P |  Time(s) | Comp% | Comm% |  GFLOP/s | Speedup |  Eff% | Mem(MiB) | NNZ min | NNZ avg | NNZ max
-----------------------------------------------------------------------------------------------
  8 |   0.1130 |  27.7 |  49.6 |     0.000 |    0.13 |   1.62 |     0.05 |     443 |    929.6 |    1082

----------------------------------------
np=16, OMP_NUM_THREADS=8
----------------------------------------
[Rank 0] Matrix: 2000 x 2000, nnz=13966 | grid=4x4 | pattern=0 symmetric=1
[Rank 0] Matrix: 2000 x 2000, nnz=13966 | grid=4x4
[Rank 1] Local SpMV time: 0.000278 s
[Rank 9] Local SpMV time: 0.001633 s
[Rank 3] Local SpMV time: 0.000431 s
[Rank 0] Local SpMV time: 0.000872 s
[Rank 5] Local SpMV time: 0.000231 s
[Rank 2] Local SpMV time: 0.000792 s
[Rank 13] Local SpMV time: 0.004193 s
[Rank 8] Local SpMV time: 0.000629 s
[Rank 4] Local SpMV time: 0.001229 s
[Rank 12] Local SpMV time: 0.000316 s
[Rank 7] Local SpMV time: 0.001285 s
[Rank 11] Local SpMV time: 0.013005 s
[Rank 10] Local SpMV time: 0.004680 s
[Rank 15] Local SpMV time: 0.004162 s
[Rank 6] Local SpMV time: 0.004526 s
[Rank 14] Local SpMV time: 0.000365 s
Global FLOPs per SpMV: 11762

-----------------------------------------------------------------------------------------------
  P |  Time(s) | Comp% | Comm% |  GFLOP/s | Speedup |  Eff% | Mem(MiB) | NNZ min | NNZ avg | NNZ max
-----------------------------------------------------------------------------------------------
 16 |   0.1920 |   6.8 |  82.9 |     0.000 |    0.08 |   0.48 |     0.03 |     106 |    367.6 |     450

----------------------------------------
np=32, OMP_NUM_THREADS=4
----------------------------------------
[Rank 0] Matrix: 2000 x 2000, nnz=13966 | grid=8x4 | pattern=0 symmetric=1
[Rank 0] Matrix: 2000 x 2000, nnz=13966 | grid=8x4
[Rank 0] Local SpMV time: 0.004050 s
[Rank 1] Local SpMV time: 0.000182 s
[Rank 16] Local SpMV time: 0.000177 s
[Rank 2] Local SpMV time: 0.004667 s
[Rank 4] Local SpMV time: 0.001103 s
[Rank 6] Local SpMV time: 0.001514 s
[Rank 8] Local SpMV time: 0.005878 s
[Rank 12] Local SpMV time: 0.000157 s
[Rank 10] Local SpMV time: 0.000574 s
[Rank 20] Local SpMV time: 0.000983 s
[Rank 14] Local SpMV time: 0.007951 s
[Rank 18] Local SpMV time: 0.000388 s
[Rank 5] Local SpMV time: 0.060020 s
[Rank 24] Local SpMV time: 0.000152 s
[Rank 22] Local SpMV time: 0.000146 s
[Rank 7] Local SpMV time: 0.071949 s
[Rank 26] Local SpMV time: 0.000724 s
[Rank 9] Local SpMV time: 0.075951 s
[Rank 3] Local SpMV time: 0.080053 s
[Rank 17] Local SpMV time: 0.072014 s
[Rank 25] Local SpMV time: 0.079851 s
[Rank 28] Local SpMV time: 0.004112 s
[Rank 13] Local SpMV time: 0.064937 s
[Rank 30] Local SpMV time: 0.000138 s
[Rank 19] Local SpMV time: 0.061997 s
[Rank 21] Local SpMV time: 0.062021 s
[Rank 27] Local SpMV time: 0.062069 s
[Rank 11] Local SpMV time: 0.099989 s
[Rank 23] Local SpMV time: 0.063047 s
[Rank 31] Local SpMV time: 0.004451 s
[Rank 15] Local SpMV time: 0.063002 s
[Rank 29] Local SpMV time: 0.074975 s
Global FLOPs per SpMV: 9882

-----------------------------------------------------------------------------------------------
  P |  Time(s) | Comp% | Comm% |  GFLOP/s | Speedup |  Eff% | Mem(MiB) | NNZ min | NNZ avg | NNZ max
-----------------------------------------------------------------------------------------------
 32 |   0.3870 |  25.8 |  82.4 |     0.000 |    0.04 |   0.12 |     0.01 |      30 |    154.4 |     194

----------------------------------------
np=64, OMP_NUM_THREADS=2
----------------------------------------
[Rank 0] Matrix: 2000 x 2000, nnz=13966 | grid=8x8 | pattern=0 symmetric=1
[Rank 0] Matrix: 2000 x 2000, nnz=13966 | grid=8x8
[Rank 1] Local SpMV time: 0.008823 s
[Rank 3] Local SpMV time: 0.003978 s
[Rank 0] Local SpMV time: 0.051438 s
[Rank 17] Local SpMV time: 0.000077 s
[Rank 41] Local SpMV time: 0.012008 s
[Rank 35] Local SpMV time: 0.000289 s
[Rank 32] Local SpMV time: 0.007956 s
[Rank 2] Local SpMV time: 0.001143 s
[Rank 10] Local SpMV time: 0.004504 s
[Rank 21] Local SpMV time: 0.000094 s
[Rank 19] Local SpMV time: 0.000079 s
[Rank 6] Local SpMV time: 0.004062 s
[Rank 50] Local SpMV time: 0.004533 s
[Rank 13] Local SpMV time: 0.000096 s
[Rank 49] Local SpMV time: 0.003976 s
[Rank 43] Local SpMV time: 0.000790 s
[Rank 40] Local SpMV time: 0.000213 s
[Rank 37] Local SpMV time: 0.004118 s
[Rank 18] Local SpMV time: 0.004487 s
[Rank 7] Local SpMV time: 0.004383 s
[Rank 11] Local SpMV time: 0.004701 s
[Rank 12] Local SpMV time: 0.007981 s
[Rank 39] Local SpMV time: 0.004006 s
[Rank 8] Local SpMV time: 0.132114 s
[Rank 9] Local SpMV time: 0.127979 s
[Rank 33] Local SpMV time: 0.131872 s
[Rank 20] Local SpMV time: 0.004871 s
[Rank 25] Local SpMV time: 0.135785 s
[Rank 26] Local SpMV time: 0.005311 s
[Rank 5] Local SpMV time: 0.135981 s
[Rank 42] Local SpMV time: 0.000067 s
[Rank 15] Local SpMV time: 0.001418 s
[Rank 56] Local SpMV time: 0.003972 s
[Rank 27] Local SpMV time: 0.003918 s
[Rank 22] Local SpMV time: 0.000989 s
[Rank 23] Local SpMV time: 0.008016 s
[Rank 53] Local SpMV time: 0.000096 s
[Rank 38] Local SpMV time: 0.007990 s
[Rank 47] Local SpMV time: 0.004015 s
[Rank 34] Local SpMV time: 0.135787 s
[Rank 45] Local SpMV time: 0.000174 s
[Rank 36] Local SpMV time: 0.000373 s
[Rank 55] Local SpMV time: 0.004363 s
[Rank 4] Local SpMV time: 0.131976 s
[Rank 48] Local SpMV time: 0.127968 s
[Rank 29] Local SpMV time: 0.004084 s
[Rank 16] Local SpMV time: 0.127973 s
[Rank 57] Local SpMV time: 0.000077 s
[Rank 58] Local SpMV time: 0.001993 s
[Rank 24] Local SpMV time: 0.127970 s
[Rank 14] Local SpMV time: 0.002826 s
[Rank 51] Local SpMV time: 0.004074 s
[Rank 28] Local SpMV time: 0.007928 s
[Rank 54] Local SpMV time: 0.004175 s
[Rank 46] Local SpMV time: 0.004519 s
[Rank 31] Local SpMV time: 0.004025 s
[Rank 30] Local SpMV time: 0.008909 s
[Rank 44] Local SpMV time: 0.000118 s
[Rank 52] Local SpMV time: 0.000079 s
[Rank 62] Local SpMV time: 0.000109 s
[Rank 61] Local SpMV time: 0.004085 s
[Rank 63] Local SpMV time: 0.003315 s
[Rank 60] Local SpMV time: 0.004065 s
[Rank 59] Local SpMV time: 0.127981 s
Global FLOPs per SpMV: 9188

-----------------------------------------------------------------------------------------------
  P |  Time(s) | Comp% | Comm% |  GFLOP/s | Speedup |  Eff% | Mem(MiB) | NNZ min | NNZ avg | NNZ max
-----------------------------------------------------------------------------------------------
 64 |   0.8185 |  16.6 |  62.6 |     0.000 |    0.02 |   0.03 |     0.01 |      10 |     71.8 |     113

----------------------------------------
np=128, OMP_NUM_THREADS=1
----------------------------------------
[Rank 0] Matrix: 2000 x 2000, nnz=13966 | grid=16x8 | pattern=0 symmetric=1
[Rank 0] Matrix: 2000 x 2000, nnz=13966 | grid=16x8
[Rank 1] Local SpMV time: 0.000021 s
[Rank 65] Local SpMV time: 0.000015 s
[Rank 0] Local SpMV time: 0.000029 s
[Rank 4] Local SpMV time: 0.000017 s
[Rank 2] Local SpMV time: 0.000015 s
[Rank 81] Local SpMV time: 0.000016 s
[Rank 6] Local SpMV time: 0.000016 s
[Rank 89] Local SpMV time: 0.000015 s
[Rank 33] Local SpMV time: 0.000015 s
[Rank 17] Local SpMV time: 0.000014 s
[Rank 49] Local SpMV time: 0.000014 s
[Rank 3] Local SpMV time: 0.000014 s
[Rank 97] Local SpMV time: 0.000013 s
[Rank 64] Local SpMV time: 0.000021 s
[Rank 19] Local SpMV time: 0.000012 s
[Rank 68] Local SpMV time: 0.000017 s
[Rank 9] Local SpMV time: 0.000012 s
[Rank 66] Local SpMV time: 0.000019 s
[Rank 5] Local SpMV time: 0.000014 s
[Rank 16] Local SpMV time: 0.000017 s
[Rank 113] Local SpMV time: 0.000015 s
[Rank 7] Local SpMV time: 0.000013 s
[Rank 18] Local SpMV time: 0.000014 s
[Rank 96] Local SpMV time: 0.000017 s
[Rank 73] Local SpMV time: 0.000012 s
[Rank 32] Local SpMV time: 0.000015 s
[Rank 67] Local SpMV time: 0.000013 s
[Rank 71] Local SpMV time: 0.000015 s
[Rank 8] Local SpMV time: 0.000014 s
[Rank 40] Local SpMV time: 0.000014 s
[Rank 104] Local SpMV time: 0.000017 s
[Rank 11] Local SpMV time: 0.000013 s
[Rank 121] Local SpMV time: 0.000014 s
[Rank 70] Local SpMV time: 0.000017 s
[Rank 37] Local SpMV time: 0.000014 s
[Rank 72] Local SpMV time: 0.000017 s
[Rank 57] Local SpMV time: 0.000012 s
[Rank 13] Local SpMV time: 0.000015 s
[Rank 48] Local SpMV time: 0.000017 s
[Rank 83] Local SpMV time: 0.000014 s
[Rank 112] Local SpMV time: 0.000015 s
[Rank 75] Local SpMV time: 0.000014 s
[Rank 98] Local SpMV time: 0.000019 s
[Rank 41] Local SpMV time: 0.000014 s
[Rank 25] Local SpMV time: 0.000014 s
[Rank 27] Local SpMV time: 0.000014 s
[Rank 105] Local SpMV time: 0.000014 s
[Rank 10] Local SpMV time: 0.000020 s
[Rank 91] Local SpMV time: 0.000015 s
[Rank 99] Local SpMV time: 0.000015 s
[Rank 39] Local SpMV time: 0.000014 s
[Rank 106] Local SpMV time: 0.000019 s
[Rank 35] Local SpMV time: 0.000012 s
[Rank 21] Local SpMV time: 0.000012 s
[Rank 80] Local SpMV time: 0.000017 s
[Rank 120] Local SpMV time: 0.000016 s
[Rank 45] Local SpMV time: 0.000014 s
[Rank 24] Local SpMV time: 0.000015 s
[Rank 53] Local SpMV time: 0.000015 s
[Rank 100] Local SpMV time: 0.000018 s
[Rank 55] Local SpMV time: 0.000014 s
[Rank 29] Local SpMV time: 0.000014 s
[Rank 88] Local SpMV time: 0.000017 s
[Rank 103] Local SpMV time: 0.000015 s
[Rank 20] Local SpMV time: 0.000017 s
[Rank 69] Local SpMV time: 0.000014 s
[Rank 115] Local SpMV time: 0.000014 s
[Rank 36] Local SpMV time: 0.000020 s
[Rank 56] Local SpMV time: 0.000017 s
[Rank 61] Local SpMV time: 0.000013 s
[Rank 114] Local SpMV time: 0.000015 s
[Rank 79] Local SpMV time: 0.000012 s
[Rank 52] Local SpMV time: 0.000020 s
[Rank 101] Local SpMV time: 0.000016 s
[Rank 12] Local SpMV time: 0.000019 s
[Rank 87] Local SpMV time: 0.000014 s
[Rank 63] Local SpMV time: 0.000014 s
[Rank 34] Local SpMV time: 0.000021 s
[Rank 47] Local SpMV time: 0.000013 s
[Rank 82] Local SpMV time: 0.000019 s
[Rank 102] Local SpMV time: 0.000014 s
[Rank 76] Local SpMV time: 0.000018 s
[Rank 85] Local SpMV time: 0.000016 s
[Rank 117] Local SpMV time: 0.000013 s
[Rank 116] Local SpMV time: 0.000020 s
[Rank 123] Local SpMV time: 0.000014 s
[Rank 15] Local SpMV time: 0.000014 s
[Rank 118] Local SpMV time: 0.000015 s
[Rank 107] Local SpMV time: 0.000014 s
[Rank 43] Local SpMV time: 0.000016 s
[Rank 60] Local SpMV time: 0.000019 s
[Rank 74] Local SpMV time: 0.000019 s
[Rank 23] Local SpMV time: 0.000014 s
[Rank 124] Local SpMV time: 0.000019 s
[Rank 51] Local SpMV time: 0.000015 s
[Rank 38] Local SpMV time: 0.000019 s
[Rank 109] Local SpMV time: 0.000012 s
[Rank 84] Local SpMV time: 0.000034 s
[Rank 122] Local SpMV time: 0.000015 s
[Rank 90] Local SpMV time: 0.000019 s
[Rank 92] Local SpMV time: 0.000018 s
[Rank 108] Local SpMV time: 0.000022 s
[Rank 86] Local SpMV time: 0.000019 s
[Rank 94] Local SpMV time: 0.000019 s
[Rank 22] Local SpMV time: 0.000019 s
[Rank 26] Local SpMV time: 0.000022 s
[Rank 77] Local SpMV time: 0.000015 s
[Rank 28] Local SpMV time: 0.000019 s
[Rank 125] Local SpMV time: 0.000014 s
[Rank 31] Local SpMV time: 0.000015 s
[Rank 126] Local SpMV time: 0.000015 s
[Rank 110] Local SpMV time: 0.000023 s
[Rank 44] Local SpMV time: 0.000017 s
[Rank 119] Local SpMV time: 0.000016 s
[Rank 14] Local SpMV time: 0.000019 s
[Rank 54] Local SpMV time: 0.000020 s
[Rank 95] Local SpMV time: 0.000015 s
[Rank 127] Local SpMV time: 0.000014 s
[Rank 42] Local SpMV time: 0.000024 s
[Rank 50] Local SpMV time: 0.000024 s
[Rank 30] Local SpMV time: 0.000021 s
[Rank 78] Local SpMV time: 0.000018 s
[Rank 93] Local SpMV time: 0.000015 s
[Rank 111] Local SpMV time: 0.000012 s
[Rank 62] Local SpMV time: 0.000020 s
[Rank 59] Local SpMV time: 0.000015 s
[Rank 46] Local SpMV time: 0.000023 s
[Rank 58] Local SpMV time: 0.000034 s
Global FLOPs per SpMV: 8708

-----------------------------------------------------------------------------------------------
  P |  Time(s) | Comp% | Comm% |  GFLOP/s | Speedup |  Eff% | Mem(MiB) | NNZ min | NNZ avg | NNZ max
-----------------------------------------------------------------------------------------------
128 |   1.7990 |   0.0 |  71.2 |     0.000 |    0.01 |   0.01 |     0.01 |       2 |     34.0 |      55

