Strong scaling results for Journals.mtx
Date: Fri Jan  2 15:41:45 CET 2026
----------------------------------------

[Rank 0] Matrix: 124 x 124, nnz=6096 | grid=1x1 | pattern=0 symmetric=1
[Rank 0] Matrix: 124 x 124, nnz=6096 | grid=1x1
[Rank 0] Local SpMV time: 0.011972 s
Global FLOPs per SpMV: 24136

-----------------------------------------------------------------------------------------------
  P |  Time(s) | Comp% | Comm% |  GFLOP/s | Speedup |  Eff% | Mem(MiB) | NNZ min | NNZ avg | NNZ max
-----------------------------------------------------------------------------------------------
  1 |   0.0120 |  99.6 |   0.1 |     0.002 |    N/A   |   N/A  |     0.33 |   12068 |  12068.0 |   12068
BASELINE_T1=0.0120

----------------------------------------
np=2, OMP_NUM_THREADS=64
----------------------------------------
[Rank 0] Matrix: 124 x 124, nnz=6096 | grid=2x1 | pattern=0 symmetric=1
[Rank 0] Matrix: 124 x 124, nnz=6096 | grid=2x1
[Rank 1] Local SpMV time: 0.002650 s
[Rank 0] Local SpMV time: 0.011078 s
Global FLOPs per SpMV: 17714

-----------------------------------------------------------------------------------------------
  P |  Time(s) | Comp% | Comm% |  GFLOP/s | Speedup |  Eff% | Mem(MiB) | NNZ min | NNZ avg | NNZ max
-----------------------------------------------------------------------------------------------
  2 |   0.0112 |  99.0 |   0.6 |     0.002 |    1.07 |  53.65 |     0.16 |    2958 |   4428.5 |    5899

----------------------------------------
np=4, OMP_NUM_THREADS=32
----------------------------------------
[Rank 0] Matrix: 124 x 124, nnz=6096 | grid=2x2 | pattern=0 symmetric=1
[Rank 0] Matrix: 124 x 124, nnz=6096 | grid=2x2
[Rank 1] Local SpMV time: 0.001035 s
[Rank 0] Local SpMV time: 0.010916 s
[Rank 3] Local SpMV time: 0.001019 s
[Rank 2] Local SpMV time: 0.016896 s
Global FLOPs per SpMV: 14456

-----------------------------------------------------------------------------------------------
  P |  Time(s) | Comp% | Comm% |  GFLOP/s | Speedup |  Eff% | Mem(MiB) | NNZ min | NNZ avg | NNZ max
-----------------------------------------------------------------------------------------------
  4 |   0.0350 |  48.3 |   0.1 |     0.000 |    0.34 |   8.57 |     0.08 |     689 |   1807.0 |    2876

----------------------------------------
np=8, OMP_NUM_THREADS=16
----------------------------------------
[Rank 0] Matrix: 124 x 124, nnz=6096 | grid=4x2 | pattern=0 symmetric=1
[Rank 0] Matrix: 124 x 124, nnz=6096 | grid=4x2
[Rank 3] Local SpMV time: 0.001136 s
[Rank 0] Local SpMV time: 0.002356 s
[Rank 4] Local SpMV time: 0.001749 s
[Rank 2] Local SpMV time: 0.001613 s
[Rank 5] Local SpMV time: 0.021999 s
[Rank 1] Local SpMV time: 0.038212 s
[Rank 6] Local SpMV time: 0.008637 s
[Rank 7] Local SpMV time: 0.031852 s
Global FLOPs per SpMV: 13186

-----------------------------------------------------------------------------------------------
  P |  Time(s) | Comp% | Comm% |  GFLOP/s | Speedup |  Eff% | Mem(MiB) | NNZ min | NNZ avg | NNZ max
-----------------------------------------------------------------------------------------------
  8 |   0.0840 |  45.5 |   5.7 |     0.000 |    0.14 |   1.79 |     0.04 |     166 |    824.1 |    1439

----------------------------------------
np=16, OMP_NUM_THREADS=8
----------------------------------------
[Rank 0] Matrix: 124 x 124, nnz=6096 | grid=4x4 | pattern=0 symmetric=1
[Rank 0] Matrix: 124 x 124, nnz=6096 | grid=4x4
[Rank 1] Local SpMV time: 0.000283 s
[Rank 0] Local SpMV time: 0.002071 s
[Rank 8] Local SpMV time: 0.006350 s
[Rank 12] Local SpMV time: 0.002781 s
[Rank 7] Local SpMV time: 0.005886 s
[Rank 9] Local SpMV time: 0.002193 s
[Rank 4] Local SpMV time: 0.001063 s
[Rank 2] Local SpMV time: 0.001333 s
[Rank 5] Local SpMV time: 0.031999 s
[Rank 10] Local SpMV time: 0.001637 s
[Rank 11] Local SpMV time: 0.000404 s
[Rank 13] Local SpMV time: 0.000691 s
[Rank 3] Local SpMV time: 0.036000 s
[Rank 15] Local SpMV time: 0.004098 s
[Rank 6] Local SpMV time: 0.001560 s
[Rank 14] Local SpMV time: 0.001997 s
Global FLOPs per SpMV: 12430

-----------------------------------------------------------------------------------------------
  P |  Time(s) | Comp% | Comm% |  GFLOP/s | Speedup |  Eff% | Mem(MiB) | NNZ min | NNZ avg | NNZ max
-----------------------------------------------------------------------------------------------
 16 |   0.1280 |  28.1 |  25.0 |     0.000 |    0.09 |   0.59 |     0.02 |      45 |    388.4 |     735

----------------------------------------
np=32, OMP_NUM_THREADS=4
----------------------------------------
[Rank 0] Matrix: 124 x 124, nnz=6096 | grid=8x4 | pattern=0 symmetric=1
[Rank 0] Matrix: 124 x 124, nnz=6096 | grid=8x4
[Rank 1] Local SpMV time: 0.000192 s
[Rank 21] Local SpMV time: 0.001018 s
[Rank 19] Local SpMV time: 0.001419 s
[Rank 25] Local SpMV time: 0.001705 s
[Rank 9] Local SpMV time: 0.002013 s
[Rank 0] Local SpMV time: 0.000163 s
[Rank 23] Local SpMV time: 0.002352 s
[Rank 8] Local SpMV time: 0.000126 s
[Rank 27] Local SpMV time: 0.000160 s
[Rank 11] Local SpMV time: 0.000468 s
[Rank 5] Local SpMV time: 0.004708 s
[Rank 12] Local SpMV time: 0.008108 s
[Rank 17] Local SpMV time: 0.064080 s
[Rank 29] Local SpMV time: 0.004539 s
[Rank 7] Local SpMV time: 0.001119 s
[Rank 3] Local SpMV time: 0.068001 s
[Rank 13] Local SpMV time: 0.001947 s
[Rank 2] Local SpMV time: 0.003963 s
[Rank 16] Local SpMV time: 0.008575 s
[Rank 18] Local SpMV time: 0.000115 s
[Rank 31] Local SpMV time: 0.000161 s
[Rank 6] Local SpMV time: 0.000117 s
[Rank 15] Local SpMV time: 0.000162 s
[Rank 4] Local SpMV time: 0.064093 s
[Rank 24] Local SpMV time: 0.004547 s
[Rank 28] Local SpMV time: 0.001034 s
[Rank 10] Local SpMV time: 0.001457 s
[Rank 20] Local SpMV time: 0.002306 s
[Rank 22] Local SpMV time: 0.006630 s
[Rank 14] Local SpMV time: 0.011014 s
[Rank 26] Local SpMV time: 0.007991 s
[Rank 30] Local SpMV time: 0.000106 s
Global FLOPs per SpMV: 11916

-----------------------------------------------------------------------------------------------
  P |  Time(s) | Comp% | Comm% |  GFLOP/s | Speedup |  Eff% | Mem(MiB) | NNZ min | NNZ avg | NNZ max
-----------------------------------------------------------------------------------------------
 32 |   0.3279 |  20.7 |  76.8 |     0.000 |    0.04 |   0.11 |     0.01 |      10 |    186.2 |     383

----------------------------------------
np=64, OMP_NUM_THREADS=2
----------------------------------------
[Rank 0] Matrix: 124 x 124, nnz=6096 | grid=8x8 | pattern=0 symmetric=1
[Rank 0] Matrix: 124 x 124, nnz=6096 | grid=8x8
[Rank 1] Local SpMV time: 0.008046 s
[Rank 13] Local SpMV time: 0.005861 s
[Rank 3] Local SpMV time: 0.000075 s
[Rank 21] Local SpMV time: 0.002312 s
[Rank 0] Local SpMV time: 0.007968 s
[Rank 41] Local SpMV time: 0.000147 s
[Rank 32] Local SpMV time: 0.007986 s
[Rank 11] Local SpMV time: 0.007956 s
[Rank 2] Local SpMV time: 0.000113 s
[Rank 19] Local SpMV time: 0.008086 s
[Rank 40] Local SpMV time: 0.000081 s
[Rank 57] Local SpMV time: 0.008011 s
[Rank 4] Local SpMV time: 0.003996 s
[Rank 7] Local SpMV time: 0.003179 s
[Rank 37] Local SpMV time: 0.004013 s
[Rank 25] Local SpMV time: 0.008245 s
[Rank 9] Local SpMV time: 0.125993 s
[Rank 33] Local SpMV time: 0.137993 s
[Rank 8] Local SpMV time: 0.008054 s
[Rank 27] Local SpMV time: 0.000553 s
[Rank 17] Local SpMV time: 0.134039 s
[Rank 5] Local SpMV time: 0.130988 s
[Rank 48] Local SpMV time: 0.008012 s
[Rank 49] Local SpMV time: 0.130986 s
[Rank 34] Local SpMV time: 0.008312 s
[Rank 35] Local SpMV time: 0.000943 s
[Rank 16] Local SpMV time: 0.004592 s
[Rank 6] Local SpMV time: 0.008784 s
[Rank 12] Local SpMV time: 0.004000 s
[Rank 14] Local SpMV time: 0.008165 s
[Rank 23] Local SpMV time: 0.004092 s
[Rank 42] Local SpMV time: 0.004554 s
[Rank 38] Local SpMV time: 0.007982 s
[Rank 59] Local SpMV time: 0.004187 s
[Rank 24] Local SpMV time: 0.004002 s
[Rank 43] Local SpMV time: 0.005368 s
[Rank 36] Local SpMV time: 0.000378 s
[Rank 45] Local SpMV time: 0.009392 s
[Rank 50] Local SpMV time: 0.004567 s
[Rank 53] Local SpMV time: 0.013341 s
[Rank 39] Local SpMV time: 0.012069 s
[Rank 10] Local SpMV time: 0.004011 s
[Rank 15] Local SpMV time: 0.008163 s
[Rank 56] Local SpMV time: 0.000258 s
[Rank 20] Local SpMV time: 0.004009 s
[Rank 29] Local SpMV time: 0.016073 s
[Rank 54] Local SpMV time: 0.000363 s
[Rank 58] Local SpMV time: 0.000667 s
[Rank 28] Local SpMV time: 0.004844 s
[Rank 18] Local SpMV time: 0.004013 s
[Rank 26] Local SpMV time: 0.000309 s
[Rank 22] Local SpMV time: 0.004487 s
[Rank 46] Local SpMV time: 0.008009 s
[Rank 31] Local SpMV time: 0.000132 s
[Rank 52] Local SpMV time: 0.004000 s
[Rank 60] Local SpMV time: 0.000291 s
[Rank 51] Local SpMV time: 0.125997 s
[Rank 62] Local SpMV time: 0.007996 s
[Rank 44] Local SpMV time: 0.001319 s
[Rank 30] Local SpMV time: 0.000092 s
[Rank 47] Local SpMV time: 0.111046 s
[Rank 55] Local SpMV time: 0.131003 s
[Rank 63] Local SpMV time: 0.134932 s
[Rank 61] Local SpMV time: 0.131102 s
Global FLOPs per SpMV: 11820

-----------------------------------------------------------------------------------------------
  P |  Time(s) | Comp% | Comm% |  GFLOP/s | Speedup |  Eff% | Mem(MiB) | NNZ min | NNZ avg | NNZ max
-----------------------------------------------------------------------------------------------
 64 |   0.7810 |  17.7 |  65.4 |     0.000 |    0.02 |   0.02 |     0.01 |       1 |     92.3 |     204

----------------------------------------
np=128, OMP_NUM_THREADS=1
----------------------------------------
[Rank 0] Matrix: 124 x 124, nnz=6096 | grid=16x8 | pattern=0 symmetric=1
[Rank 0] Matrix: 124 x 124, nnz=6096 | grid=16x8
[Rank 1] Local SpMV time: 0.000025 s
[Rank 33] Local SpMV time: 0.000015 s
[Rank 5] Local SpMV time: 0.000014 s
[Rank 65] Local SpMV time: 0.000016 s
[Rank 41] Local SpMV time: 0.000014 s
[Rank 17] Local SpMV time: 0.000015 s
[Rank 37] Local SpMV time: 0.000013 s
[Rank 7] Local SpMV time: 0.000015 s
[Rank 39] Local SpMV time: 0.000016 s
[Rank 49] Local SpMV time: 0.000015 s
[Rank 81] Local SpMV time: 0.000016 s
[Rank 97] Local SpMV time: 0.000016 s
[Rank 0] Local SpMV time: 0.000029 s
[Rank 53] Local SpMV time: 0.000016 s
[Rank 21] Local SpMV time: 0.000015 s
[Rank 113] Local SpMV time: 0.000015 s
[Rank 3] Local SpMV time: 0.000012 s
[Rank 64] Local SpMV time: 0.000028 s
[Rank 45] Local SpMV time: 0.000014 s
[Rank 25] Local SpMV time: 0.000015 s
[Rank 89] Local SpMV time: 0.000015 s
[Rank 72] Local SpMV time: 0.000023 s
[Rank 9] Local SpMV time: 0.000014 s
[Rank 23] Local SpMV time: 0.000013 s
[Rank 73] Local SpMV time: 0.000016 s
[Rank 8] Local SpMV time: 0.000021 s
[Rank 69] Local SpMV time: 0.000016 s
[Rank 71] Local SpMV time: 0.000013 s
[Rank 35] Local SpMV time: 0.000016 s
[Rank 13] Local SpMV time: 0.000015 s
[Rank 101] Local SpMV time: 0.000015 s
[Rank 15] Local SpMV time: 0.000013 s
[Rank 57] Local SpMV time: 0.000013 s
[Rank 29] Local SpMV time: 0.000015 s
[Rank 51] Local SpMV time: 0.000016 s
[Rank 47] Local SpMV time: 0.000015 s
[Rank 16] Local SpMV time: 0.000022 s
[Rank 11] Local SpMV time: 0.000015 s
[Rank 121] Local SpMV time: 0.000012 s
[Rank 32] Local SpMV time: 0.000021 s
[Rank 103] Local SpMV time: 0.000016 s
[Rank 55] Local SpMV time: 0.000012 s
[Rank 85] Local SpMV time: 0.000017 s
[Rank 67] Local SpMV time: 0.000015 s
[Rank 2] Local SpMV time: 0.000027 s
[Rank 4] Local SpMV time: 0.000023 s
[Rank 93] Local SpMV time: 0.000017 s
[Rank 80] Local SpMV time: 0.000022 s
[Rank 105] Local SpMV time: 0.000015 s
[Rank 77] Local SpMV time: 0.000016 s
[Rank 43] Local SpMV time: 0.000015 s
[Rank 19] Local SpMV time: 0.000016 s
[Rank 96] Local SpMV time: 0.000021 s
[Rank 31] Local SpMV time: 0.000017 s
[Rank 99] Local SpMV time: 0.000018 s
[Rank 88] Local SpMV time: 0.000020 s
[Rank 40] Local SpMV time: 0.000022 s
[Rank 61] Local SpMV time: 0.000013 s
[Rank 63] Local SpMV time: 0.000016 s
[Rank 18] Local SpMV time: 0.000020 s
[Rank 66] Local SpMV time: 0.000025 s
[Rank 107] Local SpMV time: 0.000016 s
[Rank 10] Local SpMV time: 0.000020 s
[Rank 117] Local SpMV time: 0.000016 s
[Rank 48] Local SpMV time: 0.000022 s
[Rank 12] Local SpMV time: 0.000025 s
[Rank 56] Local SpMV time: 0.000021 s
[Rank 82] Local SpMV time: 0.000033 s
[Rank 87] Local SpMV time: 0.000016 s
[Rank 27] Local SpMV time: 0.000016 s
[Rank 95] Local SpMV time: 0.000015 s
[Rank 34] Local SpMV time: 0.000021 s
[Rank 75] Local SpMV time: 0.000016 s
[Rank 50] Local SpMV time: 0.000024 s
[Rank 24] Local SpMV time: 0.000020 s
[Rank 119] Local SpMV time: 0.000018 s
[Rank 36] Local SpMV time: 0.000020 s
[Rank 59] Local SpMV time: 0.000018 s
[Rank 6] Local SpMV time: 0.000019 s
[Rank 98] Local SpMV time: 0.000024 s
[Rank 52] Local SpMV time: 0.000022 s
[Rank 68] Local SpMV time: 0.000026 s
[Rank 127] Local SpMV time: 0.000016 s
[Rank 84] Local SpMV time: 0.000022 s
[Rank 83] Local SpMV time: 0.000014 s
[Rank 20] Local SpMV time: 0.000027 s
[Rank 125] Local SpMV time: 0.000013 s
[Rank 76] Local SpMV time: 0.000027 s
[Rank 115] Local SpMV time: 0.000014 s
[Rank 74] Local SpMV time: 0.000027 s
[Rank 104] Local SpMV time: 0.000021 s
[Rank 79] Local SpMV time: 0.000017 s
[Rank 109] Local SpMV time: 0.000013 s
[Rank 112] Local SpMV time: 0.000021 s
[Rank 92] Local SpMV time: 0.000022 s
[Rank 90] Local SpMV time: 0.000023 s
[Rank 26] Local SpMV time: 0.000020 s
[Rank 100] Local SpMV time: 0.000031 s
[Rank 42] Local SpMV time: 0.000026 s
[Rank 91] Local SpMV time: 0.000018 s
[Rank 38] Local SpMV time: 0.000021 s
[Rank 44] Local SpMV time: 0.000027 s
[Rank 106] Local SpMV time: 0.000021 s
[Rank 58] Local SpMV time: 0.000022 s
[Rank 70] Local SpMV time: 0.000025 s
[Rank 60] Local SpMV time: 0.000034 s
[Rank 14] Local SpMV time: 0.000024 s
[Rank 114] Local SpMV time: 0.000022 s
[Rank 123] Local SpMV time: 0.000018 s
[Rank 22] Local SpMV time: 0.000025 s
[Rank 116] Local SpMV time: 0.000021 s
[Rank 28] Local SpMV time: 0.000025 s
[Rank 111] Local SpMV time: 0.000015 s
[Rank 30] Local SpMV time: 0.000023 s
[Rank 46] Local SpMV time: 0.000027 s
[Rank 108] Local SpMV time: 0.000024 s
[Rank 86] Local SpMV time: 0.000033 s
[Rank 120] Local SpMV time: 0.000022 s
[Rank 78] Local SpMV time: 0.000028 s
[Rank 54] Local SpMV time: 0.000027 s
[Rank 124] Local SpMV time: 0.000021 s
[Rank 102] Local SpMV time: 0.000030 s
[Rank 118] Local SpMV time: 0.000024 s
[Rank 94] Local SpMV time: 0.000027 s
[Rank 122] Local SpMV time: 0.000026 s
[Rank 62] Local SpMV time: 0.000026 s
[Rank 126] Local SpMV time: 0.000020 s
[Rank 110] Local SpMV time: 0.000039 s
Global FLOPs per SpMV: 11932

-----------------------------------------------------------------------------------------------
  P |  Time(s) | Comp% | Comm% |  GFLOP/s | Speedup |  Eff% | Mem(MiB) | NNZ min | NNZ avg | NNZ max
-----------------------------------------------------------------------------------------------
128 |   1.8040 |   0.0 |  56.8 |     0.000 |    0.01 |   0.01 |     0.00 |       0 |     46.6 |      96

