Strong scaling results for nemeth19.mtx
Date: Fri Jan  2 15:47:56 CET 2026
----------------------------------------

[Rank 0] Matrix: 9506 x 9506, nnz=413904 | grid=1x1 | pattern=0 symmetric=1
[Rank 0] Matrix: 9506 x 9506, nnz=413904 | grid=1x1
[Rank 0] Local SpMV time: 0.012815 s
Global FLOPs per SpMV: 1636604

-----------------------------------------------------------------------------------------------
  P |  Time(s) | Comp% | Comm% |  GFLOP/s | Speedup |  Eff% | Mem(MiB) | NNZ min | NNZ avg | NNZ max
-----------------------------------------------------------------------------------------------
  1 |   0.0129 |  99.1 |   0.4 |     0.127 |    N/A   |   N/A  |    22.10 |  818302 | 818302.0 |  818302
BASELINE_T1=0.0129

----------------------------------------
np=2, OMP_NUM_THREADS=64
----------------------------------------
[Rank 0] Matrix: 9506 x 9506, nnz=413904 | grid=2x1 | pattern=0 symmetric=1
[Rank 0] Matrix: 9506 x 9506, nnz=413904 | grid=2x1
[Rank 1] Local SpMV time: 0.001925 s
[Rank 0] Local SpMV time: 0.009847 s
Global FLOPs per SpMV: 822138

-----------------------------------------------------------------------------------------------
  P |  Time(s) | Comp% | Comm% |  GFLOP/s | Speedup |  Eff% | Mem(MiB) | NNZ min | NNZ avg | NNZ max
-----------------------------------------------------------------------------------------------
  2 |   0.0100 |  98.7 |  12.3 |     0.082 |    1.29 |  64.67 |     5.72 |  202860 | 205534.5 |  208209

----------------------------------------
np=4, OMP_NUM_THREADS=32
----------------------------------------
[Rank 0] Matrix: 9506 x 9506, nnz=413904 | grid=2x2 | pattern=0 symmetric=1
[Rank 0] Matrix: 9506 x 9506, nnz=413904 | grid=2x2
[Rank 1] Local SpMV time: 0.000860 s
[Rank 2] Local SpMV time: 0.005181 s
[Rank 0] Local SpMV time: 0.018939 s
[Rank 3] Local SpMV time: 0.013698 s
Global FLOPs per SpMV: 414708

-----------------------------------------------------------------------------------------------
  P |  Time(s) | Comp% | Comm% |  GFLOP/s | Speedup |  Eff% | Mem(MiB) | NNZ min | NNZ avg | NNZ max
-----------------------------------------------------------------------------------------------
  4 |   0.0401 |  47.2 |  56.6 |     0.010 |    0.32 |   8.03 |     1.57 |   50669 |  51838.5 |   54032

----------------------------------------
np=8, OMP_NUM_THREADS=16
----------------------------------------
[Rank 0] Matrix: 9506 x 9506, nnz=413904 | grid=4x2 | pattern=0 symmetric=1
[Rank 0] Matrix: 9506 x 9506, nnz=413904 | grid=4x2
[Rank 1] Local SpMV time: 0.001226 s
[Rank 0] Local SpMV time: 0.011769 s
[Rank 3] Local SpMV time: 0.013452 s
[Rank 2] Local SpMV time: 0.024604 s
[Rank 5] Local SpMV time: 0.022035 s
[Rank 7] Local SpMV time: 0.023019 s
[Rank 4] Local SpMV time: 0.026237 s
[Rank 6] Local SpMV time: 0.019947 s
Global FLOPs per SpMV: 211926

-----------------------------------------------------------------------------------------------
  P |  Time(s) | Comp% | Comm% |  GFLOP/s | Speedup |  Eff% | Mem(MiB) | NNZ min | NNZ avg | NNZ max
-----------------------------------------------------------------------------------------------
  8 |   0.0947 |  27.7 |  32.5 |     0.002 |    0.14 |   1.70 |     0.46 |   12913 |  13245.4 |   14179

----------------------------------------
np=16, OMP_NUM_THREADS=8
----------------------------------------
[Rank 0] Matrix: 9506 x 9506, nnz=413904 | grid=4x4 | pattern=0 symmetric=1
[Rank 0] Matrix: 9506 x 9506, nnz=413904 | grid=4x4
[Rank 0] Local SpMV time: 0.000612 s
[Rank 5] Local SpMV time: 0.023965 s
[Rank 8] Local SpMV time: 0.000684 s
[Rank 2] Local SpMV time: 0.001094 s
[Rank 1] Local SpMV time: 0.035987 s
[Rank 10] Local SpMV time: 0.004457 s
[Rank 9] Local SpMV time: 0.032027 s
[Rank 4] Local SpMV time: 0.008794 s
[Rank 12] Local SpMV time: 0.001197 s
[Rank 6] Local SpMV time: 0.001570 s
[Rank 3] Local SpMV time: 0.035957 s
[Rank 11] Local SpMV time: 0.031984 s
[Rank 7] Local SpMV time: 0.032000 s
[Rank 14] Local SpMV time: 0.000447 s
[Rank 15] Local SpMV time: 0.039889 s
[Rank 13] Local SpMV time: 0.063981 s
Global FLOPs per SpMV: 110080

-----------------------------------------------------------------------------------------------
  P |  Time(s) | Comp% | Comm% |  GFLOP/s | Speedup |  Eff% | Mem(MiB) | NNZ min | NNZ avg | NNZ max
-----------------------------------------------------------------------------------------------
 16 |   0.1831 |  34.9 |  86.2 |     0.001 |    0.07 |   0.44 |     0.16 |    3248 |   3440.0 |    3780

----------------------------------------
np=32, OMP_NUM_THREADS=4
----------------------------------------
[Rank 0] Matrix: 9506 x 9506, nnz=413904 | grid=8x4 | pattern=0 symmetric=1
[Rank 0] Matrix: 9506 x 9506, nnz=413904 | grid=8x4
[Rank 1] Local SpMV time: 0.008069 s
[Rank 0] Local SpMV time: 0.000170 s
[Rank 8] Local SpMV time: 0.000155 s
[Rank 16] Local SpMV time: 0.000166 s
[Rank 2] Local SpMV time: 0.003973 s
[Rank 18] Local SpMV time: 0.000368 s
[Rank 12] Local SpMV time: 0.004092 s
[Rank 4] Local SpMV time: 0.000144 s
[Rank 3] Local SpMV time: 0.067913 s
[Rank 17] Local SpMV time: 0.067951 s
[Rank 20] Local SpMV time: 0.000162 s
[Rank 9] Local SpMV time: 0.067920 s
[Rank 10] Local SpMV time: 0.000441 s
[Rank 5] Local SpMV time: 0.063967 s
[Rank 25] Local SpMV time: 0.063939 s
[Rank 24] Local SpMV time: 0.004069 s
[Rank 21] Local SpMV time: 0.056050 s
[Rank 26] Local SpMV time: 0.000500 s
[Rank 29] Local SpMV time: 0.068000 s
[Rank 19] Local SpMV time: 0.067818 s
[Rank 14] Local SpMV time: 0.000414 s
[Rank 27] Local SpMV time: 0.063950 s
[Rank 13] Local SpMV time: 0.063960 s
[Rank 11] Local SpMV time: 0.068830 s
[Rank 22] Local SpMV time: 0.013383 s
[Rank 28] Local SpMV time: 0.017959 s
[Rank 6] Local SpMV time: 0.002432 s
[Rank 31] Local SpMV time: 0.063961 s
[Rank 23] Local SpMV time: 0.071963 s
[Rank 30] Local SpMV time: 0.068797 s
[Rank 15] Local SpMV time: 0.131955 s
[Rank 7] Local SpMV time: 0.127953 s
Global FLOPs per SpMV: 59274

-----------------------------------------------------------------------------------------------
  P |  Time(s) | Comp% | Comm% |  GFLOP/s | Speedup |  Eff% | Mem(MiB) | NNZ min | NNZ avg | NNZ max
-----------------------------------------------------------------------------------------------
 32 |   0.4530 |  29.1 |  85.0 |     0.000 |    0.03 |   0.09 |     0.07 |     812 |    926.2 |    1033

----------------------------------------
np=64, OMP_NUM_THREADS=2
----------------------------------------
[Rank 0] Matrix: 9506 x 9506, nnz=413904 | grid=8x8 | pattern=0 symmetric=1
[Rank 0] Matrix: 9506 x 9506, nnz=413904 | grid=8x8
[Rank 1] Local SpMV time: 0.000194 s
[Rank 33] Local SpMV time: 0.007876 s
[Rank 3] Local SpMV time: 0.003057 s
[Rank 2] Local SpMV time: 0.007681 s
[Rank 17] Local SpMV time: 0.000134 s
[Rank 35] Local SpMV time: 0.004359 s
[Rank 0] Local SpMV time: 0.015887 s
[Rank 49] Local SpMV time: 0.000074 s
[Rank 5] Local SpMV time: 0.003985 s
[Rank 37] Local SpMV time: 0.000064 s
[Rank 32] Local SpMV time: 0.007955 s
[Rank 41] Local SpMV time: 0.000072 s
[Rank 48] Local SpMV time: 0.004455 s
[Rank 51] Local SpMV time: 0.004056 s
[Rank 4] Local SpMV time: 0.004105 s
[Rank 57] Local SpMV time: 0.004027 s
[Rank 21] Local SpMV time: 0.000087 s
[Rank 53] Local SpMV time: 0.000659 s
[Rank 43] Local SpMV time: 0.004013 s
[Rank 12] Local SpMV time: 0.007978 s
[Rank 9] Local SpMV time: 0.000063 s
[Rank 19] Local SpMV time: 0.004325 s
[Rank 16] Local SpMV time: 0.000303 s
[Rank 25] Local SpMV time: 0.004018 s
[Rank 40] Local SpMV time: 0.008114 s
[Rank 7] Local SpMV time: 0.000073 s
[Rank 6] Local SpMV time: 0.008347 s
[Rank 34] Local SpMV time: 0.008673 s
[Rank 56] Local SpMV time: 0.007975 s
[Rank 45] Local SpMV time: 0.000114 s
[Rank 18] Local SpMV time: 0.004071 s
[Rank 42] Local SpMV time: 0.004387 s
[Rank 29] Local SpMV time: 0.004016 s
[Rank 38] Local SpMV time: 0.000660 s
[Rank 61] Local SpMV time: 0.000078 s
[Rank 20] Local SpMV time: 0.000080 s
[Rank 13] Local SpMV time: 0.000473 s
[Rank 59] Local SpMV time: 0.004696 s
[Rank 36] Local SpMV time: 0.004104 s
[Rank 10] Local SpMV time: 0.004414 s
[Rank 11] Local SpMV time: 0.000055 s
[Rank 27] Local SpMV time: 0.004323 s
[Rank 54] Local SpMV time: 0.003962 s
[Rank 8] Local SpMV time: 0.127958 s
[Rank 23] Local SpMV time: 0.000075 s
[Rank 44] Local SpMV time: 0.000095 s
[Rank 22] Local SpMV time: 0.004076 s
[Rank 50] Local SpMV time: 0.004413 s
[Rank 24] Local SpMV time: 0.004678 s
[Rank 62] Local SpMV time: 0.000992 s
[Rank 46] Local SpMV time: 0.005172 s
[Rank 15] Local SpMV time: 0.000090 s
[Rank 52] Local SpMV time: 0.008152 s
[Rank 14] Local SpMV time: 0.007994 s
[Rank 31] Local SpMV time: 0.000124 s
[Rank 28] Local SpMV time: 0.003970 s
[Rank 58] Local SpMV time: 0.000093 s
[Rank 47] Local SpMV time: 0.000089 s
[Rank 60] Local SpMV time: 0.000221 s
[Rank 26] Local SpMV time: 0.004391 s
[Rank 55] Local SpMV time: 0.000065 s
[Rank 39] Local SpMV time: 0.127992 s
[Rank 63] Local SpMV time: 0.000766 s
[Rank 30] Local SpMV time: 0.011976 s
Global FLOPs per SpMV: 33786

-----------------------------------------------------------------------------------------------
  P |  Time(s) | Comp% | Comm% |  GFLOP/s | Speedup |  Eff% | Mem(MiB) | NNZ min | NNZ avg | NNZ max
-----------------------------------------------------------------------------------------------
 64 |   1.2870 |   9.9 |  79.9 |     0.000 |    0.01 |   0.02 |     0.04 |     201 |    264.0 |     305

----------------------------------------
np=128, OMP_NUM_THREADS=1
----------------------------------------
[Rank 0] Matrix: 9506 x 9506, nnz=413904 | grid=16x8 | pattern=0 symmetric=1
[Rank 0] Matrix: 9506 x 9506, nnz=413904 | grid=16x8
[Rank 1] Local SpMV time: 0.000031 s
[Rank 0] Local SpMV time: 0.000026 s
[Rank 4] Local SpMV time: 0.000018 s
[Rank 16] Local SpMV time: 0.000019 s
[Rank 33] Local SpMV time: 0.000020 s
[Rank 8] Local SpMV time: 0.000015 s
[Rank 3] Local SpMV time: 0.000018 s
[Rank 6] Local SpMV time: 0.000017 s
[Rank 49] Local SpMV time: 0.000015 s
[Rank 2] Local SpMV time: 0.000015 s
[Rank 17] Local SpMV time: 0.000018 s
[Rank 5] Local SpMV time: 0.000018 s
[Rank 64] Local SpMV time: 0.000019 s
[Rank 37] Local SpMV time: 0.000018 s
[Rank 32] Local SpMV time: 0.000018 s
[Rank 9] Local SpMV time: 0.000015 s
[Rank 48] Local SpMV time: 0.000017 s
[Rank 65] Local SpMV time: 0.000018 s
[Rank 35] Local SpMV time: 0.000021 s
[Rank 96] Local SpMV time: 0.000018 s
[Rank 97] Local SpMV time: 0.000015 s
[Rank 105] Local SpMV time: 0.000018 s
[Rank 56] Local SpMV time: 0.000017 s
[Rank 57] Local SpMV time: 0.000014 s
[Rank 112] Local SpMV time: 0.000018 s
[Rank 72] Local SpMV time: 0.000016 s
[Rank 24] Local SpMV time: 0.000018 s
[Rank 20] Local SpMV time: 0.000020 s
[Rank 34] Local SpMV time: 0.000018 s
[Rank 51] Local SpMV time: 0.000014 s
[Rank 12] Local SpMV time: 0.000019 s
[Rank 40] Local SpMV time: 0.000018 s
[Rank 68] Local SpMV time: 0.000019 s
[Rank 14] Local SpMV time: 0.000019 s
[Rank 81] Local SpMV time: 0.000019 s
[Rank 41] Local SpMV time: 0.000015 s
[Rank 11] Local SpMV time: 0.000020 s
[Rank 100] Local SpMV time: 0.000019 s
[Rank 67] Local SpMV time: 0.000019 s
[Rank 50] Local SpMV time: 0.000018 s
[Rank 104] Local SpMV time: 0.000018 s
[Rank 80] Local SpMV time: 0.000017 s
[Rank 53] Local SpMV time: 0.000019 s
[Rank 42] Local SpMV time: 0.000016 s
[Rank 113] Local SpMV time: 0.000014 s
[Rank 18] Local SpMV time: 0.000022 s
[Rank 76] Local SpMV time: 0.000019 s
[Rank 99] Local SpMV time: 0.000018 s
[Rank 69] Local SpMV time: 0.000018 s
[Rank 108] Local SpMV time: 0.000018 s
[Rank 25] Local SpMV time: 0.000016 s
[Rank 73] Local SpMV time: 0.000020 s
[Rank 19] Local SpMV time: 0.000019 s
[Rank 61] Local SpMV time: 0.000021 s
[Rank 10] Local SpMV time: 0.000023 s
[Rank 7] Local SpMV time: 0.000017 s
[Rank 36] Local SpMV time: 0.000018 s
[Rank 71] Local SpMV time: 0.000014 s
[Rank 13] Local SpMV time: 0.000014 s
[Rank 23] Local SpMV time: 0.000020 s
[Rank 44] Local SpMV time: 0.000017 s
[Rank 70] Local SpMV time: 0.000019 s
[Rank 21] Local SpMV time: 0.000022 s
[Rank 88] Local SpMV time: 0.000017 s
[Rank 66] Local SpMV time: 0.000018 s
[Rank 29] Local SpMV time: 0.000014 s
[Rank 83] Local SpMV time: 0.000017 s
[Rank 121] Local SpMV time: 0.000014 s
[Rank 101] Local SpMV time: 0.000016 s
[Rank 120] Local SpMV time: 0.000018 s
[Rank 28] Local SpMV time: 0.000019 s
[Rank 103] Local SpMV time: 0.000015 s
[Rank 38] Local SpMV time: 0.000018 s
[Rank 39] Local SpMV time: 0.000020 s
[Rank 22] Local SpMV time: 0.000018 s
[Rank 98] Local SpMV time: 0.000021 s
[Rank 115] Local SpMV time: 0.000017 s
[Rank 77] Local SpMV time: 0.000015 s
[Rank 119] Local SpMV time: 0.000020 s
[Rank 59] Local SpMV time: 0.000020 s
[Rank 15] Local SpMV time: 0.000019 s
[Rank 84] Local SpMV time: 0.000019 s
[Rank 75] Local SpMV time: 0.000018 s
[Rank 46] Local SpMV time: 0.000019 s
[Rank 114] Local SpMV time: 0.000020 s
[Rank 85] Local SpMV time: 0.000015 s
[Rank 79] Local SpMV time: 0.000019 s
[Rank 102] Local SpMV time: 0.000020 s
[Rank 89] Local SpMV time: 0.000018 s
[Rank 45] Local SpMV time: 0.000018 s
[Rank 31] Local SpMV time: 0.000021 s
[Rank 93] Local SpMV time: 0.000015 s
[Rank 58] Local SpMV time: 0.000022 s
[Rank 27] Local SpMV time: 0.000020 s
[Rank 43] Local SpMV time: 0.000021 s
[Rank 54] Local SpMV time: 0.000018 s
[Rank 109] Local SpMV time: 0.000021 s
[Rank 26] Local SpMV time: 0.000021 s
[Rank 82] Local SpMV time: 0.000016 s
[Rank 107] Local SpMV time: 0.000021 s
[Rank 106] Local SpMV time: 0.000018 s
[Rank 111] Local SpMV time: 0.000018 s
[Rank 116] Local SpMV time: 0.000021 s
[Rank 55] Local SpMV time: 0.000023 s
[Rank 30] Local SpMV time: 0.000019 s
[Rank 74] Local SpMV time: 0.000021 s
[Rank 117] Local SpMV time: 0.000023 s
[Rank 118] Local SpMV time: 0.000022 s
[Rank 86] Local SpMV time: 0.000020 s
[Rank 52] Local SpMV time: 0.000021 s
[Rank 110] Local SpMV time: 0.000022 s
[Rank 78] Local SpMV time: 0.000023 s
[Rank 123] Local SpMV time: 0.000021 s
[Rank 92] Local SpMV time: 0.000022 s
[Rank 60] Local SpMV time: 0.000021 s
[Rank 94] Local SpMV time: 0.000022 s
[Rank 122] Local SpMV time: 0.000022 s
[Rank 63] Local SpMV time: 0.000017 s
[Rank 47] Local SpMV time: 0.000021 s
[Rank 87] Local SpMV time: 0.000020 s
[Rank 126] Local SpMV time: 0.000019 s
[Rank 90] Local SpMV time: 0.000023 s
[Rank 91] Local SpMV time: 0.000015 s
[Rank 62] Local SpMV time: 0.000023 s
[Rank 124] Local SpMV time: 0.000020 s
[Rank 95] Local SpMV time: 0.000020 s
[Rank 127] Local SpMV time: 0.000021 s
[Rank 125] Local SpMV time: 0.000020 s
Global FLOPs per SpMV: 21080

-----------------------------------------------------------------------------------------------
  P |  Time(s) | Comp% | Comm% |  GFLOP/s | Speedup |  Eff% | Mem(MiB) | NNZ min | NNZ avg | NNZ max
-----------------------------------------------------------------------------------------------
128 |   3.3200 |   0.0 |  84.6 |     0.000 |    0.00 |   0.00 |     0.02 |      50 |     82.3 |      95

