Strong scaling results for nemeth05.mtx
Date: Fri Jan  2 15:44:41 CET 2026
----------------------------------------

[Rank 0] Matrix: 9506 x 9506, nnz=202157 | grid=1x1 | pattern=0 symmetric=1
[Rank 0] Matrix: 9506 x 9506, nnz=202157 | grid=1x1
[Rank 0] Local SpMV time: 0.010028 s
Global FLOPs per SpMV: 789616

-----------------------------------------------------------------------------------------------
  P |  Time(s) | Comp% | Comm% |  GFLOP/s | Speedup |  Eff% | Mem(MiB) | NNZ min | NNZ avg | NNZ max
-----------------------------------------------------------------------------------------------
  1 |   0.0102 |  98.1 |   0.5 |     0.077 |    N/A   |   N/A  |    10.80 |  394808 | 394808.0 |  394808
BASELINE_T1=0.0102

----------------------------------------
np=2, OMP_NUM_THREADS=64
----------------------------------------
[Rank 0] Matrix: 9506 x 9506, nnz=202157 | grid=2x1 | pattern=0 symmetric=1
[Rank 0] Matrix: 9506 x 9506, nnz=202157 | grid=2x1
[Rank 1] Local SpMV time: 0.001729 s
[Rank 0] Local SpMV time: 0.011518 s
Global FLOPs per SpMV: 399104

-----------------------------------------------------------------------------------------------
  P |  Time(s) | Comp% | Comm% |  GFLOP/s | Speedup |  Eff% | Mem(MiB) | NNZ min | NNZ avg | NNZ max
-----------------------------------------------------------------------------------------------
  2 |   0.0118 |  97.7 |  10.6 |     0.034 |    0.87 |  43.27 |     2.88 |   97922 |  99776.0 |  101630

----------------------------------------
np=4, OMP_NUM_THREADS=32
----------------------------------------
[Rank 0] Matrix: 9506 x 9506, nnz=202157 | grid=2x2 | pattern=0 symmetric=1
[Rank 0] Matrix: 9506 x 9506, nnz=202157 | grid=2x2
[Rank 1] Local SpMV time: 0.000982 s
[Rank 0] Local SpMV time: 0.004894 s
[Rank 3] Local SpMV time: 0.002316 s
[Rank 2] Local SpMV time: 0.004849 s
Global FLOPs per SpMV: 203734

-----------------------------------------------------------------------------------------------
  P |  Time(s) | Comp% | Comm% |  GFLOP/s | Speedup |  Eff% | Mem(MiB) | NNZ min | NNZ avg | NNZ max
-----------------------------------------------------------------------------------------------
  4 |   0.0290 |  16.8 |  19.7 |     0.007 |    0.35 |   8.78 |     0.83 |   23604 |  25466.8 |   26407

----------------------------------------
np=8, OMP_NUM_THREADS=16
----------------------------------------
[Rank 0] Matrix: 9506 x 9506, nnz=202157 | grid=4x2 | pattern=0 symmetric=1
[Rank 0] Matrix: 9506 x 9506, nnz=202157 | grid=4x2
[Rank 1] Local SpMV time: 0.000494 s
[Rank 0] Local SpMV time: 0.002031 s
[Rank 3] Local SpMV time: 0.001977 s
[Rank 4] Local SpMV time: 0.002288 s
[Rank 5] Local SpMV time: 0.022977 s
[Rank 6] Local SpMV time: 0.007862 s
[Rank 7] Local SpMV time: 0.025487 s
[Rank 2] Local SpMV time: 0.027966 s
Global FLOPs per SpMV: 105876

-----------------------------------------------------------------------------------------------
  P |  Time(s) | Comp% | Comm% |  GFLOP/s | Speedup |  Eff% | Mem(MiB) | NNZ min | NNZ avg | NNZ max
-----------------------------------------------------------------------------------------------
  8 |   0.0850 |  32.9 |  63.5 |     0.001 |    0.12 |   1.50 |     0.27 |    5904 |   6617.2 |    6870

----------------------------------------
np=16, OMP_NUM_THREADS=8
----------------------------------------
[Rank 0] Matrix: 9506 x 9506, nnz=202157 | grid=4x4 | pattern=0 symmetric=1
[Rank 0] Matrix: 9506 x 9506, nnz=202157 | grid=4x4
[Rank 1] Local SpMV time: 0.000299 s
[Rank 0] Local SpMV time: 0.004559 s
[Rank 9] Local SpMV time: 0.004643 s
[Rank 4] Local SpMV time: 0.001070 s
[Rank 3] Local SpMV time: 0.011563 s
[Rank 2] Local SpMV time: 0.005195 s
[Rank 8] Local SpMV time: 0.000701 s
[Rank 6] Local SpMV time: 0.001179 s
[Rank 13] Local SpMV time: 0.027862 s
[Rank 5] Local SpMV time: 0.035963 s
[Rank 12] Local SpMV time: 0.001009 s
[Rank 10] Local SpMV time: 0.001447 s
[Rank 11] Local SpMV time: 0.039939 s
[Rank 7] Local SpMV time: 0.031964 s
[Rank 15] Local SpMV time: 0.031953 s
[Rank 14] Local SpMV time: 0.001166 s
Global FLOPs per SpMV: 57014

-----------------------------------------------------------------------------------------------
  P |  Time(s) | Comp% | Comm% |  GFLOP/s | Speedup |  Eff% | Mem(MiB) | NNZ min | NNZ avg | NNZ max
-----------------------------------------------------------------------------------------------
 16 |   0.1950 |  20.5 |  76.8 |     0.000 |    0.05 |   0.33 |     0.11 |    1507 |   1781.7 |    1926

----------------------------------------
np=32, OMP_NUM_THREADS=4
----------------------------------------
[Rank 0] Matrix: 9506 x 9506, nnz=202157 | grid=8x4 | pattern=0 symmetric=1
[Rank 0] Matrix: 9506 x 9506, nnz=202157 | grid=8x4
[Rank 0] Local SpMV time: 0.004029 s
[Rank 8] Local SpMV time: 0.000406 s
[Rank 1] Local SpMV time: 0.000227 s
[Rank 16] Local SpMV time: 0.004041 s
[Rank 2] Local SpMV time: 0.000626 s
[Rank 4] Local SpMV time: 0.004837 s
[Rank 24] Local SpMV time: 0.001317 s
[Rank 12] Local SpMV time: 0.005488 s
[Rank 3] Local SpMV time: 0.000178 s
[Rank 28] Local SpMV time: 0.008042 s
[Rank 17] Local SpMV time: 0.000168 s
[Rank 10] Local SpMV time: 0.000784 s
[Rank 9] Local SpMV time: 0.063952 s
[Rank 18] Local SpMV time: 0.004857 s
[Rank 5] Local SpMV time: 0.063968 s
[Rank 20] Local SpMV time: 0.008884 s
[Rank 13] Local SpMV time: 0.063967 s
[Rank 6] Local SpMV time: 0.005597 s
[Rank 14] Local SpMV time: 0.005927 s
[Rank 19] Local SpMV time: 0.000172 s
[Rank 22] Local SpMV time: 0.004427 s
[Rank 11] Local SpMV time: 0.000175 s
[Rank 7] Local SpMV time: 0.004214 s
[Rank 21] Local SpMV time: 0.005198 s
[Rank 25] Local SpMV time: 0.002233 s
[Rank 26] Local SpMV time: 0.008043 s
[Rank 29] Local SpMV time: 0.000174 s
[Rank 15] Local SpMV time: 0.000204 s
[Rank 23] Local SpMV time: 0.007579 s
[Rank 30] Local SpMV time: 0.005468 s
[Rank 27] Local SpMV time: 0.001597 s
[Rank 31] Local SpMV time: 0.000161 s
Global FLOPs per SpMV: 32558

-----------------------------------------------------------------------------------------------
  P |  Time(s) | Comp% | Comm% |  GFLOP/s | Speedup |  Eff% | Mem(MiB) | NNZ min | NNZ avg | NNZ max
-----------------------------------------------------------------------------------------------
 32 |   0.5187 |  12.3 |  86.2 |     0.000 |    0.02 |   0.06 |     0.06 |     378 |    508.7 |     571

----------------------------------------
np=64, OMP_NUM_THREADS=2
----------------------------------------
[Rank 0] Matrix: 9506 x 9506, nnz=202157 | grid=8x8 | pattern=0 symmetric=1
[Rank 0] Matrix: 9506 x 9506, nnz=202157 | grid=8x8
[Rank 3] Local SpMV time: 0.003864 s
[Rank 1] Local SpMV time: 0.007976 s
[Rank 5] Local SpMV time: 0.000075 s
[Rank 17] Local SpMV time: 0.000081 s
[Rank 0] Local SpMV time: 0.007932 s
[Rank 32] Local SpMV time: 0.007948 s
[Rank 16] Local SpMV time: 0.012107 s
[Rank 33] Local SpMV time: 0.000165 s
[Rank 48] Local SpMV time: 0.011999 s
[Rank 25] Local SpMV time: 0.000150 s
[Rank 9] Local SpMV time: 0.000444 s
[Rank 41] Local SpMV time: 0.004070 s
[Rank 8] Local SpMV time: 0.000211 s
[Rank 19] Local SpMV time: 0.008784 s
[Rank 21] Local SpMV time: 0.000245 s
[Rank 49] Local SpMV time: 0.004462 s
[Rank 40] Local SpMV time: 0.000099 s
[Rank 4] Local SpMV time: 0.000352 s
[Rank 2] Local SpMV time: 0.000653 s
[Rank 13] Local SpMV time: 0.004076 s
[Rank 7] Local SpMV time: 0.001887 s
[Rank 24] Local SpMV time: 0.000094 s
[Rank 57] Local SpMV time: 0.000073 s
[Rank 12] Local SpMV time: 0.004130 s
[Rank 15] Local SpMV time: 0.004066 s
[Rank 27] Local SpMV time: 0.000344 s
[Rank 34] Local SpMV time: 0.007943 s
[Rank 53] Local SpMV time: 0.000070 s
[Rank 35] Local SpMV time: 0.000356 s
[Rank 56] Local SpMV time: 0.008113 s
[Rank 45] Local SpMV time: 0.000641 s
[Rank 10] Local SpMV time: 0.004415 s
[Rank 23] Local SpMV time: 0.000985 s
[Rank 39] Local SpMV time: 0.001290 s
[Rank 6] Local SpMV time: 0.003908 s
[Rank 29] Local SpMV time: 0.001671 s
[Rank 11] Local SpMV time: 0.001958 s
[Rank 18] Local SpMV time: 0.007994 s
[Rank 36] Local SpMV time: 0.008260 s
[Rank 37] Local SpMV time: 0.134917 s
[Rank 43] Local SpMV time: 0.000757 s
[Rank 20] Local SpMV time: 0.000093 s
[Rank 61] Local SpMV time: 0.001040 s
[Rank 42] Local SpMV time: 0.000092 s
[Rank 14] Local SpMV time: 0.000379 s
[Rank 55] Local SpMV time: 0.000150 s
[Rank 51] Local SpMV time: 0.004378 s
[Rank 38] Local SpMV time: 0.000080 s
[Rank 54] Local SpMV time: 0.000074 s
[Rank 59] Local SpMV time: 0.000075 s
[Rank 50] Local SpMV time: 0.000405 s
[Rank 44] Local SpMV time: 0.007879 s
[Rank 47] Local SpMV time: 0.000064 s
[Rank 52] Local SpMV time: 0.003992 s
[Rank 46] Local SpMV time: 0.000262 s
[Rank 26] Local SpMV time: 0.004006 s
[Rank 60] Local SpMV time: 0.007977 s
[Rank 31] Local SpMV time: 0.004035 s
[Rank 22] Local SpMV time: 0.003970 s
[Rank 28] Local SpMV time: 0.000109 s
[Rank 63] Local SpMV time: 0.000134 s
[Rank 62] Local SpMV time: 0.000095 s
[Rank 30] Local SpMV time: 0.008012 s
[Rank 58] Local SpMV time: 0.008003 s
Global FLOPs per SpMV: 20374

-----------------------------------------------------------------------------------------------
  P |  Time(s) | Comp% | Comm% |  GFLOP/s | Speedup |  Eff% | Mem(MiB) | NNZ min | NNZ avg | NNZ max
-----------------------------------------------------------------------------------------------
 64 |   1.4200 |   9.5 |  81.1 |     0.000 |    0.01 |   0.01 |     0.04 |      88 |    159.2 |     189

----------------------------------------
np=128, OMP_NUM_THREADS=1
----------------------------------------
[Rank 0] Matrix: 9506 x 9506, nnz=202157 | grid=16x8 | pattern=0 symmetric=1
[Rank 0] Matrix: 9506 x 9506, nnz=202157 | grid=16x8
[Rank 1] Local SpMV time: 0.000024 s
[Rank 17] Local SpMV time: 0.000017 s
[Rank 5] Local SpMV time: 0.000017 s
[Rank 9] Local SpMV time: 0.000017 s
[Rank 33] Local SpMV time: 0.000015 s
[Rank 25] Local SpMV time: 0.000018 s
[Rank 21] Local SpMV time: 0.000020 s
[Rank 7] Local SpMV time: 0.000017 s
[Rank 13] Local SpMV time: 0.000019 s
[Rank 3] Local SpMV time: 0.000015 s
[Rank 65] Local SpMV time: 0.000014 s
[Rank 11] Local SpMV time: 0.000016 s
[Rank 0] Local SpMV time: 0.000026 s
[Rank 15] Local SpMV time: 0.000015 s
[Rank 29] Local SpMV time: 0.000019 s
[Rank 41] Local SpMV time: 0.000019 s
[Rank 67] Local SpMV time: 0.000018 s
[Rank 81] Local SpMV time: 0.000018 s
[Rank 4] Local SpMV time: 0.000018 s
[Rank 35] Local SpMV time: 0.000017 s
[Rank 49] Local SpMV time: 0.000018 s
[Rank 16] Local SpMV time: 0.000020 s
[Rank 19] Local SpMV time: 0.000020 s
[Rank 97] Local SpMV time: 0.000016 s
[Rank 24] Local SpMV time: 0.000021 s
[Rank 20] Local SpMV time: 0.000018 s
[Rank 23] Local SpMV time: 0.000018 s
[Rank 37] Local SpMV time: 0.000017 s
[Rank 8] Local SpMV time: 0.000021 s
[Rank 113] Local SpMV time: 0.000017 s
[Rank 39] Local SpMV time: 0.000017 s
[Rank 57] Local SpMV time: 0.000019 s
[Rank 45] Local SpMV time: 0.000018 s
[Rank 53] Local SpMV time: 0.000015 s
[Rank 99] Local SpMV time: 0.000014 s
[Rank 31] Local SpMV time: 0.000015 s
[Rank 89] Local SpMV time: 0.000019 s
[Rank 12] Local SpMV time: 0.000036 s
[Rank 83] Local SpMV time: 0.000014 s
[Rank 115] Local SpMV time: 0.000015 s
[Rank 73] Local SpMV time: 0.000014 s
[Rank 64] Local SpMV time: 0.000019 s
[Rank 105] Local SpMV time: 0.000015 s
[Rank 32] Local SpMV time: 0.000019 s
[Rank 69] Local SpMV time: 0.000016 s
[Rank 47] Local SpMV time: 0.000015 s
[Rank 121] Local SpMV time: 0.000018 s
[Rank 107] Local SpMV time: 0.000020 s
[Rank 2] Local SpMV time: 0.000020 s
[Rank 6] Local SpMV time: 0.000018 s
[Rank 91] Local SpMV time: 0.000020 s
[Rank 55] Local SpMV time: 0.000018 s
[Rank 72] Local SpMV time: 0.000018 s
[Rank 34] Local SpMV time: 0.000018 s
[Rank 68] Local SpMV time: 0.000015 s
[Rank 85] Local SpMV time: 0.000019 s
[Rank 27] Local SpMV time: 0.000020 s
[Rank 66] Local SpMV time: 0.000016 s
[Rank 77] Local SpMV time: 0.000019 s
[Rank 40] Local SpMV time: 0.000019 s
[Rank 51] Local SpMV time: 0.000017 s
[Rank 74] Local SpMV time: 0.000019 s
[Rank 36] Local SpMV time: 0.000015 s
[Rank 43] Local SpMV time: 0.000021 s
[Rank 28] Local SpMV time: 0.000017 s
[Rank 75] Local SpMV time: 0.000019 s
[Rank 42] Local SpMV time: 0.000019 s
[Rank 76] Local SpMV time: 0.000016 s
[Rank 14] Local SpMV time: 0.000020 s
[Rank 71] Local SpMV time: 0.000018 s
[Rank 10] Local SpMV time: 0.000016 s
[Rank 123] Local SpMV time: 0.000018 s
[Rank 79] Local SpMV time: 0.000019 s
[Rank 22] Local SpMV time: 0.000024 s
[Rank 61] Local SpMV time: 0.000015 s
[Rank 96] Local SpMV time: 0.000019 s
[Rank 38] Local SpMV time: 0.000019 s
[Rank 80] Local SpMV time: 0.000020 s
[Rank 101] Local SpMV time: 0.000021 s
[Rank 48] Local SpMV time: 0.000017 s
[Rank 112] Local SpMV time: 0.000035 s
[Rank 44] Local SpMV time: 0.000019 s
[Rank 30] Local SpMV time: 0.000015 s
[Rank 18] Local SpMV time: 0.000024 s
[Rank 52] Local SpMV time: 0.000015 s
[Rank 70] Local SpMV time: 0.000020 s
[Rank 88] Local SpMV time: 0.000018 s
[Rank 56] Local SpMV time: 0.000017 s
[Rank 59] Local SpMV time: 0.000021 s
[Rank 104] Local SpMV time: 0.000018 s
[Rank 63] Local SpMV time: 0.000019 s
[Rank 100] Local SpMV time: 0.000017 s
[Rank 109] Local SpMV time: 0.000020 s
[Rank 103] Local SpMV time: 0.000016 s
[Rank 78] Local SpMV time: 0.000032 s
[Rank 117] Local SpMV time: 0.000018 s
[Rank 26] Local SpMV time: 0.000018 s
[Rank 93] Local SpMV time: 0.000017 s
[Rank 84] Local SpMV time: 0.000015 s
[Rank 82] Local SpMV time: 0.000018 s
[Rank 98] Local SpMV time: 0.000016 s
[Rank 87] Local SpMV time: 0.000017 s
[Rank 95] Local SpMV time: 0.000021 s
[Rank 50] Local SpMV time: 0.000020 s
[Rank 58] Local SpMV time: 0.000022 s
[Rank 111] Local SpMV time: 0.000020 s
[Rank 90] Local SpMV time: 0.000019 s
[Rank 92] Local SpMV time: 0.000016 s
[Rank 46] Local SpMV time: 0.000020 s
[Rank 54] Local SpMV time: 0.000020 s
[Rank 116] Local SpMV time: 0.000018 s
[Rank 86] Local SpMV time: 0.000018 s
[Rank 106] Local SpMV time: 0.000019 s
[Rank 108] Local SpMV time: 0.000016 s
[Rank 114] Local SpMV time: 0.000016 s
[Rank 60] Local SpMV time: 0.000016 s
[Rank 120] Local SpMV time: 0.000020 s
[Rank 119] Local SpMV time: 0.000021 s
[Rank 124] Local SpMV time: 0.000021 s
[Rank 102] Local SpMV time: 0.000019 s
[Rank 125] Local SpMV time: 0.000020 s
[Rank 62] Local SpMV time: 0.000015 s
[Rank 118] Local SpMV time: 0.000020 s
[Rank 122] Local SpMV time: 0.000016 s
[Rank 110] Local SpMV time: 0.000019 s
[Rank 126] Local SpMV time: 0.000017 s
[Rank 94] Local SpMV time: 0.000018 s
[Rank 127] Local SpMV time: 0.000017 s
Global FLOPs per SpMV: 14132

-----------------------------------------------------------------------------------------------
  P |  Time(s) | Comp% | Comm% |  GFLOP/s | Speedup |  Eff% | Mem(MiB) | NNZ min | NNZ avg | NNZ max
-----------------------------------------------------------------------------------------------
128 |   3.0780 |   0.0 |  83.4 |     0.000 |    0.00 |   0.00 |     0.02 |      26 |     55.2 |      69

