Strong scaling results for tols2000.mtx
Date: Fri Jan  2 15:53:50 CET 2026
----------------------------------------

[Rank 0] Matrix: 2000 x 2000, nnz=5184 | grid=1x1 | pattern=0 symmetric=0
[Rank 0] Matrix: 2000 x 2000, nnz=5184 | grid=1x1
[Rank 0] Local SpMV time: 0.016970 s
Global FLOPs per SpMV: 10368

-----------------------------------------------------------------------------------------------
  P |  Time(s) | Comp% | Comm% |  GFLOP/s | Speedup |  Eff% | Mem(MiB) | NNZ min | NNZ avg | NNZ max
-----------------------------------------------------------------------------------------------
  1 |   0.0171 |  99.5 |   0.2 |     0.001 |    N/A   |   N/A  |     0.19 |    5184 |   5184.0 |    5184
BASELINE_T1=0.0171

----------------------------------------
np=2, OMP_NUM_THREADS=64
----------------------------------------
[Rank 0] Matrix: 2000 x 2000, nnz=5184 | grid=2x1 | pattern=0 symmetric=0
[Rank 0] Matrix: 2000 x 2000, nnz=5184 | grid=2x1
[Rank 0] Local SpMV time: 0.011390 s
Global FLOPs per SpMV: 7456
[Rank 1] Local SpMV time: 0.002151 s

-----------------------------------------------------------------------------------------------
  P |  Time(s) | Comp% | Comm% |  GFLOP/s | Speedup |  Eff% | Mem(MiB) | NNZ min | NNZ avg | NNZ max
-----------------------------------------------------------------------------------------------
  2 |   0.0115 |  99.0 |   3.2 |     0.001 |    1.49 |  74.32 |     0.10 |    1136 |   1864.0 |    2592

----------------------------------------
np=4, OMP_NUM_THREADS=32
----------------------------------------
[Rank 0] Matrix: 2000 x 2000, nnz=5184 | grid=2x2 | pattern=0 symmetric=0
[Rank 0] Matrix: 2000 x 2000, nnz=5184 | grid=2x2
[Rank 1] Local SpMV time: 0.000671 s
[Rank 0] Local SpMV time: 0.004286 s
[Rank 3] Local SpMV time: 0.001445 s
[Rank 2] Local SpMV time: 0.013364 s
Global FLOPs per SpMV: 6296

-----------------------------------------------------------------------------------------------
  P |  Time(s) | Comp% | Comm% |  GFLOP/s | Speedup |  Eff% | Mem(MiB) | NNZ min | NNZ avg | NNZ max
-----------------------------------------------------------------------------------------------
  4 |   0.0650 |  20.6 |  40.0 |     0.000 |    0.26 |   6.58 |     0.09 |     243 |    787.0 |    2187

----------------------------------------
np=8, OMP_NUM_THREADS=16
----------------------------------------
[Rank 0] Matrix: 2000 x 2000, nnz=5184 | grid=4x2 | pattern=0 symmetric=0
[Rank 0] Matrix: 2000 x 2000, nnz=5184 | grid=4x2
[Rank 1] Local SpMV time: 0.000371 s
[Rank 0] Local SpMV time: 0.001589 s
[Rank 5] Local SpMV time: 0.000370 s
[Rank 4] Local SpMV time: 0.001679 s
[Rank 3] Local SpMV time: 0.000322 s
[Rank 2] Local SpMV time: 0.001647 s
[Rank 6] Local SpMV time: 0.008224 s
[Rank 7] Local SpMV time: 0.000389 s
Global FLOPs per SpMV: 5336

-----------------------------------------------------------------------------------------------
  P |  Time(s) | Comp% | Comm% |  GFLOP/s | Speedup |  Eff% | Mem(MiB) | NNZ min | NNZ avg | NNZ max
-----------------------------------------------------------------------------------------------
  8 |   0.0840 |   9.8 |  33.4 |     0.000 |    0.20 |   2.54 |     0.04 |      36 |    333.5 |    1029

----------------------------------------
np=16, OMP_NUM_THREADS=8
----------------------------------------
[Rank 0] Matrix: 2000 x 2000, nnz=5184 | grid=4x4 | pattern=0 symmetric=0
[Rank 0] Matrix: 2000 x 2000, nnz=5184 | grid=4x4
[Rank 1] Local SpMV time: 0.000216 s
[Rank 0] Local SpMV time: 0.004140 s
[Rank 4] Local SpMV time: 0.000652 s
[Rank 2] Local SpMV time: 0.000461 s
[Rank 8] Local SpMV time: 0.004703 s
[Rank 9] Local SpMV time: 0.031998 s
[Rank 12] Local SpMV time: 0.004000 s
[Rank 15] Local SpMV time: 0.003906 s
[Rank 13] Local SpMV time: 0.032000 s
[Rank 10] Local SpMV time: 0.000315 s
[Rank 3] Local SpMV time: 0.031977 s
[Rank 14] Local SpMV time: 0.000560 s
[Rank 11] Local SpMV time: 0.032001 s
[Rank 6] Local SpMV time: 0.004820 s
[Rank 5] Local SpMV time: 0.032000 s
[Rank 7] Local SpMV time: 0.032003 s
Global FLOPs per SpMV: 5204

-----------------------------------------------------------------------------------------------
  P |  Time(s) | Comp% | Comm% |  GFLOP/s | Speedup |  Eff% | Mem(MiB) | NNZ min | NNZ avg | NNZ max
-----------------------------------------------------------------------------------------------
 16 |   0.1910 |  16.8 |  66.2 |     0.000 |    0.09 |   0.56 |     0.04 |       8 |    162.6 |     902

----------------------------------------
np=32, OMP_NUM_THREADS=4
----------------------------------------
[Rank 0] Matrix: 2000 x 2000, nnz=5184 | grid=8x4 | pattern=0 symmetric=0
[Rank 0] Matrix: 2000 x 2000, nnz=5184 | grid=8x4
[Rank 2] Local SpMV time: 0.007766 s
[Rank 0] Local SpMV time: 0.012345 s
[Rank 16] Local SpMV time: 0.005187 s
[Rank 1] Local SpMV time: 0.000177 s
[Rank 28] Local SpMV time: 0.000962 s
[Rank 18] Local SpMV time: 0.002701 s
[Rank 9] Local SpMV time: 0.003768 s
[Rank 20] Local SpMV time: 0.003409 s
[Rank 8] Local SpMV time: 0.002974 s
[Rank 6] Local SpMV time: 0.003409 s
[Rank 5] Local SpMV time: 0.012150 s
[Rank 3] Local SpMV time: 0.063987 s
[Rank 24] Local SpMV time: 0.074983 s
[Rank 21] Local SpMV time: 0.002207 s
[Rank 10] Local SpMV time: 0.002915 s
[Rank 13] Local SpMV time: 0.007161 s
[Rank 14] Local SpMV time: 0.004202 s
[Rank 4] Local SpMV time: 0.066988 s
[Rank 12] Local SpMV time: 0.063976 s
[Rank 17] Local SpMV time: 0.055990 s
[Rank 26] Local SpMV time: 0.063972 s
[Rank 22] Local SpMV time: 0.067992 s
[Rank 11] Local SpMV time: 0.064050 s
[Rank 30] Local SpMV time: 0.079892 s
[Rank 29] Local SpMV time: 0.000169 s
[Rank 27] Local SpMV time: 0.066777 s
[Rank 25] Local SpMV time: 0.070901 s
[Rank 19] Local SpMV time: 0.074996 s
[Rank 7] Local SpMV time: 0.083001 s
[Rank 23] Local SpMV time: 0.067045 s
[Rank 15] Local SpMV time: 0.063001 s
[Rank 31] Local SpMV time: 0.004138 s
Global FLOPs per SpMV: 4918

-----------------------------------------------------------------------------------------------
  P |  Time(s) | Comp% | Comm% |  GFLOP/s | Speedup |  Eff% | Mem(MiB) | NNZ min | NNZ avg | NNZ max
-----------------------------------------------------------------------------------------------
 32 |   0.4860 |  17.1 |  78.8 |     0.000 |    0.04 |   0.11 |     0.02 |       0 |     76.8 |     452

----------------------------------------
np=64, OMP_NUM_THREADS=2
----------------------------------------
[Rank 0] Matrix: 2000 x 2000, nnz=5184 | grid=8x8 | pattern=0 symmetric=0
[Rank 0] Matrix: 2000 x 2000, nnz=5184 | grid=8x8
[Rank 1] Local SpMV time: 0.000098 s
[Rank 5] Local SpMV time: 0.000078 s
[Rank 3] Local SpMV time: 0.000136 s
[Rank 7] Local SpMV time: 0.004361 s
[Rank 0] Local SpMV time: 0.000106 s
[Rank 16] Local SpMV time: 0.004019 s
[Rank 4] Local SpMV time: 0.000317 s
[Rank 33] Local SpMV time: 0.000069 s
[Rank 9] Local SpMV time: 0.000359 s
[Rank 2] Local SpMV time: 0.000153 s
[Rank 13] Local SpMV time: 0.008017 s
[Rank 17] Local SpMV time: 0.000133 s
[Rank 6] Local SpMV time: 0.007980 s
[Rank 8] Local SpMV time: 0.003986 s
[Rank 32] Local SpMV time: 0.008295 s
[Rank 40] Local SpMV time: 0.000839 s
[Rank 11] Local SpMV time: 0.000101 s
[Rank 18] Local SpMV time: 0.001258 s
[Rank 24] Local SpMV time: 0.000085 s
[Rank 41] Local SpMV time: 0.004070 s
[Rank 12] Local SpMV time: 0.003997 s
[Rank 35] Local SpMV time: 0.004053 s
[Rank 10] Local SpMV time: 0.004077 s
[Rank 21] Local SpMV time: 0.000121 s
[Rank 23] Local SpMV time: 0.004483 s
[Rank 20] Local SpMV time: 0.003988 s
[Rank 15] Local SpMV time: 0.000136 s
[Rank 34] Local SpMV time: 0.000154 s
[Rank 49] Local SpMV time: 0.005132 s
[Rank 37] Local SpMV time: 0.000090 s
[Rank 48] Local SpMV time: 0.004048 s
[Rank 14] Local SpMV time: 0.001449 s
[Rank 43] Local SpMV time: 0.000122 s
[Rank 26] Local SpMV time: 0.001825 s
[Rank 25] Local SpMV time: 0.004358 s
[Rank 36] Local SpMV time: 0.008061 s
[Rank 19] Local SpMV time: 0.008011 s
[Rank 28] Local SpMV time: 0.000421 s
[Rank 44] Local SpMV time: 0.004099 s
[Rank 29] Local SpMV time: 0.000084 s
[Rank 22] Local SpMV time: 0.007994 s
[Rank 45] Local SpMV time: 0.000066 s
[Rank 30] Local SpMV time: 0.003978 s
[Rank 53] Local SpMV time: 0.000054 s
[Rank 56] Local SpMV time: 0.000305 s
[Rank 42] Local SpMV time: 0.000620 s
[Rank 39] Local SpMV time: 0.001544 s
[Rank 51] Local SpMV time: 0.000063 s
[Rank 50] Local SpMV time: 0.003997 s
[Rank 58] Local SpMV time: 0.004058 s
[Rank 52] Local SpMV time: 0.000167 s
[Rank 57] Local SpMV time: 0.000117 s
[Rank 31] Local SpMV time: 0.005964 s
[Rank 61] Local SpMV time: 0.004006 s
[Rank 27] Local SpMV time: 0.024019 s
[Rank 38] Local SpMV time: 0.000209 s
[Rank 60] Local SpMV time: 0.004392 s
[Rank 55] Local SpMV time: 0.000099 s
[Rank 47] Local SpMV time: 0.001786 s
[Rank 59] Local SpMV time: 0.000115 s
[Rank 46] Local SpMV time: 0.004009 s
[Rank 54] Local SpMV time: 0.000152 s
[Rank 63] Local SpMV time: 0.004024 s
[Rank 62] Local SpMV time: 0.004078 s
Global FLOPs per SpMV: 4886

-----------------------------------------------------------------------------------------------
  P |  Time(s) | Comp% | Comm% |  GFLOP/s | Speedup |  Eff% | Mem(MiB) | NNZ min | NNZ avg | NNZ max
-----------------------------------------------------------------------------------------------
 64 |   0.9039 |   2.7 |  70.9 |     0.000 |    0.02 |   0.03 |     0.02 |       0 |     38.2 |     419

----------------------------------------
np=128, OMP_NUM_THREADS=1
----------------------------------------
[Rank 0] Matrix: 2000 x 2000, nnz=5184 | grid=16x8 | pattern=0 symmetric=0
[Rank 0] Matrix: 2000 x 2000, nnz=5184 | grid=16x8
[Rank 1] Local SpMV time: 0.000030 s
[Rank 5] Local SpMV time: 0.000013 s
[Rank 9] Local SpMV time: 0.000018 s
[Rank 65] Local SpMV time: 0.000016 s
[Rank 7] Local SpMV time: 0.000015 s
[Rank 17] Local SpMV time: 0.000017 s
[Rank 69] Local SpMV time: 0.000019 s
[Rank 0] Local SpMV time: 0.000030 s
[Rank 13] Local SpMV time: 0.000019 s
[Rank 3] Local SpMV time: 0.000015 s
[Rank 32] Local SpMV time: 0.000024 s
[Rank 33] Local SpMV time: 0.000015 s
[Rank 37] Local SpMV time: 0.000018 s
[Rank 16] Local SpMV time: 0.000021 s
[Rank 19] Local SpMV time: 0.000019 s
[Rank 73] Local SpMV time: 0.000018 s
[Rank 97] Local SpMV time: 0.000013 s
[Rank 41] Local SpMV time: 0.000017 s
[Rank 49] Local SpMV time: 0.000016 s
[Rank 64] Local SpMV time: 0.000019 s
[Rank 35] Local SpMV time: 0.000014 s
[Rank 43] Local SpMV time: 0.000014 s
[Rank 71] Local SpMV time: 0.000016 s
[Rank 21] Local SpMV time: 0.000018 s
[Rank 25] Local SpMV time: 0.000018 s
[Rank 96] Local SpMV time: 0.000016 s
[Rank 67] Local SpMV time: 0.000013 s
[Rank 40] Local SpMV time: 0.000015 s
[Rank 81] Local SpMV time: 0.000013 s
[Rank 39] Local SpMV time: 0.000013 s
[Rank 15] Local SpMV time: 0.000016 s
[Rank 4] Local SpMV time: 0.000013 s
[Rank 53] Local SpMV time: 0.000014 s
[Rank 6] Local SpMV time: 0.000014 s
[Rank 105] Local SpMV time: 0.000012 s
[Rank 55] Local SpMV time: 0.000013 s
[Rank 51] Local SpMV time: 0.000016 s
[Rank 24] Local SpMV time: 0.000019 s
[Rank 57] Local SpMV time: 0.000016 s
[Rank 80] Local SpMV time: 0.000014 s
[Rank 2] Local SpMV time: 0.000016 s
[Rank 59] Local SpMV time: 0.000019 s
[Rank 11] Local SpMV time: 0.000022 s
[Rank 113] Local SpMV time: 0.000012 s
[Rank 101] Local SpMV time: 0.000016 s
[Rank 8] Local SpMV time: 0.000020 s
[Rank 27] Local SpMV time: 0.000019 s
[Rank 68] Local SpMV time: 0.000018 s
[Rank 18] Local SpMV time: 0.000015 s
[Rank 29] Local SpMV time: 0.000018 s
[Rank 70] Local SpMV time: 0.000017 s
[Rank 103] Local SpMV time: 0.000013 s
[Rank 48] Local SpMV time: 0.000020 s
[Rank 104] Local SpMV time: 0.000018 s
[Rank 121] Local SpMV time: 0.000017 s
[Rank 72] Local SpMV time: 0.000018 s
[Rank 61] Local SpMV time: 0.000017 s
[Rank 10] Local SpMV time: 0.000018 s
[Rank 85] Local SpMV time: 0.000014 s
[Rank 109] Local SpMV time: 0.000014 s
[Rank 112] Local SpMV time: 0.000019 s
[Rank 89] Local SpMV time: 0.000017 s
[Rank 36] Local SpMV time: 0.000028 s
[Rank 23] Local SpMV time: 0.000018 s
[Rank 20] Local SpMV time: 0.000020 s
[Rank 38] Local SpMV time: 0.000019 s
[Rank 99] Local SpMV time: 0.000017 s
[Rank 111] Local SpMV time: 0.000018 s
[Rank 56] Local SpMV time: 0.000013 s
[Rank 45] Local SpMV time: 0.000020 s
[Rank 34] Local SpMV time: 0.000026 s
[Rank 77] Local SpMV time: 0.000019 s
[Rank 75] Local SpMV time: 0.000019 s
[Rank 12] Local SpMV time: 0.000020 s
[Rank 107] Local SpMV time: 0.000017 s
[Rank 44] Local SpMV time: 0.000021 s
[Rank 76] Local SpMV time: 0.000018 s
[Rank 26] Local SpMV time: 0.000015 s
[Rank 46] Local SpMV time: 0.000016 s
[Rank 88] Local SpMV time: 0.000015 s
[Rank 100] Local SpMV time: 0.000020 s
[Rank 117] Local SpMV time: 0.000017 s
[Rank 50] Local SpMV time: 0.000015 s
[Rank 14] Local SpMV time: 0.000018 s
[Rank 83] Local SpMV time: 0.000013 s
[Rank 116] Local SpMV time: 0.000022 s
[Rank 42] Local SpMV time: 0.000026 s
[Rank 66] Local SpMV time: 0.000019 s
[Rank 78] Local SpMV time: 0.000018 s
[Rank 87] Local SpMV time: 0.000019 s
[Rank 54] Local SpMV time: 0.000016 s
[Rank 84] Local SpMV time: 0.000027 s
[Rank 22] Local SpMV time: 0.000019 s
[Rank 58] Local SpMV time: 0.000020 s
[Rank 31] Local SpMV time: 0.000017 s
[Rank 62] Local SpMV time: 0.000018 s
[Rank 125] Local SpMV time: 0.000014 s
[Rank 86] Local SpMV time: 0.000024 s
[Rank 91] Local SpMV time: 0.000019 s
[Rank 120] Local SpMV time: 0.000016 s
[Rank 115] Local SpMV time: 0.000015 s
[Rank 119] Local SpMV time: 0.000018 s
[Rank 63] Local SpMV time: 0.000013 s
[Rank 28] Local SpMV time: 0.000026 s
[Rank 102] Local SpMV time: 0.000025 s
[Rank 79] Local SpMV time: 0.000018 s
[Rank 93] Local SpMV time: 0.000017 s
[Rank 52] Local SpMV time: 0.000025 s
[Rank 94] Local SpMV time: 0.000020 s
[Rank 95] Local SpMV time: 0.000018 s
[Rank 47] Local SpMV time: 0.000013 s
[Rank 98] Local SpMV time: 0.000022 s
[Rank 108] Local SpMV time: 0.000028 s
[Rank 124] Local SpMV time: 0.000019 s
[Rank 110] Local SpMV time: 0.000023 s
[Rank 127] Local SpMV time: 0.000015 s
[Rank 92] Local SpMV time: 0.000021 s
[Rank 118] Local SpMV time: 0.000018 s
[Rank 74] Local SpMV time: 0.000024 s
[Rank 114] Local SpMV time: 0.000026 s
[Rank 82] Local SpMV time: 0.000025 s
[Rank 30] Local SpMV time: 0.000028 s
[Rank 90] Local SpMV time: 0.000026 s
[Rank 123] Local SpMV time: 0.000021 s
[Rank 60] Local SpMV time: 0.000026 s
[Rank 122] Local SpMV time: 0.000028 s
[Rank 106] Local SpMV time: 0.000027 s
[Rank 126] Local SpMV time: 0.000021 s
Global FLOPs per SpMV: 4864

-----------------------------------------------------------------------------------------------
  P |  Time(s) | Comp% | Comm% |  GFLOP/s | Speedup |  Eff% | Mem(MiB) | NNZ min | NNZ avg | NNZ max
-----------------------------------------------------------------------------------------------
128 |   1.8010 |   0.0 |  71.1 |     0.000 |    0.01 |   0.01 |     0.01 |       0 |     19.0 |     217

