Strong scaling results for Trefethen_2000.mtx
Date: Fri Jan  2 15:56:50 CET 2026
----------------------------------------

[Rank 0] Matrix: 2000 x 2000, nnz=21953 | grid=1x1 | pattern=0 symmetric=1
[Rank 0] Matrix: 2000 x 2000, nnz=21953 | grid=1x1
[Rank 0] Local SpMV time: 0.009739 s
Global FLOPs per SpMV: 83812

-----------------------------------------------------------------------------------------------
  P |  Time(s) | Comp% | Comm% |  GFLOP/s | Speedup |  Eff% | Mem(MiB) | NNZ min | NNZ avg | NNZ max
-----------------------------------------------------------------------------------------------
  1 |   0.0098 |  99.2 |   0.2 |     0.009 |    N/A   |   N/A  |     1.17 |   41906 |  41906.0 |   41906
BASELINE_T1=0.0098

----------------------------------------
np=2, OMP_NUM_THREADS=64
----------------------------------------
[Rank 0] Matrix: 2000 x 2000, nnz=21953 | grid=2x1 | pattern=0 symmetric=1
[Rank 0] Matrix: 2000 x 2000, nnz=21953 | grid=2x1
[Rank 1] Local SpMV time: 0.001329 s
[Rank 0] Local SpMV time: 0.010759 s
Global FLOPs per SpMV: 52088

-----------------------------------------------------------------------------------------------
  P |  Time(s) | Comp% | Comm% |  GFLOP/s | Speedup |  Eff% | Mem(MiB) | NNZ min | NNZ avg | NNZ max
-----------------------------------------------------------------------------------------------
  2 |   0.0109 |  98.8 |   2.9 |     0.005 |    0.90 |  45.01 |     0.48 |    9449 |  13022.0 |   16595

----------------------------------------
np=4, OMP_NUM_THREADS=32
----------------------------------------
[Rank 0] Matrix: 2000 x 2000, nnz=21953 | grid=2x2 | pattern=0 symmetric=1
[Rank 0] Matrix: 2000 x 2000, nnz=21953 | grid=2x2
[Rank 1] Local SpMV time: 0.000980 s
[Rank 0] Local SpMV time: 0.010952 s
[Rank 3] Local SpMV time: 0.013958 s
[Rank 2] Local SpMV time: 0.018634 s
Global FLOPs per SpMV: 33816

-----------------------------------------------------------------------------------------------
  P |  Time(s) | Comp% | Comm% |  GFLOP/s | Speedup |  Eff% | Mem(MiB) | NNZ min | NNZ avg | NNZ max
-----------------------------------------------------------------------------------------------
  4 |   0.0392 |  47.5 |   7.2 |     0.001 |    0.25 |   6.25 |     0.32 |     973 |   4227.0 |   10799

----------------------------------------
np=8, OMP_NUM_THREADS=16
----------------------------------------
[Rank 0] Matrix: 2000 x 2000, nnz=21953 | grid=4x2 | pattern=0 symmetric=1
[Rank 0] Matrix: 2000 x 2000, nnz=21953 | grid=4x2
[Rank 1] Local SpMV time: 0.000953 s
[Rank 5] Local SpMV time: 0.009199 s
[Rank 0] Local SpMV time: 0.010947 s
[Rank 3] Local SpMV time: 0.014990 s
[Rank 4] Local SpMV time: 0.003046 s
[Rank 2] Local SpMV time: 0.008250 s
[Rank 7] Local SpMV time: 0.010968 s
[Rank 6] Local SpMV time: 0.001726 s
Global FLOPs per SpMV: 27006

-----------------------------------------------------------------------------------------------
  P |  Time(s) | Comp% | Comm% |  GFLOP/s | Speedup |  Eff% | Mem(MiB) | NNZ min | NNZ avg | NNZ max
-----------------------------------------------------------------------------------------------
  8 |   0.0950 |  15.8 |  29.5 |     0.000 |    0.10 |   1.29 |     0.13 |     271 |   1687.9 |    4158

----------------------------------------
np=16, OMP_NUM_THREADS=8
----------------------------------------
[Rank 0] Matrix: 2000 x 2000, nnz=21953 | grid=4x4 | pattern=0 symmetric=1
[Rank 0] Matrix: 2000 x 2000, nnz=21953 | grid=4x4
[Rank 9] Local SpMV time: 0.000252 s
[Rank 0] Local SpMV time: 0.000715 s
[Rank 2] Local SpMV time: 0.001531 s
[Rank 4] Local SpMV time: 0.006100 s
[Rank 6] Local SpMV time: 0.011473 s
[Rank 1] Local SpMV time: 0.031494 s
[Rank 13] Local SpMV time: 0.034999 s
[Rank 5] Local SpMV time: 0.035088 s
[Rank 8] Local SpMV time: 0.031968 s
[Rank 12] Local SpMV time: 0.035835 s
[Rank 3] Local SpMV time: 0.031077 s
[Rank 10] Local SpMV time: 0.031975 s
[Rank 7] Local SpMV time: 0.036005 s
[Rank 14] Local SpMV time: 0.032036 s
[Rank 11] Local SpMV time: 0.040005 s
[Rank 15] Local SpMV time: 0.032007 s
Global FLOPs per SpMV: 22382

-----------------------------------------------------------------------------------------------
  P |  Time(s) | Comp% | Comm% |  GFLOP/s | Speedup |  Eff% | Mem(MiB) | NNZ min | NNZ avg | NNZ max
-----------------------------------------------------------------------------------------------
 16 |   0.2240 |  17.9 |  85.0 |     0.000 |    0.04 |   0.27 |     0.10 |      74 |    699.4 |    3184

----------------------------------------
np=32, OMP_NUM_THREADS=4
----------------------------------------
[Rank 0] Matrix: 2000 x 2000, nnz=21953 | grid=8x4 | pattern=0 symmetric=1
[Rank 0] Matrix: 2000 x 2000, nnz=21953 | grid=8x4
[Rank 1] Local SpMV time: 0.000187 s
[Rank 3] Local SpMV time: 0.001597 s
[Rank 0] Local SpMV time: 0.000280 s
[Rank 17] Local SpMV time: 0.002052 s
[Rank 8] Local SpMV time: 0.007933 s
[Rank 9] Local SpMV time: 0.006296 s
[Rank 19] Local SpMV time: 0.002634 s
[Rank 25] Local SpMV time: 0.002926 s
[Rank 27] Local SpMV time: 0.003229 s
[Rank 12] Local SpMV time: 0.000169 s
[Rank 13] Local SpMV time: 0.007493 s
[Rank 4] Local SpMV time: 0.000483 s
[Rank 29] Local SpMV time: 0.000166 s
[Rank 16] Local SpMV time: 0.000152 s
[Rank 31] Local SpMV time: 0.000171 s
[Rank 21] Local SpMV time: 0.004143 s
[Rank 5] Local SpMV time: 0.067928 s
[Rank 2] Local SpMV time: 0.000146 s
[Rank 7] Local SpMV time: 0.064000 s
[Rank 11] Local SpMV time: 0.000994 s
[Rank 20] Local SpMV time: 0.004079 s
[Rank 10] Local SpMV time: 0.000272 s
[Rank 24] Local SpMV time: 0.004479 s
[Rank 23] Local SpMV time: 0.004030 s
[Rank 6] Local SpMV time: 0.000151 s
[Rank 15] Local SpMV time: 0.011838 s
[Rank 18] Local SpMV time: 0.000166 s
[Rank 28] Local SpMV time: 0.000175 s
[Rank 14] Local SpMV time: 0.000165 s
[Rank 22] Local SpMV time: 0.000154 s
[Rank 26] Local SpMV time: 0.000161 s
[Rank 30] Local SpMV time: 0.000598 s
Global FLOPs per SpMV: 20794

-----------------------------------------------------------------------------------------------
  P |  Time(s) | Comp% | Comm% |  GFLOP/s | Speedup |  Eff% | Mem(MiB) | NNZ min | NNZ avg | NNZ max
-----------------------------------------------------------------------------------------------
 32 |   0.2599 |  26.1 |  49.3 |     0.000 |    0.04 |   0.12 |     0.05 |      21 |    324.9 |    1444

----------------------------------------
np=64, OMP_NUM_THREADS=2
----------------------------------------
[Rank 0] Matrix: 2000 x 2000, nnz=21953 | grid=8x8 | pattern=0 symmetric=1
[Rank 0] Matrix: 2000 x 2000, nnz=21953 | grid=8x8
[Rank 1] Local SpMV time: 0.003989 s
[Rank 5] Local SpMV time: 0.003860 s
[Rank 9] Local SpMV time: 0.002505 s
[Rank 3] Local SpMV time: 0.007309 s
[Rank 33] Local SpMV time: 0.004005 s
[Rank 41] Local SpMV time: 0.003078 s
[Rank 11] Local SpMV time: 0.000115 s
[Rank 37] Local SpMV time: 0.000136 s
[Rank 45] Local SpMV time: 0.004360 s
[Rank 35] Local SpMV time: 0.000063 s
[Rank 13] Local SpMV time: 0.000363 s
[Rank 18] Local SpMV time: 0.005231 s
[Rank 7] Local SpMV time: 0.004596 s
[Rank 10] Local SpMV time: 0.001625 s
[Rank 24] Local SpMV time: 0.011918 s
[Rank 17] Local SpMV time: 0.004137 s
[Rank 34] Local SpMV time: 0.000366 s
[Rank 12] Local SpMV time: 0.000161 s
[Rank 25] Local SpMV time: 0.002050 s
[Rank 6] Local SpMV time: 0.004165 s
[Rank 0] Local SpMV time: 0.119933 s
[Rank 40] Local SpMV time: 0.012311 s
[Rank 57] Local SpMV time: 0.000086 s
[Rank 42] Local SpMV time: 0.012685 s
[Rank 48] Local SpMV time: 0.000971 s
[Rank 8] Local SpMV time: 0.131965 s
[Rank 2] Local SpMV time: 0.127964 s
[Rank 20] Local SpMV time: 0.000622 s
[Rank 43] Local SpMV time: 0.000139 s
[Rank 28] Local SpMV time: 0.004039 s
[Rank 16] Local SpMV time: 0.127972 s
[Rank 47] Local SpMV time: 0.004070 s
[Rank 4] Local SpMV time: 0.123968 s
[Rank 36] Local SpMV time: 0.000981 s
[Rank 51] Local SpMV time: 0.004015 s
[Rank 26] Local SpMV time: 0.001316 s
[Rank 32] Local SpMV time: 0.132060 s
[Rank 53] Local SpMV time: 0.000080 s
[Rank 50] Local SpMV time: 0.005913 s
[Rank 49] Local SpMV time: 0.098084 s
[Rank 22] Local SpMV time: 0.007979 s
[Rank 56] Local SpMV time: 0.012140 s
[Rank 14] Local SpMV time: 0.003999 s
[Rank 15] Local SpMV time: 0.131930 s
[Rank 30] Local SpMV time: 0.000321 s
[Rank 38] Local SpMV time: 0.000185 s
[Rank 23] Local SpMV time: 0.000083 s
[Rank 44] Local SpMV time: 0.004379 s
[Rank 58] Local SpMV time: 0.004038 s
[Rank 61] Local SpMV time: 0.004083 s
[Rank 19] Local SpMV time: 0.125043 s
[Rank 54] Local SpMV time: 0.000097 s
[Rank 27] Local SpMV time: 0.128932 s
[Rank 39] Local SpMV time: 0.128030 s
[Rank 52] Local SpMV time: 0.000078 s
[Rank 31] Local SpMV time: 0.004088 s
[Rank 62] Local SpMV time: 0.000097 s
[Rank 55] Local SpMV time: 0.132993 s
[Rank 21] Local SpMV time: 0.136947 s
[Rank 59] Local SpMV time: 0.129997 s
[Rank 46] Local SpMV time: 0.000095 s
[Rank 63] Local SpMV time: 0.001578 s
[Rank 60] Local SpMV time: 0.000078 s
[Rank 29] Local SpMV time: 0.131004 s
Global FLOPs per SpMV: 19614

-----------------------------------------------------------------------------------------------
  P |  Time(s) | Comp% | Comm% |  GFLOP/s | Speedup |  Eff% | Mem(MiB) | NNZ min | NNZ avg | NNZ max
-----------------------------------------------------------------------------------------------
 64 |   0.7780 |  17.6 |  66.1 |     0.000 |    0.01 |   0.02 |     0.04 |       0 |    153.2 |    1227

----------------------------------------
np=128, OMP_NUM_THREADS=1
----------------------------------------
[Rank 0] Matrix: 2000 x 2000, nnz=21953 | grid=16x8 | pattern=0 symmetric=1
[Rank 0] Matrix: 2000 x 2000, nnz=21953 | grid=16x8
[Rank 0] Local SpMV time: 0.000032 s
[Rank 32] Local SpMV time: 0.000020 s
[Rank 48] Local SpMV time: 0.000021 s
[Rank 4] Local SpMV time: 0.000016 s
[Rank 36] Local SpMV time: 0.000023 s
[Rank 40] Local SpMV time: 0.000017 s
[Rank 2] Local SpMV time: 0.000015 s
[Rank 64] Local SpMV time: 0.000022 s
[Rank 8] Local SpMV time: 0.000016 s
[Rank 56] Local SpMV time: 0.000017 s
[Rank 6] Local SpMV time: 0.000016 s
[Rank 16] Local SpMV time: 0.000017 s
[Rank 96] Local SpMV time: 0.000019 s
[Rank 104] Local SpMV time: 0.000016 s
[Rank 18] Local SpMV time: 0.000025 s
[Rank 34] Local SpMV time: 0.000019 s
[Rank 80] Local SpMV time: 0.000018 s
[Rank 68] Local SpMV time: 0.000018 s
[Rank 66] Local SpMV time: 0.000017 s
[Rank 24] Local SpMV time: 0.000015 s
[Rank 42] Local SpMV time: 0.000021 s
[Rank 10] Local SpMV time: 0.000020 s
[Rank 1] Local SpMV time: 0.000024 s
[Rank 38] Local SpMV time: 0.000018 s
[Rank 70] Local SpMV time: 0.000018 s
[Rank 52] Local SpMV time: 0.000018 s
[Rank 26] Local SpMV time: 0.000016 s
[Rank 82] Local SpMV time: 0.000019 s
[Rank 65] Local SpMV time: 0.000012 s
[Rank 44] Local SpMV time: 0.000019 s
[Rank 73] Local SpMV time: 0.000017 s
[Rank 12] Local SpMV time: 0.000018 s
[Rank 5] Local SpMV time: 0.000014 s
[Rank 46] Local SpMV time: 0.000019 s
[Rank 7] Local SpMV time: 0.000015 s
[Rank 3] Local SpMV time: 0.000014 s
[Rank 54] Local SpMV time: 0.000024 s
[Rank 112] Local SpMV time: 0.000018 s
[Rank 72] Local SpMV time: 0.000018 s
[Rank 20] Local SpMV time: 0.000019 s
[Rank 98] Local SpMV time: 0.000017 s
[Rank 69] Local SpMV time: 0.000012 s
[Rank 14] Local SpMV time: 0.000018 s
[Rank 50] Local SpMV time: 0.000017 s
[Rank 120] Local SpMV time: 0.000015 s
[Rank 100] Local SpMV time: 0.000024 s
[Rank 60] Local SpMV time: 0.000023 s
[Rank 97] Local SpMV time: 0.000015 s
[Rank 22] Local SpMV time: 0.000021 s
[Rank 84] Local SpMV time: 0.000021 s
[Rank 88] Local SpMV time: 0.000015 s
[Rank 67] Local SpMV time: 0.000015 s
[Rank 105] Local SpMV time: 0.000012 s
[Rank 30] Local SpMV time: 0.000020 s
[Rank 108] Local SpMV time: 0.000022 s
[Rank 81] Local SpMV time: 0.000014 s
[Rank 9] Local SpMV time: 0.000017 s
[Rank 17] Local SpMV time: 0.000012 s
[Rank 71] Local SpMV time: 0.000014 s
[Rank 86] Local SpMV time: 0.000021 s
[Rank 77] Local SpMV time: 0.000016 s
[Rank 114] Local SpMV time: 0.000019 s
[Rank 33] Local SpMV time: 0.000011 s
[Rank 90] Local SpMV time: 0.000019 s
[Rank 19] Local SpMV time: 0.000016 s
[Rank 58] Local SpMV time: 0.000025 s
[Rank 79] Local SpMV time: 0.000015 s
[Rank 106] Local SpMV time: 0.000023 s
[Rank 122] Local SpMV time: 0.000020 s
[Rank 35] Local SpMV time: 0.000015 s
[Rank 62] Local SpMV time: 0.000028 s
[Rank 83] Local SpMV time: 0.000015 s
[Rank 102] Local SpMV time: 0.000017 s
[Rank 76] Local SpMV time: 0.000018 s
[Rank 101] Local SpMV time: 0.000016 s
[Rank 28] Local SpMV time: 0.000023 s
[Rank 113] Local SpMV time: 0.000015 s
[Rank 116] Local SpMV time: 0.000018 s
[Rank 74] Local SpMV time: 0.000020 s
[Rank 25] Local SpMV time: 0.000015 s
[Rank 78] Local SpMV time: 0.000020 s
[Rank 27] Local SpMV time: 0.000015 s
[Rank 99] Local SpMV time: 0.000016 s
[Rank 107] Local SpMV time: 0.000016 s
[Rank 13] Local SpMV time: 0.000016 s
[Rank 11] Local SpMV time: 0.000013 s
[Rank 115] Local SpMV time: 0.000012 s
[Rank 117] Local SpMV time: 0.000015 s
[Rank 89] Local SpMV time: 0.000014 s
[Rank 85] Local SpMV time: 0.000014 s
[Rank 41] Local SpMV time: 0.000014 s
[Rank 37] Local SpMV time: 0.000012 s
[Rank 92] Local SpMV time: 0.000029 s
[Rank 75] Local SpMV time: 0.000012 s
[Rank 43] Local SpMV time: 0.000016 s
[Rank 45] Local SpMV time: 0.000014 s
[Rank 21] Local SpMV time: 0.000016 s
[Rank 118] Local SpMV time: 0.000023 s
[Rank 49] Local SpMV time: 0.000014 s
[Rank 91] Local SpMV time: 0.000017 s
[Rank 15] Local SpMV time: 0.000016 s
[Rank 110] Local SpMV time: 0.000029 s
[Rank 103] Local SpMV time: 0.000013 s
[Rank 109] Local SpMV time: 0.000018 s
[Rank 94] Local SpMV time: 0.000023 s
[Rank 121] Local SpMV time: 0.000014 s
[Rank 119] Local SpMV time: 0.000016 s
[Rank 124] Local SpMV time: 0.000029 s
[Rank 39] Local SpMV time: 0.000014 s
[Rank 93] Local SpMV time: 0.000013 s
[Rank 29] Local SpMV time: 0.000015 s
[Rank 57] Local SpMV time: 0.000014 s
[Rank 123] Local SpMV time: 0.000016 s
[Rank 51] Local SpMV time: 0.000014 s
[Rank 87] Local SpMV time: 0.000014 s
[Rank 23] Local SpMV time: 0.000014 s
[Rank 126] Local SpMV time: 0.000031 s
[Rank 111] Local SpMV time: 0.000012 s
[Rank 95] Local SpMV time: 0.000012 s
[Rank 53] Local SpMV time: 0.000016 s
[Rank 59] Local SpMV time: 0.000015 s
[Rank 47] Local SpMV time: 0.000016 s
[Rank 125] Local SpMV time: 0.000013 s
[Rank 31] Local SpMV time: 0.000016 s
[Rank 127] Local SpMV time: 0.000013 s
[Rank 61] Local SpMV time: 0.000016 s
[Rank 55] Local SpMV time: 0.000015 s
[Rank 63] Local SpMV time: 0.000018 s
Global FLOPs per SpMV: 19328

-----------------------------------------------------------------------------------------------
  P |  Time(s) | Comp% | Comm% |  GFLOP/s | Speedup |  Eff% | Mem(MiB) | NNZ min | NNZ avg | NNZ max
-----------------------------------------------------------------------------------------------
128 |   2.3150 |   0.0 |  77.8 |     0.000 |    0.00 |   0.00 |     0.02 |       0 |     75.5 |     611

