Strong scaling results for ww_36_pmec_36.mtx
Date: Fri Jan  2 16:00:27 CET 2026
----------------------------------------

[Rank 0] Matrix: 66 x 66, nnz=1194 | grid=1x1 | pattern=0 symmetric=0
[Rank 0] Matrix: 66 x 66, nnz=1194 | grid=1x1
[Rank 0] Local SpMV time: 0.010818 s
Global FLOPs per SpMV: 2388

-----------------------------------------------------------------------------------------------
  P |  Time(s) | Comp% | Comm% |  GFLOP/s | Speedup |  Eff% | Mem(MiB) | NNZ min | NNZ avg | NNZ max
-----------------------------------------------------------------------------------------------
  1 |   0.0109 |  99.4 |   0.2 |     0.000 |    N/A   |   N/A  |     0.03 |    1194 |   1194.0 |    1194
BASELINE_T1=0.0109

----------------------------------------
np=2, OMP_NUM_THREADS=64
----------------------------------------
[Rank 0] Matrix: 66 x 66, nnz=1194 | grid=2x1 | pattern=0 symmetric=0
[Rank 0] Matrix: 66 x 66, nnz=1194 | grid=2x1
[Rank 1] Local SpMV time: 0.002714 s
[Rank 0] Local SpMV time: 0.011133 s
Global FLOPs per SpMV: 1782

-----------------------------------------------------------------------------------------------
  P |  Time(s) | Comp% | Comm% |  GFLOP/s | Speedup |  Eff% | Mem(MiB) | NNZ min | NNZ avg | NNZ max
-----------------------------------------------------------------------------------------------
  2 |   0.0112 |  99.1 |   1.0 |     0.000 |    0.97 |  48.51 |     0.02 |     295 |    445.5 |     596

----------------------------------------
np=4, OMP_NUM_THREADS=32
----------------------------------------
[Rank 0] Matrix: 66 x 66, nnz=1194 | grid=2x2 | pattern=0 symmetric=0
[Rank 0] Matrix: 66 x 66, nnz=1194 | grid=2x2
[Rank 0] Local SpMV time: 0.005521 s
[Rank 3] Local SpMV time: 0.014942 s
[Rank 2] Local SpMV time: 0.019982 s
[Rank 1] Local SpMV time: 0.036509 s
Global FLOPs per SpMV: 1502

-----------------------------------------------------------------------------------------------
  P |  Time(s) | Comp% | Comm% |  GFLOP/s | Speedup |  Eff% | Mem(MiB) | NNZ min | NNZ avg | NNZ max
-----------------------------------------------------------------------------------------------
  4 |   0.0451 |  81.0 |   0.1 |     0.000 |    0.24 |   6.05 |     0.01 |      87 |    187.8 |     316

----------------------------------------
np=8, OMP_NUM_THREADS=16
----------------------------------------
[Rank 0] Matrix: 66 x 66, nnz=1194 | grid=4x2 | pattern=0 symmetric=0
[Rank 0] Matrix: 66 x 66, nnz=1194 | grid=4x2
[Rank 1] Local SpMV time: 0.000441 s
[Rank 4] Local SpMV time: 0.001775 s
[Rank 6] Local SpMV time: 0.008353 s
[Rank 5] Local SpMV time: 0.000618 s
[Rank 0] Local SpMV time: 0.018538 s
[Rank 3] Local SpMV time: 0.000346 s
[Rank 7] Local SpMV time: 0.000409 s
[Rank 2] Local SpMV time: 0.028967 s
Global FLOPs per SpMV: 1328

-----------------------------------------------------------------------------------------------
  P |  Time(s) | Comp% | Comm% |  GFLOP/s | Speedup |  Eff% | Mem(MiB) | NNZ min | NNZ avg | NNZ max
-----------------------------------------------------------------------------------------------
  8 |   0.0993 |  29.2 |  59.4 |     0.000 |    0.11 |   1.37 |     0.01 |      22 |     83.0 |     167

----------------------------------------
np=16, OMP_NUM_THREADS=8
----------------------------------------
[Rank 0] Matrix: 66 x 66, nnz=1194 | grid=4x4 | pattern=0 symmetric=0
[Rank 0] Matrix: 66 x 66, nnz=1194 | grid=4x4
[Rank 1] Local SpMV time: 0.004251 s
[Rank 9] Local SpMV time: 0.001089 s
[Rank 0] Local SpMV time: 0.000480 s
[Rank 5] Local SpMV time: 0.003554 s
[Rank 4] Local SpMV time: 0.000843 s
[Rank 7] Local SpMV time: 0.003913 s
[Rank 2] Local SpMV time: 0.001264 s
[Rank 3] Local SpMV time: 0.028114 s
[Rank 8] Local SpMV time: 0.005366 s
[Rank 11] Local SpMV time: 0.004511 s
[Rank 10] Local SpMV time: 0.005879 s
[Rank 13] Local SpMV time: 0.000814 s
[Rank 12] Local SpMV time: 0.002155 s
[Rank 15] Local SpMV time: 0.004202 s
[Rank 6] Local SpMV time: 0.007838 s
[Rank 14] Local SpMV time: 0.000680 s
Global FLOPs per SpMV: 1286

-----------------------------------------------------------------------------------------------
  P |  Time(s) | Comp% | Comm% |  GFLOP/s | Speedup |  Eff% | Mem(MiB) | NNZ min | NNZ avg | NNZ max
-----------------------------------------------------------------------------------------------
 16 |   0.1000 |  28.1 |  28.0 |     0.000 |    0.11 |   0.68 |     0.00 |       9 |     40.2 |      83

----------------------------------------
np=32, OMP_NUM_THREADS=4
----------------------------------------
[Rank 0] Matrix: 66 x 66, nnz=1194 | grid=8x4 | pattern=0 symmetric=0
[Rank 0] Matrix: 66 x 66, nnz=1194 | grid=8x4
[Rank 1] Local SpMV time: 0.000251 s
[Rank 0] Local SpMV time: 0.000638 s
[Rank 16] Local SpMV time: 0.004159 s
[Rank 9] Local SpMV time: 0.004121 s
[Rank 20] Local SpMV time: 0.000366 s
[Rank 17] Local SpMV time: 0.004041 s
[Rank 2] Local SpMV time: 0.000539 s
[Rank 13] Local SpMV time: 0.001285 s
[Rank 8] Local SpMV time: 0.004086 s
[Rank 3] Local SpMV time: 0.000175 s
[Rank 4] Local SpMV time: 0.000444 s
[Rank 5] Local SpMV time: 0.064997 s
[Rank 19] Local SpMV time: 0.000363 s
[Rank 12] Local SpMV time: 0.004131 s
[Rank 21] Local SpMV time: 0.000647 s
[Rank 6] Local SpMV time: 0.008317 s
[Rank 24] Local SpMV time: 0.002505 s
[Rank 18] Local SpMV time: 0.000779 s
[Rank 28] Local SpMV time: 0.005142 s
[Rank 10] Local SpMV time: 0.004205 s
[Rank 14] Local SpMV time: 0.004236 s
[Rank 31] Local SpMV time: 0.004027 s
[Rank 22] Local SpMV time: 0.000378 s
[Rank 26] Local SpMV time: 0.000695 s
[Rank 15] Local SpMV time: 0.000204 s
[Rank 23] Local SpMV time: 0.063928 s
[Rank 25] Local SpMV time: 0.067997 s
[Rank 7] Local SpMV time: 0.064005 s
[Rank 11] Local SpMV time: 0.067936 s
[Rank 27] Local SpMV time: 0.063999 s
[Rank 29] Local SpMV time: 0.063998 s
[Rank 30] Local SpMV time: 0.000654 s
Global FLOPs per SpMV: 1264

-----------------------------------------------------------------------------------------------
  P |  Time(s) | Comp% | Comm% |  GFLOP/s | Speedup |  Eff% | Mem(MiB) | NNZ min | NNZ avg | NNZ max
-----------------------------------------------------------------------------------------------
 32 |   0.3232 |  21.0 |  79.2 |     0.000 |    0.03 |   0.11 |     0.00 |       0 |     19.8 |      49

----------------------------------------
np=64, OMP_NUM_THREADS=2
----------------------------------------
[Rank 0] Matrix: 66 x 66, nnz=1194 | grid=8x8 | pattern=0 symmetric=0
[Rank 0] Matrix: 66 x 66, nnz=1194 | grid=8x8
[Rank 1] Local SpMV time: 0.000942 s
[Rank 9] Local SpMV time: 0.000474 s
[Rank 3] Local SpMV time: 0.005000 s
[Rank 11] Local SpMV time: 0.004713 s
[Rank 17] Local SpMV time: 0.000983 s
[Rank 41] Local SpMV time: 0.004058 s
[Rank 25] Local SpMV time: 0.000073 s
[Rank 29] Local SpMV time: 0.000406 s
[Rank 0] Local SpMV time: 0.015980 s
[Rank 35] Local SpMV time: 0.004608 s
[Rank 8] Local SpMV time: 0.000137 s
[Rank 32] Local SpMV time: 0.000435 s
[Rank 2] Local SpMV time: 0.004627 s
[Rank 43] Local SpMV time: 0.000102 s
[Rank 23] Local SpMV time: 0.001976 s
[Rank 27] Local SpMV time: 0.000080 s
[Rank 16] Local SpMV time: 0.004147 s
[Rank 4] Local SpMV time: 0.004455 s
[Rank 36] Local SpMV time: 0.000744 s
[Rank 12] Local SpMV time: 0.004058 s
[Rank 5] Local SpMV time: 0.123978 s
[Rank 18] Local SpMV time: 0.008250 s
[Rank 24] Local SpMV time: 0.004679 s
[Rank 37] Local SpMV time: 0.000101 s
[Rank 26] Local SpMV time: 0.004979 s
[Rank 19] Local SpMV time: 0.127981 s
[Rank 33] Local SpMV time: 0.123975 s
[Rank 49] Local SpMV time: 0.002099 s
[Rank 10] Local SpMV time: 0.000096 s
[Rank 21] Local SpMV time: 0.131980 s
[Rank 31] Local SpMV time: 0.006664 s
[Rank 48] Local SpMV time: 0.000082 s
[Rank 13] Local SpMV time: 0.135998 s
[Rank 7] Local SpMV time: 0.131979 s
[Rank 15] Local SpMV time: 0.135886 s
[Rank 45] Local SpMV time: 0.000844 s
[Rank 40] Local SpMV time: 0.007993 s
[Rank 51] Local SpMV time: 0.005052 s
[Rank 34] Local SpMV time: 0.008305 s
[Rank 52] Local SpMV time: 0.003985 s
[Rank 6] Local SpMV time: 0.003975 s
[Rank 57] Local SpMV time: 0.000090 s
[Rank 50] Local SpMV time: 0.003999 s
[Rank 56] Local SpMV time: 0.000261 s
[Rank 20] Local SpMV time: 0.004012 s
[Rank 53] Local SpMV time: 0.000089 s
[Rank 61] Local SpMV time: 0.003796 s
[Rank 14] Local SpMV time: 0.004012 s
[Rank 59] Local SpMV time: 0.000091 s
[Rank 60] Local SpMV time: 0.000096 s
[Rank 44] Local SpMV time: 0.000110 s
[Rank 63] Local SpMV time: 0.004054 s
[Rank 28] Local SpMV time: 0.000090 s
[Rank 58] Local SpMV time: 0.000368 s
[Rank 42] Local SpMV time: 0.004562 s
[Rank 38] Local SpMV time: 0.004012 s
[Rank 22] Local SpMV time: 0.008213 s
[Rank 47] Local SpMV time: 0.004070 s
[Rank 46] Local SpMV time: 0.000109 s
[Rank 39] Local SpMV time: 0.132904 s
[Rank 55] Local SpMV time: 0.132987 s
[Rank 54] Local SpMV time: 0.000125 s
[Rank 30] Local SpMV time: 0.000095 s
[Rank 62] Local SpMV time: 0.000163 s
Global FLOPs per SpMV: 1196

-----------------------------------------------------------------------------------------------
  P |  Time(s) | Comp% | Comm% |  GFLOP/s | Speedup |  Eff% | Mem(MiB) | NNZ min | NNZ avg | NNZ max
-----------------------------------------------------------------------------------------------
 64 |   0.7720 |  17.6 |  66.3 |     0.000 |    0.01 |   0.02 |     0.00 |       0 |      9.3 |      29

----------------------------------------
np=128, OMP_NUM_THREADS=1
----------------------------------------
[Rank 0] Matrix: 66 x 66, nnz=1194 | grid=16x8 | pattern=0 symmetric=0
[Rank 0] Matrix: 66 x 66, nnz=1194 | grid=16x8
[Rank 1] Local SpMV time: 0.000033 s
[Rank 33] Local SpMV time: 0.000026 s
[Rank 9] Local SpMV time: 0.000016 s
[Rank 17] Local SpMV time: 0.000023 s
[Rank 3] Local SpMV time: 0.000020 s
[Rank 0] Local SpMV time: 0.000028 s
[Rank 8] Local SpMV time: 0.000021 s
[Rank 65] Local SpMV time: 0.000025 s
[Rank 32] Local SpMV time: 0.000015 s
[Rank 73] Local SpMV time: 0.000021 s
[Rank 5] Local SpMV time: 0.000021 s
[Rank 25] Local SpMV time: 0.000020 s
[Rank 2] Local SpMV time: 0.000017 s
[Rank 41] Local SpMV time: 0.000018 s
[Rank 40] Local SpMV time: 0.000021 s
[Rank 11] Local SpMV time: 0.000023 s
[Rank 49] Local SpMV time: 0.000017 s
[Rank 48] Local SpMV time: 0.000017 s
[Rank 16] Local SpMV time: 0.000021 s
[Rank 34] Local SpMV time: 0.000022 s
[Rank 35] Local SpMV time: 0.000034 s
[Rank 97] Local SpMV time: 0.000016 s
[Rank 13] Local SpMV time: 0.000019 s
[Rank 4] Local SpMV time: 0.000027 s
[Rank 19] Local SpMV time: 0.000020 s
[Rank 43] Local SpMV time: 0.000023 s
[Rank 42] Local SpMV time: 0.000022 s
[Rank 20] Local SpMV time: 0.000022 s
[Rank 37] Local SpMV time: 0.000022 s
[Rank 21] Local SpMV time: 0.000020 s
[Rank 18] Local SpMV time: 0.000021 s
[Rank 64] Local SpMV time: 0.000023 s
[Rank 68] Local SpMV time: 0.000022 s
[Rank 45] Local SpMV time: 0.000023 s
[Rank 10] Local SpMV time: 0.000020 s
[Rank 81] Local SpMV time: 0.000016 s
[Rank 56] Local SpMV time: 0.000021 s
[Rank 105] Local SpMV time: 0.000021 s
[Rank 57] Local SpMV time: 0.000023 s
[Rank 67] Local SpMV time: 0.000024 s
[Rank 7] Local SpMV time: 0.000022 s
[Rank 72] Local SpMV time: 0.000021 s
[Rank 69] Local SpMV time: 0.000021 s
[Rank 39] Local SpMV time: 0.000026 s
[Rank 96] Local SpMV time: 0.000019 s
[Rank 76] Local SpMV time: 0.000019 s
[Rank 29] Local SpMV time: 0.000022 s
[Rank 50] Local SpMV time: 0.000025 s
[Rank 75] Local SpMV time: 0.000023 s
[Rank 12] Local SpMV time: 0.000028 s
[Rank 113] Local SpMV time: 0.000016 s
[Rank 99] Local SpMV time: 0.000017 s
[Rank 51] Local SpMV time: 0.000019 s
[Rank 24] Local SpMV time: 0.000019 s
[Rank 115] Local SpMV time: 0.000019 s
[Rank 104] Local SpMV time: 0.000020 s
[Rank 6] Local SpMV time: 0.000025 s
[Rank 121] Local SpMV time: 0.000022 s
[Rank 55] Local SpMV time: 0.000022 s
[Rank 77] Local SpMV time: 0.000029 s
[Rank 58] Local SpMV time: 0.000026 s
[Rank 28] Local SpMV time: 0.000026 s
[Rank 83] Local SpMV time: 0.000022 s
[Rank 27] Local SpMV time: 0.000021 s
[Rank 71] Local SpMV time: 0.000022 s
[Rank 85] Local SpMV time: 0.000015 s
[Rank 100] Local SpMV time: 0.000021 s
[Rank 112] Local SpMV time: 0.000021 s
[Rank 36] Local SpMV time: 0.000028 s
[Rank 107] Local SpMV time: 0.000018 s
[Rank 59] Local SpMV time: 0.000027 s
[Rank 63] Local SpMV time: 0.000015 s
[Rank 80] Local SpMV time: 0.000021 s
[Rank 101] Local SpMV time: 0.000019 s
[Rank 66] Local SpMV time: 0.000021 s
[Rank 89] Local SpMV time: 0.000021 s
[Rank 53] Local SpMV time: 0.000026 s
[Rank 82] Local SpMV time: 0.000023 s
[Rank 47] Local SpMV time: 0.000022 s
[Rank 93] Local SpMV time: 0.000021 s
[Rank 15] Local SpMV time: 0.000021 s
[Rank 123] Local SpMV time: 0.000021 s
[Rank 79] Local SpMV time: 0.000027 s
[Rank 108] Local SpMV time: 0.000024 s
[Rank 70] Local SpMV time: 0.000026 s
[Rank 23] Local SpMV time: 0.000030 s
[Rank 44] Local SpMV time: 0.000019 s
[Rank 120] Local SpMV time: 0.000021 s
[Rank 103] Local SpMV time: 0.000029 s
[Rank 38] Local SpMV time: 0.000026 s
[Rank 26] Local SpMV time: 0.000019 s
[Rank 117] Local SpMV time: 0.000019 s
[Rank 61] Local SpMV time: 0.000019 s
[Rank 31] Local SpMV time: 0.000026 s
[Rank 98] Local SpMV time: 0.000032 s
[Rank 106] Local SpMV time: 0.000023 s
[Rank 14] Local SpMV time: 0.000021 s
[Rank 119] Local SpMV time: 0.000018 s
[Rank 102] Local SpMV time: 0.000027 s
[Rank 74] Local SpMV time: 0.000024 s
[Rank 22] Local SpMV time: 0.000026 s
[Rank 30] Local SpMV time: 0.000021 s
[Rank 87] Local SpMV time: 0.000023 s
[Rank 111] Local SpMV time: 0.000023 s
[Rank 109] Local SpMV time: 0.000024 s
[Rank 125] Local SpMV time: 0.000025 s
[Rank 116] Local SpMV time: 0.000020 s
[Rank 84] Local SpMV time: 0.000022 s
[Rank 95] Local SpMV time: 0.000019 s
[Rank 52] Local SpMV time: 0.000027 s
[Rank 46] Local SpMV time: 0.000026 s
[Rank 127] Local SpMV time: 0.000029 s
[Rank 78] Local SpMV time: 0.000025 s
[Rank 91] Local SpMV time: 0.000022 s
[Rank 88] Local SpMV time: 0.000018 s
[Rank 124] Local SpMV time: 0.000023 s
[Rank 92] Local SpMV time: 0.000019 s
[Rank 54] Local SpMV time: 0.000029 s
[Rank 118] Local SpMV time: 0.000023 s
[Rank 90] Local SpMV time: 0.000022 s
[Rank 86] Local SpMV time: 0.000024 s
[Rank 114] Local SpMV time: 0.000029 s
[Rank 62] Local SpMV time: 0.000029 s
[Rank 110] Local SpMV time: 0.000028 s
[Rank 94] Local SpMV time: 0.000027 s
[Rank 60] Local SpMV time: 0.000027 s
[Rank 122] Local SpMV time: 0.000029 s
[Rank 126] Local SpMV time: 0.000024 s
Global FLOPs per SpMV: 1222

-----------------------------------------------------------------------------------------------
  P |  Time(s) | Comp% | Comm% |  GFLOP/s | Speedup |  Eff% | Mem(MiB) | NNZ min | NNZ avg | NNZ max
-----------------------------------------------------------------------------------------------
128 |   1.7961 |   0.0 |  57.0 |     0.000 |    0.01 |   0.00 |     0.00 |       0 |      4.8 |      14

