Strong scaling results for bcsstm05.mtx
Date: Fri Jan  2 14:56:18 CET 2026
----------------------------------------

[Rank 0] Matrix: 153 x 153, nnz=153 | 1D cyclic rows over P=1
[Rank 0] Local SpMV time: 0.002115 s

-----------------------------------------------------------------------------------------------
  P |  Time(s) | Comp% | Comm% |  GFLOP/s | Speedup |  Eff% | Mem(MiB) | NNZ min | NNZ avg | NNZ max
-----------------------------------------------------------------------------------------------
  1 |   0.0021 |  98.9 |   0.3 |     0.000 |    N/A   |   N/A  |     0.01 |     153 |    153.0 |     153
Global FLOPs per SpMV: 306
BASELINE_T1=0.0021

----------------------------------------
np=2, OMP_NUM_THREADS=64
----------------------------------------
[Rank 0] Matrix: 153 x 153, nnz=153 | 1D cyclic rows over P=2
[Rank 0] Local SpMV time: 0.001583 s
[Rank 1] Local SpMV time: 0.003151 s

-----------------------------------------------------------------------------------------------
  P |  Time(s) | Comp% | Comm% |  GFLOP/s | Speedup |  Eff% | Mem(MiB) | NNZ min | NNZ avg | NNZ max
-----------------------------------------------------------------------------------------------
  2 |   0.0033 |  94.9 |  54.2 |     0.000 |    0.63 |  31.63 |     0.00 |      36 |     56.5 |      77
Global FLOPs per SpMV: 226

----------------------------------------
np=4, OMP_NUM_THREADS=32
----------------------------------------
[Rank 0] Matrix: 153 x 153, nnz=153 | 1D cyclic rows over P=4
[Rank 2] Local SpMV time: 0.000733 s
[Rank 1] Local SpMV time: 0.000694 s
[Rank 3] Local SpMV time: 0.001425 s
[Rank 0] Local SpMV time: 0.014260 s

-----------------------------------------------------------------------------------------------
  P |  Time(s) | Comp% | Comm% |  GFLOP/s | Speedup |  Eff% | Mem(MiB) | NNZ min | NNZ avg | NNZ max
-----------------------------------------------------------------------------------------------
  4 |   0.0143 |  99.8 | 184.1 |     0.000 |    0.15 |   3.68 |     0.00 |       9 |     23.5 |      39
Global FLOPs per SpMV: 188

----------------------------------------
np=8, OMP_NUM_THREADS=16
----------------------------------------
[Rank 0] Matrix: 153 x 153, nnz=153 | 1D cyclic rows over P=8
[Rank 0] Local SpMV time: 0.000425 s
[Rank 5] Local SpMV time: 0.000390 s
[Rank 2] Local SpMV time: 0.000368 s
[Rank 1] Local SpMV time: 0.020114 s
[Rank 4] Local SpMV time: 0.011420 s
[Rank 6] Local SpMV time: 0.015687 s
[Rank 3] Local SpMV time: 0.026706 s
[Rank 7] Local SpMV time: 0.034595 s

-----------------------------------------------------------------------------------------------
  P |  Time(s) | Comp% | Comm% |  GFLOP/s | Speedup |  Eff% | Mem(MiB) | NNZ min | NNZ avg | NNZ max
-----------------------------------------------------------------------------------------------
  8 |   0.0346 |  99.9 | 281.8 |     0.000 |    0.06 |   0.76 |     0.00 |       3 |     10.6 |      20
Global FLOPs per SpMV: 170

----------------------------------------
np=16, OMP_NUM_THREADS=8
----------------------------------------
[Rank 0] Matrix: 153 x 153, nnz=153 | 1D cyclic rows over P=16
[Rank 0] Local SpMV time: 0.004250 s
[Rank 8] Local SpMV time: 0.000418 s
[Rank 10] Local SpMV time: 0.000683 s
[Rank 2] Local SpMV time: 0.000213 s
[Rank 12] Local SpMV time: 0.000509 s
[Rank 4] Local SpMV time: 0.000772 s
[Rank 9] Local SpMV time: 0.028121 s
[Rank 14] Local SpMV time: 0.000257 s
[Rank 1] Local SpMV time: 0.039885 s
[Rank 3] Local SpMV time: 0.032098 s
[Rank 6] Local SpMV time: 0.000231 s
[Rank 13] Local SpMV time: 0.062889 s
[Rank 5] Local SpMV time: 0.062990 s
[Rank 15] Local SpMV time: 0.062991 s
[Rank 11] Local SpMV time: 0.066991 s
[Rank 7] Local SpMV time: 0.066987 s

-----------------------------------------------------------------------------------------------
  P |  Time(s) | Comp% | Comm% |  GFLOP/s | Speedup |  Eff% | Mem(MiB) | NNZ min | NNZ avg | NNZ max
-----------------------------------------------------------------------------------------------
 16 |   0.0670 | 100.0 | 240.0 |     0.000 |    0.03 |   0.20 |     0.00 |       0 |      4.9 |      10
Global FLOPs per SpMV: 156

----------------------------------------
np=32, OMP_NUM_THREADS=4
----------------------------------------
[Rank 0] Matrix: 153 x 153, nnz=153 | 1D cyclic rows over P=32
[Rank 0] Local SpMV time: 0.000168 s
[Rank 2] Local SpMV time: 0.004098 s
[Rank 4] Local SpMV time: 0.000306 s
[Rank 8] Local SpMV time: 0.004090 s
[Rank 1] Local SpMV time: 0.000178 s
[Rank 16] Local SpMV time: 0.000353 s
[Rank 10] Local SpMV time: 0.004504 s
[Rank 18] Local SpMV time: 0.000138 s
[Rank 12] Local SpMV time: 0.000364 s
[Rank 5] Local SpMV time: 0.004121 s
[Rank 20] Local SpMV time: 0.000156 s
[Rank 14] Local SpMV time: 0.000357 s
[Rank 24] Local SpMV time: 0.000549 s
[Rank 26] Local SpMV time: 0.000754 s
[Rank 6] Local SpMV time: 0.004076 s
[Rank 22] Local SpMV time: 0.000135 s
[Rank 28] Local SpMV time: 0.000142 s
[Rank 9] Local SpMV time: 0.063989 s
[Rank 11] Local SpMV time: 0.059470 s
[Rank 3] Local SpMV time: 0.063995 s
[Rank 17] Local SpMV time: 0.071981 s
[Rank 19] Local SpMV time: 0.063998 s
[Rank 25] Local SpMV time: 0.063991 s
[Rank 7] Local SpMV time: 0.063997 s
[Rank 30] Local SpMV time: 0.004079 s
[Rank 29] Local SpMV time: 0.063994 s
[Rank 31] Local SpMV time: 0.063997 s
[Rank 21] Local SpMV time: 0.063993 s
[Rank 13] Local SpMV time: 0.067999 s
[Rank 27] Local SpMV time: 0.063993 s
[Rank 15] Local SpMV time: 0.067996 s
[Rank 23] Local SpMV time: 0.064000 s

-----------------------------------------------------------------------------------------------
  P |  Time(s) | Comp% | Comm% |  GFLOP/s | Speedup |  Eff% | Mem(MiB) | NNZ min | NNZ avg | NNZ max
-----------------------------------------------------------------------------------------------
 32 |   0.0720 | 100.0 | 537.2 |     0.000 |    0.03 |   0.09 |     0.00 |       0 |      2.4 |       5
Global FLOPs per SpMV: 152

----------------------------------------
np=64, OMP_NUM_THREADS=2
----------------------------------------
[Rank 0] Matrix: 153 x 153, nnz=153 | 1D cyclic rows over P=64
[Rank 0] Local SpMV time: 0.000105 s
[Rank 16] Local SpMV time: 0.004051 s
[Rank 4] Local SpMV time: 0.004060 s
[Rank 2] Local SpMV time: 0.004060 s
[Rank 20] Local SpMV time: 0.000089 s
[Rank 24] Local SpMV time: 0.004058 s
[Rank 18] Local SpMV time: 0.000066 s
[Rank 26] Local SpMV time: 0.004006 s
[Rank 32] Local SpMV time: 0.000048 s
[Rank 36] Local SpMV time: 0.000095 s
[Rank 38] Local SpMV time: 0.004144 s
[Rank 8] Local SpMV time: 0.008060 s
[Rank 1] Local SpMV time: 0.000149 s
[Rank 6] Local SpMV time: 0.000105 s
[Rank 28] Local SpMV time: 0.000089 s
[Rank 40] Local SpMV time: 0.000104 s
[Rank 5] Local SpMV time: 0.000067 s
[Rank 3] Local SpMV time: 0.008024 s
[Rank 22] Local SpMV time: 0.000108 s
[Rank 12] Local SpMV time: 0.000112 s
[Rank 48] Local SpMV time: 0.004068 s
[Rank 34] Local SpMV time: 0.000120 s
[Rank 30] Local SpMV time: 0.008012 s
[Rank 10] Local SpMV time: 0.000086 s
[Rank 13] Local SpMV time: 0.036073 s
[Rank 11] Local SpMV time: 0.023964 s
[Rank 7] Local SpMV time: 0.031933 s
[Rank 44] Local SpMV time: 0.004056 s
[Rank 56] Local SpMV time: 0.000107 s
[Rank 50] Local SpMV time: 0.000114 s
[Rank 42] Local SpMV time: 0.004069 s
[Rank 9] Local SpMV time: 0.123996 s
[Rank 58] Local SpMV time: 0.000103 s
[Rank 21] Local SpMV time: 0.059997 s
[Rank 33] Local SpMV time: 0.026085 s
[Rank 41] Local SpMV time: 0.000121 s
[Rank 14] Local SpMV time: 0.000095 s
[Rank 60] Local SpMV time: 0.004066 s
[Rank 19] Local SpMV time: 0.000123 s
[Rank 52] Local SpMV time: 0.000105 s
[Rank 43] Local SpMV time: 0.008065 s
[Rank 45] Local SpMV time: 0.001884 s
[Rank 17] Local SpMV time: 0.115887 s
[Rank 25] Local SpMV time: 0.115995 s
[Rank 54] Local SpMV time: 0.000106 s
[Rank 46] Local SpMV time: 0.000103 s
[Rank 15] Local SpMV time: 0.119992 s
[Rank 49] Local SpMV time: 0.004126 s
[Rank 29] Local SpMV time: 0.007982 s
[Rank 37] Local SpMV time: 0.016026 s
[Rank 27] Local SpMV time: 0.016503 s
[Rank 23] Local SpMV time: 0.020849 s
[Rank 62] Local SpMV time: 0.004060 s
[Rank 39] Local SpMV time: 0.002710 s
[Rank 35] Local SpMV time: 0.122996 s
[Rank 53] Local SpMV time: 0.000076 s
[Rank 47] Local SpMV time: 0.000114 s
[Rank 55] Local SpMV time: 0.004129 s
[Rank 57] Local SpMV time: 0.016039 s
[Rank 51] Local SpMV time: 0.020040 s
[Rank 61] Local SpMV time: 0.016856 s
[Rank 31] Local SpMV time: 0.017088 s
[Rank 63] Local SpMV time: 0.000127 s
[Rank 59] Local SpMV time: 0.008093 s

-----------------------------------------------------------------------------------------------
  P |  Time(s) | Comp% | Comm% |  GFLOP/s | Speedup |  Eff% | Mem(MiB) | NNZ min | NNZ avg | NNZ max
-----------------------------------------------------------------------------------------------
 64 |   0.1240 | 100.0 | 722.5 |     0.000 |    0.02 |   0.03 |     0.00 |       0 |      1.1 |       3
Global FLOPs per SpMV: 142

----------------------------------------
np=128, OMP_NUM_THREADS=1
----------------------------------------
[Rank 0] Matrix: 153 x 153, nnz=153 | 1D cyclic rows over P=128
[Rank 0] Local SpMV time: 0.000021 s
[Rank 1] Local SpMV time: 0.000026 s
[Rank 17] Local SpMV time: 0.000017 s
[Rank 65] Local SpMV time: 0.000017 s
[Rank 73] Local SpMV time: 0.000016 s
[Rank 75] Local SpMV time: 0.000016 s
[Rank 2] Local SpMV time: 0.000015 s
[Rank 64] Local SpMV time: 0.000014 s
[Rank 21] Local SpMV time: 0.000014 s
[Rank 68] Local SpMV time: 0.000014 s
[Rank 9] Local SpMV time: 0.000015 s
[Rank 19] Local SpMV time: 0.000015 s
[Rank 5] Local SpMV time: 0.000015 s
[Rank 4] Local SpMV time: 0.000014 s
[Rank 77] Local SpMV time: 0.000015 s
[Rank 32] Local SpMV time: 0.000012 s
[Rank 70] Local SpMV time: 0.000014 s
[Rank 33] Local SpMV time: 0.000013 s
[Rank 34] Local SpMV time: 0.000014 s
[Rank 3] Local SpMV time: 0.000015 s
[Rank 13] Local SpMV time: 0.000015 s
[Rank 81] Local SpMV time: 0.000015 s
[Rank 66] Local SpMV time: 0.000012 s
[Rank 67] Local SpMV time: 0.000013 s
[Rank 41] Local SpMV time: 0.000015 s
[Rank 16] Local SpMV time: 0.000013 s
[Rank 45] Local SpMV time: 0.000013 s
[Rank 8] Local SpMV time: 0.000012 s
[Rank 85] Local SpMV time: 0.000015 s
[Rank 12] Local SpMV time: 0.000015 s
[Rank 35] Local SpMV time: 0.000015 s
[Rank 36] Local SpMV time: 0.000012 s
[Rank 72] Local SpMV time: 0.000014 s
[Rank 47] Local SpMV time: 0.000012 s
[Rank 25] Local SpMV time: 0.000015 s
[Rank 49] Local SpMV time: 0.000012 s
[Rank 38] Local SpMV time: 0.000013 s
[Rank 40] Local SpMV time: 0.000012 s
[Rank 14] Local SpMV time: 0.000014 s
[Rank 79] Local SpMV time: 0.000015 s
[Rank 6] Local SpMV time: 0.000012 s
[Rank 7] Local SpMV time: 0.000016 s
[Rank 15] Local SpMV time: 0.000016 s
[Rank 57] Local SpMV time: 0.000015 s
[Rank 96] Local SpMV time: 0.000014 s
[Rank 97] Local SpMV time: 0.000013 s
[Rank 87] Local SpMV time: 0.000015 s
[Rank 80] Local SpMV time: 0.000013 s
[Rank 37] Local SpMV time: 0.000015 s
[Rank 69] Local SpMV time: 0.000015 s
[Rank 99] Local SpMV time: 0.000015 s
[Rank 89] Local SpMV time: 0.000014 s
[Rank 48] Local SpMV time: 0.000014 s
[Rank 50] Local SpMV time: 0.000012 s
[Rank 43] Local SpMV time: 0.000015 s
[Rank 24] Local SpMV time: 0.000012 s
[Rank 44] Local SpMV time: 0.000012 s
[Rank 10] Local SpMV time: 0.000014 s
[Rank 83] Local SpMV time: 0.000015 s
[Rank 104] Local SpMV time: 0.000014 s
[Rank 11] Local SpMV time: 0.000016 s
[Rank 84] Local SpMV time: 0.000013 s
[Rank 23] Local SpMV time: 0.000012 s
[Rank 51] Local SpMV time: 0.000015 s
[Rank 108] Local SpMV time: 0.000013 s
[Rank 29] Local SpMV time: 0.000015 s
[Rank 76] Local SpMV time: 0.000015 s
[Rank 105] Local SpMV time: 0.000015 s
[Rank 56] Local SpMV time: 0.000013 s
[Rank 58] Local SpMV time: 0.000012 s
[Rank 27] Local SpMV time: 0.000015 s
[Rank 20] Local SpMV time: 0.000014 s
[Rank 93] Local SpMV time: 0.000015 s
[Rank 86] Local SpMV time: 0.000013 s
[Rank 52] Local SpMV time: 0.000013 s
[Rank 91] Local SpMV time: 0.000016 s
[Rank 109] Local SpMV time: 0.000015 s
[Rank 42] Local SpMV time: 0.000014 s
[Rank 46] Local SpMV time: 0.000014 s
[Rank 100] Local SpMV time: 0.000013 s
[Rank 101] Local SpMV time: 0.000012 s
[Rank 74] Local SpMV time: 0.000013 s
[Rank 107] Local SpMV time: 0.000015 s
[Rank 54] Local SpMV time: 0.000011 s
[Rank 18] Local SpMV time: 0.000014 s
[Rank 113] Local SpMV time: 0.000013 s
[Rank 22] Local SpMV time: 0.000014 s
[Rank 61] Local SpMV time: 0.000014 s
[Rank 26] Local SpMV time: 0.000014 s
[Rank 71] Local SpMV time: 0.000013 s
[Rank 112] Local SpMV time: 0.000013 s
[Rank 95] Local SpMV time: 0.000015 s
[Rank 88] Local SpMV time: 0.000014 s
[Rank 114] Local SpMV time: 0.000011 s
[Rank 53] Local SpMV time: 0.000015 s
[Rank 59] Local SpMV time: 0.000013 s
[Rank 98] Local SpMV time: 0.000013 s
[Rank 121] Local SpMV time: 0.000013 s
[Rank 111] Local SpMV time: 0.000015 s
[Rank 31] Local SpMV time: 0.000013 s
[Rank 60] Local SpMV time: 0.000012 s
[Rank 39] Local SpMV time: 0.000015 s
[Rank 106] Local SpMV time: 0.000014 s
[Rank 55] Local SpMV time: 0.000013 s
[Rank 28] Local SpMV time: 0.000012 s
[Rank 102] Local SpMV time: 0.000014 s
[Rank 78] Local SpMV time: 0.000014 s
[Rank 116] Local SpMV time: 0.000013 s
[Rank 125] Local SpMV time: 0.000015 s
[Rank 82] Local SpMV time: 0.000014 s
[Rank 117] Local SpMV time: 0.000015 s
[Rank 110] Local SpMV time: 0.000013 s
[Rank 92] Local SpMV time: 0.000013 s
[Rank 118] Local SpMV time: 0.000012 s
[Rank 30] Local SpMV time: 0.000014 s
[Rank 103] Local SpMV time: 0.000015 s
[Rank 123] Local SpMV time: 0.000015 s
[Rank 90] Local SpMV time: 0.000014 s
[Rank 115] Local SpMV time: 0.000016 s
[Rank 62] Local SpMV time: 0.000014 s
[Rank 63] Local SpMV time: 0.000017 s
[Rank 119] Local SpMV time: 0.000013 s
[Rank 120] Local SpMV time: 0.000015 s
[Rank 94] Local SpMV time: 0.000014 s
[Rank 122] Local SpMV time: 0.000015 s
[Rank 127] Local SpMV time: 0.000016 s
[Rank 124] Local SpMV time: 0.000013 s
[Rank 126] Local SpMV time: 0.000014 s

-----------------------------------------------------------------------------------------------
  P |  Time(s) | Comp% | Comm% |  GFLOP/s | Speedup |  Eff% | Mem(MiB) | NNZ min | NNZ avg | NNZ max
-----------------------------------------------------------------------------------------------
128 |   0.0001 |  39.2 | 2362844.3 |     0.001 |   32.26 |  25.21 |     0.00 |       0 |      0.2 |       2
Global FLOPs per SpMV: 52

