Strong scaling results for bcsstk05.mtx
Date: Fri Jan  2 14:54:36 CET 2026
----------------------------------------

[Rank 0] Matrix: 153 x 153, nnz=1288 | 1D cyclic rows over P=1
[Rank 0] Local SpMV time: 0.011781 s

-----------------------------------------------------------------------------------------------
  P |  Time(s) | Comp% | Comm% |  GFLOP/s | Speedup |  Eff% | Mem(MiB) | NNZ min | NNZ avg | NNZ max
-----------------------------------------------------------------------------------------------
  1 |   0.0118 |  99.6 |   0.1 |     0.000 |    N/A   |   N/A  |     0.07 |    2423 |   2423.0 |    2423
Global FLOPs per SpMV: 4846
BASELINE_T1=0.0118

----------------------------------------
np=2, OMP_NUM_THREADS=64
----------------------------------------
[Rank 0] Matrix: 153 x 153, nnz=1288 | 1D cyclic rows over P=2
[Rank 1] Local SpMV time: 0.002781 s
[Rank 0] Local SpMV time: 0.021260 s

-----------------------------------------------------------------------------------------------
  P |  Time(s) | Comp% | Comm% |  GFLOP/s | Speedup |  Eff% | Mem(MiB) | NNZ min | NNZ avg | NNZ max
-----------------------------------------------------------------------------------------------
  2 |   0.0213 |  99.8 |   0.6 |     0.000 |    0.55 |  27.68 |     0.03 |     581 |    899.5 |    1218
Global FLOPs per SpMV: 3598

----------------------------------------
np=4, OMP_NUM_THREADS=32
----------------------------------------
[Rank 0] Matrix: 153 x 153, nnz=1288 | 1D cyclic rows over P=4
[Rank 1] Local SpMV time: 0.000736 s
[Rank 0] Local SpMV time: 0.010837 s
[Rank 2] Local SpMV time: 0.018714 s
[Rank 3] Local SpMV time: 0.017033 s

-----------------------------------------------------------------------------------------------
  P |  Time(s) | Comp% | Comm% |  GFLOP/s | Speedup |  Eff% | Mem(MiB) | NNZ min | NNZ avg | NNZ max
-----------------------------------------------------------------------------------------------
  4 |   0.0188 |  99.7 | 139.3 |     0.000 |    0.63 |  15.72 |     0.02 |     143 |    370.8 |     614
Global FLOPs per SpMV: 2966

----------------------------------------
np=8, OMP_NUM_THREADS=16
----------------------------------------
[Rank 0] Matrix: 153 x 153, nnz=1288 | 1D cyclic rows over P=8
[Rank 3] Local SpMV time: 0.000396 s
[Rank 0] Local SpMV time: 0.004941 s
[Rank 4] Local SpMV time: 0.020705 s
[Rank 5] Local SpMV time: 0.033013 s
[Rank 1] Local SpMV time: 0.039701 s
[Rank 2] Local SpMV time: 0.028976 s
[Rank 6] Local SpMV time: 0.019983 s
[Rank 7] Local SpMV time: 0.065276 s

-----------------------------------------------------------------------------------------------
  P |  Time(s) | Comp% | Comm% |  GFLOP/s | Speedup |  Eff% | Mem(MiB) | NNZ min | NNZ avg | NNZ max
-----------------------------------------------------------------------------------------------
  8 |   0.0653 | 100.0 | 162.3 |     0.000 |    0.18 |   2.26 |     0.01 |      36 |    166.6 |     306
Global FLOPs per SpMV: 2666

----------------------------------------
np=16, OMP_NUM_THREADS=8
----------------------------------------
[Rank 0] Matrix: 153 x 153, nnz=1288 | 1D cyclic rows over P=16
[Rank 0] Local SpMV time: 0.002363 s
[Rank 4] Local SpMV time: 0.002695 s
[Rank 6] Local SpMV time: 0.002967 s
[Rank 1] Local SpMV time: 0.000249 s
[Rank 2] Local SpMV time: 0.007185 s
[Rank 8] Local SpMV time: 0.039704 s
[Rank 14] Local SpMV time: 0.000899 s
[Rank 3] Local SpMV time: 0.032084 s
[Rank 12] Local SpMV time: 0.031977 s
[Rank 10] Local SpMV time: 0.031991 s
[Rank 5] Local SpMV time: 0.031997 s
[Rank 9] Local SpMV time: 0.031984 s
[Rank 7] Local SpMV time: 0.032000 s
[Rank 11] Local SpMV time: 0.039837 s
[Rank 13] Local SpMV time: 0.035990 s
[Rank 15] Local SpMV time: 0.043234 s

-----------------------------------------------------------------------------------------------
  P |  Time(s) | Comp% | Comm% |  GFLOP/s | Speedup |  Eff% | Mem(MiB) | NNZ min | NNZ avg | NNZ max
-----------------------------------------------------------------------------------------------
 16 |   0.0433 | 100.0 | 364.3 |     0.000 |    0.27 |   1.71 |     0.01 |       7 |     80.1 |     153
Global FLOPs per SpMV: 2562

----------------------------------------
np=32, OMP_NUM_THREADS=4
----------------------------------------
[Rank 0] Matrix: 153 x 153, nnz=1288 | 1D cyclic rows over P=32
[Rank 2] Local SpMV time: 0.007080 s
[Rank 1] Local SpMV time: 0.000180 s
[Rank 17] Local SpMV time: 0.000155 s
[Rank 0] Local SpMV time: 0.067943 s
[Rank 5] Local SpMV time: 0.002738 s
[Rank 7] Local SpMV time: 0.000397 s
[Rank 9] Local SpMV time: 0.004349 s
[Rank 16] Local SpMV time: 0.063968 s
[Rank 13] Local SpMV time: 0.005446 s
[Rank 24] Local SpMV time: 0.060088 s
[Rank 19] Local SpMV time: 0.011079 s
[Rank 8] Local SpMV time: 0.063970 s
[Rank 11] Local SpMV time: 0.015483 s
[Rank 26] Local SpMV time: 0.067866 s
[Rank 3] Local SpMV time: 0.003900 s
[Rank 4] Local SpMV time: 0.060066 s
[Rank 21] Local SpMV time: 0.000188 s
[Rank 28] Local SpMV time: 0.067861 s
[Rank 25] Local SpMV time: 0.000168 s
[Rank 12] Local SpMV time: 0.063976 s
[Rank 29] Local SpMV time: 0.000158 s
[Rank 14] Local SpMV time: 0.063979 s
[Rank 20] Local SpMV time: 0.067870 s
[Rank 23] Local SpMV time: 0.000297 s
[Rank 30] Local SpMV time: 0.063976 s
[Rank 18] Local SpMV time: 0.065888 s
[Rank 31] Local SpMV time: 0.005117 s
[Rank 15] Local SpMV time: 0.009874 s
[Rank 10] Local SpMV time: 0.065972 s
[Rank 6] Local SpMV time: 0.065980 s
[Rank 27] Local SpMV time: 0.000155 s
[Rank 22] Local SpMV time: 0.061984 s

-----------------------------------------------------------------------------------------------
  P |  Time(s) | Comp% | Comm% |  GFLOP/s | Speedup |  Eff% | Mem(MiB) | NNZ min | NNZ avg | NNZ max
-----------------------------------------------------------------------------------------------
 32 |   0.0680 |  99.9 | 571.7 |     0.000 |    0.17 |   0.54 |     0.00 |       0 |     37.8 |      77
Global FLOPs per SpMV: 2418

----------------------------------------
np=64, OMP_NUM_THREADS=2
----------------------------------------
[Rank 0] Matrix: 153 x 153, nnz=1288 | 1D cyclic rows over P=64
[Rank 0] Local SpMV time: 0.003937 s
[Rank 1] Local SpMV time: 0.007733 s
[Rank 2] Local SpMV time: 0.000102 s
[Rank 3] Local SpMV time: 0.004062 s
[Rank 8] Local SpMV time: 0.000079 s
[Rank 16] Local SpMV time: 0.000164 s
[Rank 9] Local SpMV time: 0.004066 s
[Rank 32] Local SpMV time: 0.011893 s
[Rank 33] Local SpMV time: 0.000071 s
[Rank 41] Local SpMV time: 0.008024 s
[Rank 34] Local SpMV time: 0.007990 s
[Rank 37] Local SpMV time: 0.000156 s
[Rank 48] Local SpMV time: 0.003947 s
[Rank 18] Local SpMV time: 0.008162 s
[Rank 49] Local SpMV time: 0.004393 s
[Rank 53] Local SpMV time: 0.008557 s
[Rank 24] Local SpMV time: 0.012667 s
[Rank 11] Local SpMV time: 0.008955 s
[Rank 20] Local SpMV time: 0.000200 s
[Rank 17] Local SpMV time: 0.005193 s
[Rank 26] Local SpMV time: 0.004360 s
[Rank 5] Local SpMV time: 0.001413 s
[Rank 12] Local SpMV time: 0.000829 s
[Rank 13] Local SpMV time: 0.001712 s
[Rank 19] Local SpMV time: 0.005951 s
[Rank 4] Local SpMV time: 0.000101 s
[Rank 15] Local SpMV time: 0.002277 s
[Rank 57] Local SpMV time: 0.000066 s
[Rank 40] Local SpMV time: 0.000092 s
[Rank 10] Local SpMV time: 0.003995 s
[Rank 51] Local SpMV time: 0.000075 s
[Rank 6] Local SpMV time: 0.000268 s
[Rank 44] Local SpMV time: 0.007866 s
[Rank 45] Local SpMV time: 0.000065 s
[Rank 36] Local SpMV time: 0.000069 s
[Rank 35] Local SpMV time: 0.001110 s
[Rank 39] Local SpMV time: 0.000108 s
[Rank 28] Local SpMV time: 0.003969 s
[Rank 25] Local SpMV time: 0.000321 s
[Rank 46] Local SpMV time: 0.000265 s
[Rank 27] Local SpMV time: 0.000547 s
[Rank 30] Local SpMV time: 0.004480 s
[Rank 52] Local SpMV time: 0.004874 s
[Rank 43] Local SpMV time: 0.000114 s
[Rank 50] Local SpMV time: 0.001197 s
[Rank 55] Local SpMV time: 0.004293 s
[Rank 54] Local SpMV time: 0.001480 s
[Rank 61] Local SpMV time: 0.004564 s
[Rank 22] Local SpMV time: 0.001760 s
[Rank 56] Local SpMV time: 0.002065 s
[Rank 38] Local SpMV time: 0.006260 s
[Rank 7] Local SpMV time: 0.008073 s
[Rank 42] Local SpMV time: 0.003988 s
[Rank 21] Local SpMV time: 0.004304 s
[Rank 59] Local SpMV time: 0.008014 s
[Rank 14] Local SpMV time: 0.003996 s
[Rank 58] Local SpMV time: 0.000093 s
[Rank 29] Local SpMV time: 0.000104 s
[Rank 23] Local SpMV time: 0.000782 s
[Rank 47] Local SpMV time: 0.000488 s
[Rank 63] Local SpMV time: 0.000066 s
[Rank 60] Local SpMV time: 0.003992 s
[Rank 31] Local SpMV time: 0.004025 s
[Rank 62] Local SpMV time: 0.003990 s

-----------------------------------------------------------------------------------------------
  P |  Time(s) | Comp% | Comm% |  GFLOP/s | Speedup |  Eff% | Mem(MiB) | NNZ min | NNZ avg | NNZ max
-----------------------------------------------------------------------------------------------
 64 |   0.0127 |  99.7 | 6106.0 |     0.000 |    0.93 |   1.45 |     0.00 |       0 |     17.8 |      46
Global FLOPs per SpMV: 2284

----------------------------------------
np=128, OMP_NUM_THREADS=1
----------------------------------------
[Rank 0] Matrix: 153 x 153, nnz=1288 | 1D cyclic rows over P=128
[Rank 0] Local SpMV time: 0.000030 s
[Rank 2] Local SpMV time: 0.000023 s
[Rank 32] Local SpMV time: 0.000018 s
[Rank 8] Local SpMV time: 0.000018 s
[Rank 4] Local SpMV time: 0.000018 s
[Rank 6] Local SpMV time: 0.000020 s
[Rank 10] Local SpMV time: 0.000019 s
[Rank 12] Local SpMV time: 0.000019 s
[Rank 16] Local SpMV time: 0.000021 s
[Rank 40] Local SpMV time: 0.000020 s
[Rank 36] Local SpMV time: 0.000015 s
[Rank 1] Local SpMV time: 0.000023 s
[Rank 38] Local SpMV time: 0.000015 s
[Rank 64] Local SpMV time: 0.000017 s
[Rank 65] Local SpMV time: 0.000016 s
[Rank 42] Local SpMV time: 0.000018 s
[Rank 3] Local SpMV time: 0.000015 s
[Rank 48] Local SpMV time: 0.000020 s
[Rank 14] Local SpMV time: 0.000018 s
[Rank 5] Local SpMV time: 0.000016 s
[Rank 66] Local SpMV time: 0.000019 s
[Rank 80] Local SpMV time: 0.000019 s
[Rank 67] Local SpMV time: 0.000015 s
[Rank 34] Local SpMV time: 0.000018 s
[Rank 68] Local SpMV time: 0.000018 s
[Rank 33] Local SpMV time: 0.000015 s
[Rank 41] Local SpMV time: 0.000016 s
[Rank 50] Local SpMV time: 0.000018 s
[Rank 44] Local SpMV time: 0.000018 s
[Rank 52] Local SpMV time: 0.000018 s
[Rank 35] Local SpMV time: 0.000015 s
[Rank 9] Local SpMV time: 0.000015 s
[Rank 70] Local SpMV time: 0.000016 s
[Rank 20] Local SpMV time: 0.000019 s
[Rank 81] Local SpMV time: 0.000015 s
[Rank 18] Local SpMV time: 0.000018 s
[Rank 82] Local SpMV time: 0.000019 s
[Rank 17] Local SpMV time: 0.000015 s
[Rank 69] Local SpMV time: 0.000013 s
[Rank 54] Local SpMV time: 0.000017 s
[Rank 7] Local SpMV time: 0.000013 s
[Rank 97] Local SpMV time: 0.000014 s
[Rank 43] Local SpMV time: 0.000015 s
[Rank 72] Local SpMV time: 0.000019 s
[Rank 89] Local SpMV time: 0.000015 s
[Rank 24] Local SpMV time: 0.000018 s
[Rank 83] Local SpMV time: 0.000015 s
[Rank 85] Local SpMV time: 0.000015 s
[Rank 45] Local SpMV time: 0.000013 s
[Rank 74] Local SpMV time: 0.000020 s
[Rank 96] Local SpMV time: 0.000015 s
[Rank 19] Local SpMV time: 0.000015 s
[Rank 84] Local SpMV time: 0.000020 s
[Rank 46] Local SpMV time: 0.000018 s
[Rank 71] Local SpMV time: 0.000012 s
[Rank 25] Local SpMV time: 0.000015 s
[Rank 47] Local SpMV time: 0.000013 s
[Rank 73] Local SpMV time: 0.000015 s
[Rank 91] Local SpMV time: 0.000015 s
[Rank 56] Local SpMV time: 0.000019 s
[Rank 22] Local SpMV time: 0.000018 s
[Rank 100] Local SpMV time: 0.000014 s
[Rank 93] Local SpMV time: 0.000016 s
[Rank 37] Local SpMV time: 0.000015 s
[Rank 13] Local SpMV time: 0.000016 s
[Rank 98] Local SpMV time: 0.000026 s
[Rank 60] Local SpMV time: 0.000019 s
[Rank 101] Local SpMV time: 0.000015 s
[Rank 39] Local SpMV time: 0.000015 s
[Rank 112] Local SpMV time: 0.000017 s
[Rank 11] Local SpMV time: 0.000014 s
[Rank 88] Local SpMV time: 0.000015 s
[Rank 27] Local SpMV time: 0.000013 s
[Rank 26] Local SpMV time: 0.000018 s
[Rank 21] Local SpMV time: 0.000015 s
[Rank 28] Local SpMV time: 0.000020 s
[Rank 113] Local SpMV time: 0.000015 s
[Rank 114] Local SpMV time: 0.000019 s
[Rank 49] Local SpMV time: 0.000016 s
[Rank 76] Local SpMV time: 0.000018 s
[Rank 57] Local SpMV time: 0.000015 s
[Rank 95] Local SpMV time: 0.000015 s
[Rank 105] Local SpMV time: 0.000016 s
[Rank 87] Local SpMV time: 0.000013 s
[Rank 58] Local SpMV time: 0.000019 s
[Rank 62] Local SpMV time: 0.000019 s
[Rank 53] Local SpMV time: 0.000016 s
[Rank 103] Local SpMV time: 0.000015 s
[Rank 109] Local SpMV time: 0.000016 s
[Rank 116] Local SpMV time: 0.000019 s
[Rank 51] Local SpMV time: 0.000014 s
[Rank 75] Local SpMV time: 0.000015 s
[Rank 30] Local SpMV time: 0.000019 s
[Rank 99] Local SpMV time: 0.000015 s
[Rank 107] Local SpMV time: 0.000015 s
[Rank 86] Local SpMV time: 0.000019 s
[Rank 78] Local SpMV time: 0.000018 s
[Rank 104] Local SpMV time: 0.000016 s
[Rank 115] Local SpMV time: 0.000017 s
[Rank 111] Local SpMV time: 0.000016 s
[Rank 23] Local SpMV time: 0.000016 s
[Rank 59] Local SpMV time: 0.000015 s
[Rank 90] Local SpMV time: 0.000020 s
[Rank 29] Local SpMV time: 0.000014 s
[Rank 118] Local SpMV time: 0.000018 s
[Rank 120] Local SpMV time: 0.000015 s
[Rank 77] Local SpMV time: 0.000013 s
[Rank 102] Local SpMV time: 0.000020 s
[Rank 92] Local SpMV time: 0.000015 s
[Rank 15] Local SpMV time: 0.000016 s
[Rank 106] Local SpMV time: 0.000022 s
[Rank 122] Local SpMV time: 0.000019 s
[Rank 117] Local SpMV time: 0.000015 s
[Rank 55] Local SpMV time: 0.000012 s
[Rank 108] Local SpMV time: 0.000020 s
[Rank 61] Local SpMV time: 0.000012 s
[Rank 121] Local SpMV time: 0.000015 s
[Rank 119] Local SpMV time: 0.000015 s
[Rank 94] Local SpMV time: 0.000029 s
[Rank 31] Local SpMV time: 0.000013 s
[Rank 124] Local SpMV time: 0.000015 s
[Rank 125] Local SpMV time: 0.000012 s
[Rank 126] Local SpMV time: 0.000020 s
[Rank 79] Local SpMV time: 0.000015 s
[Rank 110] Local SpMV time: 0.000021 s
[Rank 123] Local SpMV time: 0.000015 s
[Rank 63] Local SpMV time: 0.000013 s
[Rank 127] Local SpMV time: 0.000016 s

-----------------------------------------------------------------------------------------------
  P |  Time(s) | Comp% | Comm% |  GFLOP/s | Speedup |  Eff% | Mem(MiB) | NNZ min | NNZ avg | NNZ max
-----------------------------------------------------------------------------------------------
128 |   0.0001 |  36.1 | 2479261.6 |     0.012 |  141.81 | 110.79 |     0.00 |       0 |      4.0 |      39
Global FLOPs per SpMV: 1018

