Strong scaling results for dataset20mfeatpixel_10NN.mtx
Date: Fri Jan  2 14:59:37 CET 2026
----------------------------------------

[Rank 0] Matrix: 2000 x 2000, nnz=13966 | 1D cyclic rows over P=1
[Rank 0] Local SpMV time: 0.001975 s

-----------------------------------------------------------------------------------------------
  P |  Time(s) | Comp% | Comm% |  GFLOP/s | Speedup |  Eff% | Mem(MiB) | NNZ min | NNZ avg | NNZ max
-----------------------------------------------------------------------------------------------
  1 |   0.0020 |  98.3 |   0.4 |     0.028 |    N/A   |   N/A  |     0.78 |   27932 |  27932.0 |   27932
Global FLOPs per SpMV: 55864
BASELINE_T1=0.0020

----------------------------------------
np=2, OMP_NUM_THREADS=64
----------------------------------------
[Rank 0] Matrix: 2000 x 2000, nnz=13966 | 1D cyclic rows over P=2
[Rank 0] Local SpMV time: 0.001452 s
[Rank 1] Local SpMV time: 0.001536 s

-----------------------------------------------------------------------------------------------
  P |  Time(s) | Comp% | Comm% |  GFLOP/s | Speedup |  Eff% | Mem(MiB) | NNZ min | NNZ avg | NNZ max
-----------------------------------------------------------------------------------------------
  2 |   0.0019 |  79.1 |  27.1 |     0.017 |    1.03 |  51.51 |     0.28 |    6810 |   8128.0 |    9446
Global FLOPs per SpMV: 32512

----------------------------------------
np=4, OMP_NUM_THREADS=32
----------------------------------------
[Rank 0] Matrix: 2000 x 2000, nnz=13966 | 1D cyclic rows over P=4
[Rank 0] Local SpMV time: 0.000782 s
[Rank 1] Local SpMV time: 0.000749 s
[Rank 2] Local SpMV time: 0.000778 s
[Rank 3] Local SpMV time: 0.013693 s

-----------------------------------------------------------------------------------------------
  P |  Time(s) | Comp% | Comm% |  GFLOP/s | Speedup |  Eff% | Mem(MiB) | NNZ min | NNZ avg | NNZ max
-----------------------------------------------------------------------------------------------
  4 |   0.0137 |  99.8 | 373.8 |     0.002 |    0.15 |   3.65 |     0.10 |    1685 |   2620.2 |    3068
Global FLOPs per SpMV: 20962

----------------------------------------
np=8, OMP_NUM_THREADS=16
----------------------------------------
[Rank 0] Matrix: 2000 x 2000, nnz=13966 | 1D cyclic rows over P=8
[Rank 1] Local SpMV time: 0.000413 s
[Rank 5] Local SpMV time: 0.009439 s
[Rank 0] Local SpMV time: 0.000401 s
[Rank 4] Local SpMV time: 0.000383 s
[Rank 2] Local SpMV time: 0.000376 s
[Rank 3] Local SpMV time: 0.022569 s
[Rank 7] Local SpMV time: 0.018001 s
[Rank 6] Local SpMV time: 0.007171 s

-----------------------------------------------------------------------------------------------
  P |  Time(s) | Comp% | Comm% |  GFLOP/s | Speedup |  Eff% | Mem(MiB) | NNZ min | NNZ avg | NNZ max
-----------------------------------------------------------------------------------------------
  8 |   0.0352 |  64.1 | 217.6 |     0.000 |    0.06 |   0.71 |     0.05 |     435 |    923.0 |    1097
Global FLOPs per SpMV: 14768

----------------------------------------
np=16, OMP_NUM_THREADS=8
----------------------------------------
[Rank 0] Matrix: 2000 x 2000, nnz=13966 | 1D cyclic rows over P=16
[Rank 0] Local SpMV time: 0.003861 s
[Rank 3] Local SpMV time: 0.000241 s
[Rank 2] Local SpMV time: 0.000347 s
[Rank 4] Local SpMV time: 0.000609 s
[Rank 6] Local SpMV time: 0.000904 s
[Rank 8] Local SpMV time: 0.000338 s
[Rank 12] Local SpMV time: 0.004484 s
[Rank 1] Local SpMV time: 0.043719 s
[Rank 5] Local SpMV time: 0.031971 s
[Rank 14] Local SpMV time: 0.000379 s
[Rank 9] Local SpMV time: 0.031981 s
[Rank 10] Local SpMV time: 0.004626 s
[Rank 11] Local SpMV time: 0.035174 s
[Rank 13] Local SpMV time: 0.035945 s
[Rank 7] Local SpMV time: 0.031995 s
[Rank 15] Local SpMV time: 0.031639 s

-----------------------------------------------------------------------------------------------
  P |  Time(s) | Comp% | Comm% |  GFLOP/s | Speedup |  Eff% | Mem(MiB) | NNZ min | NNZ avg | NNZ max
-----------------------------------------------------------------------------------------------
 16 |   0.0438 |  99.8 | 292.3 |     0.000 |    0.05 |   0.29 |     0.03 |     119 |    358.6 |     453
Global FLOPs per SpMV: 11474

----------------------------------------
np=32, OMP_NUM_THREADS=4
----------------------------------------
[Rank 0] Matrix: 2000 x 2000, nnz=13966 | 1D cyclic rows over P=32
[Rank 1] Local SpMV time: 0.000205 s
[Rank 11] Local SpMV time: 0.000172 s
[Rank 2] Local SpMV time: 0.000165 s
[Rank 0] Local SpMV time: 0.004705 s
[Rank 9] Local SpMV time: 0.049923 s
[Rank 3] Local SpMV time: 0.067991 s
[Rank 4] Local SpMV time: 0.000169 s
[Rank 8] Local SpMV time: 0.000427 s
[Rank 6] Local SpMV time: 0.004090 s
[Rank 5] Local SpMV time: 0.058985 s
[Rank 7] Local SpMV time: 0.062247 s
[Rank 13] Local SpMV time: 0.062980 s
[Rank 16] Local SpMV time: 0.000155 s
[Rank 15] Local SpMV time: 0.062994 s
[Rank 17] Local SpMV time: 0.063961 s
[Rank 24] Local SpMV time: 0.000195 s
[Rank 10] Local SpMV time: 0.000481 s
[Rank 29] Local SpMV time: 0.003635 s
[Rank 21] Local SpMV time: 0.071984 s
[Rank 19] Local SpMV time: 0.068991 s
[Rank 25] Local SpMV time: 0.054973 s
[Rank 20] Local SpMV time: 0.005526 s
[Rank 23] Local SpMV time: 0.069993 s
[Rank 22] Local SpMV time: 0.002060 s
[Rank 26] Local SpMV time: 0.008052 s
[Rank 30] Local SpMV time: 0.000158 s
[Rank 31] Local SpMV time: 0.000185 s
[Rank 18] Local SpMV time: 0.060937 s
[Rank 12] Local SpMV time: 0.068985 s
[Rank 14] Local SpMV time: 0.072892 s
[Rank 28] Local SpMV time: 0.068986 s
[Rank 27] Local SpMV time: 0.063990 s

-----------------------------------------------------------------------------------------------
  P |  Time(s) | Comp% | Comm% |  GFLOP/s | Speedup |  Eff% | Mem(MiB) | NNZ min | NNZ avg | NNZ max
-----------------------------------------------------------------------------------------------
 32 |   0.1330 |  54.8 | 282.5 |     0.000 |    0.02 |   0.05 |     0.02 |      22 |    156.3 |     198
Global FLOPs per SpMV: 10004

----------------------------------------
np=64, OMP_NUM_THREADS=2
----------------------------------------
[Rank 0] Matrix: 2000 x 2000, nnz=13966 | 1D cyclic rows over P=64
[Rank 1] Local SpMV time: 0.007976 s
[Rank 3] Local SpMV time: 0.000113 s
[Rank 5] Local SpMV time: 0.000125 s
[Rank 7] Local SpMV time: 0.016011 s
[Rank 0] Local SpMV time: 0.000138 s
[Rank 35] Local SpMV time: 0.008070 s
[Rank 33] Local SpMV time: 0.020036 s
[Rank 16] Local SpMV time: 0.000098 s
[Rank 6] Local SpMV time: 0.004001 s
[Rank 4] Local SpMV time: 0.008002 s
[Rank 32] Local SpMV time: 0.000145 s
[Rank 15] Local SpMV time: 0.001523 s
[Rank 21] Local SpMV time: 0.001604 s
[Rank 8] Local SpMV time: 0.000104 s
[Rank 11] Local SpMV time: 0.000184 s
[Rank 20] Local SpMV time: 0.000193 s
[Rank 19] Local SpMV time: 0.000539 s
[Rank 18] Local SpMV time: 0.000111 s
[Rank 57] Local SpMV time: 0.004056 s
[Rank 24] Local SpMV time: 0.000114 s
[Rank 40] Local SpMV time: 0.000316 s
[Rank 48] Local SpMV time: 0.000057 s
[Rank 9] Local SpMV time: 0.127975 s
[Rank 52] Local SpMV time: 0.000358 s
[Rank 54] Local SpMV time: 0.000372 s
[Rank 37] Local SpMV time: 0.004121 s
[Rank 26] Local SpMV time: 0.000589 s
[Rank 51] Local SpMV time: 0.008144 s
[Rank 10] Local SpMV time: 0.000779 s
[Rank 34] Local SpMV time: 0.000879 s
[Rank 23] Local SpMV time: 0.000166 s
[Rank 12] Local SpMV time: 0.001037 s
[Rank 25] Local SpMV time: 0.006468 s
[Rank 2] Local SpMV time: 0.004049 s
[Rank 45] Local SpMV time: 0.012120 s
[Rank 42] Local SpMV time: 0.000060 s
[Rank 43] Local SpMV time: 0.004703 s
[Rank 39] Local SpMV time: 0.000787 s
[Rank 49] Local SpMV time: 0.129040 s
[Rank 22] Local SpMV time: 0.000098 s
[Rank 61] Local SpMV time: 0.004930 s
[Rank 36] Local SpMV time: 0.000139 s
[Rank 13] Local SpMV time: 0.133006 s
[Rank 17] Local SpMV time: 0.129973 s
[Rank 44] Local SpMV time: 0.000113 s
[Rank 29] Local SpMV time: 0.000134 s
[Rank 56] Local SpMV time: 0.004174 s
[Rank 14] Local SpMV time: 0.000330 s
[Rank 41] Local SpMV time: 0.098946 s
[Rank 60] Local SpMV time: 0.000050 s
[Rank 55] Local SpMV time: 0.000115 s
[Rank 28] Local SpMV time: 0.000179 s
[Rank 38] Local SpMV time: 0.000359 s
[Rank 31] Local SpMV time: 0.004743 s
[Rank 47] Local SpMV time: 0.000880 s
[Rank 50] Local SpMV time: 0.004012 s
[Rank 59] Local SpMV time: 0.126990 s
[Rank 58] Local SpMV time: 0.000048 s
[Rank 53] Local SpMV time: 0.135022 s
[Rank 46] Local SpMV time: 0.004006 s
[Rank 63] Local SpMV time: 0.004016 s
[Rank 27] Local SpMV time: 0.004109 s
[Rank 62] Local SpMV time: 0.000053 s
[Rank 30] Local SpMV time: 0.004064 s

-----------------------------------------------------------------------------------------------
  P |  Time(s) | Comp% | Comm% |  GFLOP/s | Speedup |  Eff% | Mem(MiB) | NNZ min | NNZ avg | NNZ max
-----------------------------------------------------------------------------------------------
 64 |   0.2631 |  51.3 | 293.4 |     0.000 |    0.01 |   0.01 |     0.02 |       7 |     70.3 |     111
Global FLOPs per SpMV: 9002

----------------------------------------
np=128, OMP_NUM_THREADS=1
----------------------------------------
[Rank 0] Matrix: 2000 x 2000, nnz=13966 | 1D cyclic rows over P=128
[Rank 1] Local SpMV time: 0.000022 s
[Rank 0] Local SpMV time: 0.000023 s
[Rank 3] Local SpMV time: 0.000016 s
[Rank 64] Local SpMV time: 0.000016 s
[Rank 33] Local SpMV time: 0.000016 s
[Rank 37] Local SpMV time: 0.000015 s
[Rank 17] Local SpMV time: 0.000013 s
[Rank 66] Local SpMV time: 0.000014 s
[Rank 68] Local SpMV time: 0.000017 s
[Rank 9] Local SpMV time: 0.000016 s
[Rank 5] Local SpMV time: 0.000013 s
[Rank 96] Local SpMV time: 0.000016 s
[Rank 25] Local SpMV time: 0.000014 s
[Rank 35] Local SpMV time: 0.000015 s
[Rank 100] Local SpMV time: 0.000014 s
[Rank 80] Local SpMV time: 0.000014 s
[Rank 13] Local SpMV time: 0.000014 s
[Rank 2] Local SpMV time: 0.000015 s
[Rank 32] Local SpMV time: 0.000013 s
[Rank 15] Local SpMV time: 0.000016 s
[Rank 8] Local SpMV time: 0.000016 s
[Rank 65] Local SpMV time: 0.000016 s
[Rank 104] Local SpMV time: 0.000014 s
[Rank 73] Local SpMV time: 0.000016 s
[Rank 72] Local SpMV time: 0.000016 s
[Rank 97] Local SpMV time: 0.000014 s
[Rank 82] Local SpMV time: 0.000015 s
[Rank 10] Local SpMV time: 0.000015 s
[Rank 21] Local SpMV time: 0.000013 s
[Rank 76] Local SpMV time: 0.000015 s
[Rank 41] Local SpMV time: 0.000015 s
[Rank 19] Local SpMV time: 0.000016 s
[Rank 74] Local SpMV time: 0.000014 s
[Rank 16] Local SpMV time: 0.000015 s
[Rank 75] Local SpMV time: 0.000015 s
[Rank 4] Local SpMV time: 0.000015 s
[Rank 40] Local SpMV time: 0.000015 s
[Rank 12] Local SpMV time: 0.000016 s
[Rank 39] Local SpMV time: 0.000017 s
[Rank 18] Local SpMV time: 0.000015 s
[Rank 23] Local SpMV time: 0.000014 s
[Rank 49] Local SpMV time: 0.000014 s
[Rank 88] Local SpMV time: 0.000016 s
[Rank 70] Local SpMV time: 0.000015 s
[Rank 20] Local SpMV time: 0.000016 s
[Rank 105] Local SpMV time: 0.000015 s
[Rank 106] Local SpMV time: 0.000016 s
[Rank 42] Local SpMV time: 0.000014 s
[Rank 43] Local SpMV time: 0.000014 s
[Rank 11] Local SpMV time: 0.000013 s
[Rank 24] Local SpMV time: 0.000015 s
[Rank 34] Local SpMV time: 0.000015 s
[Rank 7] Local SpMV time: 0.000016 s
[Rank 28] Local SpMV time: 0.000015 s
[Rank 48] Local SpMV time: 0.000015 s
[Rank 26] Local SpMV time: 0.000014 s
[Rank 102] Local SpMV time: 0.000016 s
[Rank 51] Local SpMV time: 0.000013 s
[Rank 81] Local SpMV time: 0.000015 s
[Rank 27] Local SpMV time: 0.000016 s
[Rank 98] Local SpMV time: 0.000015 s
[Rank 109] Local SpMV time: 0.000014 s
[Rank 108] Local SpMV time: 0.000016 s
[Rank 85] Local SpMV time: 0.000015 s
[Rank 113] Local SpMV time: 0.000014 s
[Rank 36] Local SpMV time: 0.000014 s
[Rank 112] Local SpMV time: 0.000013 s
[Rank 53] Local SpMV time: 0.000013 s
[Rank 78] Local SpMV time: 0.000016 s
[Rank 56] Local SpMV time: 0.000015 s
[Rank 77] Local SpMV time: 0.000015 s
[Rank 38] Local SpMV time: 0.000015 s
[Rank 29] Local SpMV time: 0.000015 s
[Rank 52] Local SpMV time: 0.000013 s
[Rank 111] Local SpMV time: 0.000013 s
[Rank 84] Local SpMV time: 0.000015 s
[Rank 87] Local SpMV time: 0.000016 s
[Rank 54] Local SpMV time: 0.000015 s
[Rank 115] Local SpMV time: 0.000015 s
[Rank 60] Local SpMV time: 0.000015 s
[Rank 90] Local SpMV time: 0.000013 s
[Rank 92] Local SpMV time: 0.000015 s
[Rank 110] Local SpMV time: 0.000014 s
[Rank 62] Local SpMV time: 0.000014 s
[Rank 83] Local SpMV time: 0.000015 s
[Rank 67] Local SpMV time: 0.000013 s
[Rank 6] Local SpMV time: 0.000015 s
[Rank 69] Local SpMV time: 0.000015 s
[Rank 14] Local SpMV time: 0.000015 s
[Rank 99] Local SpMV time: 0.000016 s
[Rank 114] Local SpMV time: 0.000016 s
[Rank 44] Local SpMV time: 0.000015 s
[Rank 101] Local SpMV time: 0.000014 s
[Rank 57] Local SpMV time: 0.000015 s
[Rank 45] Local SpMV time: 0.000014 s
[Rank 22] Local SpMV time: 0.000016 s
[Rank 117] Local SpMV time: 0.000013 s
[Rank 30] Local SpMV time: 0.000015 s
[Rank 89] Local SpMV time: 0.000016 s
[Rank 121] Local SpMV time: 0.000015 s
[Rank 79] Local SpMV time: 0.000014 s
[Rank 107] Local SpMV time: 0.000013 s
[Rank 123] Local SpMV time: 0.000016 s
[Rank 58] Local SpMV time: 0.000016 s
[Rank 31] Local SpMV time: 0.000016 s
[Rank 55] Local SpMV time: 0.000015 s
[Rank 94] Local SpMV time: 0.000013 s
[Rank 120] Local SpMV time: 0.000015 s
[Rank 50] Local SpMV time: 0.000014 s
[Rank 93] Local SpMV time: 0.000013 s
[Rank 119] Local SpMV time: 0.000015 s
[Rank 86] Local SpMV time: 0.000015 s
[Rank 61] Local SpMV time: 0.000016 s
[Rank 46] Local SpMV time: 0.000015 s
[Rank 47] Local SpMV time: 0.000015 s
[Rank 116] Local SpMV time: 0.000013 s
[Rank 71] Local SpMV time: 0.000015 s
[Rank 122] Local SpMV time: 0.000015 s
[Rank 59] Local SpMV time: 0.000015 s
[Rank 95] Local SpMV time: 0.000015 s
[Rank 91] Local SpMV time: 0.000014 s
[Rank 103] Local SpMV time: 0.000013 s
[Rank 125] Local SpMV time: 0.000013 s
[Rank 127] Local SpMV time: 0.000015 s
[Rank 118] Local SpMV time: 0.000014 s
[Rank 124] Local SpMV time: 0.000015 s
[Rank 63] Local SpMV time: 0.000017 s
[Rank 126] Local SpMV time: 0.000015 s

-----------------------------------------------------------------------------------------------
  P |  Time(s) | Comp% | Comm% |  GFLOP/s | Speedup |  Eff% | Mem(MiB) | NNZ min | NNZ avg | NNZ max
-----------------------------------------------------------------------------------------------
128 |   0.2600 |   0.0 | 789.5 |     0.000 |    0.01 |   0.01 |     0.02 |       0 |     34.4 |      72
Global FLOPs per SpMV: 8800

