Strong scaling results for nemeth19.mtx
Date: Fri Jan  2 15:04:57 CET 2026
----------------------------------------

[Rank 0] Matrix: 9506 x 9506, nnz=413904 | 1D cyclic rows over P=1
[Rank 0] Local SpMV time: 0.012392 s

-----------------------------------------------------------------------------------------------
  P |  Time(s) | Comp% | Comm% |  GFLOP/s | Speedup |  Eff% | Mem(MiB) | NNZ min | NNZ avg | NNZ max
-----------------------------------------------------------------------------------------------
  1 |   0.0125 |  99.3 |   0.2 |     0.131 |    N/A   |   N/A  |    22.03 |  818302 | 818302.0 |  818302
Global FLOPs per SpMV: 1636604
BASELINE_T1=0.0125

----------------------------------------
np=2, OMP_NUM_THREADS=64
----------------------------------------
[Rank 0] Matrix: 9506 x 9506, nnz=413904 | 1D cyclic rows over P=2
[Rank 1] Local SpMV time: 0.003100 s
[Rank 0] Local SpMV time: 0.017407 s

-----------------------------------------------------------------------------------------------
  P |  Time(s) | Comp% | Comm% |  GFLOP/s | Speedup |  Eff% | Mem(MiB) | NNZ min | NNZ avg | NNZ max
-----------------------------------------------------------------------------------------------
  2 |   0.0175 |  99.6 |   6.7 |     0.047 |    0.72 |  35.76 |     5.69 |  202860 | 205534.5 |  208209
Global FLOPs per SpMV: 822138

----------------------------------------
np=4, OMP_NUM_THREADS=32
----------------------------------------
[Rank 0] Matrix: 9506 x 9506, nnz=413904 | 1D cyclic rows over P=4
[Rank 0] Local SpMV time: 0.005382 s
[Rank 1] Local SpMV time: 0.002224 s
[Rank 2] Local SpMV time: 0.017644 s
[Rank 3] Local SpMV time: 0.002026 s

-----------------------------------------------------------------------------------------------
  P |  Time(s) | Comp% | Comm% |  GFLOP/s | Speedup |  Eff% | Mem(MiB) | NNZ min | NNZ avg | NNZ max
-----------------------------------------------------------------------------------------------
  4 |   0.0318 |  55.5 | 125.1 |     0.013 |    0.39 |   9.83 |     1.52 |   50689 |  51907.2 |   53332
Global FLOPs per SpMV: 415258

----------------------------------------
np=8, OMP_NUM_THREADS=16
----------------------------------------
[Rank 0] Matrix: 9506 x 9506, nnz=413904 | 1D cyclic rows over P=8
[Rank 1] Local SpMV time: 0.001183 s
[Rank 0] Local SpMV time: 0.001251 s
[Rank 2] Local SpMV time: 0.001205 s
[Rank 4] Local SpMV time: 0.001411 s
[Rank 5] Local SpMV time: 0.021935 s
[Rank 6] Local SpMV time: 0.001222 s
[Rank 3] Local SpMV time: 0.026340 s
[Rank 7] Local SpMV time: 0.048968 s

-----------------------------------------------------------------------------------------------
  P |  Time(s) | Comp% | Comm% |  GFLOP/s | Speedup |  Eff% | Mem(MiB) | NNZ min | NNZ avg | NNZ max
-----------------------------------------------------------------------------------------------
  8 |   0.0960 |  51.0 | 179.7 |     0.002 |    0.13 |   1.63 |     0.46 |   12681 |  13246.5 |   14002
Global FLOPs per SpMV: 211944

----------------------------------------
np=16, OMP_NUM_THREADS=8
----------------------------------------
[Rank 0] Matrix: 9506 x 9506, nnz=413904 | 1D cyclic rows over P=16
[Rank 0] Local SpMV time: 0.000840 s
[Rank 1] Local SpMV time: 0.001080 s
[Rank 8] Local SpMV time: 0.000945 s
[Rank 12] Local SpMV time: 0.001507 s
[Rank 3] Local SpMV time: 0.001054 s
[Rank 2] Local SpMV time: 0.001964 s
[Rank 10] Local SpMV time: 0.006237 s
[Rank 4] Local SpMV time: 0.002733 s
[Rank 9] Local SpMV time: 0.006056 s
[Rank 6] Local SpMV time: 0.007034 s
[Rank 11] Local SpMV time: 0.010445 s
[Rank 13] Local SpMV time: 0.000530 s
[Rank 7] Local SpMV time: 0.004700 s
[Rank 5] Local SpMV time: 0.031904 s
[Rank 14] Local SpMV time: 0.031942 s
[Rank 15] Local SpMV time: 0.000370 s

-----------------------------------------------------------------------------------------------
  P |  Time(s) | Comp% | Comm% |  GFLOP/s | Speedup |  Eff% | Mem(MiB) | NNZ min | NNZ avg | NNZ max
-----------------------------------------------------------------------------------------------
 16 |   0.1281 |  24.9 | 198.6 |     0.001 |    0.10 |   0.61 |     0.18 |    3188 |   3443.1 |    3753
Global FLOPs per SpMV: 110178

----------------------------------------
np=32, OMP_NUM_THREADS=4
----------------------------------------
[Rank 0] Matrix: 9506 x 9506, nnz=413904 | 1D cyclic rows over P=32
[Rank 1] Local SpMV time: 0.000290 s
[Rank 4] Local SpMV time: 0.004695 s
[Rank 8] Local SpMV time: 0.008426 s
[Rank 18] Local SpMV time: 0.012624 s
[Rank 10] Local SpMV time: 0.001097 s
[Rank 24] Local SpMV time: 0.005231 s
[Rank 17] Local SpMV time: 0.063937 s
[Rank 0] Local SpMV time: 0.063991 s
[Rank 25] Local SpMV time: 0.063956 s
[Rank 26] Local SpMV time: 0.001956 s
[Rank 29] Local SpMV time: 0.063953 s
[Rank 2] Local SpMV time: 0.068131 s
[Rank 19] Local SpMV time: 0.063750 s
[Rank 28] Local SpMV time: 0.006502 s
[Rank 21] Local SpMV time: 0.071860 s
[Rank 3] Local SpMV time: 0.067939 s
[Rank 20] Local SpMV time: 0.000707 s
[Rank 31] Local SpMV time: 0.063945 s
[Rank 6] Local SpMV time: 0.001044 s
[Rank 5] Local SpMV time: 0.063944 s
[Rank 16] Local SpMV time: 0.063908 s
[Rank 23] Local SpMV time: 0.063958 s
[Rank 30] Local SpMV time: 0.002817 s
[Rank 12] Local SpMV time: 0.006963 s
[Rank 9] Local SpMV time: 0.063939 s
[Rank 14] Local SpMV time: 0.008533 s
[Rank 7] Local SpMV time: 0.068954 s
[Rank 22] Local SpMV time: 0.007991 s
[Rank 13] Local SpMV time: 0.063931 s
[Rank 15] Local SpMV time: 0.067837 s
[Rank 11] Local SpMV time: 0.063955 s
[Rank 27] Local SpMV time: 0.135868 s

-----------------------------------------------------------------------------------------------
  P |  Time(s) | Comp% | Comm% |  GFLOP/s | Speedup |  Eff% | Mem(MiB) | NNZ min | NNZ avg | NNZ max
-----------------------------------------------------------------------------------------------
 32 |   0.3882 |  35.0 | 164.6 |     0.000 |    0.03 |   0.10 |     0.10 |     776 |    927.3 |    1038
Global FLOPs per SpMV: 59350

----------------------------------------
np=64, OMP_NUM_THREADS=2
----------------------------------------
[Rank 0] Matrix: 9506 x 9506, nnz=413904 | 1D cyclic rows over P=64
[Rank 1] Local SpMV time: 0.000162 s
[Rank 33] Local SpMV time: 0.000194 s
[Rank 37] Local SpMV time: 0.020072 s
[Rank 0] Local SpMV time: 0.007996 s
[Rank 3] Local SpMV time: 0.032139 s
[Rank 2] Local SpMV time: 0.003981 s
[Rank 5] Local SpMV time: 0.010674 s
[Rank 41] Local SpMV time: 0.012008 s
[Rank 8] Local SpMV time: 0.003935 s
[Rank 10] Local SpMV time: 0.001227 s
[Rank 17] Local SpMV time: 0.003997 s
[Rank 35] Local SpMV time: 0.000322 s
[Rank 39] Local SpMV time: 0.004553 s
[Rank 11] Local SpMV time: 0.001168 s
[Rank 32] Local SpMV time: 0.007936 s
[Rank 49] Local SpMV time: 0.000224 s
[Rank 51] Local SpMV time: 0.004435 s
[Rank 36] Local SpMV time: 0.003921 s
[Rank 34] Local SpMV time: 0.007942 s
[Rank 61] Local SpMV time: 0.003935 s
[Rank 21] Local SpMV time: 0.012115 s
[Rank 4] Local SpMV time: 0.004067 s
[Rank 57] Local SpMV time: 0.006695 s
[Rank 16] Local SpMV time: 0.004365 s
[Rank 25] Local SpMV time: 0.010934 s
[Rank 20] Local SpMV time: 0.000644 s
[Rank 19] Local SpMV time: 0.012126 s
[Rank 43] Local SpMV time: 0.012606 s
[Rank 47] Local SpMV time: 0.004848 s
[Rank 7] Local SpMV time: 0.007953 s
[Rank 40] Local SpMV time: 0.007939 s
[Rank 48] Local SpMV time: 0.000230 s
[Rank 15] Local SpMV time: 0.013145 s
[Rank 45] Local SpMV time: 0.024043 s
[Rank 12] Local SpMV time: 0.004392 s
[Rank 13] Local SpMV time: 0.020068 s
[Rank 38] Local SpMV time: 0.004819 s
[Rank 22] Local SpMV time: 0.000079 s
[Rank 9] Local SpMV time: 0.139902 s
[Rank 63] Local SpMV time: 0.000255 s
[Rank 44] Local SpMV time: 0.000198 s
[Rank 52] Local SpMV time: 0.004356 s
[Rank 42] Local SpMV time: 0.000795 s
[Rank 53] Local SpMV time: 0.000200 s
[Rank 29] Local SpMV time: 0.004121 s
[Rank 56] Local SpMV time: 0.000299 s
[Rank 46] Local SpMV time: 0.004468 s
[Rank 27] Local SpMV time: 0.006438 s
[Rank 24] Local SpMV time: 0.008646 s
[Rank 23] Local SpMV time: 0.003943 s
[Rank 6] Local SpMV time: 0.003956 s
[Rank 60] Local SpMV time: 0.003938 s
[Rank 55] Local SpMV time: 0.008163 s
[Rank 58] Local SpMV time: 0.000241 s
[Rank 31] Local SpMV time: 0.004498 s
[Rank 18] Local SpMV time: 0.003958 s
[Rank 59] Local SpMV time: 0.007969 s
[Rank 50] Local SpMV time: 0.000182 s
[Rank 14] Local SpMV time: 0.007848 s
[Rank 26] Local SpMV time: 0.000197 s
[Rank 54] Local SpMV time: 0.004355 s
[Rank 28] Local SpMV time: 0.000117 s
[Rank 62] Local SpMV time: 0.003946 s
[Rank 30] Local SpMV time: 0.000111 s

-----------------------------------------------------------------------------------------------
  P |  Time(s) | Comp% | Comm% |  GFLOP/s | Speedup |  Eff% | Mem(MiB) | NNZ min | NNZ avg | NNZ max
-----------------------------------------------------------------------------------------------
 64 |   0.8045 |  17.4 | 175.2 |     0.000 |    0.02 |   0.02 |     0.08 |     212 |    264.7 |     324
Global FLOPs per SpMV: 33880

----------------------------------------
np=128, OMP_NUM_THREADS=1
----------------------------------------
[Rank 0] Matrix: 9506 x 9506, nnz=413904 | 1D cyclic rows over P=128
[Rank 1] Local SpMV time: 0.000033 s
[Rank 3] Local SpMV time: 0.000025 s
[Rank 17] Local SpMV time: 0.000023 s
[Rank 33] Local SpMV time: 0.000022 s
[Rank 35] Local SpMV time: 0.000031 s
[Rank 49] Local SpMV time: 0.000034 s
[Rank 19] Local SpMV time: 0.000025 s
[Rank 65] Local SpMV time: 0.000018 s
[Rank 0] Local SpMV time: 0.000040 s
[Rank 9] Local SpMV time: 0.000026 s
[Rank 81] Local SpMV time: 0.000024 s
[Rank 2] Local SpMV time: 0.000030 s
[Rank 41] Local SpMV time: 0.000026 s
[Rank 51] Local SpMV time: 0.000019 s
[Rank 83] Local SpMV time: 0.000026 s
[Rank 21] Local SpMV time: 0.000021 s
[Rank 73] Local SpMV time: 0.000026 s
[Rank 43] Local SpMV time: 0.000020 s
[Rank 16] Local SpMV time: 0.000023 s
[Rank 5] Local SpMV time: 0.000021 s
[Rank 20] Local SpMV time: 0.000021 s
[Rank 25] Local SpMV time: 0.000023 s
[Rank 22] Local SpMV time: 0.000023 s
[Rank 37] Local SpMV time: 0.000021 s
[Rank 4] Local SpMV time: 0.000021 s
[Rank 75] Local SpMV time: 0.000026 s
[Rank 77] Local SpMV time: 0.000023 s
[Rank 57] Local SpMV time: 0.000024 s
[Rank 89] Local SpMV time: 0.000024 s
[Rank 85] Local SpMV time: 0.000019 s
[Rank 8] Local SpMV time: 0.000030 s
[Rank 13] Local SpMV time: 0.000021 s
[Rank 53] Local SpMV time: 0.000020 s
[Rank 15] Local SpMV time: 0.000025 s
[Rank 23] Local SpMV time: 0.000026 s
[Rank 6] Local SpMV time: 0.000027 s
[Rank 55] Local SpMV time: 0.000027 s
[Rank 24] Local SpMV time: 0.000021 s
[Rank 11] Local SpMV time: 0.000018 s
[Rank 97] Local SpMV time: 0.000025 s
[Rank 69] Local SpMV time: 0.000020 s
[Rank 59] Local SpMV time: 0.000025 s
[Rank 67] Local SpMV time: 0.000025 s
[Rank 64] Local SpMV time: 0.000029 s
[Rank 18] Local SpMV time: 0.000024 s
[Rank 96] Local SpMV time: 0.000022 s
[Rank 99] Local SpMV time: 0.000028 s
[Rank 105] Local SpMV time: 0.000019 s
[Rank 32] Local SpMV time: 0.000026 s
[Rank 45] Local SpMV time: 0.000020 s
[Rank 113] Local SpMV time: 0.000020 s
[Rank 79] Local SpMV time: 0.000026 s
[Rank 7] Local SpMV time: 0.000025 s
[Rank 12] Local SpMV time: 0.000026 s
[Rank 71] Local SpMV time: 0.000025 s
[Rank 72] Local SpMV time: 0.000021 s
[Rank 39] Local SpMV time: 0.000025 s
[Rank 27] Local SpMV time: 0.000020 s
[Rank 34] Local SpMV time: 0.000025 s
[Rank 107] Local SpMV time: 0.000019 s
[Rank 10] Local SpMV time: 0.000022 s
[Rank 104] Local SpMV time: 0.000023 s
[Rank 29] Local SpMV time: 0.000021 s
[Rank 100] Local SpMV time: 0.000021 s
[Rank 93] Local SpMV time: 0.000022 s
[Rank 36] Local SpMV time: 0.000020 s
[Rank 61] Local SpMV time: 0.000021 s
[Rank 109] Local SpMV time: 0.000021 s
[Rank 91] Local SpMV time: 0.000027 s
[Rank 14] Local SpMV time: 0.000027 s
[Rank 40] Local SpMV time: 0.000024 s
[Rank 101] Local SpMV time: 0.000019 s
[Rank 74] Local SpMV time: 0.000024 s
[Rank 111] Local SpMV time: 0.000026 s
[Rank 106] Local SpMV time: 0.000023 s
[Rank 48] Local SpMV time: 0.000023 s
[Rank 66] Local SpMV time: 0.000024 s
[Rank 87] Local SpMV time: 0.000026 s
[Rank 28] Local SpMV time: 0.000025 s
[Rank 80] Local SpMV time: 0.000023 s
[Rank 108] Local SpMV time: 0.000018 s
[Rank 95] Local SpMV time: 0.000025 s
[Rank 84] Local SpMV time: 0.000017 s
[Rank 121] Local SpMV time: 0.000026 s
[Rank 26] Local SpMV time: 0.000023 s
[Rank 123] Local SpMV time: 0.000019 s
[Rank 110] Local SpMV time: 0.000022 s
[Rank 63] Local SpMV time: 0.000024 s
[Rank 31] Local SpMV time: 0.000024 s
[Rank 82] Local SpMV time: 0.000021 s
[Rank 50] Local SpMV time: 0.000023 s
[Rank 68] Local SpMV time: 0.000019 s
[Rank 38] Local SpMV time: 0.000018 s
[Rank 112] Local SpMV time: 0.000023 s
[Rank 47] Local SpMV time: 0.000025 s
[Rank 98] Local SpMV time: 0.000020 s
[Rank 86] Local SpMV time: 0.000022 s
[Rank 103] Local SpMV time: 0.000021 s
[Rank 52] Local SpMV time: 0.000018 s
[Rank 117] Local SpMV time: 0.000022 s
[Rank 115] Local SpMV time: 0.000026 s
[Rank 76] Local SpMV time: 0.000019 s
[Rank 30] Local SpMV time: 0.000022 s
[Rank 102] Local SpMV time: 0.000023 s
[Rank 125] Local SpMV time: 0.000019 s
[Rank 120] Local SpMV time: 0.000020 s
[Rank 124] Local SpMV time: 0.000020 s
[Rank 44] Local SpMV time: 0.000020 s
[Rank 46] Local SpMV time: 0.000021 s
[Rank 42] Local SpMV time: 0.000022 s
[Rank 114] Local SpMV time: 0.000024 s
[Rank 56] Local SpMV time: 0.000023 s
[Rank 70] Local SpMV time: 0.000019 s
[Rank 88] Local SpMV time: 0.000022 s
[Rank 60] Local SpMV time: 0.000019 s
[Rank 78] Local SpMV time: 0.000019 s
[Rank 116] Local SpMV time: 0.000019 s
[Rank 118] Local SpMV time: 0.000022 s
[Rank 119] Local SpMV time: 0.000036 s
[Rank 92] Local SpMV time: 0.000018 s
[Rank 62] Local SpMV time: 0.000022 s
[Rank 54] Local SpMV time: 0.000018 s
[Rank 122] Local SpMV time: 0.000024 s
[Rank 127] Local SpMV time: 0.000032 s
[Rank 126] Local SpMV time: 0.000019 s
[Rank 90] Local SpMV time: 0.000024 s
[Rank 58] Local SpMV time: 0.000020 s
[Rank 94] Local SpMV time: 0.000023 s

-----------------------------------------------------------------------------------------------
  P |  Time(s) | Comp% | Comm% |  GFLOP/s | Speedup |  Eff% | Mem(MiB) | NNZ min | NNZ avg | NNZ max
-----------------------------------------------------------------------------------------------
128 |   1.7981 |   0.0 | 192.4 |     0.000 |    0.01 |   0.01 |     0.08 |      34 |     83.4 |     143
Global FLOPs per SpMV: 21350

