Strong scaling results for nemeth05.mtx
Date: Fri Jan  2 15:02:50 CET 2026
----------------------------------------

[Rank 0] Matrix: 9506 x 9506, nnz=202157 | 1D cyclic rows over P=1
[Rank 0] Local SpMV time: 0.002092 s

-----------------------------------------------------------------------------------------------
  P |  Time(s) | Comp% | Comm% |  GFLOP/s | Speedup |  Eff% | Mem(MiB) | NNZ min | NNZ avg | NNZ max
-----------------------------------------------------------------------------------------------
  1 |   0.0021 |  98.0 |   0.9 |     0.370 |    N/A   |   N/A  |    10.72 |  394808 | 394808.0 |  394808
Global FLOPs per SpMV: 789616
BASELINE_T1=0.0021

----------------------------------------
np=2, OMP_NUM_THREADS=64
----------------------------------------
[Rank 0] Matrix: 9506 x 9506, nnz=202157 | 1D cyclic rows over P=2
[Rank 0] Local SpMV time: 0.001989 s
[Rank 1] Local SpMV time: 0.002152 s

-----------------------------------------------------------------------------------------------
  P |  Time(s) | Comp% | Comm% |  GFLOP/s | Speedup |  Eff% | Mem(MiB) | NNZ min | NNZ avg | NNZ max
-----------------------------------------------------------------------------------------------
  2 |   0.0034 |  63.9 |  54.1 |     0.119 |    0.62 |  31.18 |     2.84 |   97922 |  99776.0 |  101630
Global FLOPs per SpMV: 399104

----------------------------------------
np=4, OMP_NUM_THREADS=32
----------------------------------------
[Rank 0] Matrix: 9506 x 9506, nnz=202157 | 1D cyclic rows over P=4
[Rank 1] Local SpMV time: 0.001452 s
[Rank 0] Local SpMV time: 0.006236 s
[Rank 3] Local SpMV time: 0.015660 s
[Rank 2] Local SpMV time: 0.007951 s

-----------------------------------------------------------------------------------------------
  P |  Time(s) | Comp% | Comm% |  GFLOP/s | Speedup |  Eff% | Mem(MiB) | NNZ min | NNZ avg | NNZ max
-----------------------------------------------------------------------------------------------
  4 |   0.0391 |  40.1 | 150.2 |     0.005 |    0.05 |   1.34 |     0.80 |   24485 |  25446.8 |   26315
Global FLOPs per SpMV: 203574

----------------------------------------
np=8, OMP_NUM_THREADS=16
----------------------------------------
[Rank 0] Matrix: 9506 x 9506, nnz=202157 | 1D cyclic rows over P=8
[Rank 1] Local SpMV time: 0.000556 s
[Rank 0] Local SpMV time: 0.015283 s
[Rank 3] Local SpMV time: 0.005993 s
[Rank 5] Local SpMV time: 0.000492 s
[Rank 7] Local SpMV time: 0.000490 s
[Rank 4] Local SpMV time: 0.025611 s
[Rank 2] Local SpMV time: 0.029990 s
[Rank 6] Local SpMV time: 0.032683 s

-----------------------------------------------------------------------------------------------
  P |  Time(s) | Comp% | Comm% |  GFLOP/s | Speedup |  Eff% | Mem(MiB) | NNZ min | NNZ avg | NNZ max
-----------------------------------------------------------------------------------------------
  8 |   0.0829 |  39.4 | 146.7 |     0.001 |    0.03 |   0.32 |     0.27 |    6133 |   6612.6 |    7043
Global FLOPs per SpMV: 105802

----------------------------------------
np=16, OMP_NUM_THREADS=8
----------------------------------------
[Rank 0] Matrix: 9506 x 9506, nnz=202157 | 1D cyclic rows over P=16
[Rank 1] Local SpMV time: 0.000321 s
[Rank 0] Local SpMV time: 0.003763 s
[Rank 9] Local SpMV time: 0.000366 s
[Rank 2] Local SpMV time: 0.000368 s
[Rank 8] Local SpMV time: 0.005074 s
[Rank 12] Local SpMV time: 0.001483 s
[Rank 6] Local SpMV time: 0.001873 s
[Rank 4] Local SpMV time: 0.035684 s
[Rank 14] Local SpMV time: 0.001005 s
[Rank 3] Local SpMV time: 0.031964 s
[Rank 10] Local SpMV time: 0.000627 s
[Rank 13] Local SpMV time: 0.031849 s
[Rank 5] Local SpMV time: 0.035939 s
[Rank 15] Local SpMV time: 0.031945 s
[Rank 11] Local SpMV time: 0.031964 s
[Rank 7] Local SpMV time: 0.033778 s

-----------------------------------------------------------------------------------------------
  P |  Time(s) | Comp% | Comm% |  GFLOP/s | Speedup |  Eff% | Mem(MiB) | NNZ min | NNZ avg | NNZ max
-----------------------------------------------------------------------------------------------
 16 |   0.1600 |  22.5 | 157.5 |     0.000 |    0.01 |   0.08 |     0.13 |    1546 |   1780.8 |    1929
Global FLOPs per SpMV: 56984

----------------------------------------
np=32, OMP_NUM_THREADS=4
----------------------------------------
[Rank 0] Matrix: 9506 x 9506, nnz=202157 | 1D cyclic rows over P=32
[Rank 1] Local SpMV time: 0.000250 s
[Rank 3] Local SpMV time: 0.000673 s
[Rank 17] Local SpMV time: 0.007449 s
[Rank 15] Local SpMV time: 0.000868 s
[Rank 23] Local SpMV time: 0.001028 s
[Rank 0] Local SpMV time: 0.000395 s
[Rank 25] Local SpMV time: 0.005111 s
[Rank 5] Local SpMV time: 0.009152 s
[Rank 7] Local SpMV time: 0.013210 s
[Rank 4] Local SpMV time: 0.007981 s
[Rank 29] Local SpMV time: 0.000338 s
[Rank 18] Local SpMV time: 0.005416 s
[Rank 9] Local SpMV time: 0.059958 s
[Rank 13] Local SpMV time: 0.059953 s
[Rank 11] Local SpMV time: 0.031960 s
[Rank 21] Local SpMV time: 0.063955 s
[Rank 31] Local SpMV time: 0.000162 s
[Rank 16] Local SpMV time: 0.063926 s
[Rank 19] Local SpMV time: 0.070875 s
[Rank 8] Local SpMV time: 0.063906 s
[Rank 24] Local SpMV time: 0.063924 s
[Rank 2] Local SpMV time: 0.063968 s
[Rank 27] Local SpMV time: 0.063954 s
[Rank 28] Local SpMV time: 0.067802 s
[Rank 30] Local SpMV time: 0.071657 s
[Rank 10] Local SpMV time: 0.063794 s
[Rank 6] Local SpMV time: 0.067928 s
[Rank 20] Local SpMV time: 0.071773 s
[Rank 12] Local SpMV time: 0.063894 s
[Rank 22] Local SpMV time: 0.063932 s
[Rank 26] Local SpMV time: 0.063917 s
[Rank 14] Local SpMV time: 0.075941 s

-----------------------------------------------------------------------------------------------
  P |  Time(s) | Comp% | Comm% |  GFLOP/s | Speedup |  Eff% | Mem(MiB) | NNZ min | NNZ avg | NNZ max
-----------------------------------------------------------------------------------------------
 32 |   0.3882 |  19.6 | 164.8 |     0.000 |    0.01 |   0.02 |     0.09 |     383 |    508.5 |     574
Global FLOPs per SpMV: 32542

----------------------------------------
np=64, OMP_NUM_THREADS=2
----------------------------------------
[Rank 0] Matrix: 9506 x 9506, nnz=202157 | 1D cyclic rows over P=64
[Rank 1] Local SpMV time: 0.000232 s
[Rank 33] Local SpMV time: 0.000153 s
[Rank 17] Local SpMV time: 0.004032 s
[Rank 0] Local SpMV time: 0.004077 s
[Rank 9] Local SpMV time: 0.000124 s
[Rank 8] Local SpMV time: 0.003946 s
[Rank 25] Local SpMV time: 0.004120 s
[Rank 19] Local SpMV time: 0.000193 s
[Rank 27] Local SpMV time: 0.007902 s
[Rank 21] Local SpMV time: 0.000154 s
[Rank 4] Local SpMV time: 0.007967 s
[Rank 3] Local SpMV time: 0.003446 s
[Rank 2] Local SpMV time: 0.003973 s
[Rank 11] Local SpMV time: 0.003620 s
[Rank 5] Local SpMV time: 0.003984 s
[Rank 37] Local SpMV time: 0.000599 s
[Rank 41] Local SpMV time: 0.004164 s
[Rank 32] Local SpMV time: 0.007912 s
[Rank 35] Local SpMV time: 0.000715 s
[Rank 12] Local SpMV time: 0.000195 s
[Rank 31] Local SpMV time: 0.000812 s
[Rank 36] Local SpMV time: 0.000494 s
[Rank 13] Local SpMV time: 0.000986 s
[Rank 51] Local SpMV time: 0.005020 s
[Rank 39] Local SpMV time: 0.001386 s
[Rank 34] Local SpMV time: 0.003946 s
[Rank 16] Local SpMV time: 0.003914 s
[Rank 43] Local SpMV time: 0.004213 s
[Rank 6] Local SpMV time: 0.000174 s
[Rank 15] Local SpMV time: 0.000203 s
[Rank 10] Local SpMV time: 0.000133 s
[Rank 45] Local SpMV time: 0.002263 s
[Rank 24] Local SpMV time: 0.007945 s
[Rank 57] Local SpMV time: 0.004137 s
[Rank 7] Local SpMV time: 0.003989 s
[Rank 14] Local SpMV time: 0.003976 s
[Rank 29] Local SpMV time: 0.126951 s
[Rank 48] Local SpMV time: 0.008096 s
[Rank 49] Local SpMV time: 0.126958 s
[Rank 47] Local SpMV time: 0.000981 s
[Rank 40] Local SpMV time: 0.007955 s
[Rank 26] Local SpMV time: 0.012026 s
[Rank 55] Local SpMV time: 0.000209 s
[Rank 38] Local SpMV time: 0.003947 s
[Rank 52] Local SpMV time: 0.000140 s
[Rank 18] Local SpMV time: 0.000485 s
[Rank 20] Local SpMV time: 0.000116 s
[Rank 61] Local SpMV time: 0.000160 s
[Rank 56] Local SpMV time: 0.003929 s
[Rank 28] Local SpMV time: 0.003971 s
[Rank 59] Local SpMV time: 0.008046 s
[Rank 54] Local SpMV time: 0.008129 s
[Rank 53] Local SpMV time: 0.134863 s
[Rank 23] Local SpMV time: 0.131047 s
[Rank 50] Local SpMV time: 0.003939 s
[Rank 42] Local SpMV time: 0.004017 s
[Rank 44] Local SpMV time: 0.011801 s
[Rank 22] Local SpMV time: 0.000226 s
[Rank 30] Local SpMV time: 0.004362 s
[Rank 58] Local SpMV time: 0.007989 s
[Rank 60] Local SpMV time: 0.003895 s
[Rank 63] Local SpMV time: 0.004071 s
[Rank 46] Local SpMV time: 0.007993 s
[Rank 62] Local SpMV time: 0.008290 s

-----------------------------------------------------------------------------------------------
  P |  Time(s) | Comp% | Comm% |  GFLOP/s | Speedup |  Eff% | Mem(MiB) | NNZ min | NNZ avg | NNZ max
-----------------------------------------------------------------------------------------------
 64 |   0.8953 |  15.1 | 157.7 |     0.000 |    0.00 |   0.00 |     0.08 |      90 |    159.5 |     212
Global FLOPs per SpMV: 20414

----------------------------------------
np=128, OMP_NUM_THREADS=1
----------------------------------------
[Rank 0] Matrix: 9506 x 9506, nnz=202157 | 1D cyclic rows over P=128
[Rank 1] Local SpMV time: 0.000035 s
[Rank 17] Local SpMV time: 0.000026 s
[Rank 25] Local SpMV time: 0.000024 s
[Rank 29] Local SpMV time: 0.000021 s
[Rank 27] Local SpMV time: 0.000024 s
[Rank 21] Local SpMV time: 0.000025 s
[Rank 3] Local SpMV time: 0.000031 s
[Rank 33] Local SpMV time: 0.000020 s
[Rank 65] Local SpMV time: 0.000034 s
[Rank 5] Local SpMV time: 0.000019 s
[Rank 23] Local SpMV time: 0.000025 s
[Rank 19] Local SpMV time: 0.000024 s
[Rank 41] Local SpMV time: 0.000026 s
[Rank 0] Local SpMV time: 0.000036 s
[Rank 35] Local SpMV time: 0.000028 s
[Rank 16] Local SpMV time: 0.000026 s
[Rank 2] Local SpMV time: 0.000027 s
[Rank 31] Local SpMV time: 0.000021 s
[Rank 73] Local SpMV time: 0.000025 s
[Rank 37] Local SpMV time: 0.000020 s
[Rank 4] Local SpMV time: 0.000024 s
[Rank 7] Local SpMV time: 0.000026 s
[Rank 39] Local SpMV time: 0.000023 s
[Rank 32] Local SpMV time: 0.000023 s
[Rank 8] Local SpMV time: 0.000025 s
[Rank 9] Local SpMV time: 0.000028 s
[Rank 24] Local SpMV time: 0.000027 s
[Rank 67] Local SpMV time: 0.000025 s
[Rank 97] Local SpMV time: 0.000018 s
[Rank 49] Local SpMV time: 0.000023 s
[Rank 26] Local SpMV time: 0.000024 s
[Rank 69] Local SpMV time: 0.000021 s
[Rank 10] Local SpMV time: 0.000018 s
[Rank 77] Local SpMV time: 0.000021 s
[Rank 18] Local SpMV time: 0.000019 s
[Rank 43] Local SpMV time: 0.000024 s
[Rank 6] Local SpMV time: 0.000017 s
[Rank 40] Local SpMV time: 0.000022 s
[Rank 36] Local SpMV time: 0.000015 s
[Rank 13] Local SpMV time: 0.000022 s
[Rank 64] Local SpMV time: 0.000022 s
[Rank 51] Local SpMV time: 0.000026 s
[Rank 34] Local SpMV time: 0.000023 s
[Rank 81] Local SpMV time: 0.000021 s
[Rank 85] Local SpMV time: 0.000021 s
[Rank 42] Local SpMV time: 0.000022 s
[Rank 45] Local SpMV time: 0.000024 s
[Rank 15] Local SpMV time: 0.000025 s
[Rank 105] Local SpMV time: 0.000023 s
[Rank 57] Local SpMV time: 0.000025 s
[Rank 44] Local SpMV time: 0.000021 s
[Rank 12] Local SpMV time: 0.000018 s
[Rank 96] Local SpMV time: 0.000024 s
[Rank 113] Local SpMV time: 0.000032 s
[Rank 101] Local SpMV time: 0.000021 s
[Rank 59] Local SpMV time: 0.000026 s
[Rank 20] Local SpMV time: 0.000022 s
[Rank 66] Local SpMV time: 0.000018 s
[Rank 89] Local SpMV time: 0.000025 s
[Rank 99] Local SpMV time: 0.000025 s
[Rank 100] Local SpMV time: 0.000016 s
[Rank 75] Local SpMV time: 0.000024 s
[Rank 98] Local SpMV time: 0.000021 s
[Rank 53] Local SpMV time: 0.000019 s
[Rank 79] Local SpMV time: 0.000023 s
[Rank 103] Local SpMV time: 0.000022 s
[Rank 28] Local SpMV time: 0.000016 s
[Rank 48] Local SpMV time: 0.000018 s
[Rank 56] Local SpMV time: 0.000021 s
[Rank 87] Local SpMV time: 0.000026 s
[Rank 72] Local SpMV time: 0.000018 s
[Rank 11] Local SpMV time: 0.000024 s
[Rank 91] Local SpMV time: 0.000024 s
[Rank 102] Local SpMV time: 0.000022 s
[Rank 71] Local SpMV time: 0.000027 s
[Rank 104] Local SpMV time: 0.000025 s
[Rank 68] Local SpMV time: 0.000017 s
[Rank 47] Local SpMV time: 0.000027 s
[Rank 117] Local SpMV time: 0.000020 s
[Rank 38] Local SpMV time: 0.000022 s
[Rank 115] Local SpMV time: 0.000024 s
[Rank 112] Local SpMV time: 0.000021 s
[Rank 61] Local SpMV time: 0.000021 s
[Rank 83] Local SpMV time: 0.000026 s
[Rank 80] Local SpMV time: 0.000017 s
[Rank 107] Local SpMV time: 0.000022 s
[Rank 70] Local SpMV time: 0.000019 s
[Rank 109] Local SpMV time: 0.000020 s
[Rank 111] Local SpMV time: 0.000018 s
[Rank 52] Local SpMV time: 0.000019 s
[Rank 14] Local SpMV time: 0.000022 s
[Rank 121] Local SpMV time: 0.000022 s
[Rank 46] Local SpMV time: 0.000023 s
[Rank 74] Local SpMV time: 0.000018 s
[Rank 55] Local SpMV time: 0.000025 s
[Rank 30] Local SpMV time: 0.000022 s
[Rank 82] Local SpMV time: 0.000024 s
[Rank 22] Local SpMV time: 0.000024 s
[Rank 93] Local SpMV time: 0.000018 s
[Rank 125] Local SpMV time: 0.000019 s
[Rank 60] Local SpMV time: 0.000021 s
[Rank 114] Local SpMV time: 0.000025 s
[Rank 58] Local SpMV time: 0.000021 s
[Rank 106] Local SpMV time: 0.000026 s
[Rank 50] Local SpMV time: 0.000019 s
[Rank 76] Local SpMV time: 0.000017 s
[Rank 119] Local SpMV time: 0.000021 s
[Rank 54] Local SpMV time: 0.000019 s
[Rank 116] Local SpMV time: 0.000019 s
[Rank 63] Local SpMV time: 0.000019 s
[Rank 108] Local SpMV time: 0.000018 s
[Rank 120] Local SpMV time: 0.000021 s
[Rank 84] Local SpMV time: 0.000019 s
[Rank 124] Local SpMV time: 0.000019 s
[Rank 126] Local SpMV time: 0.000021 s
[Rank 78] Local SpMV time: 0.000023 s
[Rank 123] Local SpMV time: 0.000030 s
[Rank 88] Local SpMV time: 0.000019 s
[Rank 95] Local SpMV time: 0.000026 s
[Rank 122] Local SpMV time: 0.000024 s
[Rank 118] Local SpMV time: 0.000022 s
[Rank 110] Local SpMV time: 0.000022 s
[Rank 86] Local SpMV time: 0.000022 s
[Rank 127] Local SpMV time: 0.000021 s
[Rank 62] Local SpMV time: 0.000020 s
[Rank 90] Local SpMV time: 0.000028 s
[Rank 92] Local SpMV time: 0.000027 s
[Rank 94] Local SpMV time: 0.000024 s

-----------------------------------------------------------------------------------------------
  P |  Time(s) | Comp% | Comm% |  GFLOP/s | Speedup |  Eff% | Mem(MiB) | NNZ min | NNZ avg | NNZ max
-----------------------------------------------------------------------------------------------
128 |   2.0381 |   0.0 | 180.2 |     0.000 |    0.00 |   0.00 |     0.08 |      29 |     55.7 |     101
Global FLOPs per SpMV: 14270

