Strong scaling results for Trefethen_2000.mtx
Date: Fri Jan  2 15:11:55 CET 2026
----------------------------------------

[Rank 0] Matrix: 2000 x 2000, nnz=21953 | 1D cyclic rows over P=1
[Rank 0] Local SpMV time: 0.024318 s

-----------------------------------------------------------------------------------------------
  P |  Time(s) | Comp% | Comm% |  GFLOP/s | Speedup |  Eff% | Mem(MiB) | NNZ min | NNZ avg | NNZ max
-----------------------------------------------------------------------------------------------
  1 |   0.0244 |  99.8 |   0.1 |     0.003 |    N/A   |   N/A  |     1.16 |   41906 |  41906.0 |   41906
Global FLOPs per SpMV: 83812
BASELINE_T1=0.0244

----------------------------------------
np=2, OMP_NUM_THREADS=64
----------------------------------------
[Rank 0] Matrix: 2000 x 2000, nnz=21953 | 1D cyclic rows over P=2
[Rank 1] Local SpMV time: 0.003500 s
[Rank 0] Local SpMV time: 0.018312 s

-----------------------------------------------------------------------------------------------
  P |  Time(s) | Comp% | Comm% |  GFLOP/s | Speedup |  Eff% | Mem(MiB) | NNZ min | NNZ avg | NNZ max
-----------------------------------------------------------------------------------------------
  2 |   0.0184 |  99.7 |   1.8 |     0.003 |    1.33 |  66.43 |     0.47 |    9449 |  13022.0 |   16595
Global FLOPs per SpMV: 52088

----------------------------------------
np=4, OMP_NUM_THREADS=32
----------------------------------------
[Rank 0] Matrix: 2000 x 2000, nnz=21953 | 1D cyclic rows over P=4
[Rank 1] Local SpMV time: 0.001580 s
[Rank 0] Local SpMV time: 0.015549 s
[Rank 3] Local SpMV time: 0.001050 s
[Rank 2] Local SpMV time: 0.019271 s

-----------------------------------------------------------------------------------------------
  P |  Time(s) | Comp% | Comm% |  GFLOP/s | Speedup |  Eff% | Mem(MiB) | NNZ min | NNZ avg | NNZ max
-----------------------------------------------------------------------------------------------
  4 |   0.0193 |  99.6 | 114.2 |     0.002 |    1.26 |  31.54 |     0.18 |    2343 |   4582.2 |    5925
Global FLOPs per SpMV: 36658

----------------------------------------
np=8, OMP_NUM_THREADS=16
----------------------------------------
[Rank 0] Matrix: 2000 x 2000, nnz=21953 | 1D cyclic rows over P=8
[Rank 1] Local SpMV time: 0.001027 s
[Rank 5] Local SpMV time: 0.001010 s
[Rank 3] Local SpMV time: 0.010301 s
[Rank 2] Local SpMV time: 0.022416 s
[Rank 7] Local SpMV time: 0.004969 s
[Rank 0] Local SpMV time: 0.038380 s
[Rank 4] Local SpMV time: 0.022588 s
[Rank 6] Local SpMV time: 0.018338 s

-----------------------------------------------------------------------------------------------
  P |  Time(s) | Comp% | Comm% |  GFLOP/s | Speedup |  Eff% | Mem(MiB) | NNZ min | NNZ avg | NNZ max
-----------------------------------------------------------------------------------------------
  8 |   0.0664 |  57.8 | 125.8 |     0.000 |    0.37 |   4.59 |     0.08 |     590 |   1737.2 |    2277
Global FLOPs per SpMV: 27796

----------------------------------------
np=16, OMP_NUM_THREADS=8
----------------------------------------
[Rank 0] Matrix: 2000 x 2000, nnz=21953 | 1D cyclic rows over P=16
[Rank 1] Local SpMV time: 0.000293 s
[Rank 9] Local SpMV time: 0.002460 s
[Rank 5] Local SpMV time: 0.000961 s
[Rank 0] Local SpMV time: 0.004022 s
[Rank 11] Local SpMV time: 0.002192 s
[Rank 4] Local SpMV time: 0.000345 s
[Rank 3] Local SpMV time: 0.000243 s
[Rank 8] Local SpMV time: 0.000664 s
[Rank 13] Local SpMV time: 0.000543 s
[Rank 12] Local SpMV time: 0.001014 s
[Rank 10] Local SpMV time: 0.001339 s
[Rank 15] Local SpMV time: 0.004203 s
[Rank 2] Local SpMV time: 0.001692 s
[Rank 7] Local SpMV time: 0.000508 s
[Rank 6] Local SpMV time: 0.002012 s
[Rank 14] Local SpMV time: 0.006211 s

-----------------------------------------------------------------------------------------------
  P |  Time(s) | Comp% | Comm% |  GFLOP/s | Speedup |  Eff% | Mem(MiB) | NNZ min | NNZ avg | NNZ max
-----------------------------------------------------------------------------------------------
 16 |   0.0360 |  17.2 | 354.9 |     0.001 |    0.68 |   4.23 |     0.04 |     152 |    729.5 |     964
Global FLOPs per SpMV: 23344

----------------------------------------
np=32, OMP_NUM_THREADS=4
----------------------------------------
[Rank 0] Matrix: 2000 x 2000, nnz=21953 | 1D cyclic rows over P=32
[Rank 1] Local SpMV time: 0.003807 s
[Rank 2] Local SpMV time: 0.000509 s
[Rank 0] Local SpMV time: 0.034797 s
[Rank 4] Local SpMV time: 0.004695 s
[Rank 6] Local SpMV time: 0.001021 s
[Rank 13] Local SpMV time: 0.004072 s
[Rank 8] Local SpMV time: 0.009325 s
[Rank 5] Local SpMV time: 0.015226 s
[Rank 17] Local SpMV time: 0.019313 s
[Rank 20] Local SpMV time: 0.001631 s
[Rank 3] Local SpMV time: 0.063988 s
[Rank 24] Local SpMV time: 0.002027 s
[Rank 9] Local SpMV time: 0.063967 s
[Rank 26] Local SpMV time: 0.006204 s
[Rank 18] Local SpMV time: 0.002616 s
[Rank 11] Local SpMV time: 0.063989 s
[Rank 12] Local SpMV time: 0.002886 s
[Rank 25] Local SpMV time: 0.000378 s
[Rank 22] Local SpMV time: 0.007074 s
[Rank 27] Local SpMV time: 0.004593 s
[Rank 21] Local SpMV time: 0.008721 s
[Rank 10] Local SpMV time: 0.008554 s
[Rank 7] Local SpMV time: 0.004152 s
[Rank 16] Local SpMV time: 0.067799 s
[Rank 19] Local SpMV time: 0.071693 s
[Rank 15] Local SpMV time: 0.016281 s
[Rank 14] Local SpMV time: 0.004309 s
[Rank 28] Local SpMV time: 0.004565 s
[Rank 23] Local SpMV time: 0.000204 s
[Rank 29] Local SpMV time: 0.000206 s
[Rank 31] Local SpMV time: 0.000187 s
[Rank 30] Local SpMV time: 0.067970 s

-----------------------------------------------------------------------------------------------
  P |  Time(s) | Comp% | Comm% |  GFLOP/s | Speedup |  Eff% | Mem(MiB) | NNZ min | NNZ avg | NNZ max
-----------------------------------------------------------------------------------------------
 32 |   0.0717 |  99.9 | 534.0 |     0.000 |    0.34 |   1.06 |     0.03 |      38 |    328.1 |     437
Global FLOPs per SpMV: 20998

----------------------------------------
np=64, OMP_NUM_THREADS=2
----------------------------------------
[Rank 0] Matrix: 2000 x 2000, nnz=21953 | 1D cyclic rows over P=64
[Rank 1] Local SpMV time: 0.000211 s
[Rank 17] Local SpMV time: 0.000157 s
[Rank 5] Local SpMV time: 0.004008 s
[Rank 0] Local SpMV time: 0.000141 s
[Rank 25] Local SpMV time: 0.004097 s
[Rank 9] Local SpMV time: 0.010250 s
[Rank 3] Local SpMV time: 0.012042 s
[Rank 33] Local SpMV time: 0.020055 s
[Rank 35] Local SpMV time: 0.000626 s
[Rank 21] Local SpMV time: 0.004985 s
[Rank 19] Local SpMV time: 0.011977 s
[Rank 27] Local SpMV time: 0.000383 s
[Rank 41] Local SpMV time: 0.000071 s
[Rank 29] Local SpMV time: 0.000375 s
[Rank 8] Local SpMV time: 0.007967 s
[Rank 43] Local SpMV time: 0.004022 s
[Rank 16] Local SpMV time: 0.019962 s
[Rank 4] Local SpMV time: 0.015990 s
[Rank 11] Local SpMV time: 0.000223 s
[Rank 12] Local SpMV time: 0.000506 s
[Rank 37] Local SpMV time: 0.007992 s
[Rank 7] Local SpMV time: 0.000437 s
[Rank 18] Local SpMV time: 0.003985 s
[Rank 6] Local SpMV time: 0.000279 s
[Rank 49] Local SpMV time: 0.007997 s
[Rank 51] Local SpMV time: 0.000373 s
[Rank 2] Local SpMV time: 0.000199 s
[Rank 32] Local SpMV time: 0.004349 s
[Rank 13] Local SpMV time: 0.000215 s
[Rank 23] Local SpMV time: 0.007959 s
[Rank 14] Local SpMV time: 0.003991 s
[Rank 45] Local SpMV time: 0.012018 s
[Rank 20] Local SpMV time: 0.000087 s
[Rank 10] Local SpMV time: 0.003987 s
[Rank 31] Local SpMV time: 0.000075 s
[Rank 24] Local SpMV time: 0.003953 s
[Rank 57] Local SpMV time: 0.000074 s
[Rank 28] Local SpMV time: 0.007968 s
[Rank 34] Local SpMV time: 0.011996 s
[Rank 15] Local SpMV time: 0.000150 s
[Rank 61] Local SpMV time: 0.004418 s
[Rank 39] Local SpMV time: 0.001204 s
[Rank 36] Local SpMV time: 0.007985 s
[Rank 53] Local SpMV time: 0.004011 s
[Rank 40] Local SpMV time: 0.000627 s
[Rank 48] Local SpMV time: 0.007816 s
[Rank 47] Local SpMV time: 0.004068 s
[Rank 42] Local SpMV time: 0.003994 s
[Rank 55] Local SpMV time: 0.000069 s
[Rank 30] Local SpMV time: 0.000179 s
[Rank 50] Local SpMV time: 0.004492 s
[Rank 22] Local SpMV time: 0.000998 s
[Rank 26] Local SpMV time: 0.001410 s
[Rank 63] Local SpMV time: 0.004015 s
[Rank 44] Local SpMV time: 0.001921 s
[Rank 38] Local SpMV time: 0.006244 s
[Rank 56] Local SpMV time: 0.003970 s
[Rank 52] Local SpMV time: 0.008299 s
[Rank 54] Local SpMV time: 0.001860 s
[Rank 46] Local SpMV time: 0.003998 s
[Rank 59] Local SpMV time: 0.004063 s
[Rank 60] Local SpMV time: 0.003972 s
[Rank 58] Local SpMV time: 0.000096 s
[Rank 62] Local SpMV time: 0.000123 s

-----------------------------------------------------------------------------------------------
  P |  Time(s) | Comp% | Comm% |  GFLOP/s | Speedup |  Eff% | Mem(MiB) | NNZ min | NNZ avg | NNZ max
-----------------------------------------------------------------------------------------------
 64 |   0.1440 |  13.9 | 533.2 |     0.000 |    0.17 |   0.26 |     0.02 |      12 |    156.5 |     212
Global FLOPs per SpMV: 20030

----------------------------------------
np=128, OMP_NUM_THREADS=1
----------------------------------------
[Rank 0] Matrix: 2000 x 2000, nnz=21953 | 1D cyclic rows over P=128
[Rank 1] Local SpMV time: 0.000032 s
[Rank 0] Local SpMV time: 0.000030 s
[Rank 17] Local SpMV time: 0.000024 s
[Rank 2] Local SpMV time: 0.000030 s
[Rank 21] Local SpMV time: 0.000021 s
[Rank 4] Local SpMV time: 0.000028 s
[Rank 23] Local SpMV time: 0.000022 s
[Rank 33] Local SpMV time: 0.000021 s
[Rank 9] Local SpMV time: 0.000017 s
[Rank 8] Local SpMV time: 0.000028 s
[Rank 10] Local SpMV time: 0.000027 s
[Rank 65] Local SpMV time: 0.000021 s
[Rank 16] Local SpMV time: 0.000024 s
[Rank 69] Local SpMV time: 0.000017 s
[Rank 20] Local SpMV time: 0.000021 s
[Rank 13] Local SpMV time: 0.000023 s
[Rank 12] Local SpMV time: 0.000031 s
[Rank 37] Local SpMV time: 0.000026 s
[Rank 25] Local SpMV time: 0.000020 s
[Rank 32] Local SpMV time: 0.000026 s
[Rank 71] Local SpMV time: 0.000019 s
[Rank 64] Local SpMV time: 0.000033 s
[Rank 19] Local SpMV time: 0.000025 s
[Rank 18] Local SpMV time: 0.000026 s
[Rank 36] Local SpMV time: 0.000025 s
[Rank 3] Local SpMV time: 0.000024 s
[Rank 66] Local SpMV time: 0.000026 s
[Rank 5] Local SpMV time: 0.000019 s
[Rank 22] Local SpMV time: 0.000027 s
[Rank 39] Local SpMV time: 0.000019 s
[Rank 29] Local SpMV time: 0.000019 s
[Rank 6] Local SpMV time: 0.000025 s
[Rank 7] Local SpMV time: 0.000026 s
[Rank 34] Local SpMV time: 0.000027 s
[Rank 11] Local SpMV time: 0.000023 s
[Rank 41] Local SpMV time: 0.000028 s
[Rank 96] Local SpMV time: 0.000020 s
[Rank 15] Local SpMV time: 0.000025 s
[Rank 72] Local SpMV time: 0.000021 s
[Rank 49] Local SpMV time: 0.000026 s
[Rank 40] Local SpMV time: 0.000019 s
[Rank 81] Local SpMV time: 0.000018 s
[Rank 35] Local SpMV time: 0.000019 s
[Rank 67] Local SpMV time: 0.000027 s
[Rank 14] Local SpMV time: 0.000027 s
[Rank 73] Local SpMV time: 0.000020 s
[Rank 24] Local SpMV time: 0.000021 s
[Rank 27] Local SpMV time: 0.000024 s
[Rank 42] Local SpMV time: 0.000024 s
[Rank 83] Local SpMV time: 0.000024 s
[Rank 89] Local SpMV time: 0.000027 s
[Rank 97] Local SpMV time: 0.000026 s
[Rank 99] Local SpMV time: 0.000025 s
[Rank 76] Local SpMV time: 0.000035 s
[Rank 44] Local SpMV time: 0.000028 s
[Rank 51] Local SpMV time: 0.000026 s
[Rank 38] Local SpMV time: 0.000025 s
[Rank 45] Local SpMV time: 0.000026 s
[Rank 46] Local SpMV time: 0.000026 s
[Rank 104] Local SpMV time: 0.000022 s
[Rank 112] Local SpMV time: 0.000024 s
[Rank 91] Local SpMV time: 0.000025 s
[Rank 48] Local SpMV time: 0.000037 s
[Rank 43] Local SpMV time: 0.000021 s
[Rank 85] Local SpMV time: 0.000026 s
[Rank 106] Local SpMV time: 0.000026 s
[Rank 80] Local SpMV time: 0.000025 s
[Rank 105] Local SpMV time: 0.000017 s
[Rank 68] Local SpMV time: 0.000025 s
[Rank 78] Local SpMV time: 0.000024 s
[Rank 113] Local SpMV time: 0.000026 s
[Rank 114] Local SpMV time: 0.000024 s
[Rank 53] Local SpMV time: 0.000030 s
[Rank 77] Local SpMV time: 0.000026 s
[Rank 75] Local SpMV time: 0.000024 s
[Rank 98] Local SpMV time: 0.000025 s
[Rank 101] Local SpMV time: 0.000027 s
[Rank 55] Local SpMV time: 0.000024 s
[Rank 84] Local SpMV time: 0.000026 s
[Rank 74] Local SpMV time: 0.000018 s
[Rank 52] Local SpMV time: 0.000020 s
[Rank 121] Local SpMV time: 0.000027 s
[Rank 31] Local SpMV time: 0.000023 s
[Rank 47] Local SpMV time: 0.000024 s
[Rank 100] Local SpMV time: 0.000026 s
[Rank 57] Local SpMV time: 0.000028 s
[Rank 59] Local SpMV time: 0.000025 s
[Rank 28] Local SpMV time: 0.000030 s
[Rank 93] Local SpMV time: 0.000018 s
[Rank 26] Local SpMV time: 0.000020 s
[Rank 50] Local SpMV time: 0.000025 s
[Rank 123] Local SpMV time: 0.000025 s
[Rank 54] Local SpMV time: 0.000021 s
[Rank 107] Local SpMV time: 0.000025 s
[Rank 82] Local SpMV time: 0.000021 s
[Rank 120] Local SpMV time: 0.000024 s
[Rank 115] Local SpMV time: 0.000023 s
[Rank 116] Local SpMV time: 0.000024 s
[Rank 108] Local SpMV time: 0.000025 s
[Rank 87] Local SpMV time: 0.000017 s
[Rank 56] Local SpMV time: 0.000019 s
[Rank 125] Local SpMV time: 0.000025 s
[Rank 109] Local SpMV time: 0.000025 s
[Rank 103] Local SpMV time: 0.000024 s
[Rank 79] Local SpMV time: 0.000022 s
[Rank 118] Local SpMV time: 0.000022 s
[Rank 117] Local SpMV time: 0.000017 s
[Rank 70] Local SpMV time: 0.000023 s
[Rank 88] Local SpMV time: 0.000018 s
[Rank 111] Local SpMV time: 0.000022 s
[Rank 61] Local SpMV time: 0.000025 s
[Rank 102] Local SpMV time: 0.000025 s
[Rank 86] Local SpMV time: 0.000016 s
[Rank 95] Local SpMV time: 0.000026 s
[Rank 127] Local SpMV time: 0.000026 s
[Rank 122] Local SpMV time: 0.000024 s
[Rank 30] Local SpMV time: 0.000024 s
[Rank 124] Local SpMV time: 0.000018 s
[Rank 126] Local SpMV time: 0.000021 s
[Rank 90] Local SpMV time: 0.000025 s
[Rank 110] Local SpMV time: 0.000024 s
[Rank 58] Local SpMV time: 0.000022 s
[Rank 60] Local SpMV time: 0.000026 s
[Rank 119] Local SpMV time: 0.000035 s
[Rank 92] Local SpMV time: 0.000032 s
[Rank 63] Local SpMV time: 0.000029 s
[Rank 94] Local SpMV time: 0.000027 s
[Rank 62] Local SpMV time: 0.000026 s

-----------------------------------------------------------------------------------------------
  P |  Time(s) | Comp% | Comm% |  GFLOP/s | Speedup |  Eff% | Mem(MiB) | NNZ min | NNZ avg | NNZ max
-----------------------------------------------------------------------------------------------
128 |   0.5161 |   0.0 | 446.6 |     0.000 |    0.05 |   0.04 |     0.02 |       0 |     75.0 |     113
Global FLOPs per SpMV: 19192

