Strong scaling results for ww_36_pmec_36.mtx
Date: Fri Jan  2 15:16:19 CET 2026
----------------------------------------

[Rank 0] Matrix: 66 x 66, nnz=1194 | 1D cyclic rows over P=1
[Rank 0] Local SpMV time: 0.011062 s

-----------------------------------------------------------------------------------------------
  P |  Time(s) | Comp% | Comm% |  GFLOP/s | Speedup |  Eff% | Mem(MiB) | NNZ min | NNZ avg | NNZ max
-----------------------------------------------------------------------------------------------
  1 |   0.0111 |  99.6 |   0.1 |     0.000 |    N/A   |   N/A  |     0.03 |    1194 |   1194.0 |    1194
Global FLOPs per SpMV: 2388
BASELINE_T1=0.0111

----------------------------------------
np=2, OMP_NUM_THREADS=64
----------------------------------------
[Rank 0] Matrix: 66 x 66, nnz=1194 | 1D cyclic rows over P=2
[Rank 1] Local SpMV time: 0.003152 s
[Rank 0] Local SpMV time: 0.010969 s

-----------------------------------------------------------------------------------------------
  P |  Time(s) | Comp% | Comm% |  GFLOP/s | Speedup |  Eff% | Mem(MiB) | NNZ min | NNZ avg | NNZ max
-----------------------------------------------------------------------------------------------
  2 |   0.0110 |  99.7 |   1.2 |     0.000 |    1.01 |  50.43 |     0.02 |     295 |    445.5 |     596
Global FLOPs per SpMV: 1782

----------------------------------------
np=4, OMP_NUM_THREADS=32
----------------------------------------
[Rank 0] Matrix: 66 x 66, nnz=1194 | 1D cyclic rows over P=4
[Rank 1] Local SpMV time: 0.000684 s
[Rank 0] Local SpMV time: 0.005322 s
[Rank 3] Local SpMV time: 0.001761 s
[Rank 2] Local SpMV time: 0.006222 s

-----------------------------------------------------------------------------------------------
  P |  Time(s) | Comp% | Comm% |  GFLOP/s | Speedup |  Eff% | Mem(MiB) | NNZ min | NNZ avg | NNZ max
-----------------------------------------------------------------------------------------------
  4 |   0.0063 |  99.0 | 328.1 |     0.000 |    1.77 |  44.15 |     0.01 |      76 |    186.0 |     314
Global FLOPs per SpMV: 1488

----------------------------------------
np=8, OMP_NUM_THREADS=16
----------------------------------------
[Rank 0] Matrix: 66 x 66, nnz=1194 | 1D cyclic rows over P=8
[Rank 1] Local SpMV time: 0.000430 s
[Rank 5] Local SpMV time: 0.009002 s
[Rank 0] Local SpMV time: 0.021476 s
[Rank 3] Local SpMV time: 0.022446 s
[Rank 2] Local SpMV time: 0.023766 s
[Rank 7] Local SpMV time: 0.018011 s
[Rank 4] Local SpMV time: 0.037194 s
[Rank 6] Local SpMV time: 0.020444 s

-----------------------------------------------------------------------------------------------
  P |  Time(s) | Comp% | Comm% |  GFLOP/s | Speedup |  Eff% | Mem(MiB) | NNZ min | NNZ avg | NNZ max
-----------------------------------------------------------------------------------------------
  8 |   0.0372 |  99.9 | 185.6 |     0.000 |    0.30 |   3.73 |     0.01 |      18 |     85.6 |     186
Global FLOPs per SpMV: 1370

----------------------------------------
np=16, OMP_NUM_THREADS=8
----------------------------------------
[Rank 0] Matrix: 66 x 66, nnz=1194 | 1D cyclic rows over P=16
[Rank 0] Local SpMV time: 0.005153 s
[Rank 1] Local SpMV time: 0.000262 s
[Rank 4] Local SpMV time: 0.002818 s
[Rank 6] Local SpMV time: 0.003250 s
[Rank 2] Local SpMV time: 0.001811 s
[Rank 8] Local SpMV time: 0.003989 s
[Rank 5] Local SpMV time: 0.031992 s
[Rank 7] Local SpMV time: 0.035904 s
[Rank 10] Local SpMV time: 0.000699 s
[Rank 3] Local SpMV time: 0.031996 s
[Rank 9] Local SpMV time: 0.031991 s
[Rank 13] Local SpMV time: 0.031991 s
[Rank 12] Local SpMV time: 0.031959 s
[Rank 14] Local SpMV time: 0.012386 s
[Rank 15] Local SpMV time: 0.063988 s
[Rank 11] Local SpMV time: 0.063989 s

-----------------------------------------------------------------------------------------------
  P |  Time(s) | Comp% | Comm% |  GFLOP/s | Speedup |  Eff% | Mem(MiB) | NNZ min | NNZ avg | NNZ max
-----------------------------------------------------------------------------------------------
 16 |   0.0640 | 100.0 | 235.5 |     0.000 |    0.17 |   1.08 |     0.00 |       6 |     39.8 |      92
Global FLOPs per SpMV: 1274

----------------------------------------
np=32, OMP_NUM_THREADS=4
----------------------------------------
[Rank 0] Matrix: 66 x 66, nnz=1194 | 1D cyclic rows over P=32
[Rank 3] Local SpMV time: 0.000197 s
[Rank 0] Local SpMV time: 0.004284 s
[Rank 16] Local SpMV time: 0.001196 s
[Rank 20] Local SpMV time: 0.005431 s
[Rank 9] Local SpMV time: 0.000192 s
[Rank 2] Local SpMV time: 0.000824 s
[Rank 22] Local SpMV time: 0.001105 s
[Rank 5] Local SpMV time: 0.002696 s
[Rank 8] Local SpMV time: 0.001004 s
[Rank 13] Local SpMV time: 0.008143 s
[Rank 4] Local SpMV time: 0.005200 s
[Rank 18] Local SpMV time: 0.004625 s
[Rank 1] Local SpMV time: 0.044748 s
[Rank 12] Local SpMV time: 0.002582 s
[Rank 11] Local SpMV time: 0.000181 s
[Rank 6] Local SpMV time: 0.004578 s
[Rank 7] Local SpMV time: 0.000202 s
[Rank 10] Local SpMV time: 0.000946 s
[Rank 17] Local SpMV time: 0.000500 s
[Rank 24] Local SpMV time: 0.003985 s
[Rank 25] Local SpMV time: 0.000200 s
[Rank 29] Local SpMV time: 0.001339 s
[Rank 15] Local SpMV time: 0.062993 s
[Rank 26] Local SpMV time: 0.004095 s
[Rank 31] Local SpMV time: 0.012178 s
[Rank 28] Local SpMV time: 0.000416 s
[Rank 19] Local SpMV time: 0.007355 s
[Rank 30] Local SpMV time: 0.011987 s
[Rank 21] Local SpMV time: 0.004109 s
[Rank 14] Local SpMV time: 0.055849 s
[Rank 27] Local SpMV time: 0.004138 s
[Rank 23] Local SpMV time: 0.012064 s

-----------------------------------------------------------------------------------------------
  P |  Time(s) | Comp% | Comm% |  GFLOP/s | Speedup |  Eff% | Mem(MiB) | NNZ min | NNZ avg | NNZ max
-----------------------------------------------------------------------------------------------
 32 |   0.0630 |  99.9 | 560.5 |     0.000 |    0.18 |   0.55 |     0.00 |       1 |     19.2 |      62
Global FLOPs per SpMV: 1230

----------------------------------------
np=64, OMP_NUM_THREADS=2
----------------------------------------
[Rank 0] Matrix: 66 x 66, nnz=1194 | 1D cyclic rows over P=64
[Rank 0] Local SpMV time: 0.000112 s
[Rank 4] Local SpMV time: 0.003982 s
[Rank 32] Local SpMV time: 0.003986 s
[Rank 1] Local SpMV time: 0.000137 s
[Rank 16] Local SpMV time: 0.003988 s
[Rank 9] Local SpMV time: 0.004031 s
[Rank 36] Local SpMV time: 0.000073 s
[Rank 5] Local SpMV time: 0.000079 s
[Rank 8] Local SpMV time: 0.000074 s
[Rank 2] Local SpMV time: 0.000499 s
[Rank 38] Local SpMV time: 0.004839 s
[Rank 17] Local SpMV time: 0.000158 s
[Rank 25] Local SpMV time: 0.004066 s
[Rank 33] Local SpMV time: 0.000147 s
[Rank 6] Local SpMV time: 0.000169 s
[Rank 13] Local SpMV time: 0.004293 s
[Rank 12] Local SpMV time: 0.004425 s
[Rank 11] Local SpMV time: 0.000091 s
[Rank 15] Local SpMV time: 0.000136 s
[Rank 40] Local SpMV time: 0.001344 s
[Rank 19] Local SpMV time: 0.007954 s
[Rank 49] Local SpMV time: 0.000087 s
[Rank 20] Local SpMV time: 0.000073 s
[Rank 57] Local SpMV time: 0.000124 s
[Rank 24] Local SpMV time: 0.000277 s
[Rank 37] Local SpMV time: 0.004026 s
[Rank 18] Local SpMV time: 0.004592 s
[Rank 59] Local SpMV time: 0.000109 s
[Rank 50] Local SpMV time: 0.008801 s
[Rank 7] Local SpMV time: 0.004076 s
[Rank 48] Local SpMV time: 0.024030 s
[Rank 28] Local SpMV time: 0.000310 s
[Rank 10] Local SpMV time: 0.000076 s
[Rank 27] Local SpMV time: 0.000082 s
[Rank 35] Local SpMV time: 0.001732 s
[Rank 21] Local SpMV time: 0.006160 s
[Rank 53] Local SpMV time: 0.002425 s
[Rank 22] Local SpMV time: 0.000082 s
[Rank 3] Local SpMV time: 0.126996 s
[Rank 51] Local SpMV time: 0.008360 s
[Rank 29] Local SpMV time: 0.008589 s
[Rank 30] Local SpMV time: 0.000167 s
[Rank 41] Local SpMV time: 0.000858 s
[Rank 42] Local SpMV time: 0.004422 s
[Rank 23] Local SpMV time: 0.004028 s
[Rank 14] Local SpMV time: 0.012027 s
[Rank 61] Local SpMV time: 0.000075 s
[Rank 26] Local SpMV time: 0.012398 s
[Rank 44] Local SpMV time: 0.007976 s
[Rank 45] Local SpMV time: 0.000095 s
[Rank 34] Local SpMV time: 0.136973 s
[Rank 39] Local SpMV time: 0.004021 s
[Rank 52] Local SpMV time: 0.000171 s
[Rank 56] Local SpMV time: 0.004351 s
[Rank 31] Local SpMV time: 0.000112 s
[Rank 55] Local SpMV time: 0.000122 s
[Rank 63] Local SpMV time: 0.005301 s
[Rank 54] Local SpMV time: 0.000074 s
[Rank 46] Local SpMV time: 0.003984 s
[Rank 43] Local SpMV time: 0.004070 s
[Rank 60] Local SpMV time: 0.007988 s
[Rank 47] Local SpMV time: 0.000122 s
[Rank 58] Local SpMV time: 0.000363 s
[Rank 62] Local SpMV time: 0.000079 s

-----------------------------------------------------------------------------------------------
  P |  Time(s) | Comp% | Comm% |  GFLOP/s | Speedup |  Eff% | Mem(MiB) | NNZ min | NNZ avg | NNZ max
-----------------------------------------------------------------------------------------------
 64 |   0.1370 | 100.0 | 564.1 |     0.000 |    0.08 |   0.13 |     0.00 |       0 |      9.4 |      60
Global FLOPs per SpMV: 1200

----------------------------------------
np=128, OMP_NUM_THREADS=1
----------------------------------------
[Rank 0] Matrix: 66 x 66, nnz=1194 | 1D cyclic rows over P=128
[Rank 0] Local SpMV time: 0.000033 s
[Rank 32] Local SpMV time: 0.000026 s
[Rank 36] Local SpMV time: 0.000023 s
[Rank 38] Local SpMV time: 0.000025 s
[Rank 64] Local SpMV time: 0.000022 s
[Rank 16] Local SpMV time: 0.000023 s
[Rank 68] Local SpMV time: 0.000024 s
[Rank 20] Local SpMV time: 0.000023 s
[Rank 4] Local SpMV time: 0.000023 s
[Rank 24] Local SpMV time: 0.000023 s
[Rank 8] Local SpMV time: 0.000022 s
[Rank 40] Local SpMV time: 0.000023 s
[Rank 44] Local SpMV time: 0.000021 s
[Rank 66] Local SpMV time: 0.000022 s
[Rank 80] Local SpMV time: 0.000021 s
[Rank 34] Local SpMV time: 0.000021 s
[Rank 48] Local SpMV time: 0.000022 s
[Rank 56] Local SpMV time: 0.000022 s
[Rank 2] Local SpMV time: 0.000022 s
[Rank 1] Local SpMV time: 0.000031 s
[Rank 70] Local SpMV time: 0.000022 s
[Rank 18] Local SpMV time: 0.000022 s
[Rank 82] Local SpMV time: 0.000021 s
[Rank 84] Local SpMV time: 0.000020 s
[Rank 96] Local SpMV time: 0.000019 s
[Rank 12] Local SpMV time: 0.000024 s
[Rank 72] Local SpMV time: 0.000021 s
[Rank 9] Local SpMV time: 0.000019 s
[Rank 22] Local SpMV time: 0.000024 s
[Rank 60] Local SpMV time: 0.000024 s
[Rank 28] Local SpMV time: 0.000021 s
[Rank 112] Local SpMV time: 0.000020 s
[Rank 26] Local SpMV time: 0.000025 s
[Rank 62] Local SpMV time: 0.000023 s
[Rank 52] Local SpMV time: 0.000022 s
[Rank 33] Local SpMV time: 0.000019 s
[Rank 10] Local SpMV time: 0.000022 s
[Rank 6] Local SpMV time: 0.000021 s
[Rank 30] Local SpMV time: 0.000024 s
[Rank 49] Local SpMV time: 0.000018 s
[Rank 46] Local SpMV time: 0.000022 s
[Rank 65] Local SpMV time: 0.000018 s
[Rank 67] Local SpMV time: 0.000017 s
[Rank 42] Local SpMV time: 0.000022 s
[Rank 5] Local SpMV time: 0.000018 s
[Rank 116] Local SpMV time: 0.000022 s
[Rank 13] Local SpMV time: 0.000018 s
[Rank 74] Local SpMV time: 0.000023 s
[Rank 37] Local SpMV time: 0.000015 s
[Rank 15] Local SpMV time: 0.000015 s
[Rank 50] Local SpMV time: 0.000023 s
[Rank 53] Local SpMV time: 0.000018 s
[Rank 88] Local SpMV time: 0.000021 s
[Rank 51] Local SpMV time: 0.000014 s
[Rank 57] Local SpMV time: 0.000016 s
[Rank 114] Local SpMV time: 0.000021 s
[Rank 3] Local SpMV time: 0.000019 s
[Rank 100] Local SpMV time: 0.000022 s
[Rank 69] Local SpMV time: 0.000017 s
[Rank 98] Local SpMV time: 0.000023 s
[Rank 7] Local SpMV time: 0.000019 s
[Rank 41] Local SpMV time: 0.000018 s
[Rank 17] Local SpMV time: 0.000019 s
[Rank 58] Local SpMV time: 0.000025 s
[Rank 104] Local SpMV time: 0.000021 s
[Rank 108] Local SpMV time: 0.000021 s
[Rank 73] Local SpMV time: 0.000016 s
[Rank 81] Local SpMV time: 0.000016 s
[Rank 14] Local SpMV time: 0.000023 s
[Rank 54] Local SpMV time: 0.000023 s
[Rank 77] Local SpMV time: 0.000015 s
[Rank 97] Local SpMV time: 0.000017 s
[Rank 85] Local SpMV time: 0.000016 s
[Rank 79] Local SpMV time: 0.000017 s
[Rank 86] Local SpMV time: 0.000023 s
[Rank 45] Local SpMV time: 0.000018 s
[Rank 76] Local SpMV time: 0.000021 s
[Rank 75] Local SpMV time: 0.000014 s
[Rank 11] Local SpMV time: 0.000018 s
[Rank 39] Local SpMV time: 0.000019 s
[Rank 118] Local SpMV time: 0.000025 s
[Rank 61] Local SpMV time: 0.000018 s
[Rank 120] Local SpMV time: 0.000022 s
[Rank 71] Local SpMV time: 0.000014 s
[Rank 110] Local SpMV time: 0.000022 s
[Rank 99] Local SpMV time: 0.000016 s
[Rank 101] Local SpMV time: 0.000014 s
[Rank 89] Local SpMV time: 0.000016 s
[Rank 21] Local SpMV time: 0.000018 s
[Rank 90] Local SpMV time: 0.000023 s
[Rank 93] Local SpMV time: 0.000017 s
[Rank 35] Local SpMV time: 0.000018 s
[Rank 47] Local SpMV time: 0.000016 s
[Rank 19] Local SpMV time: 0.000019 s
[Rank 92] Local SpMV time: 0.000023 s
[Rank 113] Local SpMV time: 0.000014 s
[Rank 102] Local SpMV time: 0.000020 s
[Rank 59] Local SpMV time: 0.000018 s
[Rank 78] Local SpMV time: 0.000020 s
[Rank 95] Local SpMV time: 0.000017 s
[Rank 124] Local SpMV time: 0.000025 s
[Rank 94] Local SpMV time: 0.000023 s
[Rank 55] Local SpMV time: 0.000018 s
[Rank 117] Local SpMV time: 0.000016 s
[Rank 105] Local SpMV time: 0.000016 s
[Rank 106] Local SpMV time: 0.000022 s
[Rank 87] Local SpMV time: 0.000017 s
[Rank 91] Local SpMV time: 0.000013 s
[Rank 43] Local SpMV time: 0.000018 s
[Rank 126] Local SpMV time: 0.000022 s
[Rank 25] Local SpMV time: 0.000018 s
[Rank 103] Local SpMV time: 0.000016 s
[Rank 83] Local SpMV time: 0.000014 s
[Rank 122] Local SpMV time: 0.000021 s
[Rank 63] Local SpMV time: 0.000019 s
[Rank 119] Local SpMV time: 0.000017 s
[Rank 29] Local SpMV time: 0.000016 s
[Rank 107] Local SpMV time: 0.000016 s
[Rank 23] Local SpMV time: 0.000016 s
[Rank 115] Local SpMV time: 0.000016 s
[Rank 109] Local SpMV time: 0.000015 s
[Rank 121] Local SpMV time: 0.000014 s
[Rank 31] Local SpMV time: 0.000016 s
[Rank 123] Local SpMV time: 0.000013 s
[Rank 111] Local SpMV time: 0.000014 s
[Rank 27] Local SpMV time: 0.000019 s
[Rank 125] Local SpMV time: 0.000016 s
[Rank 127] Local SpMV time: 0.000017 s

-----------------------------------------------------------------------------------------------
  P |  Time(s) | Comp% | Comm% |  GFLOP/s | Speedup |  Eff% | Mem(MiB) | NNZ min | NNZ avg | NNZ max
-----------------------------------------------------------------------------------------------
128 |   0.0001 |  37.1 | 2522170.2 |     0.021 |  125.15 |  97.78 |     0.00 |       0 |      7.1 |      30
Global FLOPs per SpMV: 1820

